Component: Arm Compiler for Embedded 6.18 Tool: armlink [5e4cc100]

==============================================================================

Section Cross References

    main.o(.text.__cxx_global_var_init) refers to main.o(.bss.B1) for B1
    main.o(.text.__cxx_global_var_init) refers to simple_input.o(.text._ZN18SimpleInputDelayedC2EP12GPIO_TypeDefht) for SimpleInputDelayed::SimpleInputDelayed(GPIO_TypeDef*, unsigned char, unsigned short)
    main.o(.ARM.exidx.text.__cxx_global_var_init) refers to main.o(.text.__cxx_global_var_init) for [Anonymous Symbol]
    main.o(.text.__cxx_global_var_init.1) refers to main.o(.bss.H1) for H1
    main.o(.text.__cxx_global_var_init.1) refers to simple_input.o(.text._ZN18SimpleInputDelayedC2EP12GPIO_TypeDefht) for SimpleInputDelayed::SimpleInputDelayed(GPIO_TypeDef*, unsigned char, unsigned short)
    main.o(.ARM.exidx.text.__cxx_global_var_init.1) refers to main.o(.text.__cxx_global_var_init.1) for [Anonymous Symbol]
    main.o(.text.__cxx_global_var_init.2) refers to main.o(.bss.B2) for B2
    main.o(.text.__cxx_global_var_init.2) refers to simple_input.o(.text._ZN18SimpleInputDelayedC2EP12GPIO_TypeDefht) for SimpleInputDelayed::SimpleInputDelayed(GPIO_TypeDef*, unsigned char, unsigned short)
    main.o(.ARM.exidx.text.__cxx_global_var_init.2) refers to main.o(.text.__cxx_global_var_init.2) for [Anonymous Symbol]
    main.o(.text.__cxx_global_var_init.3) refers to main.o(.bss.H2) for H2
    main.o(.text.__cxx_global_var_init.3) refers to simple_input.o(.text._ZN18SimpleInputDelayedC2EP12GPIO_TypeDefht) for SimpleInputDelayed::SimpleInputDelayed(GPIO_TypeDef*, unsigned char, unsigned short)
    main.o(.ARM.exidx.text.__cxx_global_var_init.3) refers to main.o(.text.__cxx_global_var_init.3) for [Anonymous Symbol]
    main.o(.text.__cxx_global_var_init.4) refers to main.o(.bss.B3) for B3
    main.o(.text.__cxx_global_var_init.4) refers to simple_input.o(.text._ZN18SimpleInputDelayedC2EP12GPIO_TypeDefht) for SimpleInputDelayed::SimpleInputDelayed(GPIO_TypeDef*, unsigned char, unsigned short)
    main.o(.ARM.exidx.text.__cxx_global_var_init.4) refers to main.o(.text.__cxx_global_var_init.4) for [Anonymous Symbol]
    main.o(.text.__cxx_global_var_init.5) refers to main.o(.bss.H3) for H3
    main.o(.text.__cxx_global_var_init.5) refers to simple_input.o(.text._ZN18SimpleInputDelayedC2EP12GPIO_TypeDefht) for SimpleInputDelayed::SimpleInputDelayed(GPIO_TypeDef*, unsigned char, unsigned short)
    main.o(.ARM.exidx.text.__cxx_global_var_init.5) refers to main.o(.text.__cxx_global_var_init.5) for [Anonymous Symbol]
    main.o(.text.__cxx_global_var_init.6) refers to main.o(.bss.S4) for S4
    main.o(.text.__cxx_global_var_init.6) refers to simple_input.o(.text._ZN18SimpleInputDelayedC2EP12GPIO_TypeDefht) for SimpleInputDelayed::SimpleInputDelayed(GPIO_TypeDef*, unsigned char, unsigned short)
    main.o(.ARM.exidx.text.__cxx_global_var_init.6) refers to main.o(.text.__cxx_global_var_init.6) for [Anonymous Symbol]
    main.o(.text.__cxx_global_var_init.7) refers to main.o(.bss.S5) for S5
    main.o(.text.__cxx_global_var_init.7) refers to simple_input.o(.text._ZN18SimpleInputDelayedC2EP12GPIO_TypeDefht) for SimpleInputDelayed::SimpleInputDelayed(GPIO_TypeDef*, unsigned char, unsigned short)
    main.o(.ARM.exidx.text.__cxx_global_var_init.7) refers to main.o(.text.__cxx_global_var_init.7) for [Anonymous Symbol]
    main.o(.text.__cxx_global_var_init.8) refers to main.o(.bss.S6) for S6
    main.o(.text.__cxx_global_var_init.8) refers to simple_input.o(.text._ZN18SimpleInputDelayedC2EP12GPIO_TypeDefht) for SimpleInputDelayed::SimpleInputDelayed(GPIO_TypeDef*, unsigned char, unsigned short)
    main.o(.ARM.exidx.text.__cxx_global_var_init.8) refers to main.o(.text.__cxx_global_var_init.8) for [Anonymous Symbol]
    main.o(.text.__cxx_global_var_init.9) refers to main.o(.bss.C1) for C1
    main.o(.text.__cxx_global_var_init.9) refers to coil.o(.text._ZN4CoilC2EP12GPIO_TypeDefh) for Coil::Coil(GPIO_TypeDef*, unsigned char)
    main.o(.ARM.exidx.text.__cxx_global_var_init.9) refers to main.o(.text.__cxx_global_var_init.9) for [Anonymous Symbol]
    main.o(.text.__cxx_global_var_init.10) refers to main.o(.bss.O1) for O1
    main.o(.text.__cxx_global_var_init.10) refers to coil.o(.text._ZN4CoilC2EP12GPIO_TypeDefh) for Coil::Coil(GPIO_TypeDef*, unsigned char)
    main.o(.ARM.exidx.text.__cxx_global_var_init.10) refers to main.o(.text.__cxx_global_var_init.10) for [Anonymous Symbol]
    main.o(.text.__cxx_global_var_init.11) refers to main.o(.bss.D1) for D1
    main.o(.text.__cxx_global_var_init.11) refers to coil.o(.text._ZN4CoilC2EP12GPIO_TypeDefh) for Coil::Coil(GPIO_TypeDef*, unsigned char)
    main.o(.ARM.exidx.text.__cxx_global_var_init.11) refers to main.o(.text.__cxx_global_var_init.11) for [Anonymous Symbol]
    main.o(.text.__cxx_global_var_init.12) refers to main.o(.bss.M1) for M1
[...]
    __rt_lib_shutdown_cpp_1                  0x0800016b   Thumb Code     0  libshutdown2.o(.ARM.Collect$$libshutdown$$00000002)
    __rt_lib_shutdown_fp_trap_1              0x0800016b   Thumb Code     0  libshutdown2.o(.ARM.Collect$$libshutdown$$00000007)
    __rt_lib_shutdown_heap_1                 0x0800016b   Thumb Code     0  libshutdown2.o(.ARM.Collect$$libshutdown$$0000000F)
    __rt_lib_shutdown_return                 0x0800016b   Thumb Code     0  libshutdown2.o(.ARM.Collect$$libshutdown$$00000010)
    __rt_lib_shutdown_signal_1               0x0800016b   Thumb Code     0  libshutdown2.o(.ARM.Collect$$libshutdown$$0000000A)
    __rt_lib_shutdown_stdio_1                0x0800016b   Thumb Code     0  libshutdown2.o(.ARM.Collect$$libshutdown$$00000004)
    __rt_lib_shutdown_user_alloc_1           0x0800016b   Thumb Code     0  libshutdown2.o(.ARM.Collect$$libshutdown$$0000000C)
    __rt_entry                               0x0800016d   Thumb Code     0  __rtentry.o(.ARM.Collect$$rtentry$$00000000)
    __rt_entry_presh_1                       0x0800016d   Thumb Code     0  __rtentry2.o(.ARM.Collect$$rtentry$$00000002)
    __rt_entry_sh                            0x0800016d   Thumb Code     0  __rtentry4.o(.ARM.Collect$$rtentry$$00000004)
    __rt_entry_li                            0x08000173   Thumb Code     0  __rtentry2.o(.ARM.Collect$$rtentry$$0000000A)
    __rt_entry_postsh_1                      0x08000173   Thumb Code     0  __rtentry2.o(.ARM.Collect$$rtentry$$00000009)
    __rt_entry_main                          0x08000177   Thumb Code     0  __rtentry2.o(.ARM.Collect$$rtentry$$0000000D)
    __rt_entry_postli_1                      0x08000177   Thumb Code     0  __rtentry2.o(.ARM.Collect$$rtentry$$0000000C)
    __rt_exit                                0x0800017f   Thumb Code     0  rtexit.o(.ARM.Collect$$rtexit$$00000000)
    __rt_exit_ls                             0x08000181   Thumb Code     0  rtexit2.o(.ARM.Collect$$rtexit$$00000003)
    __rt_exit_prels_1                        0x08000181   Thumb Code     0  rtexit2.o(.ARM.Collect$$rtexit$$00000002)
    __rt_exit_exit                           0x08000185   Thumb Code     0  rtexit2.o(.ARM.Collect$$rtexit$$00000004)
    Reset_Handler                            0x0800018d   Thumb Code     8  startup_stm32f10x_md.o(.text)
    NMI_Handler                              0x08000195   Thumb Code     2  startup_stm32f10x_md.o(.text)
    HardFault_Handler                        0x08000197   Thumb Code     2  startup_stm32f10x_md.o(.text)
    MemManage_Handler                        0x08000199   Thumb Code     2  startup_stm32f10x_md.o(.text)
    BusFault_Handler                         0x0800019b   Thumb Code     2  startup_stm32f10x_md.o(.text)
    UsageFault_Handler                       0x0800019d   Thumb Code     2  startup_stm32f10x_md.o(.text)
    DebugMon_Handler                         0x080001a1   Thumb Code     2  startup_stm32f10x_md.o(.text)
    ADC1_2_IRQHandler                        0x080001a7   Thumb Code     0  startup_stm32f10x_md.o(.text)
    CAN1_RX1_IRQHandler                      0x080001a7   Thumb Code     0  startup_stm32f10x_md.o(.text)
    CAN1_SCE_IRQHandler                      0x080001a7   Thumb Code     0  startup_stm32f10x_md.o(.text)
    DMA1_Channel1_IRQHandler                 0x080001a7   Thumb Code     0  startup_stm32f10x_md.o(.text)
    DMA1_Channel2_IRQHandler                 0x080001a7   Thumb Code     0  startup_stm32f10x_md.o(.text)
    DMA1_Channel3_IRQHandler                 0x080001a7   Thumb Code     0  startup_stm32f10x_md.o(.text)
    DMA1_Channel4_IRQHandler                 0x080001a7   Thumb Code     0  startup_stm32f10x_md.o(.text)
    DMA1_Channel5_IRQHandler                 0x080001a7   Thumb Code     0  startup_stm32f10x_md.o(.text)
    DMA1_Channel6_IRQHandler                 0x080001a7   Thumb Code     0  startup_stm32f10x_md.o(.text)
    DMA1_Channel7_IRQHandler                 0x080001a7   Thumb Code     0  startup_stm32f10x_md.o(.text)
    EXTI0_IRQHandler                         0x080001a7   Thumb Code     0  startup_stm32f10x_md.o(.text)
    EXTI15_10_IRQHandler                     0x080001a7   Thumb Code     0  startup_stm32f10x_md.o(.text)
    EXTI1_IRQHandler                         0x080001a7   Thumb Code     0  startup_stm32f10x_md.o(.text)
    EXTI2_IRQHandler                         0x080001a7   Thumb Code     0  startup_stm32f10x_md.o(.text)
    EXTI3_IRQHandler                         0x080001a7   Thumb Code     0  startup_stm32f10x_md.o(.text)
    EXTI4_IRQHandler                         0x080001a7   Thumb Code     0  startup_stm32f10x_md.o(.text)
    EXTI9_5_IRQHandler                       0x080001a7   Thumb Code     0  startup_stm32f10x_md.o(.text)
    FLASH_IRQHandler                         0x080001a7   Thumb Code     0  startup_stm32f10x_md.o(.text)
    I2C1_ER_IRQHandler                       0x080001a7   Thumb Code     0  startup_stm32f10x_md.o(.text)
    I2C1_EV_IRQHandler                       0x080001a7   Thumb Code     0  startup_stm32f10x_md.o(.text)
    I2C2_ER_IRQHandler                       0x080001a7   Thumb Code     0  startup_stm32f10x_md.o(.text)
    I2C2_EV_IRQHandler                       0x080001a7   Thumb Code     0  startup_stm32f10x_md.o(.text)
    PVD_IRQHandler                           0x080001a7   Thumb Code     0  startup_stm32f10x_md.o(.text)
    RCC_IRQHandler                           0x080001a7   Thumb Code     0  startup_stm32f10x_md.o(.text)
    RTCAlarm_IRQHandler                      0x080001a7   Thumb Code     0  startup_stm32f10x_md.o(.text)
    RTC_IRQHandler                           0x080001a7   Thumb Code     0  startup_stm32f10x_md.o(.text)
    SPI1_IRQHandler                          0x080001a7   Thumb Code     0  startup_stm32f10x_md.o(.text)
    SPI2_IRQHandler                          0x080001a7   Thumb Code     0  startup_stm32f10x_md.o(.text)
    TAMPER_IRQHandler                        0x080001a7   Thumb Code     0  startup_stm32f10x_md.o(.text)
    TIM1_BRK_IRQHandler                      0x080001a7   Thumb Code     0  startup_stm32f10x_md.o(.text)
    TIM1_CC_IRQHandler                       0x080001a7   Thumb Code     0  startup_stm32f10x_md.o(.text)
    TIM1_TRG_COM_IRQHandler                  0x080001a7   Thumb Code     0  startup_stm32f10x_md.o(.text)
    TIM1_UP_IRQHandler                       0x080001a7   Thumb Code     0  startup_stm32f10x_md.o(.text)
    TIM3_IRQHandler                          0x080001a7   Thumb Code     0  startup_stm32f10x_md.o(.text)
    TIM4_IRQHandler                          0x080001a7   Thumb Code     0  startup_stm32f10x_md.o(.text)
    USART1_IRQHandler                        0x080001a7   Thumb Code     0  startup_stm32f10x_md.o(.text)
    USART2_IRQHandler                        0x080001a7   Thumb Code     0  startup_stm32f10x_md.o(.text)
    USART3_IRQHandler                        0x080001a7   Thumb Code     0  startup_stm32f10x_md.o(.text)
    USBWakeUp_IRQHandler                     0x080001a7   Thumb Code     0  startup_stm32f10x_md.o(.text)
    USB_HP_CAN1_TX_IRQHandler                0x080001a7   Thumb Code     0  startup_stm32f10x_md.o(.text)
    USB_LP_CAN1_RX0_IRQHandler               0x080001a7   Thumb Code     0  startup_stm32f10x_md.o(.text)
    WWDG_IRQHandler                          0x080001a7   Thumb Code     0  startup_stm32f10x_md.o(.text)
    __user_initial_stackheap                 0x080001a9   Thumb Code     0  startup_stm32f10x_md.o(.text)
    __aeabi_memcpy                           0x080001cd   Thumb Code     0  rt_memcpy_v6.o(.text)
    __rt_memcpy                              0x080001cd   Thumb Code   138  rt_memcpy_v6.o(.text)
    _memcpy_lastbytes                        0x08000233   Thumb Code     0  rt_memcpy_v6.o(.text)
    __aeabi_memset4                          0x08000257   Thumb Code    16  aeabi_memset4.o(.text)
    __aeabi_memset8                          0x08000257   Thumb Code     0  aeabi_memset4.o(.text)
    __aeabi_memclr                           0x08000267   Thumb Code     0  rt_memclr.o(.text)
    __rt_memclr                              0x08000267   Thumb Code     0  rt_memclr.o(.text)
    _memset                                  0x0800026b   Thumb Code    64  rt_memclr.o(.text)
    __aeabi_memclr4                          0x080002ab   Thumb Code     0  rt_memclr_w.o(.text)
    __aeabi_memclr8                          0x080002ab   Thumb Code     0  rt_memclr_w.o(.text)
    __rt_memclr_w                            0x080002ab   Thumb Code     0  rt_memclr_w.o(.text)
    _memset_w                                0x080002af   Thumb Code    74  rt_memclr_w.o(.text)
    __use_two_region_memory                  0x080002f9   Thumb Code     2  heapauxi.o(.text)
    __rt_heap_escrow$2region                 0x080002fb   Thumb Code     2  heapauxi.o(.text)
    __rt_heap_expand$2region                 0x080002fd   Thumb Code     2  heapauxi.o(.text)
    __cpp_initialize__aeabi_                 0x08000301   Thumb Code    28  init_aeabi.o(.text)
    __aeabi_memcpy4                          0x08000325   Thumb Code     0  rt_memcpy_w.o(.text)
    __aeabi_memcpy8                          0x08000325   Thumb Code     0  rt_memcpy_w.o(.text)
    __rt_memcpy_w                            0x08000325   Thumb Code   100  rt_memcpy_w.o(.text)
    _memcpy_lastbytes_aligned                0x0800036d   Thumb Code     0  rt_memcpy_w.o(.text)
    abort                                    0x08000389   Thumb Code    22  abort.o(.text)
    _sys_exit                                0x080003a1   Thumb Code     8  sys_exit.o(.text)
    __user_setup_stackheap                   0x080003ad   Thumb Code    74  sys_stackheap_outer.o(.text)
    exit                                     0x080003f7   Thumb Code    18  exit.o(.text)
    __rt_SIGABRT                             0x08000409   Thumb Code    14  defsig_abrt_outer.o(.text)
    __user_libspace                          0x08000419   Thumb Code     8  libspace.o(.text)
    __user_perproc_libspace                  0x08000419   Thumb Code     0  libspace.o(.text)
    __user_perthread_libspace                0x08000419   Thumb Code     0  libspace.o(.text)
    __I$use$semihosting                      0x08000421   Thumb Code     0  use_no_semi.o(.text)
    __use_no_semihosting_swi                 0x08000421   Thumb Code     2  use_no_semi.o(.text)
    __semihosting_library_function           0x08000423   Thumb Code     0  indicate_semi.o(.text)
    __sig_exit                               0x08000423   Thumb Code    10  defsig_exit.o(.text)
    __rt_SIGABRT_inner                       0x0800042d   Thumb Code    14  defsig_abrt_inner.o(.text)
    __default_signal_display                 0x0800045d   Thumb Code    50  defsig_general.o(.text)
    _ttywrch                                 0x0800048f   Thumb Code    14  sys_wrch.o(.text)
    PendSV_Handler                           0x080004a1   Thumb Code    68  port.o(.text.PendSV_Handler)
    SVC_Handler                              0x080004f1   Thumb Code    36  port.o(.text.SVC_Handler)
    SysTick_Handler                          0x08000641   Thumb Code    60  port.o(.text.SysTick_Handler)
    SystemCoreClockUpdate                    0x0800067d   Thumb Code   290  system_stm32f10x.o(.text.SystemCoreClockUpdate)
    SystemInit                               0x080007a1   Thumb Code   102  system_stm32f10x.o(.text.SystemInit)
    TIM2_IRQHandler                          0x08000809   Thumb Code    76  main.o(.text.TIM2_IRQHandler)
    commonInit()                             0x08000929   Thumb Code    14  init.o(.text._Z10commonInitv)
    getPosition(unsigned int)                0x08000939   Thumb Code    64  common.o(.text._Z11getPositionj)
    void setRegister<unsigned int volatile>(unsigned int volatile*, unsigned int, unsigned int) 0x08000979   Thumb Code    32  init.o(.text._Z11setRegisterIVjEvPT_jj)
    resetAllSteps(TaskKit*)                  0x08000999   Thumb Code   116  ob.o(.text._Z13resetAllStepsP7TaskKit)
    resetCHBsteps()                          0x08000a0d   Thumb Code    88  common_for_tasks.o(.text._Z13resetCHBstepsv)
    pushSeqInQueue(Sequence*)                0x08000a65   Thumb Code   138  common_for_tasks.o(.text._Z14pushSeqInQueueP8Sequence)
    getSeqFromQueue()                        0x08000af1   Thumb Code   100  common_for_tasks.o(.text._Z15getSeqFromQueuev)
    void setBitsInRegister<unsigned int volatile>(unsigned int volatile*, unsigned int, unsigned int) 0x08000b55   Thumb Code    68  coil.o(.text._Z17setBitsInRegisterIVjEvPT_jj)
    deleteSeqFromQueue(Sequence*)            0x08000b99   Thumb Code    94  common_for_tasks.o(.text._Z18deleteSeqFromQueueP8Sequence)
    OBTask(void*)                            0x08000bf9   Thumb Code   672  ob.o(.text._Z6OBTaskPv)
    CHBTask(void*)                           0x08000e99   Thumb Code   320  chb.o(.text._Z7CHBTaskPv)
    rccInit()                                0x08000fd9   Thumb Code   190  init.o(.text._Z7rccInitv)
    diagTask(void*)                          0x08001099   Thumb Code   184  diag.o(.text._Z8diagTaskPv)
    tickInit()                               0x08001151   Thumb Code    88  init.o(.text._Z8tickInitv)
    GPIOcommon::GPIOcommon(GPIO_TypeDef*, unsigned char) 0x08001259   Thumb Code   226  gpio_common.o(.text._ZN10GPIOcommonC2EP12GPIO_TypeDefh)
    GPIOcommon::GPIOcommon__sub_object(GPIO_TypeDef*, unsigned char) 0x08001259   Thumb Code   226  gpio_common.o(.text._ZN10GPIOcommonC2EP12GPIO_TypeDefh)
    CommonTimer::notStarted()                0x0800133d   Thumb Code    16  common_timer.o(.text._ZN11CommonTimer10notStartedEv)
    CommonTimer::notFinished()               0x0800134d   Thumb Code    22  common_timer.o(.text._ZN11CommonTimer11notFinishedEv)
    CommonTimer::prepareAndStart()           0x08001365   Thumb Code    24  common_timer.o(.text._ZN11CommonTimer15prepareAndStartEv)
    CommonTimer::stop()                      0x0800137d   Thumb Code    24  common_timer.o(.text._ZN11CommonTimer4stopEv)
    CommonTimer::pause()                     0x08001395   Thumb Code    14  common_timer.o(.text._ZN11CommonTimer5pauseEv)
    CommonTimer::reset()                     0x080013a5   Thumb Code    16  common_timer.o(.text._ZN11CommonTimer5resetEv)
    CommonTimer::start()                     0x080013b5   Thumb Code    14  common_timer.o(.text._ZN11CommonTimer5startEv)
    CommonTimer::inWork()                    0x080013c5   Thumb Code    46  common_timer.o(.text._ZN11CommonTimer6inWorkEv)
    CommonTimer::isFree()                    0x080013f5   Thumb Code    44  common_timer.o(.text._ZN11CommonTimer6isFreeEv)
    CommonTimer::update()                    0x08001421   Thumb Code    56  common_timer.o(.text._ZN11CommonTimer6updateEv)
    CommonTimer::started()                   0x08001459   Thumb Code    16  common_timer.o(.text._ZN11CommonTimer7startedEv)
    CommonTimer::finished()                  0x08001469   Thumb Code    22  common_timer.o(.text._ZN11CommonTimer8finishedEv)
    CommonTimer::setStart(bool)              0x08001481   Thumb Code    44  common_timer.o(.text._ZN11CommonTimer8setStartEb)
    CommonTimer::CommonTimer(unsigned int)   0x080014ad   Thumb Code    28  common_timer.o(.text._ZN11CommonTimerC2Ej)
    CommonTimer::CommonTimer__sub_object(unsigned int) 0x080014ad   Thumb Code    28  common_timer.o(.text._ZN11CommonTimerC2Ej)
    IUpdated1ms::IUpdated1ms__sub_object()   0x080014c9   Thumb Code    22  coil_with_timer.o(.text._ZN11IUpdated1msC2Ev)
    PulseCommon::get()                       0x080014e1   Thumb Code    16  pulse.o(.text._ZN11PulseCommon3getEv)
    PulseCommon::set(bool)                   0x080014f1   Thumb Code    72  pulse.o(.text._ZN11PulseCommon3setEb)
    PulseCommon::reset()                     0x08001539   Thumb Code    20  pulse.o(.text._ZN11PulseCommon5resetEv)
    PulseCommon::update()                    0x0800154d   Thumb Code    36  pulse.o(.text._ZN11PulseCommon6updateEv)
    PulseCommon::PulseCommon(unsigned int)   0x08001571   Thumb Code    36  pulse.o(.text._ZN11PulseCommonC2Ej)
    PulseCommon::PulseCommon__sub_object(unsigned int) 0x08001571   Thumb Code    36  pulse.o(.text._ZN11PulseCommonC2Ej)
    SimpleInput::isNotActive()               0x08001595   Thumb Code    22  simple_input.o(.text._ZN11SimpleInput11isNotActiveEv)
    SimpleInput::isActive()                  0x080015ad   Thumb Code    64  simple_input.o(.text._ZN11SimpleInput8isActiveEv)
    SimpleInput::SimpleInput(GPIO_TypeDef*, unsigned char) 0x080015ed   Thumb Code   152  simple_input.o(.text._ZN11SimpleInputC2EP12GPIO_TypeDefh)
    SimpleInput::SimpleInput__sub_object(GPIO_TypeDef*, unsigned char) 0x080015ed   Thumb Code   152  simple_input.o(.text._ZN11SimpleInputC2EP12GPIO_TypeDefh)
    CoilOffDelay::setValue(bool)             0x08001685   Thumb Code    28  coil_with_timer.o(.text._ZN12CoilOffDelay8setValueEb)
    CoilOffDelay::update1ms()                0x080016a1   Thumb Code    38  coil_with_timer.o(.text._ZN12CoilOffDelay9update1msEv)
    CoilOffDelay::CoilOffDelay(GPIO_TypeDef*, unsigned char, unsigned short) 0x080016c9   Thumb Code    80  coil_with_timer.o(.text._ZN12CoilOffDelayC2EP12GPIO_TypeDefht)
    CoilOffDelay::CoilOffDelay__sub_object(GPIO_TypeDef*, unsigned char, unsigned short) 0x080016c9   Thumb Code    80  coil_with_timer.o(.text._ZN12CoilOffDelayC2EP12GPIO_TypeDefht)
    CoilOffDelay::operator=(bool)            0x08001719   Thumb Code    34  coil_with_timer.o(.text._ZN12CoilOffDelayaSEb)
    ProgrammCoil::isActive()                 0x0800173d   Thumb Code    16  coil.o(.text._ZN12ProgrammCoil8isActiveEv)
    ProgrammCoil::setValue(bool)             0x0800174d   Thumb Code    24  coil.o(.text._ZN12ProgrammCoil8setValueEb)
    ProgrammCoil::ProgrammCoil__sub_object() 0x08001765   Thumb Code    32  coil.o(.text._ZN12ProgrammCoilC2Ev)
    OffDelayCommon::get()                    0x08001785   Thumb Code    42  off_delay.o(.text._ZN14OffDelayCommon3getEv)
    OffDelayCommon::set(bool)                0x080017b1   Thumb Code    68  off_delay.o(.text._ZN14OffDelayCommon3setEb)
    OffDelayCommon::update()                 0x080017f5   Thumb Code    36  off_delay.o(.text._ZN14OffDelayCommon6updateEv)
    OffDelayCommon::OffDelayCommon(unsigned int) 0x08001819   Thumb Code    36  off_delay.o(.text._ZN14OffDelayCommonC2Ej)
    OffDelayCommon::OffDelayCommon__sub_object(unsigned int) 0x08001819   Thumb Code    36  off_delay.o(.text._ZN14OffDelayCommonC2Ej)
    PulseInterrapt::set(bool)                0x0800183d   Thumb Code    48  pulse.o(.text._ZN14PulseInterrapt3setEb)
    PulseInterrapt::update1ms()              0x0800186d   Thumb Code    16  pulse.o(.text._ZN14PulseInterrapt9update1msEv)
    PulseInterrapt::PulseInterrapt(unsigned int) 0x0800187d   Thumb Code    50  pulse.o(.text._ZN14PulseInterraptC2Ej)
    PulseInterrapt::PulseInterrapt__sub_object(unsigned int) 0x0800187d   Thumb Code    50  pulse.o(.text._ZN14PulseInterraptC2Ej)
    PulseInterrapt::operator=(bool)          0x080018b1   Thumb Code    32  pulse.o(.text._ZN14PulseInterraptaSEb)
    SequenceDelayed::update1ms()             0x080018d1   Thumb Code    66  sequence.o(.text._ZN15SequenceDelayed9update1msEv)
    SequenceDelayed::SequenceDelayed(unsigned char*, unsigned char, unsigned int) 0x08001915   Thumb Code    70  sequence.o(.text._ZN15SequenceDelayedC2EPhhj)
    SequenceDelayed::SequenceDelayed__sub_object(unsigned char*, unsigned char, unsigned int) 0x08001915   Thumb Code    70  sequence.o(.text._ZN15SequenceDelayedC2EPhhj)
    SimpleInputDelayed::isActive()           0x0800195d   Thumb Code    16  simple_input.o(.text._ZN18SimpleInputDelayed8isActiveEv)
    SimpleInputDelayed::update1ms()          0x0800196d   Thumb Code    34  simple_input.o(.text._ZN18SimpleInputDelayed9update1msEv)
    SimpleInputDelayed::SimpleInputDelayed(GPIO_TypeDef*, unsigned char, unsigned short) 0x08001991   Thumb Code    80  simple_input.o(.text._ZN18SimpleInputDelayedC2EP12GPIO_TypeDefht)
    SimpleInputDelayed::SimpleInputDelayed__sub_object(GPIO_TypeDef*, unsigned char, unsigned short) 0x08001991   Thumb Code    80  simple_input.o(.text._ZN18SimpleInputDelayedC2EP12GPIO_TypeDefht)
    Coil::isActive()                         0x080019e1   Thumb Code    22  coil.o(.text._ZN4Coil8isActiveEv)
    Coil::setValue(bool)                     0x080019f9   Thumb Code    66  coil.o(.text._ZN4Coil8setValueEb)
    Coil::Coil(GPIO_TypeDef*, unsigned char) 0x08001a3d   Thumb Code   118  coil.o(.text._ZN4CoilC2EP12GPIO_TypeDefh)
    Coil::Coil__sub_object(GPIO_TypeDef*, unsigned char) 0x08001a3d   Thumb Code   118  coil.o(.text._ZN4CoilC2EP12GPIO_TypeDefh)
    Coil::operator=(bool)                    0x08001ab5   Thumb Code    34  coil.o(.text._ZN4CoilaSEb)
    ISwitch::ISwitch__sub_object()           0x08001ad9   Thumb Code    22  coil.o(.text._ZN7ISwitchC2Ev)
    Sequence::finishedImpulse()              0x08001af1   Thumb Code    16  sequence.o(.text._ZN8Sequence15finishedImpulseEv)
    Sequence::lock(bool)                     0x08001b01   Thumb Code    24  sequence.o(.text._ZN8Sequence4lockEb)
    Sequence::reset()                        0x08001b19   Thumb Code    24  sequence.o(.text._ZN8Sequence5resetEv)
    Sequence::start(bool)                    0x08001b31   Thumb Code    44  sequence.o(.text._ZN8Sequence5startEb)
    Sequence::active()                       0x08001b5d   Thumb Code    64  sequence.o(.text._ZN8Sequence6activeEv)
    Sequence::finish(bool)                   0x08001b9d   Thumb Code    68  sequence.o(.text._ZN8Sequence6finishEb)
    Sequence::locked()                       0x08001be1   Thumb Code    16  sequence.o(.text._ZN8Sequence6lockedEv)
    Sequence::started()                      0x08001bf1   Thumb Code    16  sequence.o(.text._ZN8Sequence7startedEv)
    Sequence::finished()                     0x08001c01   Thumb Code    16  sequence.o(.text._ZN8Sequence8finishedEv)
    Sequence::isMyStep()                     0x08001c11   Thumb Code    24  sequence.o(.text._ZN8Sequence8isMyStepEv)
    Sequence::Sequence(unsigned char*, unsigned char) 0x08001c29   Thumb Code    38  sequence.o(.text._ZN8SequenceC2EPhh)
    Sequence::Sequence__sub_object(unsigned char*, unsigned char) 0x08001c29   Thumb Code    38  sequence.o(.text._ZN8SequenceC2EPhh)
    CoilPulse::setValue(bool)                0x08001c51   Thumb Code    28  coil_with_timer.o(.text._ZN9CoilPulse8setValueEb)
    CoilPulse::update1ms()                   0x08001c6d   Thumb Code    38  coil_with_timer.o(.text._ZN9CoilPulse9update1msEv)
    CoilPulse::CoilPulse(GPIO_TypeDef*, unsigned char, unsigned short) 0x08001c95   Thumb Code    80  coil_with_timer.o(.text._ZN9CoilPulseC2EP12GPIO_TypeDefht)
    CoilPulse::CoilPulse__sub_object(GPIO_TypeDef*, unsigned char, unsigned short) 0x08001c95   Thumb Code    80  coil_with_timer.o(.text._ZN9CoilPulseC2EP12GPIO_TypeDefht)
    CoilPulse::operator=(bool)               0x08001ce5   Thumb Code    34  coil_with_timer.o(.text._ZN9CoilPulseaSEb)
    RFimpulse::get()                         0x08001d09   Thumb Code    32  rf_impulse.o(.text._ZN9RFimpulse3getEv)
    RFimpulse::set(bool)                     0x08001d29   Thumb Code   138  rf_impulse.o(.text._ZN9RFimpulse3setEb)
    RFimpulse::RFimpulse(IMPULSE)            0x08001db5   Thumb Code    20  rf_impulse.o(.text._ZN9RFimpulseC2E7IMPULSE)
    RFimpulse::RFimpulse__sub_object(IMPULSE) 0x08001db5   Thumb Code    20  rf_impulse.o(.text._ZN9RFimpulseC2E7IMPULSE)
    non-virtual thunk to CoilOffDelay::setValue(bool) 0x08001dc9   Thumb Code    26  coil_with_timer.o(.text._ZThn16_N12CoilOffDelay8setValueEb)
    non-virtual thunk to PulseInterrapt::update1ms() 0x08001de5   Thumb Code    14  pulse.o(.text._ZThn16_N14PulseInterrapt9update1msEv)
    non-virtual thunk to SimpleInputDelayed::isActive() 0x08001df5   Thumb Code    14  simple_input.o(.text._ZThn16_N18SimpleInputDelayed8isActiveEv)
    non-virtual thunk to CoilPulse::setValue(bool) 0x08001e05   Thumb Code    26  coil_with_timer.o(.text._ZThn16_N9CoilPulse8setValueEb)
    non-virtual thunk to SequenceDelayed::update1ms() 0x08001e21   Thumb Code    14  sequence.o(.text._ZThn28_N15SequenceDelayed9update1msEv)
    non-virtual thunk to CoilOffDelay::update1ms() 0x08001e31   Thumb Code    14  coil_with_timer.o(.text._ZThn32_N12CoilOffDelay9update1msEv)
    non-virtual thunk to SimpleInputDelayed::update1ms() 0x08001e41   Thumb Code    14  simple_input.o(.text._ZThn32_N18SimpleInputDelayed9update1msEv)
    non-virtual thunk to CoilPulse::update1ms() 0x08001e51   Thumb Code    14  coil_with_timer.o(.text._ZThn32_N9CoilPulse9update1msEv)
    __cxa_pure_virtual                       0x08001e61   Thumb Code     8  cxa_virtual.cpp.o(.text.__cxa_pure_virtual)
    abort_message                            0x0800249f   Thumb Code     4  abort_message.cpp.o(.text.abort_message)
    main                                     0x080024a5   Thumb Code   284  main.o(.text.main)
    pvPortMalloc                             0x080031f1   Thumb Code   390  heap_4.o(.text.pvPortMalloc)
    pxPortInitialiseStack                    0x08003379   Thumb Code    80  port.o(.text.pxPortInitialiseStack)
    uxListRemove                             0x080033c9   Thumb Code    72  list.o(.text.uxListRemove)
    vApplicationIdleHook                     0x08003411   Thumb Code     2  main.o(.text.vApplicationIdleHook)
    vApplicationStackOverflowHook            0x08003415   Thumb Code    10  main.o(.text.vApplicationStackOverflowHook)
    vApplicationTickHook                     0x08003421   Thumb Code     2  main.o(.text.vApplicationTickHook)
    vListInitialise                          0x08003425   Thumb Code    46  list.o(.text.vListInitialise)
    vListInitialiseItem                      0x08003455   Thumb Code    14  list.o(.text.vListInitialiseItem)
    vListInsert                              0x08003465   Thumb Code   106  list.o(.text.vListInsert)
    vPortEnterCritical                       0x080034d1   Thumb Code    48  port.o(.text.vPortEnterCritical)
    vPortExitCritical                        0x08003501   Thumb Code    38  port.o(.text.vPortExitCritical)
    vPortFree                                0x08003529   Thumb Code   118  heap_4.o(.text.vPortFree)
    vPortSetupTimerInterrupt                 0x080035a1   Thumb Code    46  port.o(.text.vPortSetupTimerInterrupt)
    vQueueWaitForMessageRestricted           0x080035d1   Thumb Code   100  queue.o(.text.vQueueWaitForMessageRestricted)
    vTaskDelay                               0x08003635   Thumb Code    74  tasks.o(.text.vTaskDelay)
    vTaskInternalSetTimeOutState             0x08003681   Thumb Code    36  tasks.o(.text.vTaskInternalSetTimeOutState)
    vTaskMissedYield                         0x080036a5   Thumb Code    14  tasks.o(.text.vTaskMissedYield)
    vTaskPlaceOnEventList                    0x080036b5   Thumb Code    38  tasks.o(.text.vTaskPlaceOnEventList)
    vTaskPlaceOnEventListRestricted          0x080036dd   Thumb Code    96  tasks.o(.text.vTaskPlaceOnEventListRestricted)
    vTaskStartScheduler                      0x0800373d   Thumb Code   148  tasks.o(.text.vTaskStartScheduler)
    vTaskSuspendAll                          0x080037d1   Thumb Code    16  tasks.o(.text.vTaskSuspendAll)
    vTaskSwitchContext                       0x080037e1   Thumb Code   236  tasks.o(.text.vTaskSwitchContext)
    xPortStartScheduler                      0x080038cd   Thumb Code    64  port.o(.text.xPortStartScheduler)
    xQueueGenericCreate                      0x0800390d   Thumb Code   126  queue.o(.text.xQueueGenericCreate)
    xQueueGenericReset                       0x0800398d   Thumb Code   208  queue.o(.text.xQueueGenericReset)
    xQueueReceive                            0x08003a5d   Thumb Code   338  queue.o(.text.xQueueReceive)
    xTaskCheckForTimeOut                     0x08003bb1   Thumb Code   154  tasks.o(.text.xTaskCheckForTimeOut)
    xTaskCreate                              0x08003c4d   Thumb Code   160  tasks.o(.text.xTaskCreate)
    xTaskGetTickCount                        0x08003ced   Thumb Code    20  tasks.o(.text.xTaskGetTickCount)
    xTaskIncrementTick                       0x08003d01   Thumb Code   596  tasks.o(.text.xTaskIncrementTick)
    xTaskRemoveFromEventList                 0x08003f55   Thumb Code   368  tasks.o(.text.xTaskRemoveFromEventList)
    xTaskResumeAll                           0x080040c5   Thumb Code   510  tasks.o(.text.xTaskResumeAll)
    xTimerCreateTimerTask                    0x080042c5   Thumb Code    80  timers.o(.text.xTimerCreateTimerTask)
    AHBPrescTable                            0x08004314   Data          16  system_stm32f10x.o(.rodata.AHBPrescTable)
    vtable for CommonTimer                   0x08004324   Data          12  common_timer.o(.rodata._ZTV11CommonTimer)
    vtable for IUpdated1ms                   0x08004330   Data          12  coil_with_timer.o(.rodata._ZTV11IUpdated1ms)
    vtable for PulseCommon                   0x0800433c   Data          12  pulse.o(.rodata._ZTV11PulseCommon)
    vtable for SimpleInput                   0x08004348   Data          12  simple_input.o(.rodata._ZTV11SimpleInput)
    vtable for CoilOffDelay                  0x08004354   Data          48  coil_with_timer.o(.rodata._ZTV12CoilOffDelay)
    vtable for ProgrammCoil                  0x08004384   Data          16  coil.o(.rodata._ZTV12ProgrammCoil)
    vtable for OffDelayCommon                0x08004394   Data          12  off_delay.o(.rodata._ZTV14OffDelayCommon)
    vtable for PulseInterrapt                0x080043a0   Data          28  pulse.o(.rodata._ZTV14PulseInterrapt)
    vtable for SequenceDelayed               0x080043bc   Data          28  sequence.o(.rodata._ZTV15SequenceDelayed)
    vtable for SimpleInputDelayed            0x080043d8   Data          44  simple_input.o(.rodata._ZTV18SimpleInputDelayed)
    vtable for Coil                          0x08004404   Data          16  coil.o(.rodata._ZTV4Coil)
    vtable for ISwitch                       0x08004414   Data          12  coil.o(.rodata._ZTV7ISwitch)
    vtable for CoilPulse                     0x08004420   Data          48  coil_with_timer.o(.rodata._ZTV9CoilPulse)
    uxTopUsedPriority                        0x08004488   Data           4  tasks.o(.rodata.uxTopUsedPriority)
    Region$$Table$$Base                      0x0800448c   Number         0  anon$$obj.o(Region$$Table)
    Region$$Table$$Limit                     0x080044ac   Number         0  anon$$obj.o(Region$$Table)
    SHT$$INIT_ARRAY$$Base                    0x080044ac   Number         0  main.o(.init_array)
    SHT$$INIT_ARRAY$$Limit                   0x080044b0   Number         0  init_aeabi.o(.init_array)
    SystemCoreClock                          0x20000000   Data           4  system_stm32f10x.o(.data.SystemCoreClock)
    ob1Kit                                   0x20000014   Data          60  main.o(.data.ob1Kit)
    ob2Kit                                   0x20000050   Data          60  main.o(.data.ob2Kit)
    ob3Kit                                   0x2000008c   Data          60  main.o(.data.ob3Kit)
    update1msObjects                         0x200000c8   Data         104  main.o(.data.update1msObjects)
    updateObjectsSize                        0x20000130   Data           1  main.o(.data.updateObjectsSize)
    __libspace_start                         0x20000138   Data          96  libspace.o(.bss)
    B1                                       0x20000198   Data          36  main.o(.bss.B1)
    __temporary_stack_top$libspace           0x20000198   Data           0  libspace.o(.bss)
    B2                                       0x200001bc   Data          36  main.o(.bss.B2)
    B3                                       0x200001e0   Data          36  main.o(.bss.B3)
    C1                                       0x20000204   Data          16  main.o(.bss.C1)
    C2                                       0x20000214   Data          16  main.o(.bss.C2)
    C3                                       0x20000224   Data          16  main.o(.bss.C3)
    CHBs0                                    0x20000234   Data          12  main.o(.bss.CHBs0)
    CHBs1                                    0x20000240   Data          32  main.o(.bss.CHBs1)
    CHBs2                                    0x20000260   Data          12  main.o(.bss.CHBs2)
    CHBstep                                  0x2000026c   Data           1  main.o(.bss.CHBstep)
    D1                                       0x20000270   Data          16  main.o(.bss.D1)
    D2                                       0x20000280   Data          16  main.o(.bss.D2)
    D3                                       0x20000290   Data          16  main.o(.bss.D3)
    D4                                       0x200002a0   Data          16  main.o(.bss.D4)
    H1                                       0x200002b0   Data          36  main.o(.bss.H1)
    H2                                       0x200002d4   Data          36  main.o(.bss.H2)
    H3                                       0x200002f8   Data          36  main.o(.bss.H3)
    M1                                       0x2000031c   Data          36  main.o(.bss.M1)
    M2                                       0x20000340   Data          36  main.o(.bss.M2)
    M3                                       0x20000364   Data          36  main.o(.bss.M3)
    M6                                       0x20000388   Data          36  main.o(.bss.M6)
    M7                                       0x200003ac   Data          16  main.o(.bss.M7)
    Me1                                      0x200003bc   Data          16  main.o(.bss.Me1)
    Me2                                      0x200003cc   Data          16  main.o(.bss.Me2)
    Me3                                      0x200003dc   Data          16  main.o(.bss.Me3)
    O1                                       0x200003ec   Data          16  main.o(.bss.O1)
    O2                                       0x200003fc   Data          16  main.o(.bss.O2)
    O3                                       0x2000040c   Data          16  main.o(.bss.O3)
    OB1s0                                    0x2000041c   Data          12  main.o(.bss.OB1s0)
    OB1s1                                    0x20000428   Data          32  main.o(.bss.OB1s1)
    OB1s2                                    0x20000448   Data          32  main.o(.bss.OB1s2)
    OB1s3                                    0x20000468   Data          12  main.o(.bss.OB1s3)
    OB1s4                                    0x20000474   Data          32  main.o(.bss.OB1s4)
    OB1s4MeTimer                             0x20000494   Data          20  main.o(.bss.OB1s4MeTimer)
    OB1s5                                    0x200004a8   Data          12  main.o(.bss.OB1s5)
    OB1step                                  0x200004b4   Data           1  main.o(.bss.OB1step)
    OB2s0                                    0x200004b8   Data          12  main.o(.bss.OB2s0)
    OB2s1                                    0x200004c4   Data          32  main.o(.bss.OB2s1)
    OB2s2                                    0x200004e4   Data          32  main.o(.bss.OB2s2)
    OB2s3                                    0x20000504   Data          12  main.o(.bss.OB2s3)
    OB2s4                                    0x20000510   Data          32  main.o(.bss.OB2s4)
    OB2s4MeTimer                             0x20000530   Data          20  main.o(.bss.OB2s4MeTimer)
    OB2s5                                    0x20000544   Data          12  main.o(.bss.OB2s5)
    OB2step                                  0x20000550   Data           1  main.o(.bss.OB2step)
    OB3s0                                    0x20000554   Data          12  main.o(.bss.OB3s0)
    OB3s1                                    0x20000560   Data          32  main.o(.bss.OB3s1)
    OB3s2                                    0x20000580   Data          32  main.o(.bss.OB3s2)
    OB3s3                                    0x200005a0   Data          12  main.o(.bss.OB3s3)
    OB3s4                                    0x200005ac   Data          32  main.o(.bss.OB3s4)
    OB3s4MeTimer                             0x200005cc   Data          20  main.o(.bss.OB3s4MeTimer)
    OB3s5                                    0x200005e0   Data          12  main.o(.bss.OB3s5)
    OB3step                                  0x200005ec   Data           1  main.o(.bss.OB3step)
    S4                                       0x200005f0   Data          36  main.o(.bss.S4)
    S5                                       0x20000614   Data          36  main.o(.bss.S5)
    S6                                       0x20000638   Data          36  main.o(.bss.S6)
    led                                      0x2000065c   Data          16  main.o(.bss.led)
    pxCurrentTCB                             0x20000670   Data           4  tasks.o(.bss.pxCurrentTCB)
    queue                                    0x200006ec   Data          12  main.o(.bss.queue)



==============================================================================

Memory Map of the image

  Image Entry point : 0x080000ed

  Load Region LR_IROM1 (Base: 0x08000000, Size: 0x000045e8, Max: 0x00010000, ABSOLUTE)

    Execution Region ER_IROM1 (Exec base: 0x08000000, Load base: 0x08000000, Size: 0x000044b0, Max: 0x00010000, ABSOLUTE)

    Exec Addr    Load Addr    Size         Type   Attr      Idx    E Section Name        Object

    0x08000000   0x08000000   0x000000ec   Data   RO         1061    RESET               startup_stm32f10x_md.o
    0x080000ec   0x080000ec   0x00000008   Code   RO         1096  * !!!main             c_w.l(__main.o)
    0x080000f4   0x080000f4   0x00000034   Code   RO         1288    !!!scatter          c_w.l(__scatter.o)
    0x08000128   0x08000128   0x0000001a   Code   RO         1290    !!handler_copy      c_w.l(__scatter_copy.o)
    0x08000142   0x08000142   0x00000002   PAD
    0x08000144   0x08000144   0x0000001c   Code   RO         1292    !!handler_zi        c_w.l(__scatter_zi.o)
    0x08000160   0x08000160   0x00000002   Code   RO         1210    .ARM.Collect$$libinit$$00000000  c_w.l(libinit.o)
    0x08000162   0x08000162   0x00000000   Code   RO         1114    .ARM.Collect$$libinit$$00000002  c_w.l(libinit2.o)
    0x08000162   0x08000162   0x00000000   Code   RO         1116    .ARM.Collect$$libinit$$00000004  c_w.l(libinit2.o)
    0x08000162   0x08000162   0x00000000   Code   RO         1118    .ARM.Collect$$libinit$$00000006  c_w.l(libinit2.o)
    0x08000162   0x08000162   0x00000000   Code   RO         1121    .ARM.Collect$$libinit$$0000000C  c_w.l(libinit2.o)
    0x08000162   0x08000162   0x00000000   Code   RO         1123    .ARM.Collect$$libinit$$0000000E  c_w.l(libinit2.o)
    0x08000162   0x08000162   0x00000000   Code   RO         1125    .ARM.Collect$$libinit$$00000010  c_w.l(libinit2.o)
    0x08000162   0x08000162   0x00000000   Code   RO         1128    .ARM.Collect$$libinit$$00000013  c_w.l(libinit2.o)
    0x08000162   0x08000162   0x00000000   Code   RO         1130    .ARM.Collect$$libinit$$00000015  c_w.l(libinit2.o)
    0x08000162   0x08000162   0x00000000   Code   RO         1132    .ARM.Collect$$libinit$$00000017  c_w.l(libinit2.o)
    0x08000162   0x08000162   0x00000000   Code   RO         1134    .ARM.Collect$$libinit$$00000019  c_w.l(libinit2.o)
    0x08000162   0x08000162   0x00000000   Code   RO         1136    .ARM.Collect$$libinit$$0000001B  c_w.l(libinit2.o)
    0x08000162   0x08000162   0x00000000   Code   RO         1138    .ARM.Collect$$libinit$$0000001D  c_w.l(libinit2.o)
    0x08000162   0x08000162   0x00000000   Code   RO         1140    .ARM.Collect$$libinit$$0000001F  c_w.l(libinit2.o)
    0x08000162   0x08000162   0x00000000   Code   RO         1142    .ARM.Collect$$libinit$$00000021  c_w.l(libinit2.o)
    0x08000162   0x08000162   0x00000000   Code   RO         1144    .ARM.Collect$$libinit$$00000023  c_w.l(libinit2.o)
    0x08000162   0x08000162   0x00000000   Code   RO         1146    .ARM.Collect$$libinit$$00000025  c_w.l(libinit2.o)
    0x08000162   0x08000162   0x00000000   Code   RO         1148    .ARM.Collect$$libinit$$00000027  c_w.l(libinit2.o)
    0x08000162   0x08000162   0x00000000   Code   RO         1152    .ARM.Collect$$libinit$$0000002E  c_w.l(libinit2.o)
    0x08000162   0x08000162   0x00000000   Code   RO         1154    .ARM.Collect$$libinit$$00000030  c_w.l(libinit2.o)
    0x08000162   0x08000162   0x00000000   Code   RO         1156    .ARM.Collect$$libinit$$00000032  c_w.l(libinit2.o)
    0x08000162   0x08000162   0x00000004   Code   RO         1157    .ARM.Collect$$libinit$$00000033  c_w.l(libinit2.o)
    0x08000166   0x08000166   0x00000000   Code   RO         1158    .ARM.Collect$$libinit$$00000034  c_w.l(libinit2.o)
    0x08000166   0x08000166   0x00000002   Code   RO         1159    .ARM.Collect$$libinit$$00000035  c_w.l(libinit2.o)
    0x08000168   0x08000168   0x00000002   Code   RO         1256    .ARM.Collect$$libshutdown$$00000000  c_w.l(libshutdown.o)
    0x0800016a   0x0800016a   0x00000000   Code   RO         1272    .ARM.Collect$$libshutdown$$00000002  c_w.l(libshutdown2.o)
    0x0800016a   0x0800016a   0x00000000   Code   RO         1274    .ARM.Collect$$libshutdown$$00000004  c_w.l(libshutdown2.o)
    0x0800016a   0x0800016a   0x00000000   Code   RO         1277    .ARM.Collect$$libshutdown$$00000007  c_w.l(libshutdown2.o)
    0x0800016a   0x0800016a   0x00000000   Code   RO         1280    .ARM.Collect$$libshutdown$$0000000A  c_w.l(libshutdown2.o)
    0x0800016a   0x0800016a   0x00000000   Code   RO         1282    .ARM.Collect$$libshutdown$$0000000C  c_w.l(libshutdown2.o)
    0x0800016a   0x0800016a   0x00000000   Code   RO         1285    .ARM.Collect$$libshutdown$$0000000F  c_w.l(libshutdown2.o)
    0x0800016a   0x0800016a   0x00000002   Code   RO         1286    .ARM.Collect$$libshutdown$$00000010  c_w.l(libshutdown2.o)
    0x0800016c   0x0800016c   0x00000000   Code   RO         1110    .ARM.Collect$$rtentry$$00000000  c_w.l(__rtentry.o)
    0x0800016c   0x0800016c   0x00000000   Code   RO         1169    .ARM.Collect$$rtentry$$00000002  c_w.l(__rtentry2.o)
    0x0800016c   0x0800016c   0x00000006   Code   RO         1181    .ARM.Collect$$rtentry$$00000004  c_w.l(__rtentry4.o)
    0x08000172   0x08000172   0x00000000   Code   RO         1171    .ARM.Collect$$rtentry$$00000009  c_w.l(__rtentry2.o)
    0x08000172   0x08000172   0x00000004   Code   RO         1172    .ARM.Collect$$rtentry$$0000000A  c_w.l(__rtentry2.o)
    0x08000176   0x08000176   0x00000000   Code   RO         1174    .ARM.Collect$$rtentry$$0000000C  c_w.l(__rtentry2.o)
    0x08000176   0x08000176   0x00000008   Code   RO         1175    .ARM.Collect$$rtentry$$0000000D  c_w.l(__rtentry2.o)
    0x0800017e   0x0800017e   0x00000002   Code   RO         1221    .ARM.Collect$$rtexit$$00000000  c_w.l(rtexit.o)
    0x08000180   0x08000180   0x00000000   Code   RO         1236    .ARM.Collect$$rtexit$$00000002  c_w.l(rtexit2.o)
    0x08000180   0x08000180   0x00000004   Code   RO         1237    .ARM.Collect$$rtexit$$00000003  c_w.l(rtexit2.o)
    0x08000184   0x08000184   0x00000006   Code   RO         1238    .ARM.Collect$$rtexit$$00000004  c_w.l(rtexit2.o)
    0x0800018a   0x0800018a   0x00000002   PAD
    0x0800018c   0x0800018c   0x00000040   Code   RO         1062    .text               startup_stm32f10x_md.o
    0x080001cc   0x080001cc   0x0000008a   Code   RO         1086    .text               c_w.l(rt_memcpy_v6.o)
    0x08000256   0x08000256   0x00000010   Code   RO         1088    .text               c_w.l(aeabi_memset4.o)
    0x08000266   0x08000266   0x00000044   Code   RO         1090    .text               c_w.l(rt_memclr.o)
    0x080002aa   0x080002aa   0x0000004e   Code   RO         1092    .text               c_w.l(rt_memclr_w.o)
    0x080002f8   0x080002f8   0x00000006   Code   RO         1094    .text               c_w.l(heapauxi.o)
    0x080002fe   0x080002fe   0x00000002   PAD
    0x08000300   0x08000300   0x00000024   Code   RO         1101    .text               c_w.l(init_aeabi.o)
    0x08000324   0x08000324   0x00000064   Code   RO         1111    .text               c_w.l(rt_memcpy_w.o)
    0x08000388   0x08000388   0x00000016   Code   RO         1183    .text               c_w.l(abort.o)
    0x0800039e   0x0800039e   0x00000002   PAD
    0x080003a0   0x080003a0   0x0000000c   Code   RO         1189    .text               c_w.l(sys_exit.o)
    0x080003ac   0x080003ac   0x0000004a   Code   RO         1193    .text               c_w.l(sys_stackheap_outer.o)
    0x080003f6   0x080003f6   0x00000012   Code   RO         1195    .text               c_w.l(exit.o)
    0x08000408   0x08000408   0x0000000e   Code   RO         1197    .text               c_w.l(defsig_abrt_outer.o)
    0x08000416   0x08000416   0x00000002   PAD
    0x08000418   0x08000418   0x00000008   Code   RO         1215    .text               c_w.l(libspace.o)
    0x08000420   0x08000420   0x00000002   Code   RO         1218    .text               c_w.l(use_no_semi.o)
    0x08000422   0x08000422   0x00000000   Code   RO         1220    .text               c_w.l(indicate_semi.o)
    0x08000422   0x08000422   0x0000000a   Code   RO         1227    .text               c_w.l(defsig_exit.o)
    0x0800042c   0x0800042c   0x00000030   Code   RO         1229    .text               c_w.l(defsig_abrt_inner.o)
    0x0800045c   0x0800045c   0x00000032   Code   RO         1244    .text               c_w.l(defsig_general.o)
    0x0800048e   0x0800048e   0x0000000e   Code   RO         1248    .text               c_w.l(sys_wrch.o)
    0x0800049c   0x0800049c   0x00000004   PAD
    0x080004a0   0x080004a0   0x00000044   Code   RO          210    .text.PendSV_Handler  port.o
    0x080004e4   0x080004e4   0x0000000c   PAD
    0x080004f0   0x080004f0   0x00000024   Code   RO          196    .text.SVC_Handler   port.o
    0x08000514   0x08000514   0x00000008   Code   RO         1070    .text.SetSysClock   system_stm32f10x.o
    0x0800051c   0x0800051c   0x00000122   Code   RO         1074    .text.SetSysClockTo72  system_stm32f10x.o
    0x0800063e   0x0800063e   0x00000002   PAD
    0x08000640   0x08000640   0x0000003c   Code   RO          212    .text.SysTick_Handler  port.o
    0x0800067c   0x0800067c   0x00000122   Code   RO         1072    .text.SystemCoreClockUpdate  system_stm32f10x.o
    0x0800079e   0x0800079e   0x00000002   PAD
    0x080007a0   0x080007a0   0x00000066   Code   RO         1068    .text.SystemInit    system_stm32f10x.o
    0x08000806   0x08000806   0x00000002   PAD
    0x08000808   0x08000808   0x0000004c   Code   RO          114    .text.TIM2_IRQHandler  main.o
    0x08000854   0x08000854   0x000000d4   Code   RO          118    .text._GLOBAL__sub_I_main.cpp  main.o
    0x08000928   0x08000928   0x0000000e   Code   RO          700    .text._Z10commonInitv  init.o
    0x08000936   0x08000936   0x00000002   PAD
    0x08000938   0x08000938   0x00000040   Code   RO          691    .text._Z11getPositionj  common.o
    0x08000978   0x08000978   0x00000020   Code   RO          719    .text._Z11setRegisterIVjEvPT_jj  init.o
    0x08000998   0x08000998   0x00000074   Code   RO          661    .text._Z13resetAllStepsP7TaskKit  ob.o
    0x08000a0c   0x08000a0c   0x00000058   Code   RO          652    .text._Z13resetCHBstepsv  common_for_tasks.o
    0x08000a64   0x08000a64   0x0000008a   Code   RO          646    .text._Z14pushSeqInQueueP8Sequence  common_for_tasks.o
    0x08000aee   0x08000aee   0x00000002   PAD
    0x08000af0   0x08000af0   0x00000064   Code   RO          648    .text._Z15getSeqFromQueuev  common_for_tasks.o
    0x08000b54   0x08000b54   0x00000044   Code   RO          752    .text._Z17setBitsInRegisterIVjEvPT_jj  coil.o
    0x08000b98   0x08000b98   0x0000005e   Code   RO          650    .text._Z18deleteSeqFromQueueP8Sequence  common_for_tasks.o
    0x08000bf6   0x08000bf6   0x00000002   PAD
    0x08000bf8   0x08000bf8   0x000002a0   Code   RO          663    .text._Z6OBTaskPv   ob.o
    0x08000e98   0x08000e98   0x00000140   Code   RO          672    .text._Z7CHBTaskPv  chb.o
    0x08000fd8   0x08000fd8   0x000000be   Code   RO          704    .text._Z7rccInitv   init.o
    0x08001096   0x08001096   0x00000002   PAD
    0x08001098   0x08001098   0x000000b8   Code   RO          680    .text._Z8diagTaskPv  diag.o
    0x08001150   0x08001150   0x00000058   Code   RO          706    .text._Z8tickInitv  init.o
    0x080011a8   0x080011a8   0x00000030   Code   RO          708    .text._ZL16__NVIC_EnableIRQ4IRQn  init.o
    0x080011d8   0x080011d8   0x00000042   Code   RO          710    .text._ZL18__NVIC_SetPriority4IRQnj  init.o
    0x0800121a   0x0800121a   0x00000002   PAD
    0x0800121c   0x0800121c   0x0000003c   Code   RO          702    .text._ZL26__NVIC_SetPriorityGroupingj  init.o
    0x08001258   0x08001258   0x000000e2   Code   RO          807    .text._ZN10GPIOcommonC2EP12GPIO_TypeDefh  gpio_common.o
    0x0800133a   0x0800133a   0x00000002   PAD
    0x0800133c   0x0800133c   0x00000010   Code   RO          908    .text._ZN11CommonTimer10notStartedEv  common_timer.o
    0x0800134c   0x0800134c   0x00000016   Code   RO          910    .text._ZN11CommonTimer11notFinishedEv  common_timer.o
    0x08001362   0x08001362   0x00000002   PAD
    0x08001364   0x08001364   0x00000018   Code   RO          894    .text._ZN11CommonTimer15prepareAndStartEv  common_timer.o
    0x0800137c   0x0800137c   0x00000018   Code   RO          890    .text._ZN11CommonTimer4stopEv  common_timer.o
    0x08001394   0x08001394   0x0000000e   Code   RO          888    .text._ZN11CommonTimer5pauseEv  common_timer.o
    0x080013a2   0x080013a2   0x00000002   PAD
    0x080013a4   0x080013a4   0x00000010   Code   RO          892    .text._ZN11CommonTimer5resetEv  common_timer.o
    0x080013b4   0x080013b4   0x0000000e   Code   RO          886    .text._ZN11CommonTimer5startEv  common_timer.o
    0x080013c2   0x080013c2   0x00000002   PAD
    0x080013c4   0x080013c4   0x0000002e   Code   RO          914    .text._ZN11CommonTimer6inWorkEv  common_timer.o
    0x080013f2   0x080013f2   0x00000002   PAD
    0x080013f4   0x080013f4   0x0000002c   Code   RO          916    .text._ZN11CommonTimer6isFreeEv  common_timer.o
    0x08001420   0x08001420   0x00000038   Code   RO          874    .text._ZN11CommonTimer6updateEv  common_timer.o
    0x08001458   0x08001458   0x00000010   Code   RO          906    .text._ZN11CommonTimer7startedEv  common_timer.o
    0x08001468   0x08001468   0x00000016   Code   RO          876    .text._ZN11CommonTimer8finishedEv  common_timer.o
    0x0800147e   0x0800147e   0x00000002   PAD
    0x08001480   0x08001480   0x0000002c   Code   RO          898    .text._ZN11CommonTimer8setStartEb  common_timer.o
    0x080014ac   0x080014ac   0x0000001c   Code   RO          872    .text._ZN11CommonTimerC2Ej  common_timer.o
    0x080014c8   0x080014c8   0x00000016   Code   RO          803    .text._ZN11IUpdated1msC2Ev  coil_with_timer.o
    0x080014de   0x080014de   0x00000002   PAD
    0x080014e0   0x080014e0   0x00000010   Code   RO          990    .text._ZN11PulseCommon3getEv  pulse.o
    0x080014f0   0x080014f0   0x00000048   Code   RO          988    .text._ZN11PulseCommon3setEb  pulse.o
    0x08001538   0x08001538   0x00000014   Code   RO          992    .text._ZN11PulseCommon5resetEv  pulse.o
    0x0800154c   0x0800154c   0x00000024   Code   RO          986    .text._ZN11PulseCommon6updateEv  pulse.o
    0x08001570   0x08001570   0x00000024   Code   RO          984    .text._ZN11PulseCommonC2Ej  pulse.o
    0x08001594   0x08001594   0x00000016   Code   RO          834    .text._ZN11SimpleInput11isNotActiveEv  simple_input.o
    0x080015aa   0x080015aa   0x00000002   PAD
    0x080015ac   0x080015ac   0x00000040   Code   RO          832    .text._ZN11SimpleInput8isActiveEv  simple_input.o
    0x080015ec   0x080015ec   0x00000098   Code   RO          830    .text._ZN11SimpleInputC2EP12GPIO_TypeDefh  simple_input.o
    0x08001684   0x08001684   0x0000001c   Code   RO          776    .text._ZN12CoilOffDelay8setValueEb  coil_with_timer.o
    0x080016a0   0x080016a0   0x00000026   Code   RO          772    .text._ZN12CoilOffDelay9update1msEv  coil_with_timer.o
    0x080016c6   0x080016c6   0x00000002   PAD
    0x080016c8   0x080016c8   0x00000050   Code   RO          770    .text._ZN12CoilOffDelayC2EP12GPIO_TypeDefht  coil_with_timer.o
    0x08001718   0x08001718   0x00000022   Code   RO          780    .text._ZN12CoilOffDelayaSEb  coil_with_timer.o
    0x0800173a   0x0800173a   0x00000002   PAD
    0x0800173c   0x0800173c   0x00000010   Code   RO          722    .text._ZN12ProgrammCoil8isActiveEv  coil.o
    0x0800174c   0x0800174c   0x00000018   Code   RO          724    .text._ZN12ProgrammCoil8setValueEb  coil.o
    0x08001764   0x08001764   0x00000020   Code   RO          750    .text._ZN12ProgrammCoilC2Ev  coil.o
    0x08001784   0x08001784   0x0000002a   Code   RO          932    .text._ZN14OffDelayCommon3getEv  off_delay.o
    0x080017ae   0x080017ae   0x00000002   PAD
    0x080017b0   0x080017b0   0x00000044   Code   RO          930    .text._ZN14OffDelayCommon3setEb  off_delay.o
    0x080017f4   0x080017f4   0x00000024   Code   RO          928    .text._ZN14OffDelayCommon6updateEv  off_delay.o
    0x08001818   0x08001818   0x00000024   Code   RO          926    .text._ZN14OffDelayCommonC2Ej  off_delay.o
    0x0800183c   0x0800183c   0x00000030   Code   RO         1008    .text._ZN14PulseInterrapt3setEb  pulse.o
    0x0800186c   0x0800186c   0x00000010   Code   RO         1004    .text._ZN14PulseInterrapt9update1msEv  pulse.o
    0x0800187c   0x0800187c   0x00000032   Code   RO         1002    .text._ZN14PulseInterraptC2Ej  pulse.o
    0x080018ae   0x080018ae   0x00000002   PAD
    0x080018b0   0x080018b0   0x00000020   Code   RO         1010    .text._ZN14PulseInterraptaSEb  pulse.o
    0x080018d0   0x080018d0   0x00000042   Code   RO         1048    .text._ZN15SequenceDelayed9update1msEv  sequence.o
    0x08001912   0x08001912   0x00000002   PAD
    0x08001914   0x08001914   0x00000046   Code   RO         1046    .text._ZN15SequenceDelayedC2EPhhj  sequence.o
    0x0800195a   0x0800195a   0x00000002   PAD
    0x0800195c   0x0800195c   0x00000010   Code   RO          842    .text._ZN18SimpleInputDelayed8isActiveEv  simple_input.o
    0x0800196c   0x0800196c   0x00000022   Code   RO          838    .text._ZN18SimpleInputDelayed9update1msEv  simple_input.o
    0x0800198e   0x0800198e   0x00000002   PAD
    0x08001990   0x08001990   0x00000050   Code   RO          836    .text._ZN18SimpleInputDelayedC2EP12GPIO_TypeDefht  simple_input.o
    0x080019e0   0x080019e0   0x00000016   Code   RO          736    .text._ZN4Coil8isActiveEv  coil.o
    0x080019f6   0x080019f6   0x00000002   PAD
    0x080019f8   0x080019f8   0x00000042   Code   RO          738    .text._ZN4Coil8setValueEb  coil.o
    0x08001a3a   0x08001a3a   0x00000002   PAD
    0x08001a3c   0x08001a3c   0x00000076   Code   RO          734    .text._ZN4CoilC2EP12GPIO_TypeDefh  coil.o
    0x08001ab2   0x08001ab2   0x00000002   PAD
    0x08001ab4   0x08001ab4   0x00000022   Code   RO          740    .text._ZN4CoilaSEb  coil.o
    0x08001ad6   0x08001ad6   0x00000002   PAD
    0x08001ad8   0x08001ad8   0x00000016   Code   RO          754    .text._ZN7ISwitchC2Ev  coil.o
    0x08001aee   0x08001aee   0x00000002   PAD
    0x08001af0   0x08001af0   0x00000010   Code   RO         1044    .text._ZN8Sequence15finishedImpulseEv  sequence.o
    0x08001b00   0x08001b00   0x00000018   Code   RO         1030    .text._ZN8Sequence4lockEb  sequence.o
    0x08001b18   0x08001b18   0x00000018   Code   RO         1026    .text._ZN8Sequence5resetEv  sequence.o
    0x08001b30   0x08001b30   0x0000002c   Code   RO         1028    .text._ZN8Sequence5startEb  sequence.o
    0x08001b5c   0x08001b5c   0x00000040   Code   RO         1036    .text._ZN8Sequence6activeEv  sequence.o
    0x08001b9c   0x08001b9c   0x00000044   Code   RO         1032    .text._ZN8Sequence6finishEb  sequence.o
    0x08001be0   0x08001be0   0x00000010   Code   RO         1040    .text._ZN8Sequence6lockedEv  sequence.o
    0x08001bf0   0x08001bf0   0x00000010   Code   RO         1038    .text._ZN8Sequence7startedEv  sequence.o
    0x08001c00   0x08001c00   0x00000010   Code   RO         1042    .text._ZN8Sequence8finishedEv  sequence.o
    0x08001c10   0x08001c10   0x00000018   Code   RO         1024    .text._ZN8Sequence8isMyStepEv  sequence.o
    0x08001c28   0x08001c28   0x00000026   Code   RO         1022    .text._ZN8SequenceC2EPhh  sequence.o
    0x08001c4e   0x08001c4e   0x00000002   PAD
    0x08001c50   0x08001c50   0x0000001c   Code   RO          788    .text._ZN9CoilPulse8setValueEb  coil_with_timer.o
    0x08001c6c   0x08001c6c   0x00000026   Code   RO          784    .text._ZN9CoilPulse9update1msEv  coil_with_timer.o
    0x08001c92   0x08001c92   0x00000002   PAD
    0x08001c94   0x08001c94   0x00000050   Code   RO          782    .text._ZN9CoilPulseC2EP12GPIO_TypeDefht  coil_with_timer.o
    0x08001ce4   0x08001ce4   0x00000022   Code   RO          792    .text._ZN9CoilPulseaSEb  coil_with_timer.o
    0x08001d06   0x08001d06   0x00000002   PAD
    0x08001d08   0x08001d08   0x00000020   Code   RO          819    .text._ZN9RFimpulse3getEv  rf_impulse.o
    0x08001d28   0x08001d28   0x0000008a   Code   RO          817    .text._ZN9RFimpulse3setEb  rf_impulse.o
    0x08001db2   0x08001db2   0x00000002   PAD
    0x08001db4   0x08001db4   0x00000014   Code   RO          815    .text._ZN9RFimpulseC2E7IMPULSE  rf_impulse.o
    0x08001dc8   0x08001dc8   0x0000001a   Code   RO          778    .text._ZThn16_N12CoilOffDelay8setValueEb  coil_with_timer.o
    0x08001de2   0x08001de2   0x00000002   PAD
    0x08001de4   0x08001de4   0x0000000e   Code   RO         1006    .text._ZThn16_N14PulseInterrapt9update1msEv  pulse.o
    0x08001df2   0x08001df2   0x00000002   PAD
    0x08001df4   0x08001df4   0x0000000e   Code   RO          844    .text._ZThn16_N18SimpleInputDelayed8isActiveEv  simple_input.o
    0x08001e02   0x08001e02   0x00000002   PAD
    0x08001e04   0x08001e04   0x0000001a   Code   RO          790    .text._ZThn16_N9CoilPulse8setValueEb  coil_with_timer.o
    0x08001e1e   0x08001e1e   0x00000002   PAD
    0x08001e20   0x08001e20   0x0000000e   Code   RO         1050    .text._ZThn28_N15SequenceDelayed9update1msEv  sequence.o
    0x08001e2e   0x08001e2e   0x00000002   PAD
    0x08001e30   0x08001e30   0x0000000e   Code   RO          774    .text._ZThn32_N12CoilOffDelay9update1msEv  coil_with_timer.o
    0x08001e3e   0x08001e3e   0x00000002   PAD
    0x08001e40   0x08001e40   0x0000000e   Code   RO          840    .text._ZThn32_N18SimpleInputDelayed9update1msEv  simple_input.o
    0x08001e4e   0x08001e4e   0x00000002   PAD
    0x08001e50   0x08001e50   0x0000000e   Code   RO          786    .text._ZThn32_N9CoilPulse9update1msEv  coil_with_timer.o
    0x08001e5e   0x08001e5e   0x00000002   PAD
    0x08001e60   0x08001e60   0x00000028   Code   RO         1105    .text.__cxa_pure_virtual  libcppabi_w.l(cxa_virtual.cpp.o)
    0x08001e88   0x08001e88   0x0000001e   Code   RO            2    .text.__cxx_global_var_init  main.o
    0x08001ea6   0x08001ea6   0x00000002   PAD
    0x08001ea8   0x08001ea8   0x0000001e   Code   RO            4    .text.__cxx_global_var_init.1  main.o
    0x08001ec6   0x08001ec6   0x00000002   PAD
    0x08001ec8   0x08001ec8   0x0000001a   Code   RO           22    .text.__cxx_global_var_init.10  main.o
    0x08001ee2   0x08001ee2   0x00000002   PAD
    0x08001ee4   0x08001ee4   0x0000001a   Code   RO           24    .text.__cxx_global_var_init.11  main.o
    0x08001efe   0x08001efe   0x00000002   PAD
    0x08001f00   0x08001f00   0x0000001e   Code   RO           26    .text.__cxx_global_var_init.12  main.o
    0x08001f1e   0x08001f1e   0x00000002   PAD
    0x08001f20   0x08001f20   0x0000001a   Code   RO           28    .text.__cxx_global_var_init.13  main.o
    0x08001f3a   0x08001f3a   0x00000002   PAD
    0x08001f3c   0x08001f3c   0x0000001a   Code   RO           30    .text.__cxx_global_var_init.14  main.o
    0x08001f56   0x08001f56   0x00000002   PAD
    0x08001f58   0x08001f58   0x0000001a   Code   RO           32    .text.__cxx_global_var_init.15  main.o
    0x08001f72   0x08001f72   0x00000002   PAD
    0x08001f74   0x08001f74   0x0000001e   Code   RO           34    .text.__cxx_global_var_init.16  main.o
    0x08001f92   0x08001f92   0x00000002   PAD
    0x08001f94   0x08001f94   0x0000001a   Code   RO           36    .text.__cxx_global_var_init.17  main.o
    0x08001fae   0x08001fae   0x00000002   PAD
    0x08001fb0   0x08001fb0   0x0000001a   Code   RO           38    .text.__cxx_global_var_init.18  main.o
    0x08001fca   0x08001fca   0x00000002   PAD
    0x08001fcc   0x08001fcc   0x0000001a   Code   RO           40    .text.__cxx_global_var_init.19  main.o
    0x08001fe6   0x08001fe6   0x00000002   PAD
    0x08001fe8   0x08001fe8   0x0000001e   Code   RO            6    .text.__cxx_global_var_init.2  main.o
    0x08002006   0x08002006   0x00000002   PAD
    0x08002008   0x08002008   0x0000001e   Code   RO           42    .text.__cxx_global_var_init.20  main.o
    0x08002026   0x08002026   0x00000002   PAD
    0x08002028   0x08002028   0x0000001a   Code   RO           44    .text.__cxx_global_var_init.21  main.o
    0x08002042   0x08002042   0x00000002   PAD
    0x08002044   0x08002044   0x0000001e   Code   RO           46    .text.__cxx_global_var_init.22  main.o
    0x08002062   0x08002062   0x00000002   PAD
    0x08002064   0x08002064   0x0000001a   Code   RO           48    .text.__cxx_global_var_init.23  main.o
    0x0800207e   0x0800207e   0x00000002   PAD
    0x08002080   0x08002080   0x0000001a   Code   RO           50    .text.__cxx_global_var_init.24  main.o
    0x0800209a   0x0800209a   0x00000002   PAD
    0x0800209c   0x0800209c   0x0000001a   Code   RO           52    .text.__cxx_global_var_init.25  main.o
    0x080020b6   0x080020b6   0x00000002   PAD
    0x080020b8   0x080020b8   0x0000001a   Code   RO           54    .text.__cxx_global_var_init.26  main.o
    0x080020d2   0x080020d2   0x00000002   PAD
    0x080020d4   0x080020d4   0x0000001a   Code   RO           56    .text.__cxx_global_var_init.27  main.o
    0x080020ee   0x080020ee   0x00000002   PAD
    0x080020f0   0x080020f0   0x0000001a   Code   RO           58    .text.__cxx_global_var_init.28  main.o
    0x0800210a   0x0800210a   0x00000002   PAD
    0x0800210c   0x0800210c   0x00000022   Code   RO           60    .text.__cxx_global_var_init.29  main.o
    0x0800212e   0x0800212e   0x00000002   PAD
    0x08002130   0x08002130   0x0000001e   Code   RO            8    .text.__cxx_global_var_init.3  main.o
    0x0800214e   0x0800214e   0x00000002   PAD
    0x08002150   0x08002150   0x0000001e   Code   RO           62    .text.__cxx_global_var_init.30  main.o
    0x0800216e   0x0800216e   0x00000002   PAD
    0x08002170   0x08002170   0x0000001a   Code   RO           64    .text.__cxx_global_var_init.31  main.o
    0x0800218a   0x0800218a   0x00000002   PAD
    0x0800218c   0x0800218c   0x00000022   Code   RO           66    .text.__cxx_global_var_init.32  main.o
    0x080021ae   0x080021ae   0x00000002   PAD
    0x080021b0   0x080021b0   0x00000018   Code   RO           68    .text.__cxx_global_var_init.33  main.o
    0x080021c8   0x080021c8   0x0000001a   Code   RO           70    .text.__cxx_global_var_init.34  main.o
    0x080021e2   0x080021e2   0x00000002   PAD
    0x080021e4   0x080021e4   0x0000001a   Code   RO           72    .text.__cxx_global_var_init.35  main.o
    0x080021fe   0x080021fe   0x00000002   PAD
    0x08002200   0x08002200   0x00000022   Code   RO           74    .text.__cxx_global_var_init.36  main.o
    0x08002222   0x08002222   0x00000002   PAD
    0x08002224   0x08002224   0x0000001e   Code   RO           76    .text.__cxx_global_var_init.37  main.o
    0x08002242   0x08002242   0x00000002   PAD
    0x08002244   0x08002244   0x0000001a   Code   RO           78    .text.__cxx_global_var_init.38  main.o
    0x0800225e   0x0800225e   0x00000002   PAD
    0x08002260   0x08002260   0x00000022   Code   RO           80    .text.__cxx_global_var_init.39  main.o
    0x08002282   0x08002282   0x00000002   PAD
    0x08002284   0x08002284   0x0000001e   Code   RO           10    .text.__cxx_global_var_init.4  main.o
    0x080022a2   0x080022a2   0x00000002   PAD
    0x080022a4   0x080022a4   0x00000018   Code   RO           82    .text.__cxx_global_var_init.40  main.o
    0x080022bc   0x080022bc   0x0000001a   Code   RO           84    .text.__cxx_global_var_init.41  main.o
    0x080022d6   0x080022d6   0x00000002   PAD
    0x080022d8   0x080022d8   0x0000001a   Code   RO           86    .text.__cxx_global_var_init.42  main.o
    0x080022f2   0x080022f2   0x00000002   PAD
    0x080022f4   0x080022f4   0x00000022   Code   RO           88    .text.__cxx_global_var_init.43  main.o
    0x08002316   0x08002316   0x00000002   PAD
    0x08002318   0x08002318   0x0000001e   Code   RO           90    .text.__cxx_global_var_init.44  main.o
    0x08002336   0x08002336   0x00000002   PAD
    0x08002338   0x08002338   0x0000001a   Code   RO           92    .text.__cxx_global_var_init.45  main.o
    0x08002352   0x08002352   0x00000002   PAD
    0x08002354   0x08002354   0x00000022   Code   RO           94    .text.__cxx_global_var_init.46  main.o
    0x08002376   0x08002376   0x00000002   PAD
    0x08002378   0x08002378   0x00000018   Code   RO           96    .text.__cxx_global_var_init.47  main.o
    0x08002390   0x08002390   0x0000001a   Code   RO           98    .text.__cxx_global_var_init.48  main.o
    0x080023aa   0x080023aa   0x00000002   PAD
    0x080023ac   0x080023ac   0x0000001a   Code   RO          100    .text.__cxx_global_var_init.49  main.o
    0x080023c6   0x080023c6   0x00000002   PAD
    0x080023c8   0x080023c8   0x0000001e   Code   RO           12    .text.__cxx_global_var_init.5  main.o
    0x080023e6   0x080023e6   0x00000002   PAD
    0x080023e8   0x080023e8   0x0000001e   Code   RO          102    .text.__cxx_global_var_init.50  main.o
    0x08002406   0x08002406   0x00000002   PAD
    0x08002408   0x08002408   0x0000001a   Code   RO          104    .text.__cxx_global_var_init.51  main.o
    0x08002422   0x08002422   0x00000002   PAD
    0x08002424   0x08002424   0x0000001e   Code   RO           14    .text.__cxx_global_var_init.6  main.o
    0x08002442   0x08002442   0x00000002   PAD
    0x08002444   0x08002444   0x0000001e   Code   RO           16    .text.__cxx_global_var_init.7  main.o
    0x08002462   0x08002462   0x00000002   PAD
    0x08002464   0x08002464   0x0000001e   Code   RO           18    .text.__cxx_global_var_init.8  main.o
    0x08002482   0x08002482   0x00000002   PAD
    0x08002484   0x08002484   0x0000001a   Code   RO           20    .text.__cxx_global_var_init.9  main.o
    0x0800249e   0x0800249e   0x00000004   Code   RO         1165    .text.abort_message  libcppabi_w.l(abort_message.cpp.o)
    0x080024a2   0x080024a2   0x00000002   PAD
    0x080024a4   0x080024a4   0x0000011c   Code   RO          116    .text.main          main.o
    0x080025c0   0x080025c0   0x0000011a   Code   RO          445    .text.prvAddCurrentTaskToDelayedList  tasks.o
    0x080026da   0x080026da   0x00000002   PAD
    0x080026dc   0x080026dc   0x00000154   Code   RO          433    .text.prvAddNewTaskToReadyList  tasks.o
    0x08002830   0x08002830   0x0000006a   Code   RO          581    .text.prvCheckForValidListAndQueue  timers.o
    0x0800289a   0x0800289a   0x00000002   PAD
    0x0800289c   0x0800289c   0x0000005a   Code   RO          547    .text.prvCheckTasksWaitingTermination  tasks.o
    0x080028f6   0x080028f6   0x00000002   PAD
    0x080028f8   0x080028f8   0x00000042   Code   RO          335    .text.prvCopyDataFromQueue  queue.o
    0x0800293a   0x0800293a   0x00000002   PAD
    0x0800293c   0x0800293c   0x00000018   Code   RO          439    .text.prvDeleteTCB  tasks.o
    0x08002954   0x08002954   0x00000040   Code   RO          615    .text.prvGetNextExpireTime  timers.o
    0x08002994   0x08002994   0x000000ae   Code   RO          256    .text.prvHeapInit   heap_4.o
    0x08002a42   0x08002a42   0x00000002   PAD
    0x08002a44   0x08002a44   0x0000003c   Code   RO          471    .text.prvIdleTask   tasks.o
    0x08002a80   0x08002a80   0x00000048   Code   RO          307    .text.prvInitialiseNewQueue  queue.o
    0x08002ac8   0x08002ac8   0x000000e6   Code   RO          431    .text.prvInitialiseNewTask  tasks.o
    0x08002bae   0x08002bae   0x00000002   PAD
    0x08002bb0   0x08002bb0   0x0000008e   Code   RO          545    .text.prvInitialiseTaskLists  tasks.o
    0x08002c3e   0x08002c3e   0x00000002   PAD
    0x08002c40   0x08002c40   0x000000c6   Code   RO          258    .text.prvInsertBlockIntoFreeList  heap_4.o
    0x08002d06   0x08002d06   0x00000002   PAD
    0x08002d08   0x08002d08   0x00000086   Code   RO          629    .text.prvInsertTimerInActiveList  timers.o
    0x08002d8e   0x08002d8e   0x00000002   PAD
    0x08002d90   0x08002d90   0x00000028   Code   RO          337    .text.prvIsQueueEmpty  queue.o
    0x08002db8   0x08002db8   0x00000020   Code   RO          202    .text.prvPortStartFirstTask  port.o
    0x08002dd8   0x08002dd8   0x00000054   Code   RO          623    .text.prvProcessExpiredTimer  timers.o
    0x08002e2c   0x08002e2c   0x00000126   Code   RO          619    .text.prvProcessReceivedCommands  timers.o
    0x08002f52   0x08002f52   0x00000002   PAD
    0x08002f54   0x08002f54   0x0000009a   Code   RO          617    .text.prvProcessTimerOrBlockTask  timers.o
    0x08002fee   0x08002fee   0x00000002   PAD
    0x08002ff0   0x08002ff0   0x00000034   Code   RO          627    .text.prvReloadTimer  timers.o
    0x08003024   0x08003024   0x0000003c   Code   RO          437    .text.prvResetNextTaskUnblockTime  tasks.o
    0x08003060   0x08003060   0x00000044   Code   RO          621    .text.prvSampleTimeNow  timers.o
    0x080030a4   0x080030a4   0x00000052   Code   RO          625    .text.prvSwitchTimerLists  timers.o
    0x080030f6   0x080030f6   0x00000002   PAD
    0x080030f8   0x080030f8   0x00000026   Code   RO          194    .text.prvTaskExitError  port.o
    0x0800311e   0x0800311e   0x00000002   PAD
    0x08003120   0x08003120   0x0000001e   Code   RO          583    .text.prvTimerTask  timers.o
    0x0800313e   0x0800313e   0x00000002   PAD
    0x08003140   0x08003140   0x000000ae   Code   RO          327    .text.prvUnlockQueue  queue.o
    0x080031ee   0x080031ee   0x00000002   PAD
    0x080031f0   0x080031f0   0x00000186   Code   RO          254    .text.pvPortMalloc  heap_4.o
    0x08003376   0x08003376   0x00000002   PAD
    0x08003378   0x08003378   0x00000050   Code   RO          192    .text.pxPortInitialiseStack  port.o
    0x080033c8   0x080033c8   0x00000048   Code   RO          294    .text.uxListRemove  list.o
    0x08003410   0x08003410   0x00000002   Code   RO          106    .text.vApplicationIdleHook  main.o
    0x08003412   0x08003412   0x00000002   PAD
    0x08003414   0x08003414   0x0000000a   Code   RO          112    .text.vApplicationStackOverflowHook  main.o
    0x0800341e   0x0800341e   0x00000002   PAD
    0x08003420   0x08003420   0x00000002   Code   RO          108    .text.vApplicationTickHook  main.o
    0x08003422   0x08003422   0x00000002   PAD
    0x08003424   0x08003424   0x0000002e   Code   RO          286    .text.vListInitialise  list.o
    0x08003452   0x08003452   0x00000002   PAD
    0x08003454   0x08003454   0x0000000e   Code   RO          288    .text.vListInitialiseItem  list.o
    0x08003462   0x08003462   0x00000002   PAD
    0x08003464   0x08003464   0x0000006a   Code   RO          292    .text.vListInsert   list.o
    0x080034ce   0x080034ce   0x00000002   PAD
    0x080034d0   0x080034d0   0x00000030   Code   RO          206    .text.vPortEnterCritical  port.o
    0x08003500   0x08003500   0x00000026   Code   RO          208    .text.vPortExitCritical  port.o
    0x08003526   0x08003526   0x00000002   PAD
    0x08003528   0x08003528   0x00000076   Code   RO          260    .text.vPortFree     heap_4.o
    0x0800359e   0x0800359e   0x00000002   PAD
    0x080035a0   0x080035a0   0x0000002e   Code   RO          200    .text.vPortSetupTimerInterrupt  port.o
    0x080035ce   0x080035ce   0x00000002   PAD
    0x080035d0   0x080035d0   0x00000064   Code   RO          365    .text.vQueueWaitForMessageRestricted  queue.o
    0x08003634   0x08003634   0x0000004a   Code   RO          449    .text.vTaskDelay    tasks.o
    0x0800367e   0x0800367e   0x00000002   PAD
    0x08003680   0x08003680   0x00000024   Code   RO          503    .text.vTaskInternalSetTimeOutState  tasks.o
    0x080036a4   0x080036a4   0x0000000e   Code   RO          507    .text.vTaskMissedYield  tasks.o
    0x080036b2   0x080036b2   0x00000002   PAD
    0x080036b4   0x080036b4   0x00000026   Code   RO          491    .text.vTaskPlaceOnEventList  tasks.o
    0x080036da   0x080036da   0x00000002   PAD
    0x080036dc   0x080036dc   0x00000060   Code   RO          495    .text.vTaskPlaceOnEventListRestricted  tasks.o
    0x0800373c   0x0800373c   0x00000094   Code   RO          469    .text.vTaskStartScheduler  tasks.o
    0x080037d0   0x080037d0   0x00000010   Code   RO          443    .text.vTaskSuspendAll  tasks.o
    0x080037e0   0x080037e0   0x000000ec   Code   RO          461    .text.vTaskSwitchContext  tasks.o
    0x080038cc   0x080038cc   0x00000040   Code   RO          198    .text.xPortStartScheduler  port.o
    0x0800390c   0x0800390c   0x0000007e   Code   RO          305    .text.xQueueGenericCreate  queue.o
    0x0800398a   0x0800398a   0x00000002   PAD
    0x0800398c   0x0800398c   0x000000d0   Code   RO          303    .text.xQueueGenericReset  queue.o
    0x08003a5c   0x08003a5c   0x00000152   Code   RO          333    .text.xQueueReceive  queue.o
    0x08003bae   0x08003bae   0x00000002   PAD
    0x08003bb0   0x08003bb0   0x0000009a   Code   RO          505    .text.xTaskCheckForTimeOut  tasks.o
    0x08003c4a   0x08003c4a   0x00000002   PAD
    0x08003c4c   0x08003c4c   0x000000a0   Code   RO          429    .text.xTaskCreate   tasks.o
    0x08003cec   0x08003cec   0x00000014   Code   RO          477    .text.xTaskGetTickCount  tasks.o
    0x08003d00   0x08003d00   0x00000254   Code   RO          475    .text.xTaskIncrementTick  tasks.o
    0x08003f54   0x08003f54   0x00000170   Code   RO          497    .text.xTaskRemoveFromEventList  tasks.o
    0x080040c4   0x080040c4   0x000001fe   Code   RO          447    .text.xTaskResumeAll  tasks.o
    0x080042c2   0x080042c2   0x00000002   PAD
    0x080042c4   0x080042c4   0x00000050   Code   RO          579    .text.xTimerCreateTimerTask  timers.o
    0x08004314   0x08004314   0x00000010   Data   RO         1077    .rodata.AHBPrescTable  system_stm32f10x.o
    0x08004324   0x08004324   0x0000000c   Data   RO          918    .rodata._ZTV11CommonTimer  common_timer.o
    0x08004330   0x08004330   0x0000000c   Data   RO          805    .rodata._ZTV11IUpdated1ms  coil_with_timer.o
    0x0800433c   0x0800433c   0x0000000c   Data   RO         1020    .rodata._ZTV11PulseCommon  pulse.o
    0x08004348   0x08004348   0x0000000c   Data   RO          846    .rodata._ZTV11SimpleInput  simple_input.o
    0x08004354   0x08004354   0x00000030   Data   RO          795    .rodata._ZTV12CoilOffDelay  coil_with_timer.o
    0x08004384   0x08004384   0x00000010   Data   RO          743    .rodata._ZTV12ProgrammCoil  coil.o
    0x08004394   0x08004394   0x0000000c   Data   RO          951    .rodata._ZTV14OffDelayCommon  off_delay.o
    0x080043a0   0x080043a0   0x0000001c   Data   RO         1013    .rodata._ZTV14PulseInterrapt  pulse.o
    0x080043bc   0x080043bc   0x0000001c   Data   RO         1052    .rodata._ZTV15SequenceDelayed  sequence.o
    0x080043d8   0x080043d8   0x0000002c   Data   RO          847    .rodata._ZTV18SimpleInputDelayed  simple_input.o
    0x08004404   0x08004404   0x00000010   Data   RO          742    .rodata._ZTV4Coil   coil.o
    0x08004414   0x08004414   0x0000000c   Data   RO          756    .rodata._ZTV7ISwitch  coil.o
    0x08004420   0x08004420   0x00000030   Data   RO          796    .rodata._ZTV9CoilPulse  coil_with_timer.o
    0x08004450   0x08004450   0x00000029   Data   RO          182    .rodata.str1.1      main.o
    0x08004479   0x08004479   0x00000005   Data   RO          565    .rodata.str1.1      tasks.o
    0x0800447e   0x0800447e   0x00000008   Data   RO          632    .rodata.str1.1      timers.o
    0x08004486   0x08004486   0x00000002   PAD
    0x08004488   0x08004488   0x00000004   Data   RO          550    .rodata.uxTopUsedPriority  tasks.o
    0x0800448c   0x0800448c   0x00000020   Data   RO         1287    Region$$Table       anon$$obj.o
    0x080044ac   0x080044ac   0x00000004   Data   RO          183    .init_array         main.o
    0x080044b0   0x080044ac   0x00000000   Data   RO         1099    .init_array         c_w.l(init_aeabi.o)


    Execution Region RW_IRAM1 (Exec base: 0x20000000, Load base: 0x080044b0, Size: 0x000035d8, Max: 0x00005000, ABSOLUTE)

    Exec Addr    Load Addr    Size         Type   Attr      Idx    E Section Name        Object

    0x20000000   0x080044b0   0x00000004   Data   RW         1076    .data.SystemCoreClock  system_stm32f10x.o
    0x20000004   0x080044b4   0x00000010   Data   RW          682    .data._ZL6serial    diag.o
    0x20000014   0x080044c4   0x0000003c   Data   RW          176    .data.ob1Kit        main.o
    0x20000050   0x08004500   0x0000003c   Data   RW          177    .data.ob2Kit        main.o
    0x2000008c   0x0800453c   0x0000003c   Data   RW          178    .data.ob3Kit        main.o
    0x200000c8   0x08004578   0x00000068   Data   RW          180    .data.update1msObjects  main.o
    0x20000130   0x080045e0   0x00000001   Data   RW          181    .data.updateObjectsSize  main.o
    0x20000131   0x080045e1   0x00000003   PAD
    0x20000134   0x080045e4   0x00000004   Data   RW          214    .data.uxCriticalNesting  port.o
    0x20000138        -       0x00000060   Zero   RW         1216    .bss                c_w.l(libspace.o)
    0x20000198        -       0x00000024   Zero   RW          120    .bss.B1             main.o
    0x200001bc        -       0x00000024   Zero   RW          122    .bss.B2             main.o
    0x200001e0        -       0x00000024   Zero   RW          124    .bss.B3             main.o
    0x20000204        -       0x00000010   Zero   RW          129    .bss.C1             main.o
    0x20000214        -       0x00000010   Zero   RW          133    .bss.C2             main.o
    0x20000224        -       0x00000010   Zero   RW          137    .bss.C3             main.o
    0x20000234        -       0x0000000c   Zero   RW          173    .bss.CHBs0          main.o
    0x20000240        -       0x00000020   Zero   RW          174    .bss.CHBs1          main.o
    0x20000260        -       0x0000000c   Zero   RW          175    .bss.CHBs2          main.o
    0x2000026c        -       0x00000001   Zero   RW          172    .bss.CHBstep        main.o
    0x2000026d   0x080045e8   0x00000003   PAD
    0x20000270        -       0x00000010   Zero   RW          131    .bss.D1             main.o
    0x20000280        -       0x00000010   Zero   RW          135    .bss.D2             main.o
    0x20000290        -       0x00000010   Zero   RW          139    .bss.D3             main.o
    0x200002a0        -       0x00000010   Zero   RW          141    .bss.D4             main.o
    0x200002b0        -       0x00000024   Zero   RW          121    .bss.H1             main.o
    0x200002d4        -       0x00000024   Zero   RW          123    .bss.H2             main.o
    0x200002f8        -       0x00000024   Zero   RW          125    .bss.H3             main.o
    0x2000031c        -       0x00000024   Zero   RW          132    .bss.M1             main.o
    0x20000340        -       0x00000024   Zero   RW          136    .bss.M2             main.o
    0x20000364        -       0x00000024   Zero   RW          140    .bss.M3             main.o
    0x20000388        -       0x00000024   Zero   RW          142    .bss.M6             main.o
    0x200003ac        -       0x00000010   Zero   RW          143    .bss.M7             main.o
    0x200003bc        -       0x00000010   Zero   RW          144    .bss.Me1            main.o
    0x200003cc        -       0x00000010   Zero   RW          145    .bss.Me2            main.o
    0x200003dc        -       0x00000010   Zero   RW          146    .bss.Me3            main.o
    0x200003ec        -       0x00000010   Zero   RW          130    .bss.O1             main.o
    0x200003fc        -       0x00000010   Zero   RW          134    .bss.O2             main.o
    0x2000040c        -       0x00000010   Zero   RW          138    .bss.O3             main.o
    0x2000041c        -       0x0000000c   Zero   RW          149    .bss.OB1s0          main.o
    0x20000428        -       0x00000020   Zero   RW          150    .bss.OB1s1          main.o
    0x20000448        -       0x00000020   Zero   RW          151    .bss.OB1s2          main.o
    0x20000468        -       0x0000000c   Zero   RW          152    .bss.OB1s3          main.o
    0x20000474        -       0x00000020   Zero   RW          153    .bss.OB1s4          main.o
    0x20000494        -       0x00000014   Zero   RW          154    .bss.OB1s4MeTimer   main.o
    0x200004a8        -       0x0000000c   Zero   RW          155    .bss.OB1s5          main.o
    0x200004b4        -       0x00000001   Zero   RW          148    .bss.OB1step        main.o
    0x200004b5   0x080045e8   0x00000003   PAD
    0x200004b8        -       0x0000000c   Zero   RW          157    .bss.OB2s0          main.o
    0x200004c4        -       0x00000020   Zero   RW          158    .bss.OB2s1          main.o
    0x200004e4        -       0x00000020   Zero   RW          159    .bss.OB2s2          main.o
    0x20000504        -       0x0000000c   Zero   RW          160    .bss.OB2s3          main.o
    0x20000510        -       0x00000020   Zero   RW          161    .bss.OB2s4          main.o
    0x20000530        -       0x00000014   Zero   RW          162    .bss.OB2s4MeTimer   main.o
    0x20000544        -       0x0000000c   Zero   RW          163    .bss.OB2s5          main.o
    0x20000550        -       0x00000001   Zero   RW          156    .bss.OB2step        main.o
    0x20000551   0x080045e8   0x00000003   PAD
    0x20000554        -       0x0000000c   Zero   RW          165    .bss.OB3s0          main.o
    0x20000560        -       0x00000020   Zero   RW          166    .bss.OB3s1          main.o
    0x20000580        -       0x00000020   Zero   RW          167    .bss.OB3s2          main.o
    0x200005a0        -       0x0000000c   Zero   RW          168    .bss.OB3s3          main.o
    0x200005ac        -       0x00000020   Zero   RW          169    .bss.OB3s4          main.o
    0x200005cc        -       0x00000014   Zero   RW          170    .bss.OB3s4MeTimer   main.o
    0x200005e0        -       0x0000000c   Zero   RW          171    .bss.OB3s5          main.o
    0x200005ec        -       0x00000001   Zero   RW          164    .bss.OB3step        main.o
    0x200005ed   0x080045e8   0x00000003   PAD
    0x200005f0        -       0x00000024   Zero   RW          126    .bss.S4             main.o
    0x20000614        -       0x00000024   Zero   RW          127    .bss.S5             main.o
    0x20000638        -       0x00000024   Zero   RW          128    .bss.S6             main.o
    0x2000065c        -       0x00000010   Zero   RW          147    .bss.led            main.o
    0x2000066c        -       0x00000004   Zero   RW          636    .bss.prvSampleTimeNow.xLastTime  timers.o
    0x20000670        -       0x00000004   Zero   RW          549    .bss.pxCurrentTCB   tasks.o
    0x20000674        -       0x00000004   Zero   RW          634    .bss.pxCurrentTimerList  timers.o
    0x20000678        -       0x00000004   Zero   RW          559    .bss.pxDelayedTaskList  tasks.o
    0x2000067c        -       0x00000004   Zero   RW          272    .bss.pxEnd          heap_4.o
    0x20000680        -       0x00000004   Zero   RW          560    .bss.pxOverflowDelayedTaskList  tasks.o
    0x20000684        -       0x00000004   Zero   RW          635    .bss.pxOverflowTimerList  timers.o
    0x20000688        -       0x00000064   Zero   RW          551    .bss.pxReadyTasksLists  tasks.o
    0x200006ec        -       0x0000000c   Zero   RW          179    .bss.queue          main.o
    0x200006f8        -       0x00002800   Zero   RW          278    .bss.ucHeap         heap_4.o
    0x20002ef8        -       0x00000004   Zero   RW          556    .bss.uxCurrentNumberOfTasks  tasks.o
    0x20002efc        -       0x00000004   Zero   RW          555    .bss.uxDeletedTasksWaitingCleanUp  tasks.o
    0x20002f00        -       0x00000004   Zero   RW          562    .bss.uxSchedulerSuspended  tasks.o
    0x20002f04        -       0x00000004   Zero   RW          553    .bss.uxTaskNumber   tasks.o
    0x20002f08        -       0x00000004   Zero   RW          552    .bss.uxTopReadyPriority  tasks.o
    0x20002f0c        -       0x00000014   Zero   RW          637    .bss.xActiveTimerList1  timers.o
    0x20002f20        -       0x00000014   Zero   RW          638    .bss.xActiveTimerList2  timers.o
    0x20002f34        -       0x00000014   Zero   RW          570    .bss.xDelayedTaskList1  tasks.o
    0x20002f48        -       0x00000014   Zero   RW          571    .bss.xDelayedTaskList2  tasks.o
    0x20002f5c        -       0x00000004   Zero   RW          273    .bss.xFreeBytesRemaining  heap_4.o
    0x20002f60        -       0x00000004   Zero   RW          566    .bss.xIdleTaskHandle  tasks.o
    0x20002f64        -       0x00000004   Zero   RW          275    .bss.xMinimumEverFreeBytesRemaining  heap_4.o
    0x20002f68        -       0x00000004   Zero   RW          567    .bss.xNextTaskUnblockTime  tasks.o
    0x20002f6c        -       0x00000004   Zero   RW          569    .bss.xNumOfOverflows  tasks.o
    0x20002f70        -       0x00000004   Zero   RW          276    .bss.xNumberOfSuccessfulAllocations  heap_4.o
    0x20002f74        -       0x00000004   Zero   RW          277    .bss.xNumberOfSuccessfulFrees  heap_4.o
    0x20002f78        -       0x00000004   Zero   RW          568    .bss.xPendedTicks   tasks.o
    0x20002f7c        -       0x00000014   Zero   RW          564    .bss.xPendingReadyList  tasks.o
    0x20002f90        -       0x00000004   Zero   RW          557    .bss.xSchedulerRunning  tasks.o
    0x20002f94        -       0x00000008   Zero   RW          274    .bss.xStart         heap_4.o
    0x20002f9c        -       0x00000014   Zero   RW          561    .bss.xSuspendedTaskList  tasks.o
    0x20002fb0        -       0x00000014   Zero   RW          554    .bss.xTasksWaitingTermination  tasks.o
    0x20002fc4        -       0x00000004   Zero   RW          558    .bss.xTickCount     tasks.o
    0x20002fc8        -       0x00000004   Zero   RW          631    .bss.xTimerQueue    timers.o
    0x20002fcc        -       0x00000004   Zero   RW          633    .bss.xTimerTaskHandle  timers.o
    0x20002fd0        -       0x00000004   Zero   RW          563    .bss.xYieldPending  tasks.o
    0x20002fd4   0x080045e8   0x00000004   PAD
    0x20002fd8        -       0x00000200   Zero   RW         1060    HEAP                startup_stm32f10x_md.o
    0x200031d8        -       0x00000400   Zero   RW         1059    STACK               startup_stm32f10x_md.o


==============================================================================

Image component sizes


      Code (inc. data)   RO Data    RW Data    ZI Data      Debug   Object Name

       320          0          0          0          0       1975   chb.o
       402          0         44          0          0       4637   coil.o
       462          0        108          0          0       5215   coil_with_timer.o
        64          0          0          0          0       1816   common.o
       420          0          0          0          0       2655   common_for_tasks.o
       386          0         12          0          0       5615   common_timer.o
       184          0          0         16          0       2174   diag.o
       226          0          0          0          0       2313   gpio_common.o
       880          0          0          0      10268       4068   heap_4.o
       498          0          0          0          0       6326   init.o
       238          0          0          0          0       2050   list.o
      2048          0         45        285       1236      11174   main.o
       788          6          0          0          0       3227   ob.o
       182          0         12          0          0       3605   off_delay.o
       510         12          0          4          0       2489   port.o
       340          0         40          0          0       4378   pulse.o
      1124          0          0          0          0      12159   queue.o
       190          0          0          0          0       2567   rf_impulse.o
       500          0         28          0          0       4936   sequence.o
       396          0         56          0          0       4557   simple_input.o
        64         26        236          0       1536        824   startup_stm32f10x_md.o
       690          0         16          4          0       2944   system_stm32f10x.o
      3694          0          9          0        260      21776   tasks.o
      1148         10          8          0         60       7648   timers.o

    ----------------------------------------------------------------------
     16006         66        648        312      13376     121128   Object Totals
         0          0         32          0          0          0   (incl. Generated)
       252         12          2          3         16          0   (incl. Padding)

    ----------------------------------------------------------------------

      Code (inc. data)   RO Data    RW Data    ZI Data      Debug   Library Member Name

         8          0          0          0          0         68   __main.o
         0          0          0          0          0          0   __rtentry.o
        12          0          0          0          0          0   __rtentry2.o
         6          0          0          0          0          0   __rtentry4.o
        52          8          0          0          0          0   __scatter.o
        26          0          0          0          0          0   __scatter_copy.o
        28          0          0          0          0          0   __scatter_zi.o
        22          0          0          0          0         80   abort.o
        16          0          0          0          0         68   aeabi_memset4.o
        48         34          0          0          0         76   defsig_abrt_inner.o
        14          0          0          0          0         80   defsig_abrt_outer.o
        10          0          0          0          0         68   defsig_exit.o
        50          0          0          0          0         88   defsig_general.o
        18          0          0          0          0         80   exit.o
         6          0          0          0          0        152   heapauxi.o
         0          0          0          0          0          0   indicate_semi.o
        36          8          0          0          0         80   init_aeabi.o
         2          0          0          0          0          0   libinit.o
         6          0          0          0          0          0   libinit2.o
         2          0          0          0          0          0   libshutdown.o
         2          0          0          0          0          0   libshutdown2.o
         8          4          0          0         96         68   libspace.o
        68          0          0          0          0         68   rt_memclr.o
        78          0          0          0          0         80   rt_memclr_w.o
       138          0          0          0          0         68   rt_memcpy_v6.o
       100          0          0          0          0         80   rt_memcpy_w.o
         2          0          0          0          0          0   rtexit.o
        10          0          0          0          0          0   rtexit2.o
        12          4          0          0          0         68   sys_exit.o
        74          0          0          0          0         80   sys_stackheap_outer.o
        14          0          0          0          0         76   sys_wrch.o
         2          0          0          0          0         68   use_no_semi.o
         4          0          0          0          0         36   abort_message.cpp.o
        40         32          0          0          0         52   cxa_virtual.cpp.o

    ----------------------------------------------------------------------
       930         90          0          0         96       1584   Library Totals
        16          0          0          0          0          0   (incl. Padding)

    ----------------------------------------------------------------------

      Code (inc. data)   RO Data    RW Data    ZI Data      Debug   Library Name

       870         58          0          0         96       1496   c_w.l
        44         32          0          0          0         88   libcppabi_w.l

    ----------------------------------------------------------------------
       930         90          0          0         96       1584   Library Totals

    ----------------------------------------------------------------------

==============================================================================


      Code (inc. data)   RO Data    RW Data    ZI Data      Debug   

     16936        156        648        312      13472     121500   Grand Totals
     16936        156        648        312      13472     121500   ELF Image Totals
     16936        156        648        312          0          0   ROM Totals

==============================================================================

    Total RO  Size (Code + RO Data)                17584 (  17.17kB)
    Total RW  Size (RW Data + ZI Data)             13784 (  13.46kB)
    Total ROM Size (Code + RO Data + RW Data)      17896 (  17.48kB)

==============================================================================

