Component: Arm Compiler for Embedded 6.18 Tool: armlink [5e4cc100]

==============================================================================

Section Cross References

    main.o(.ARM.exidx.text.vApplicationIdleHook) refers to main.o(.text.vApplicationIdleHook) for [Anonymous Symbol]
    main.o(.ARM.exidx.text.vApplicationTickHook) refers to main.o(.text.vApplicationTickHook) for [Anonymous Symbol]
    main.o(.ARM.exidx.text.vApplicationMallocFailedHook) refers to main.o(.text.vApplicationMallocFailedHook) for [Anonymous Symbol]
    main.o(.ARM.exidx.text.vApplicationStackOverflowHook) refers to main.o(.text.vApplicationStackOverflowHook) for [Anonymous Symbol]
    main.o(.text.__cxx_global_var_init) refers to main.o(.bss.led) for led
    main.o(.text.__cxx_global_var_init) refers to coil.o(.text._ZN4CoilC2EP12GPIO_TypeDefh) for Coil::Coil(GPIO_TypeDef*, unsigned char)
    main.o(.ARM.exidx.text.__cxx_global_var_init) refers to main.o(.text.__cxx_global_var_init) for [Anonymous Symbol]
    main.o(.text.__cxx_global_var_init.1) refers to main.o(.bss.button) for button
    main.o(.text.__cxx_global_var_init.1) refers to simple_input.o(.text._ZN11SimpleInputC2EP12GPIO_TypeDefh) for SimpleInput::SimpleInput(GPIO_TypeDef*, unsigned char)
    main.o(.ARM.exidx.text.__cxx_global_var_init.1) refers to main.o(.text.__cxx_global_var_init.1) for [Anonymous Symbol]
    main.o(.text.__cxx_global_var_init.2) refers to main.o(.bss.ledSwitch) for ledSwitch
    main.o(.text.__cxx_global_var_init.2) refers to main.o(.text._ZN12ProgrammCoilC2Ev) for ProgrammCoil::ProgrammCoil__sub_object()
    main.o(.ARM.exidx.text.__cxx_global_var_init.2) refers to main.o(.text.__cxx_global_var_init.2) for [Anonymous Symbol]
    main.o(.text.__cxx_global_var_init.3) refers to main.o(.bss.ledDelay) for ledDelay
    main.o(.text.__cxx_global_var_init.3) refers to main.o(.bss.ledSwitch) for ledSwitch
    main.o(.text.__cxx_global_var_init.3) refers to custom_timer.o(.text._ZN7DIDelayC2EP7ISwitcht) for DIDelay::DIDelay(ISwitch*, unsigned short)
    main.o(.ARM.exidx.text.__cxx_global_var_init.3) refers to main.o(.text.__cxx_global_var_init.3) for [Anonymous Symbol]
    main.o(.text.__cxx_global_var_init.4) refers to main.o(.bss.buttonDelay) for buttonDelay
    main.o(.text.__cxx_global_var_init.4) refers to main.o(.bss.button) for button
    main.o(.text.__cxx_global_var_init.4) refers to custom_timer.o(.text._ZN7DIDelayC2EP7ISwitcht) for DIDelay::DIDelay(ISwitch*, unsigned short)
    main.o(.ARM.exidx.text.__cxx_global_var_init.4) refers to main.o(.text.__cxx_global_var_init.4) for [Anonymous Symbol]
    main.o(.text.__cxx_global_var_init.5) refers to main.o(.bss.delay) for delay
    main.o(.text.__cxx_global_var_init.5) refers to custom_timer.o(.text._ZN11CommonDelayC2Et) for CommonDelay::CommonDelay(unsigned short)
    main.o(.ARM.exidx.text.__cxx_global_var_init.5) refers to main.o(.text.__cxx_global_var_init.5) for [Anonymous Symbol]
    main.o(.text.__cxx_global_var_init.6) refers to main.o(.bss.adcMonitor) for adcMonitor
    main.o(.text.__cxx_global_var_init.6) refers to main.o(.bss.adcValues) for adcValues
    main.o(.text.__cxx_global_var_init.6) refers to analog_monitor.o(.text._ZN13AnalogMonitorC2EhPVt) for AnalogMonitor::AnalogMonitor(unsigned char, unsigned short volatile*)
    main.o(.text.__cxx_global_var_init.6) refers to analog_monitor.o(.text._ZN13AnalogMonitorD2Ev) for AnalogMonitor::~AnalogMonitor()
    main.o(.text.__cxx_global_var_init.6) refers to cxa_atexit.o(.text) for __cxa_atexit
    main.o(.ARM.exidx.text.__cxx_global_var_init.6) refers to main.o(.text.__cxx_global_var_init.6) for [Anonymous Symbol]
    main.o(.text.__cxx_global_var_init.7) refers to main.o(.bss.analogOut) for analogOut
    main.o(.text.__cxx_global_var_init.7) refers to analog_out.o(.text._ZN9AnalogOutC2EPVttjb) for AnalogOut::AnalogOut(unsigned short volatile*, unsigned short, unsigned int, bool)
    main.o(.ARM.exidx.text.__cxx_global_var_init.7) refers to main.o(.text.__cxx_global_var_init.7) for [Anonymous Symbol]
    main.o(.text.main) refers to main.o(.bss.adcMonitor) for adcMonitor
    main.o(.text.main) refers to analog_monitor.o(.text._ZN13AnalogMonitor13setTresDelaysE9TRES_TYPEt) for AnalogMonitor::setTresDelays(TRES_TYPE, unsigned short)
    main.o(.text.main) refers to init.o(.text._Z7rccInitv) for rccInit()
    main.o(.text.main) refers to init.o(.text._Z8tickInitv) for tickInit()
    main.o(.text.main) refers to init.o(.text._Z10commonInitv) for commonInit()
    main.o(.text.main) refers to init.o(.text._Z7adcInitv) for adcInit()
    main.o(.text.main) refers to init.o(.text._Z7pwmInitv) for pwmInit()
    main.o(.text.main) refers to main.o(.bss.ledSwitch) for ledSwitch
    main.o(.text.main) refers to coil.o(.text._ZN12ProgrammCoilaSEb) for ProgrammCoil::operator=(bool)
    main.o(.text.main) refers to led_task.o(.text._Z7ledTaskPv) for ledTask(void*)
    main.o(.text.main) refers to main.o(.rodata.str1.1) for .L.str
[...]
    [Anonymous Symbol]                       0x200029b8   Section        0  tasks.o(.bss.uxTaskNumber)
    uxTopReadyPriority                       0x200029bc   Data           4  tasks.o(.bss.uxTopReadyPriority)
    [Anonymous Symbol]                       0x200029bc   Section        0  tasks.o(.bss.uxTopReadyPriority)
    xActiveTimerList1                        0x200029c0   Data          20  timers.o(.bss.xActiveTimerList1)
    [Anonymous Symbol]                       0x200029c0   Section        0  timers.o(.bss.xActiveTimerList1)
    xActiveTimerList2                        0x200029d4   Data          20  timers.o(.bss.xActiveTimerList2)
    [Anonymous Symbol]                       0x200029d4   Section        0  timers.o(.bss.xActiveTimerList2)
    xDelayedTaskList1                        0x200029e8   Data          20  tasks.o(.bss.xDelayedTaskList1)
    [Anonymous Symbol]                       0x200029e8   Section        0  tasks.o(.bss.xDelayedTaskList1)
    xDelayedTaskList2                        0x200029fc   Data          20  tasks.o(.bss.xDelayedTaskList2)
    [Anonymous Symbol]                       0x200029fc   Section        0  tasks.o(.bss.xDelayedTaskList2)
    xFreeBytesRemaining                      0x20002a10   Data           4  heap_4.o(.bss.xFreeBytesRemaining)
    [Anonymous Symbol]                       0x20002a10   Section        0  heap_4.o(.bss.xFreeBytesRemaining)
    xIdleTaskHandle                          0x20002a14   Data           4  tasks.o(.bss.xIdleTaskHandle)
    [Anonymous Symbol]                       0x20002a14   Section        0  tasks.o(.bss.xIdleTaskHandle)
    xMinimumEverFreeBytesRemaining           0x20002a18   Data           4  heap_4.o(.bss.xMinimumEverFreeBytesRemaining)
    [Anonymous Symbol]                       0x20002a18   Section        0  heap_4.o(.bss.xMinimumEverFreeBytesRemaining)
    xNextTaskUnblockTime                     0x20002a1c   Data           4  tasks.o(.bss.xNextTaskUnblockTime)
    [Anonymous Symbol]                       0x20002a1c   Section        0  tasks.o(.bss.xNextTaskUnblockTime)
    xNumOfOverflows                          0x20002a20   Data           4  tasks.o(.bss.xNumOfOverflows)
    [Anonymous Symbol]                       0x20002a20   Section        0  tasks.o(.bss.xNumOfOverflows)
    xNumberOfSuccessfulAllocations           0x20002a24   Data           4  heap_4.o(.bss.xNumberOfSuccessfulAllocations)
    [Anonymous Symbol]                       0x20002a24   Section        0  heap_4.o(.bss.xNumberOfSuccessfulAllocations)
    xNumberOfSuccessfulFrees                 0x20002a28   Data           4  heap_4.o(.bss.xNumberOfSuccessfulFrees)
    [Anonymous Symbol]                       0x20002a28   Section        0  heap_4.o(.bss.xNumberOfSuccessfulFrees)
    xPendedTicks                             0x20002a2c   Data           4  tasks.o(.bss.xPendedTicks)
    [Anonymous Symbol]                       0x20002a2c   Section        0  tasks.o(.bss.xPendedTicks)
    xPendingReadyList                        0x20002a30   Data          20  tasks.o(.bss.xPendingReadyList)
    [Anonymous Symbol]                       0x20002a30   Section        0  tasks.o(.bss.xPendingReadyList)
    xSchedulerRunning                        0x20002a44   Data           4  tasks.o(.bss.xSchedulerRunning)
    [Anonymous Symbol]                       0x20002a44   Section        0  tasks.o(.bss.xSchedulerRunning)
    xStart                                   0x20002a48   Data           8  heap_4.o(.bss.xStart)
    [Anonymous Symbol]                       0x20002a48   Section        0  heap_4.o(.bss.xStart)
    xSuspendedTaskList                       0x20002a50   Data          20  tasks.o(.bss.xSuspendedTaskList)
    [Anonymous Symbol]                       0x20002a50   Section        0  tasks.o(.bss.xSuspendedTaskList)
    xTasksWaitingTermination                 0x20002a64   Data          20  tasks.o(.bss.xTasksWaitingTermination)
    [Anonymous Symbol]                       0x20002a64   Section        0  tasks.o(.bss.xTasksWaitingTermination)
    xTickCount                               0x20002a78   Data           4  tasks.o(.bss.xTickCount)
    [Anonymous Symbol]                       0x20002a78   Section        0  tasks.o(.bss.xTickCount)
    xTimerQueue                              0x20002a7c   Data           4  timers.o(.bss.xTimerQueue)
    [Anonymous Symbol]                       0x20002a7c   Section        0  timers.o(.bss.xTimerQueue)
    xTimerTaskHandle                         0x20002a80   Data           4  timers.o(.bss.xTimerTaskHandle)
    [Anonymous Symbol]                       0x20002a80   Section        0  timers.o(.bss.xTimerTaskHandle)
    xYieldPending                            0x20002a84   Data           4  tasks.o(.bss.xYieldPending)
    [Anonymous Symbol]                       0x20002a84   Section        0  tasks.o(.bss.xYieldPending)
    Heap_Mem                                 0x20002a88   Data         512  startup_stm32f10x_md.o(HEAP)
    HEAP                                     0x20002a88   Section      512  startup_stm32f10x_md.o(HEAP)
    Stack_Mem                                0x20002c88   Data        1024  startup_stm32f10x_md.o(STACK)
    STACK                                    0x20002c88   Section     1024  startup_stm32f10x_md.o(STACK)
    __initial_sp                             0x20003088   Data           0  startup_stm32f10x_md.o(STACK)

    Global Symbols

    Symbol Name                              Value     Ov Type        Size  Object(Section)

    BuildAttributes$$THM_ISAv4$P$D$K$B$S$PE$A:L22UL41UL21$X:L11$S22US41US21$IEEE1$IW$~IW$USESV6$~STKCKD$USESV7$~SHL$OTIME$ROPI$EBA8$UX$STANDARDLIB$REQ8$PRES8$EABIv2 0x00000000   Number         0  anon$$obj.o ABSOLUTE
    __fp_init_empty                          0x00000000   Number         0  fpinit_empty.o ABSOLUTE
    __ARM_exceptions_init                     - Undefined Weak Reference
    __alloca_initialize                       - Undefined Weak Reference
    __arm_preinit_                            - Undefined Weak Reference
    __arm_relocate_pie_                       - Undefined Weak Reference
    __rt_locale                               - Undefined Weak Reference
    __sigvec_lookup                           - Undefined Weak Reference
    __user_heap_extent                        - Undefined Weak Reference
    _atexit_init                              - Undefined Weak Reference
    _call_atexit_fns                          - Undefined Weak Reference
    _clock_init                               - Undefined Weak Reference
    _fp_trap_init                             - Undefined Weak Reference
    _fp_trap_shutdown                         - Undefined Weak Reference
    _get_lc_collate                           - Undefined Weak Reference
    _get_lc_ctype                             - Undefined Weak Reference
    _get_lc_monetary                          - Undefined Weak Reference
    _get_lc_numeric                           - Undefined Weak Reference
    _get_lc_time                              - Undefined Weak Reference
    _getenv_init                              - Undefined Weak Reference
    _handle_redirection                       - Undefined Weak Reference
    _initio                                   - Undefined Weak Reference
    _mutex_acquire                            - Undefined Weak Reference
    _mutex_free                               - Undefined Weak Reference
    _mutex_release                            - Undefined Weak Reference
    _rand_init                                - Undefined Weak Reference
    _signal_finish                            - Undefined Weak Reference
    _signal_init                              - Undefined Weak Reference
    _terminateio                              - Undefined Weak Reference
    __Vectors_Size                           0x000000ec   Number         0  startup_stm32f10x_md.o ABSOLUTE
    __Vectors                                0x08000000   Data           4  startup_stm32f10x_md.o(RESET)
    __dso_handle                             0x08000000   Number         0  startup_stm32f10x_md.o(RESET)
    __Vectors_End                            0x080000ec   Data           0  startup_stm32f10x_md.o(RESET)
    __main                                   0x080000ed   Thumb Code     8  __main.o(!!!main)
    __scatterload                            0x080000f5   Thumb Code     0  __scatter.o(!!!scatter)
    __scatterload_rt2                        0x080000f5   Thumb Code    44  __scatter.o(!!!scatter)
    __scatterload_rt2_thumb_only             0x080000f5   Thumb Code     0  __scatter.o(!!!scatter)
    __scatterload_null                       0x08000103   Thumb Code     0  __scatter.o(!!!scatter)
    __scatterload_copy                       0x08000129   Thumb Code    26  __scatter_copy.o(!!handler_copy)
    __scatterload_zeroinit                   0x08000145   Thumb Code    28  __scatter_zi.o(!!handler_zi)
    __rt_lib_init                            0x08000161   Thumb Code     0  libinit.o(.ARM.Collect$$libinit$$00000000)
    __rt_lib_init_fp_1                       0x08000163   Thumb Code     0  libinit2.o(.ARM.Collect$$libinit$$00000002)
    __rt_lib_init_heap_2                     0x08000163   Thumb Code     0  libinit2.o(.ARM.Collect$$libinit$$00000007)
    __rt_lib_init_preinit_1                  0x08000163   Thumb Code     0  libinit2.o(.ARM.Collect$$libinit$$00000006)
    __rt_lib_init_relocate_pie_1             0x08000163   Thumb Code     0  libinit2.o(.ARM.Collect$$libinit$$00000004)
    __rt_lib_init_alloca_1                   0x0800016b   Thumb Code     0  libinit2.o(.ARM.Collect$$libinit$$00000030)
    __rt_lib_init_argv_1                     0x0800016b   Thumb Code     0  libinit2.o(.ARM.Collect$$libinit$$0000002E)
    __rt_lib_init_atexit_1                   0x0800016b   Thumb Code     0  libinit2.o(.ARM.Collect$$libinit$$0000001D)
    __rt_lib_init_clock_1                    0x0800016b   Thumb Code     0  libinit2.o(.ARM.Collect$$libinit$$00000023)
    __rt_lib_init_cpp_2                      0x0800016b   Thumb Code     0  libinit2.o(.ARM.Collect$$libinit$$00000033)
    __rt_lib_init_exceptions_1               0x0800016b   Thumb Code     0  libinit2.o(.ARM.Collect$$libinit$$00000032)
    __rt_lib_init_fp_trap_1                  0x0800016b   Thumb Code     0  libinit2.o(.ARM.Collect$$libinit$$00000021)
    __rt_lib_init_getenv_1                   0x0800016b   Thumb Code     0  libinit2.o(.ARM.Collect$$libinit$$00000025)
    __rt_lib_init_heap_1                     0x0800016b   Thumb Code     0  libinit2.o(.ARM.Collect$$libinit$$0000000C)
    __rt_lib_init_lc_collate_1               0x0800016b   Thumb Code     0  libinit2.o(.ARM.Collect$$libinit$$00000013)
    __rt_lib_init_lc_ctype_1                 0x0800016b   Thumb Code     0  libinit2.o(.ARM.Collect$$libinit$$00000015)
    __rt_lib_init_lc_monetary_1              0x0800016b   Thumb Code     0  libinit2.o(.ARM.Collect$$libinit$$00000017)
    __rt_lib_init_lc_numeric_1               0x0800016b   Thumb Code     0  libinit2.o(.ARM.Collect$$libinit$$00000019)
    __rt_lib_init_lc_time_1                  0x0800016b   Thumb Code     0  libinit2.o(.ARM.Collect$$libinit$$0000001B)
    __rt_lib_init_rand_1                     0x0800016b   Thumb Code     0  libinit2.o(.ARM.Collect$$libinit$$00000010)
    __rt_lib_init_signal_1                   0x0800016b   Thumb Code     0  libinit2.o(.ARM.Collect$$libinit$$0000001F)
    __rt_lib_init_stdio_1                    0x0800016b   Thumb Code     0  libinit2.o(.ARM.Collect$$libinit$$00000027)
    __rt_lib_init_user_alloc_1               0x0800016b   Thumb Code     0  libinit2.o(.ARM.Collect$$libinit$$0000000E)
    __rt_lib_init_cpp_1                      0x0800016f   Thumb Code     0  libinit2.o(.ARM.Collect$$libinit$$00000034)
    __rt_lib_init_return                     0x0800016f   Thumb Code     0  libinit2.o(.ARM.Collect$$libinit$$00000035)
    __rt_lib_shutdown                        0x08000171   Thumb Code     0  libshutdown.o(.ARM.Collect$$libshutdown$$00000000)
    __rt_lib_shutdown_cpp_2                  0x08000173   Thumb Code     0  libshutdown2.o(.ARM.Collect$$libshutdown$$00000001)
    __rt_lib_shutdown_cpp_1                  0x08000179   Thumb Code     0  libshutdown2.o(.ARM.Collect$$libshutdown$$00000002)
    __rt_lib_shutdown_fp_trap_1              0x08000179   Thumb Code     0  libshutdown2.o(.ARM.Collect$$libshutdown$$00000007)
    __rt_lib_shutdown_heap_1                 0x08000179   Thumb Code     0  libshutdown2.o(.ARM.Collect$$libshutdown$$0000000F)
    __rt_lib_shutdown_return                 0x08000179   Thumb Code     0  libshutdown2.o(.ARM.Collect$$libshutdown$$00000010)
    __rt_lib_shutdown_signal_1               0x08000179   Thumb Code     0  libshutdown2.o(.ARM.Collect$$libshutdown$$0000000A)
    __rt_lib_shutdown_stdio_1                0x08000179   Thumb Code     0  libshutdown2.o(.ARM.Collect$$libshutdown$$00000004)
    __rt_lib_shutdown_user_alloc_1           0x08000179   Thumb Code     0  libshutdown2.o(.ARM.Collect$$libshutdown$$0000000C)
    __rt_entry                               0x0800017b   Thumb Code     0  __rtentry.o(.ARM.Collect$$rtentry$$00000000)
    __rt_entry_presh_1                       0x0800017b   Thumb Code     0  __rtentry2.o(.ARM.Collect$$rtentry$$00000002)
    __rt_entry_sh                            0x0800017b   Thumb Code     0  __rtentry4.o(.ARM.Collect$$rtentry$$00000004)
    __rt_entry_li                            0x08000181   Thumb Code     0  __rtentry2.o(.ARM.Collect$$rtentry$$0000000A)
    __rt_entry_postsh_1                      0x08000181   Thumb Code     0  __rtentry2.o(.ARM.Collect$$rtentry$$00000009)
    __rt_entry_main                          0x08000185   Thumb Code     0  __rtentry2.o(.ARM.Collect$$rtentry$$0000000D)
    __rt_entry_postli_1                      0x08000185   Thumb Code     0  __rtentry2.o(.ARM.Collect$$rtentry$$0000000C)
    __rt_exit                                0x0800018d   Thumb Code     0  rtexit.o(.ARM.Collect$$rtexit$$00000000)
    __rt_exit_ls                             0x0800018f   Thumb Code     0  rtexit2.o(.ARM.Collect$$rtexit$$00000003)
    __rt_exit_prels_1                        0x0800018f   Thumb Code     0  rtexit2.o(.ARM.Collect$$rtexit$$00000002)
    __rt_exit_exit                           0x08000193   Thumb Code     0  rtexit2.o(.ARM.Collect$$rtexit$$00000004)
    Reset_Handler                            0x08000199   Thumb Code     8  startup_stm32f10x_md.o(.text)
    NMI_Handler                              0x080001a1   Thumb Code     2  startup_stm32f10x_md.o(.text)
    HardFault_Handler                        0x080001a3   Thumb Code     2  startup_stm32f10x_md.o(.text)
    MemManage_Handler                        0x080001a5   Thumb Code     2  startup_stm32f10x_md.o(.text)
    BusFault_Handler                         0x080001a7   Thumb Code     2  startup_stm32f10x_md.o(.text)
    UsageFault_Handler                       0x080001a9   Thumb Code     2  startup_stm32f10x_md.o(.text)
    DebugMon_Handler                         0x080001ad   Thumb Code     2  startup_stm32f10x_md.o(.text)
    ADC1_2_IRQHandler                        0x080001b3   Thumb Code     0  startup_stm32f10x_md.o(.text)
    CAN1_RX1_IRQHandler                      0x080001b3   Thumb Code     0  startup_stm32f10x_md.o(.text)
    CAN1_SCE_IRQHandler                      0x080001b3   Thumb Code     0  startup_stm32f10x_md.o(.text)
    DMA1_Channel1_IRQHandler                 0x080001b3   Thumb Code     0  startup_stm32f10x_md.o(.text)
    DMA1_Channel2_IRQHandler                 0x080001b3   Thumb Code     0  startup_stm32f10x_md.o(.text)
    DMA1_Channel3_IRQHandler                 0x080001b3   Thumb Code     0  startup_stm32f10x_md.o(.text)
    DMA1_Channel4_IRQHandler                 0x080001b3   Thumb Code     0  startup_stm32f10x_md.o(.text)
    DMA1_Channel5_IRQHandler                 0x080001b3   Thumb Code     0  startup_stm32f10x_md.o(.text)
    DMA1_Channel6_IRQHandler                 0x080001b3   Thumb Code     0  startup_stm32f10x_md.o(.text)
    DMA1_Channel7_IRQHandler                 0x080001b3   Thumb Code     0  startup_stm32f10x_md.o(.text)
    EXTI0_IRQHandler                         0x080001b3   Thumb Code     0  startup_stm32f10x_md.o(.text)
    EXTI15_10_IRQHandler                     0x080001b3   Thumb Code     0  startup_stm32f10x_md.o(.text)
    EXTI1_IRQHandler                         0x080001b3   Thumb Code     0  startup_stm32f10x_md.o(.text)
    EXTI2_IRQHandler                         0x080001b3   Thumb Code     0  startup_stm32f10x_md.o(.text)
    EXTI3_IRQHandler                         0x080001b3   Thumb Code     0  startup_stm32f10x_md.o(.text)
    EXTI4_IRQHandler                         0x080001b3   Thumb Code     0  startup_stm32f10x_md.o(.text)
    EXTI9_5_IRQHandler                       0x080001b3   Thumb Code     0  startup_stm32f10x_md.o(.text)
    FLASH_IRQHandler                         0x080001b3   Thumb Code     0  startup_stm32f10x_md.o(.text)
    I2C1_ER_IRQHandler                       0x080001b3   Thumb Code     0  startup_stm32f10x_md.o(.text)
    I2C1_EV_IRQHandler                       0x080001b3   Thumb Code     0  startup_stm32f10x_md.o(.text)
    I2C2_ER_IRQHandler                       0x080001b3   Thumb Code     0  startup_stm32f10x_md.o(.text)
    I2C2_EV_IRQHandler                       0x080001b3   Thumb Code     0  startup_stm32f10x_md.o(.text)
    PVD_IRQHandler                           0x080001b3   Thumb Code     0  startup_stm32f10x_md.o(.text)
    RCC_IRQHandler                           0x080001b3   Thumb Code     0  startup_stm32f10x_md.o(.text)
    RTCAlarm_IRQHandler                      0x080001b3   Thumb Code     0  startup_stm32f10x_md.o(.text)
    RTC_IRQHandler                           0x080001b3   Thumb Code     0  startup_stm32f10x_md.o(.text)
    SPI1_IRQHandler                          0x080001b3   Thumb Code     0  startup_stm32f10x_md.o(.text)
    SPI2_IRQHandler                          0x080001b3   Thumb Code     0  startup_stm32f10x_md.o(.text)
    TAMPER_IRQHandler                        0x080001b3   Thumb Code     0  startup_stm32f10x_md.o(.text)
    TIM1_BRK_IRQHandler                      0x080001b3   Thumb Code     0  startup_stm32f10x_md.o(.text)
    TIM1_CC_IRQHandler                       0x080001b3   Thumb Code     0  startup_stm32f10x_md.o(.text)
    TIM1_TRG_COM_IRQHandler                  0x080001b3   Thumb Code     0  startup_stm32f10x_md.o(.text)
    TIM1_UP_IRQHandler                       0x080001b3   Thumb Code     0  startup_stm32f10x_md.o(.text)
    TIM3_IRQHandler                          0x080001b3   Thumb Code     0  startup_stm32f10x_md.o(.text)
    TIM4_IRQHandler                          0x080001b3   Thumb Code     0  startup_stm32f10x_md.o(.text)
    USART1_IRQHandler                        0x080001b3   Thumb Code     0  startup_stm32f10x_md.o(.text)
    USART2_IRQHandler                        0x080001b3   Thumb Code     0  startup_stm32f10x_md.o(.text)
    USART3_IRQHandler                        0x080001b3   Thumb Code     0  startup_stm32f10x_md.o(.text)
    USBWakeUp_IRQHandler                     0x080001b3   Thumb Code     0  startup_stm32f10x_md.o(.text)
    USB_HP_CAN1_TX_IRQHandler                0x080001b3   Thumb Code     0  startup_stm32f10x_md.o(.text)
    USB_LP_CAN1_RX0_IRQHandler               0x080001b3   Thumb Code     0  startup_stm32f10x_md.o(.text)
    WWDG_IRQHandler                          0x080001b3   Thumb Code     0  startup_stm32f10x_md.o(.text)
    __user_initial_stackheap                 0x080001b5   Thumb Code     0  startup_stm32f10x_md.o(.text)
    __cxa_atexit                             0x080001d9   Thumb Code    10  cxa_atexit.o(.text)
    __aeabi_memcpy                           0x080001e3   Thumb Code     0  rt_memcpy_v6.o(.text)
    __rt_memcpy                              0x080001e3   Thumb Code   138  rt_memcpy_v6.o(.text)
    _memcpy_lastbytes                        0x08000249   Thumb Code     0  rt_memcpy_v6.o(.text)
    __aeabi_memset4                          0x0800026d   Thumb Code    16  aeabi_memset4.o(.text)
    __aeabi_memset8                          0x0800026d   Thumb Code     0  aeabi_memset4.o(.text)
    __aeabi_memclr                           0x0800027d   Thumb Code     0  rt_memclr.o(.text)
    __rt_memclr                              0x0800027d   Thumb Code     0  rt_memclr.o(.text)
    _memset                                  0x08000281   Thumb Code    64  rt_memclr.o(.text)
    __aeabi_memclr4                          0x080002c1   Thumb Code     0  rt_memclr_w.o(.text)
    __aeabi_memclr8                          0x080002c1   Thumb Code     0  rt_memclr_w.o(.text)
    __rt_memclr_w                            0x080002c1   Thumb Code     0  rt_memclr_w.o(.text)
    _memset_w                                0x080002c5   Thumb Code    74  rt_memclr_w.o(.text)
    __use_two_region_memory                  0x0800030f   Thumb Code     2  heapauxi.o(.text)
    __rt_heap_escrow                         0x08000311   Thumb Code     2  heapauxi.o(.text)
    __rt_heap_expand                         0x08000313   Thumb Code     2  heapauxi.o(.text)
    __cpp_initialize__aeabi_                 0x08000315   Thumb Code    28  init_aeabi.o(.text)
    malloc                                   0x08000339   Thumb Code    94  h1_alloc.o(.text)
    free                                     0x08000397   Thumb Code    78  h1_free.o(.text)
    abort                                    0x080003e5   Thumb Code    22  abort.o(.text)
    __aeabi_atexit                           0x080003fb   Thumb Code    46  aeabi_atexit.o(.text)
    __aeabi_memcpy4                          0x08000429   Thumb Code     0  rt_memcpy_w.o(.text)
    __aeabi_memcpy8                          0x08000429   Thumb Code     0  rt_memcpy_w.o(.text)
    __rt_memcpy_w                            0x08000429   Thumb Code   100  rt_memcpy_w.o(.text)
    _memcpy_lastbytes_aligned                0x08000471   Thumb Code     0  rt_memcpy_w.o(.text)
    _sys_exit                                0x0800048d   Thumb Code     8  sys_exit.o(.text)
    __rt_heap_descriptor                     0x08000499   Thumb Code     8  rt_heap_descriptor_intlibspace.o(.text)
    __rt_ddtor_pointer_addr                  0x080004a1   Thumb Code     8  rt_ddtor_pointer_addr_intlibspace.o(.text)
    __use_no_heap                            0x080004a9   Thumb Code     2  hguard.o(.text)
    __heap$guard                             0x080004ab   Thumb Code     2  hguard.o(.text)
    _terminate_user_alloc                    0x080004ad   Thumb Code     2  init_alloc.o(.text)
    _init_user_alloc                         0x080004af   Thumb Code     2  init_alloc.o(.text)
    __Heap_Full                              0x080004b1   Thumb Code    34  init_alloc.o(.text)
    __Heap_Broken                            0x080004d3   Thumb Code     6  init_alloc.o(.text)
    _init_alloc                              0x080004d9   Thumb Code    94  init_alloc.o(.text)
    __Heap_Initialize                        0x08000537   Thumb Code    10  h1_init.o(.text)
    __Heap_DescSize                          0x08000541   Thumb Code     4  h1_init.o(.text)
    __cxa_finalize                           0x08000545   Thumb Code    66  cxa_finalize.o(.text)
    __rt_SIGABRT                             0x08000587   Thumb Code    14  defsig_abrt_outer.o(.text)
    __user_libspace                          0x08000595   Thumb Code     8  libspace.o(.text)
    __user_perproc_libspace                  0x08000595   Thumb Code     0  libspace.o(.text)
    __user_perthread_libspace                0x08000595   Thumb Code     0  libspace.o(.text)
    __I$use$semihosting                      0x0800059d   Thumb Code     0  use_no_semi.o(.text)
    __use_no_semihosting_swi                 0x0800059d   Thumb Code     2  use_no_semi.o(.text)
    __semihosting_library_function           0x0800059f   Thumb Code     0  indicate_semi.o(.text)
    __user_setup_stackheap                   0x0800059f   Thumb Code    74  sys_stackheap_outer.o(.text)
    __Heap_ProvideMemory                     0x080005e9   Thumb Code    52  h1_extend.o(.text)
    _maybe_terminate_alloc                   0x080005e9   Thumb Code     0  maybetermalloc1.o(.text)
    exit                                     0x0800061d   Thumb Code    18  exit.o(.text)
    __sig_exit                               0x0800062f   Thumb Code    10  defsig_exit.o(.text)
    __rt_SIGABRT_inner                       0x08000639   Thumb Code    14  defsig_abrt_inner.o(.text)
    __rt_SIGRTMEM                            0x08000669   Thumb Code    14  defsig_rtmem_outer.o(.text)
    __default_signal_display                 0x08000677   Thumb Code    50  defsig_general.o(.text)
    __rt_SIGRTMEM_inner                      0x080006a9   Thumb Code    22  defsig_rtmem_inner.o(.text)
    _ttywrch                                 0x080006f9   Thumb Code    14  sys_wrch.o(.text)
    PendSV_Handler                           0x08000711   Thumb Code    68  port.o(.text.PendSV_Handler)
    SVC_Handler                              0x08000761   Thumb Code    36  port.o(.text.SVC_Handler)
    SysTick_Handler                          0x080008b1   Thumb Code    60  port.o(.text.SysTick_Handler)
    SystemCoreClockUpdate                    0x080008ed   Thumb Code   290  system_stm32f10x.o(.text.SystemCoreClockUpdate)
    SystemInit                               0x08000a11   Thumb Code   102  system_stm32f10x.o(.text.SystemInit)
    TIM2_IRQHandler                          0x08000a79   Thumb Code    76  main.o(.text.TIM2_IRQHandler)
    commonInit()                             0x08000ae9   Thumb Code    14  init.o(.text._Z10commonInitv)
    getPosition(unsigned int)                0x08000af9   Thumb Code    64  common.o(.text._Z11getPositionj)
    void setRegister<unsigned int volatile>(unsigned int volatile*, unsigned int, unsigned int) 0x08000b39   Thumb Code    32  simple_input.o(.text._Z11setRegisterIVjEvPT_jj)
    void setBitsInRegister<unsigned int volatile>(unsigned int volatile*, unsigned int, unsigned int) 0x08000b59   Thumb Code    68  init.o(.text._Z17setBitsInRegisterIVjEvPT_jj)
    void setBitsInRegister<unsigned short volatile>(unsigned short volatile*, unsigned int, unsigned int) 0x08000b9d   Thumb Code    68  init.o(.text._Z17setBitsInRegisterIVtEvPT_jj)
    float limit<float>(float, float, float)  0x08000be1   Thumb Code    54  analog_out.o(.text._Z5limitIfET_S0_S0_S0_)
    adcInit()                                0x08000c19   Thumb Code   344  init.o(.text._Z7adcInitv)
    ledTask(void*)                           0x08000d71   Thumb Code   216  led_task.o(.text._Z7ledTaskPv)
    pwmInit()                                0x08000e49   Thumb Code   170  init.o(.text._Z7pwmInitv)
    rccInit()                                0x08000ef5   Thumb Code   206  init.o(.text._Z7rccInitv)
    tickInit()                               0x08000fc5   Thumb Code    88  init.o(.text._Z8tickInitv)
    GPIOcommon::GPIOcommon(GPIO_TypeDef*, unsigned char) 0x080010cd   Thumb Code   226  gpio_common.o(.text._ZN10GPIOcommonC2EP12GPIO_TypeDefh)
    GPIOcommon::GPIOcommon__sub_object(GPIO_TypeDef*, unsigned char) 0x080010cd   Thumb Code   226  gpio_common.o(.text._ZN10GPIOcommonC2EP12GPIO_TypeDefh)
    CommonDelay::notFinished()               0x080011b1   Thumb Code    22  custom_timer.o(.text._ZN11CommonDelay11notFinishedEv)
    CommonDelay::finishedImpulse()           0x080011c9   Thumb Code    76  custom_timer.o(.text._ZN11CommonDelay15finishedImpulseEv)
    CommonDelay::prepareAndStart()           0x08001215   Thumb Code    24  custom_timer.o(.text._ZN11CommonDelay15prepareAndStartEv)
    CommonDelay::stop()                      0x0800122d   Thumb Code    20  custom_timer.o(.text._ZN11CommonDelay4stopEv)
    CommonDelay::reset()                     0x08001241   Thumb Code    16  custom_timer.o(.text._ZN11CommonDelay5resetEv)
    CommonDelay::start()                     0x08001251   Thumb Code    14  custom_timer.o(.text._ZN11CommonDelay5startEv)
    CommonDelay::update()                    0x08001261   Thumb Code    72  custom_timer.o(.text._ZN11CommonDelay6updateEv)
    CommonDelay::started()                   0x080012a9   Thumb Code    16  custom_timer.o(.text._ZN11CommonDelay7startedEv)
    CommonDelay::finished()                  0x080012b9   Thumb Code    22  custom_timer.o(.text._ZN11CommonDelay8finishedEv)
    CommonDelay::setStart(bool)              0x080012d1   Thumb Code    44  custom_timer.o(.text._ZN11CommonDelay8setStartEb)
    CommonDelay::setPeriod(unsigned short)   0x080012fd   Thumb Code    20  custom_timer.o(.text._ZN11CommonDelay9setPeriodEt)
    CommonDelay::CommonDelay(unsigned short) 0x08001311   Thumb Code    42  custom_timer.o(.text._ZN11CommonDelayC2Et)
    CommonDelay::CommonDelay__sub_object(unsigned short) 0x08001311   Thumb Code    42  custom_timer.o(.text._ZN11CommonDelayC2Et)
    CommonDelay::operator=(bool)             0x0800133d   Thumb Code    32  custom_timer.o(.text._ZN11CommonDelayaSEb)
    SimpleInput::isActive()                  0x0800135d   Thumb Code    24  simple_input.o(.text._ZN11SimpleInput8isActiveEv)
    SimpleInput::SimpleInput(GPIO_TypeDef*, unsigned char) 0x08001375   Thumb Code   146  simple_input.o(.text._ZN11SimpleInputC2EP12GPIO_TypeDefh)
    SimpleInput::SimpleInput__sub_object(GPIO_TypeDef*, unsigned char) 0x08001375   Thumb Code   146  simple_input.o(.text._ZN11SimpleInputC2EP12GPIO_TypeDefh)
    ProgrammCoil::toggle()                   0x08001409   Thumb Code    34  coil.o(.text._ZN12ProgrammCoil6toggleEv)
    ProgrammCoil::isActive()                 0x0800142d   Thumb Code    16  coil.o(.text._ZN12ProgrammCoil8isActiveEv)
    ProgrammCoil::setValue(bool)             0x0800143d   Thumb Code    24  coil.o(.text._ZN12ProgrammCoil8setValueEb)
    ProgrammCoil::ProgrammCoil__sub_object() 0x08001455   Thumb Code    32  main.o(.text._ZN12ProgrammCoilC2Ev)
    ProgrammCoil::operator=(bool)            0x08001475   Thumb Code    34  coil.o(.text._ZN12ProgrammCoilaSEb)
    AnalogMonitor::isHighWarn()              0x08001499   Thumb Code    18  analog_monitor.o(.text._ZN13AnalogMonitor10isHighWarnEv)
    AnalogMonitor::isLowAlarm()              0x080014ad   Thumb Code    18  analog_monitor.o(.text._ZN13AnalogMonitor10isLowAlarmEv)
    AnalogMonitor::isHighAlarm()             0x080014c1   Thumb Code    18  analog_monitor.o(.text._ZN13AnalogMonitor11isHighAlarmEv)
    AnalogMonitor::setTresDelays(TRES_TYPE, unsigned short) 0x080014d5   Thumb Code    38  analog_monitor.o(.text._ZN13AnalogMonitor13setTresDelaysE9TRES_TYPEt)
    AnalogMonitor::update()                  0x080014fd   Thumb Code   358  analog_monitor.o(.text._ZN13AnalogMonitor6updateEv)
    unsigned short volatile AnalogMonitor::getRange<unsigned short volatile>(unsigned short volatile const*) 0x08001665   Thumb Code    22  analog_monitor.o(.text._ZN13AnalogMonitor8getRangeIVtEET_PKS2_)
    float AnalogMonitor::getRange<float>(float const*) 0x0800167d   Thumb Code    22  analog_monitor.o(.text._ZN13AnalogMonitor8getRangeIfEET_PKS1_)
    AnalogMonitor::getValue()                0x08001695   Thumb Code    12  analog_monitor.o(.text._ZN13AnalogMonitor8getValueEv)
    AnalogMonitor::isLowWarn()               0x080016a1   Thumb Code    18  analog_monitor.o(.text._ZN13AnalogMonitor9isLowWarnEv)
    AnalogMonitor::AnalogMonitor(unsigned char, unsigned short volatile*) 0x080016b5   Thumb Code   220  analog_monitor.o(.text._ZN13AnalogMonitorC2EhPVt)
    AnalogMonitor::AnalogMonitor__sub_object(unsigned char, unsigned short volatile*) 0x080016b5   Thumb Code   220  analog_monitor.o(.text._ZN13AnalogMonitorC2EhPVt)
    AnalogMonitor::~AnalogMonitor()          0x08001791   Thumb Code    80  analog_monitor.o(.text._ZN13AnalogMonitorD2Ev)
    AnalogMonitor::~AnalogMonitor__sub_object() 0x08001791   Thumb Code    80  analog_monitor.o(.text._ZN13AnalogMonitorD2Ev)
    Coil::isActive()                         0x080017e1   Thumb Code    22  coil.o(.text._ZN4Coil8isActiveEv)
    Coil::setValue(bool)                     0x080017f9   Thumb Code    66  coil.o(.text._ZN4Coil8setValueEb)
    Coil::Coil(GPIO_TypeDef*, unsigned char) 0x0800183d   Thumb Code   116  coil.o(.text._ZN4CoilC2EP12GPIO_TypeDefh)
    Coil::Coil__sub_object(GPIO_TypeDef*, unsigned char) 0x0800183d   Thumb Code   116  coil.o(.text._ZN4CoilC2EP12GPIO_TypeDefh)
    Coil::operator=(bool)                    0x080018b1   Thumb Code    34  coil.o(.text._ZN4CoilaSEb)
    DIDelay::started()                       0x080018d5   Thumb Code    48  custom_timer.o(.text._ZN7DIDelay7startedEv)
    DIDelay::DIDelay(ISwitch*, unsigned short) 0x08001905   Thumb Code    46  custom_timer.o(.text._ZN7DIDelayC2EP7ISwitcht)
    DIDelay::DIDelay__sub_object(ISwitch*, unsigned short) 0x08001905   Thumb Code    46  custom_timer.o(.text._ZN7DIDelayC2EP7ISwitcht)
    ISwitch::ISwitch__sub_object()           0x08001935   Thumb Code    22  main.o(.text._ZN7ISwitchC2Ev)
    IUpdated::IUpdated__sub_object()         0x0800194d   Thumb Code    22  custom_timer.o(.text._ZN8IUpdatedC2Ev)
    AnalogOut::setReverse(bool)              0x08001965   Thumb Code    24  analog_out.o(.text._ZN9AnalogOut10setReverseEb)
    AnalogOut::updateRawValue()              0x0800197d   Thumb Code    86  analog_out.o(.text._ZN9AnalogOut14updateRawValueEv)
    AnalogOut::setFullRangeTime(unsigned int) 0x080019d5   Thumb Code    70  analog_out.o(.text._ZN9AnalogOut16setFullRangeTimeEj)
    AnalogOut::setSP(float)                  0x08001a1d   Thumb Code    38  analog_out.o(.text._ZN9AnalogOut5setSPEf)
    AnalogOut::update()                      0x08001a45   Thumb Code   148  analog_out.o(.text._ZN9AnalogOut6updateEv)
    AnalogOut::AnalogOut(unsigned short volatile*, unsigned short, unsigned int, bool) 0x08001ad9   Thumb Code    82  analog_out.o(.text._ZN9AnalogOutC2EPVttjb)
    AnalogOut::AnalogOut__sub_object(unsigned short volatile*, unsigned short, unsigned int, bool) 0x08001ad9   Thumb Code    82  analog_out.o(.text._ZN9AnalogOutC2EPVttjb)
    AnalogOut::operator=(float)              0x08001b2d   Thumb Code    24  analog_out.o(.text._ZN9AnalogOutaSEf)
    std::get_new_handler()                   0x08001b45   Thumb Code    12  cxa_handlers.cpp.o(.text._ZSt15get_new_handlerv)
    operator delete(void*)                   0x08001b51   Thumb Code     4  new.cpp.o(.text._ZdlPv)
    operator delete(void*, unsigned int)     0x08001b55   Thumb Code     4  new.cpp.o(.text._ZdlPvj)
    operator new(unsigned int)               0x08001b59   Thumb Code    38  new.cpp.o(.text._Znwj)
    __cxa_pure_virtual                       0x08001b81   Thumb Code     8  cxa_virtual.cpp.o(.text.__cxa_pure_virtual)
    abort_message                            0x08001c9b   Thumb Code     4  abort_message.cpp.o(.text.abort_message)
    main                                     0x08001ca1   Thumb Code   102  main.o(.text.main)
    pvPortMalloc                             0x08002939   Thumb Code   390  heap_4.o(.text.pvPortMalloc)
    pxPortInitialiseStack                    0x08002ac1   Thumb Code    80  port.o(.text.pxPortInitialiseStack)
    uxListRemove                             0x08002b11   Thumb Code    72  list.o(.text.uxListRemove)
    vApplicationIdleHook                     0x08002b59   Thumb Code     2  main.o(.text.vApplicationIdleHook)
    vApplicationStackOverflowHook            0x08002b5d   Thumb Code    10  main.o(.text.vApplicationStackOverflowHook)
    vApplicationTickHook                     0x08002b69   Thumb Code     2  main.o(.text.vApplicationTickHook)
    vListInitialise                          0x08002b6d   Thumb Code    46  list.o(.text.vListInitialise)
    vListInitialiseItem                      0x08002b9d   Thumb Code    14  list.o(.text.vListInitialiseItem)
    vListInsert                              0x08002bad   Thumb Code   106  list.o(.text.vListInsert)
    vPortEnterCritical                       0x08002c19   Thumb Code    48  port.o(.text.vPortEnterCritical)
    vPortExitCritical                        0x08002c49   Thumb Code    38  port.o(.text.vPortExitCritical)
    vPortFree                                0x08002c71   Thumb Code   118  heap_4.o(.text.vPortFree)
    vPortSetupTimerInterrupt                 0x08002ce9   Thumb Code    46  port.o(.text.vPortSetupTimerInterrupt)
    vQueueWaitForMessageRestricted           0x08002d19   Thumb Code   100  queue.o(.text.vQueueWaitForMessageRestricted)
    vTaskDelay                               0x08002d7d   Thumb Code    74  tasks.o(.text.vTaskDelay)
    vTaskInternalSetTimeOutState             0x08002dc9   Thumb Code    36  tasks.o(.text.vTaskInternalSetTimeOutState)
    vTaskMissedYield                         0x08002ded   Thumb Code    14  tasks.o(.text.vTaskMissedYield)
    vTaskPlaceOnEventList                    0x08002dfd   Thumb Code    38  tasks.o(.text.vTaskPlaceOnEventList)
    vTaskPlaceOnEventListRestricted          0x08002e25   Thumb Code    96  tasks.o(.text.vTaskPlaceOnEventListRestricted)
    vTaskStartScheduler                      0x08002e85   Thumb Code   148  tasks.o(.text.vTaskStartScheduler)
    vTaskSuspendAll                          0x08002f19   Thumb Code    16  tasks.o(.text.vTaskSuspendAll)
    vTaskSwitchContext                       0x08002f29   Thumb Code   236  tasks.o(.text.vTaskSwitchContext)
    xPortStartScheduler                      0x08003015   Thumb Code    64  port.o(.text.xPortStartScheduler)
    xQueueGenericCreate                      0x08003055   Thumb Code   126  queue.o(.text.xQueueGenericCreate)
    xQueueGenericReset                       0x080030d5   Thumb Code   208  queue.o(.text.xQueueGenericReset)
    xQueueReceive                            0x080031a5   Thumb Code   338  queue.o(.text.xQueueReceive)
    xTaskCheckForTimeOut                     0x080032f9   Thumb Code   154  tasks.o(.text.xTaskCheckForTimeOut)
    xTaskCreate                              0x08003395   Thumb Code   160  tasks.o(.text.xTaskCreate)
    xTaskGetTickCount                        0x08003435   Thumb Code    20  tasks.o(.text.xTaskGetTickCount)
    xTaskIncrementTick                       0x08003449   Thumb Code   596  tasks.o(.text.xTaskIncrementTick)
    xTaskRemoveFromEventList                 0x0800369d   Thumb Code   368  tasks.o(.text.xTaskRemoveFromEventList)
    xTaskResumeAll                           0x0800380d   Thumb Code   510  tasks.o(.text.xTaskResumeAll)
    xTimerCreateTimerTask                    0x08003a0d   Thumb Code    80  timers.o(.text.xTimerCreateTimerTask)
    __aeabi_d2f                              0x08003a5d   Thumb Code     0  d2f.o(x$fpl$d2f)
    _d2f                                     0x08003a5d   Thumb Code    98  d2f.o(x$fpl$d2f)
    __aeabi_ddiv                             0x08003ac1   Thumb Code     0  ddiv.o(x$fpl$ddiv)
    _ddiv                                    0x08003ac1   Thumb Code   556  ddiv.o(x$fpl$ddiv)
    __aeabi_d2iz                             0x08003d75   Thumb Code     0  dfix.o(x$fpl$dfix)
    _dfix                                    0x08003d75   Thumb Code    94  dfix.o(x$fpl$dfix)
    __aeabi_ui2d                             0x08003dd3   Thumb Code     0  dflt_clz.o(x$fpl$dfltu)
    _dfltu                                   0x08003dd3   Thumb Code    38  dflt_clz.o(x$fpl$dfltu)
    __fpl_dnaninf                            0x08003df9   Thumb Code   156  dnaninf.o(x$fpl$dnaninf)
    __fpl_dretinf                            0x08003e95   Thumb Code    12  dretinf.o(x$fpl$dretinf)
    __aeabi_f2d                              0x08003ea1   Thumb Code     0  f2d.o(x$fpl$f2d)
    _f2d                                     0x08003ea1   Thumb Code    86  f2d.o(x$fpl$f2d)
    __aeabi_fadd                             0x08003ef9   Thumb Code     0  faddsub_clz.o(x$fpl$fadd)
    _fadd                                    0x08003ef9   Thumb Code   196  faddsub_clz.o(x$fpl$fadd)
    __aeabi_fcmpeq                           0x08003fbd   Thumb Code     0  fcmp.o(x$fpl$fcmp)
    _feq                                     0x08003fbd   Thumb Code    14  fcmp.o(x$fpl$fcmp)
    _fneq                                    0x08003fcb   Thumb Code    14  fcmp.o(x$fpl$fcmp)
    __aeabi_fcmpgt                           0x08003fd9   Thumb Code     0  fcmp.o(x$fpl$fcmp)
    _fgr                                     0x08003fd9   Thumb Code    14  fcmp.o(x$fpl$fcmp)
    __aeabi_fcmpge                           0x08003fe7   Thumb Code     0  fcmp.o(x$fpl$fcmp)
    _fgeq                                    0x08003fe7   Thumb Code    14  fcmp.o(x$fpl$fcmp)
    __aeabi_fcmple                           0x08003ff5   Thumb Code     0  fcmp.o(x$fpl$fcmp)
    _fleq                                    0x08003ff5   Thumb Code    14  fcmp.o(x$fpl$fcmp)
    __aeabi_fcmplt                           0x08004003   Thumb Code     0  fcmp.o(x$fpl$fcmp)
    _fls                                     0x08004003   Thumb Code    14  fcmp.o(x$fpl$fcmp)
    __fpl_fcmp_Inf                           0x08004011   Thumb Code    24  fcmpi.o(x$fpl$fcmpinf)
    __aeabi_fdiv                             0x08004029   Thumb Code     0  fdiv.o(x$fpl$fdiv)
    _fdiv                                    0x08004029   Thumb Code   384  fdiv.o(x$fpl$fdiv)
    __aeabi_cfcmpeq                          0x080041ad   Thumb Code     0  feqf.o(x$fpl$feqf)
    _fcmpeq                                  0x080041ad   Thumb Code   104  feqf.o(x$fpl$feqf)
    __aeabi_i2f                              0x08004215   Thumb Code     0  fflt_clz.o(x$fpl$fflt)
    _fflt                                    0x08004215   Thumb Code    48  fflt_clz.o(x$fpl$fflt)
    _fcmpge                                  0x08004245   Thumb Code   104  fgeqf.o(x$fpl$fgeqf)
    __aeabi_cfcmple                          0x080042ad   Thumb Code     0  fleqf.o(x$fpl$fleqf)
    _fcmple                                  0x080042ad   Thumb Code   104  fleqf.o(x$fpl$fleqf)
    __fpl_fcmple_InfNaN                      0x080042ff   Thumb Code     0  fleqf.o(x$fpl$fleqf)
    __aeabi_fmul                             0x08004315   Thumb Code     0  fmul.o(x$fpl$fmul)
    _fmul                                    0x08004315   Thumb Code   258  fmul.o(x$fpl$fmul)
    __fpl_fnaninf                            0x08004417   Thumb Code   140  fnaninf.o(x$fpl$fnaninf)
    __fpl_fretinf                            0x080044a3   Thumb Code    10  fretinf.o(x$fpl$fretinf)
    __aeabi_fsub                             0x080044ad   Thumb Code     0  faddsub_clz.o(x$fpl$fsub)
    _fsub                                    0x080044ad   Thumb Code   234  faddsub_clz.o(x$fpl$fsub)
    AHBPrescTable                            0x08004596   Data          16  system_stm32f10x.o(.rodata.AHBPrescTable)
    __I$use$fp                               0x08004596   Number         0  usenofp.o(x$fpl$usenofp)
    vtable for CommonDelay                   0x080045a8   Data          16  custom_timer.o(.rodata._ZTV11CommonDelay)
    vtable for SimpleInput                   0x080045b8   Data          12  simple_input.o(.rodata._ZTV11SimpleInput)
    vtable for ProgrammCoil                  0x080045c4   Data          16  coil.o(.rodata._ZTV12ProgrammCoil)
    vtable for AnalogMonitor                 0x080045d4   Data          12  analog_monitor.o(.rodata._ZTV13AnalogMonitor)
    vtable for Coil                          0x080045e0   Data          16  coil.o(.rodata._ZTV4Coil)
    vtable for DIDelay                       0x080045f0   Data          16  custom_timer.o(.rodata._ZTV7DIDelay)
    vtable for ISwitch                       0x08004600   Data          12  main.o(.rodata._ZTV7ISwitch)
    vtable for IUpdated                      0x0800460c   Data          12  custom_timer.o(.rodata._ZTV8IUpdated)
    vtable for AnalogOut                     0x08004618   Data          12  analog_out.o(.rodata._ZTV9AnalogOut)
    uxTopUsedPriority                        0x0800463c   Data           4  tasks.o(.rodata.uxTopUsedPriority)
    Region$$Table$$Base                      0x08004640   Number         0  anon$$obj.o(Region$$Table)
    Region$$Table$$Limit                     0x08004660   Number         0  anon$$obj.o(Region$$Table)
    SHT$$INIT_ARRAY$$Base                    0x08004660   Number         0  main.o(.init_array)
    SHT$$INIT_ARRAY$$Limit                   0x08004664   Number         0  init_aeabi.o(.init_array)
    SystemCoreClock                          0x20000000   Data           4  system_stm32f10x.o(.data.SystemCoreClock)
    allTimersSize                            0x20000004   Data           1  main.o(.data.allTimersSize)
    updateObjects                            0x20000008   Data          20  main.o(.data.updateObjects)
    __libspace_start                         0x20000020   Data          96  libspace.o(.bss)
    __cxa_new_handler                        0x20000080   Data           4  cxa_default_handlers.cpp.o(.bss.__cxa_new_handler)
    __temporary_stack_top$libspace           0x20000080   Data           0  libspace.o(.bss)
    adcMonitor                               0x20000084   Data          56  main.o(.bss.adcMonitor)
    adcValues                                0x200000bc   Data           4  main.o(.bss.adcValues)
    analogOut                                0x200000c0   Data          28  main.o(.bss.analogOut)
    button                                   0x200000dc   Data          12  main.o(.bss.button)
    buttonDelay                              0x200000e8   Data          16  main.o(.bss.buttonDelay)
    delay                                    0x200000f8   Data          12  main.o(.bss.delay)
    led                                      0x20000104   Data          16  main.o(.bss.led)
    ledDelay                                 0x20000114   Data          16  main.o(.bss.ledDelay)
    ledSwitch                                0x20000124   Data           8  main.o(.bss.ledSwitch)
    pxCurrentTCB                             0x20000130   Data           4  tasks.o(.bss.pxCurrentTCB)



==============================================================================

Memory Map of the image

  Image Entry point : 0x080000ed

  Load Region LR_IROM1 (Base: 0x08000000, Size: 0x00004688, Max: 0x00010000, ABSOLUTE)

    Execution Region ER_IROM1 (Exec base: 0x08000000, Load base: 0x08000000, Size: 0x00004664, Max: 0x00010000, ABSOLUTE)

    Exec Addr    Load Addr    Size         Type   Attr      Idx    E Section Name        Object

    0x08000000   0x08000000   0x000000ec   Data   RO          730    RESET               startup_stm32f10x_md.o
    0x080000ec   0x080000ec   0x00000008   Code   RO          771  * !!!main             c_w.l(__main.o)
    0x080000f4   0x080000f4   0x00000034   Code   RO         1212    !!!scatter          c_w.l(__scatter.o)
    0x08000128   0x08000128   0x0000001a   Code   RO         1214    !!handler_copy      c_w.l(__scatter_copy.o)
    0x08000142   0x08000142   0x00000002   PAD
    0x08000144   0x08000144   0x0000001c   Code   RO         1216    !!handler_zi        c_w.l(__scatter_zi.o)
    0x08000160   0x08000160   0x00000002   Code   RO         1150    .ARM.Collect$$libinit$$00000000  c_w.l(libinit.o)
    0x08000162   0x08000162   0x00000000   Code   RO          946    .ARM.Collect$$libinit$$00000002  c_w.l(libinit2.o)
    0x08000162   0x08000162   0x00000000   Code   RO          948    .ARM.Collect$$libinit$$00000004  c_w.l(libinit2.o)
    0x08000162   0x08000162   0x00000000   Code   RO          950    .ARM.Collect$$libinit$$00000006  c_w.l(libinit2.o)
    0x08000162   0x08000162   0x00000008   Code   RO          951    .ARM.Collect$$libinit$$00000007  c_w.l(libinit2.o)
    0x0800016a   0x0800016a   0x00000000   Code   RO          953    .ARM.Collect$$libinit$$0000000C  c_w.l(libinit2.o)
    0x0800016a   0x0800016a   0x00000000   Code   RO          955    .ARM.Collect$$libinit$$0000000E  c_w.l(libinit2.o)
    0x0800016a   0x0800016a   0x00000000   Code   RO          957    .ARM.Collect$$libinit$$00000010  c_w.l(libinit2.o)
    0x0800016a   0x0800016a   0x00000000   Code   RO          960    .ARM.Collect$$libinit$$00000013  c_w.l(libinit2.o)
    0x0800016a   0x0800016a   0x00000000   Code   RO          962    .ARM.Collect$$libinit$$00000015  c_w.l(libinit2.o)
    0x0800016a   0x0800016a   0x00000000   Code   RO          964    .ARM.Collect$$libinit$$00000017  c_w.l(libinit2.o)
    0x0800016a   0x0800016a   0x00000000   Code   RO          966    .ARM.Collect$$libinit$$00000019  c_w.l(libinit2.o)
    0x0800016a   0x0800016a   0x00000000   Code   RO          968    .ARM.Collect$$libinit$$0000001B  c_w.l(libinit2.o)
    0x0800016a   0x0800016a   0x00000000   Code   RO          970    .ARM.Collect$$libinit$$0000001D  c_w.l(libinit2.o)
    0x0800016a   0x0800016a   0x00000000   Code   RO          972    .ARM.Collect$$libinit$$0000001F  c_w.l(libinit2.o)
    0x0800016a   0x0800016a   0x00000000   Code   RO          974    .ARM.Collect$$libinit$$00000021  c_w.l(libinit2.o)
    0x0800016a   0x0800016a   0x00000000   Code   RO          976    .ARM.Collect$$libinit$$00000023  c_w.l(libinit2.o)
    0x0800016a   0x0800016a   0x00000000   Code   RO          978    .ARM.Collect$$libinit$$00000025  c_w.l(libinit2.o)
    0x0800016a   0x0800016a   0x00000000   Code   RO          980    .ARM.Collect$$libinit$$00000027  c_w.l(libinit2.o)
    0x0800016a   0x0800016a   0x00000000   Code   RO          984    .ARM.Collect$$libinit$$0000002E  c_w.l(libinit2.o)
    0x0800016a   0x0800016a   0x00000000   Code   RO          986    .ARM.Collect$$libinit$$00000030  c_w.l(libinit2.o)
    0x0800016a   0x0800016a   0x00000000   Code   RO          988    .ARM.Collect$$libinit$$00000032  c_w.l(libinit2.o)
    0x0800016a   0x0800016a   0x00000004   Code   RO          989    .ARM.Collect$$libinit$$00000033  c_w.l(libinit2.o)
    0x0800016e   0x0800016e   0x00000000   Code   RO          990    .ARM.Collect$$libinit$$00000034  c_w.l(libinit2.o)
    0x0800016e   0x0800016e   0x00000002   Code   RO          991    .ARM.Collect$$libinit$$00000035  c_w.l(libinit2.o)
    0x08000170   0x08000170   0x00000002   Code   RO         1210    .ARM.Collect$$libshutdown$$00000000  c_w.l(libshutdown.o)
    0x08000172   0x08000172   0x00000006   Code   RO         1151    .ARM.Collect$$libshutdown$$00000001  c_w.l(libshutdown2.o)
    0x08000178   0x08000178   0x00000000   Code   RO         1152    .ARM.Collect$$libshutdown$$00000002  c_w.l(libshutdown2.o)
    0x08000178   0x08000178   0x00000000   Code   RO         1154    .ARM.Collect$$libshutdown$$00000004  c_w.l(libshutdown2.o)
    0x08000178   0x08000178   0x00000000   Code   RO         1157    .ARM.Collect$$libshutdown$$00000007  c_w.l(libshutdown2.o)
    0x08000178   0x08000178   0x00000000   Code   RO         1160    .ARM.Collect$$libshutdown$$0000000A  c_w.l(libshutdown2.o)
    0x08000178   0x08000178   0x00000000   Code   RO         1162    .ARM.Collect$$libshutdown$$0000000C  c_w.l(libshutdown2.o)
    0x08000178   0x08000178   0x00000000   Code   RO         1165    .ARM.Collect$$libshutdown$$0000000F  c_w.l(libshutdown2.o)
    0x08000178   0x08000178   0x00000002   Code   RO         1166    .ARM.Collect$$libshutdown$$00000010  c_w.l(libshutdown2.o)
    0x0800017a   0x0800017a   0x00000000   Code   RO          868    .ARM.Collect$$rtentry$$00000000  c_w.l(__rtentry.o)
    0x0800017a   0x0800017a   0x00000000   Code   RO         1038    .ARM.Collect$$rtentry$$00000002  c_w.l(__rtentry2.o)
    0x0800017a   0x0800017a   0x00000006   Code   RO         1050    .ARM.Collect$$rtentry$$00000004  c_w.l(__rtentry4.o)
    0x08000180   0x08000180   0x00000000   Code   RO         1040    .ARM.Collect$$rtentry$$00000009  c_w.l(__rtentry2.o)
    0x08000180   0x08000180   0x00000004   Code   RO         1041    .ARM.Collect$$rtentry$$0000000A  c_w.l(__rtentry2.o)
    0x08000184   0x08000184   0x00000000   Code   RO         1043    .ARM.Collect$$rtentry$$0000000C  c_w.l(__rtentry2.o)
    0x08000184   0x08000184   0x00000008   Code   RO         1044    .ARM.Collect$$rtentry$$0000000D  c_w.l(__rtentry2.o)
    0x0800018c   0x0800018c   0x00000002   Code   RO         1167    .ARM.Collect$$rtexit$$00000000  c_w.l(rtexit.o)
    0x0800018e   0x0800018e   0x00000000   Code   RO         1182    .ARM.Collect$$rtexit$$00000002  c_w.l(rtexit2.o)
    0x0800018e   0x0800018e   0x00000004   Code   RO         1183    .ARM.Collect$$rtexit$$00000003  c_w.l(rtexit2.o)
    0x08000192   0x08000192   0x00000006   Code   RO         1184    .ARM.Collect$$rtexit$$00000004  c_w.l(rtexit2.o)
    0x08000198   0x08000198   0x00000040   Code   RO          731    .text               startup_stm32f10x_md.o
    0x080001d8   0x080001d8   0x0000000a   Code   RO          758    .text               c_w.l(cxa_atexit.o)
    0x080001e2   0x080001e2   0x0000008a   Code   RO          761    .text               c_w.l(rt_memcpy_v6.o)
    0x0800026c   0x0800026c   0x00000010   Code   RO          763    .text               c_w.l(aeabi_memset4.o)
    0x0800027c   0x0800027c   0x00000044   Code   RO          765    .text               c_w.l(rt_memclr.o)
    0x080002c0   0x080002c0   0x0000004e   Code   RO          767    .text               c_w.l(rt_memclr_w.o)
    0x0800030e   0x0800030e   0x00000006   Code   RO          769    .text               c_w.l(heapauxi.o)
    0x08000314   0x08000314   0x00000024   Code   RO          776    .text               c_w.l(init_aeabi.o)
    0x08000338   0x08000338   0x0000005e   Code   RO          873    .text               c_w.l(h1_alloc.o)
    0x08000396   0x08000396   0x0000004e   Code   RO          875    .text               c_w.l(h1_free.o)
    0x080003e4   0x080003e4   0x00000016   Code   RO          935    .text               c_w.l(abort.o)
    0x080003fa   0x080003fa   0x0000002e   Code   RO          940    .text               c_w.l(aeabi_atexit.o)
    0x08000428   0x08000428   0x00000064   Code   RO          943    .text               c_w.l(rt_memcpy_w.o)
    0x0800048c   0x0800048c   0x0000000c   Code   RO         1031    .text               c_w.l(sys_exit.o)
    0x08000498   0x08000498   0x00000008   Code   RO         1055    .text               c_w.l(rt_heap_descriptor_intlibspace.o)
    0x080004a0   0x080004a0   0x00000008   Code   RO         1060    .text               c_w.l(rt_ddtor_pointer_addr_intlibspace.o)
    0x080004a8   0x080004a8   0x00000004   Code   RO         1062    .text               c_w.l(hguard.o)
    0x080004ac   0x080004ac   0x0000008a   Code   RO         1064    .text               c_w.l(init_alloc.o)
    0x08000536   0x08000536   0x0000000e   Code   RO         1068    .text               c_w.l(h1_init.o)
    0x08000544   0x08000544   0x00000042   Code   RO         1080    .text               c_w.l(cxa_finalize.o)
    0x08000586   0x08000586   0x0000000e   Code   RO         1083    .text               c_w.l(defsig_abrt_outer.o)
    0x08000594   0x08000594   0x00000008   Code   RO         1110    .text               c_w.l(libspace.o)
    0x0800059c   0x0800059c   0x00000002   Code   RO         1113    .text               c_w.l(use_no_semi.o)
    0x0800059e   0x0800059e   0x00000000   Code   RO         1115    .text               c_w.l(indicate_semi.o)
    0x0800059e   0x0800059e   0x0000004a   Code   RO         1116    .text               c_w.l(sys_stackheap_outer.o)
    0x080005e8   0x080005e8   0x00000000   Code   RO         1122    .text               c_w.l(maybetermalloc1.o)
    0x080005e8   0x080005e8   0x00000034   Code   RO         1124    .text               c_w.l(h1_extend.o)
    0x0800061c   0x0800061c   0x00000012   Code   RO         1128    .text               c_w.l(exit.o)
    0x0800062e   0x0800062e   0x0000000a   Code   RO         1130    .text               c_w.l(defsig_exit.o)
    0x08000638   0x08000638   0x00000030   Code   RO         1132    .text               c_w.l(defsig_abrt_inner.o)
    0x08000668   0x08000668   0x0000000e   Code   RO         1134    .text               c_w.l(defsig_rtmem_outer.o)
    0x08000676   0x08000676   0x00000032   Code   RO         1173    .text               c_w.l(defsig_general.o)
    0x080006a8   0x080006a8   0x00000050   Code   RO         1175    .text               c_w.l(defsig_rtmem_inner.o)
    0x080006f8   0x080006f8   0x0000000e   Code   RO         1177    .text               c_w.l(sys_wrch.o)
    0x08000706   0x08000706   0x0000000a   PAD
    0x08000710   0x08000710   0x00000044   Code   RO          285    .text.PendSV_Handler  port.o
    0x08000754   0x08000754   0x0000000c   PAD
    0x08000760   0x08000760   0x00000024   Code   RO          271    .text.SVC_Handler   port.o
    0x08000784   0x08000784   0x00000008   Code   RO          739    .text.SetSysClock   system_stm32f10x.o
    0x0800078c   0x0800078c   0x00000122   Code   RO          743    .text.SetSysClockTo72  system_stm32f10x.o
    0x080008ae   0x080008ae   0x00000002   PAD
    0x080008b0   0x080008b0   0x0000003c   Code   RO          287    .text.SysTick_Handler  port.o
    0x080008ec   0x080008ec   0x00000122   Code   RO          741    .text.SystemCoreClockUpdate  system_stm32f10x.o
    0x08000a0e   0x08000a0e   0x00000002   PAD
    0x08000a10   0x08000a10   0x00000066   Code   RO          737    .text.SystemInit    system_stm32f10x.o
    0x08000a76   0x08000a76   0x00000002   PAD
    0x08000a78   0x08000a78   0x0000004c   Code   RO           28    .text.TIM2_IRQHandler  main.o
    0x08000ac4   0x08000ac4   0x00000024   Code   RO           30    .text._GLOBAL__sub_I_main.cpp  main.o
    0x08000ae8   0x08000ae8   0x0000000e   Code   RO          240    .text._Z10commonInitv  init.o
    0x08000af6   0x08000af6   0x00000002   PAD
    0x08000af8   0x08000af8   0x00000040   Code   RO           89    .text._Z11getPositionj  common.o
    0x08000b38   0x08000b38   0x00000020   Code   RO          111    .text._Z11setRegisterIVjEvPT_jj  simple_input.o
    0x08000b58   0x08000b58   0x00000044   Code   RO          262    .text._Z17setBitsInRegisterIVjEvPT_jj  init.o
    0x08000b9c   0x08000b9c   0x00000044   Code   RO          264    .text._Z17setBitsInRegisterIVtEvPT_jj  init.o
    0x08000be0   0x08000be0   0x00000036   Code   RO          237    .text._Z5limitIfET_S0_S0_S0_  analog_out.o
    0x08000c16   0x08000c16   0x00000002   PAD
    0x08000c18   0x08000c18   0x00000158   Code   RO          252    .text._Z7adcInitv   init.o
    0x08000d70   0x08000d70   0x000000d8   Code   RO          721    .text._Z7ledTaskPv  led_task.o
    0x08000e48   0x08000e48   0x000000aa   Code   RO          254    .text._Z7pwmInitv   init.o
    0x08000ef2   0x08000ef2   0x00000002   PAD
    0x08000ef4   0x08000ef4   0x000000ce   Code   RO          244    .text._Z7rccInitv   init.o
    0x08000fc2   0x08000fc2   0x00000002   PAD
    0x08000fc4   0x08000fc4   0x00000058   Code   RO          246    .text._Z8tickInitv  init.o
    0x0800101c   0x0800101c   0x00000030   Code   RO          248    .text._ZL16__NVIC_EnableIRQ4IRQn  init.o
    0x0800104c   0x0800104c   0x00000042   Code   RO          250    .text._ZL18__NVIC_SetPriority4IRQnj  init.o
    0x0800108e   0x0800108e   0x00000002   PAD
    0x08001090   0x08001090   0x0000003c   Code   RO          242    .text._ZL26__NVIC_SetPriorityGroupingj  init.o
    0x080010cc   0x080010cc   0x000000e2   Code   RO          164    .text._ZN10GPIOcommonC2EP12GPIO_TypeDefh  gpio_common.o
    0x080011ae   0x080011ae   0x00000002   PAD
    0x080011b0   0x080011b0   0x00000016   Code   RO          144    .text._ZN11CommonDelay11notFinishedEv  custom_timer.o
    0x080011c6   0x080011c6   0x00000002   PAD
    0x080011c8   0x080011c8   0x0000004c   Code   RO          146    .text._ZN11CommonDelay15finishedImpulseEv  custom_timer.o
    0x08001214   0x08001214   0x00000018   Code   RO          136    .text._ZN11CommonDelay15prepareAndStartEv  custom_timer.o
    0x0800122c   0x0800122c   0x00000014   Code   RO          132    .text._ZN11CommonDelay4stopEv  custom_timer.o
    0x08001240   0x08001240   0x00000010   Code   RO          134    .text._ZN11CommonDelay5resetEv  custom_timer.o
    0x08001250   0x08001250   0x0000000e   Code   RO          126    .text._ZN11CommonDelay5startEv  custom_timer.o
    0x0800125e   0x0800125e   0x00000002   PAD
    0x08001260   0x08001260   0x00000048   Code   RO          116    .text._ZN11CommonDelay6updateEv  custom_timer.o
    0x080012a8   0x080012a8   0x00000010   Code   RO          142    .text._ZN11CommonDelay7startedEv  custom_timer.o
    0x080012b8   0x080012b8   0x00000016   Code   RO          130    .text._ZN11CommonDelay8finishedEv  custom_timer.o
    0x080012ce   0x080012ce   0x00000002   PAD
    0x080012d0   0x080012d0   0x0000002c   Code   RO          138    .text._ZN11CommonDelay8setStartEb  custom_timer.o
    0x080012fc   0x080012fc   0x00000014   Code   RO          120    .text._ZN11CommonDelay9setPeriodEt  custom_timer.o
    0x08001310   0x08001310   0x0000002a   Code   RO          114    .text._ZN11CommonDelayC2Et  custom_timer.o
    0x0800133a   0x0800133a   0x00000002   PAD
    0x0800133c   0x0800133c   0x00000020   Code   RO          140    .text._ZN11CommonDelayaSEb  custom_timer.o
    0x0800135c   0x0800135c   0x00000018   Code   RO          102    .text._ZN11SimpleInput8isActiveEv  simple_input.o
    0x08001374   0x08001374   0x00000092   Code   RO          100    .text._ZN11SimpleInputC2EP12GPIO_TypeDefh  simple_input.o
    0x08001406   0x08001406   0x00000002   PAD
    0x08001408   0x08001408   0x00000022   Code   RO           67    .text._ZN12ProgrammCoil6toggleEv  coil.o
    0x0800142a   0x0800142a   0x00000002   PAD
    0x0800142c   0x0800142c   0x00000010   Code   RO           59    .text._ZN12ProgrammCoil8isActiveEv  coil.o
    0x0800143c   0x0800143c   0x00000018   Code   RO           61    .text._ZN12ProgrammCoil8setValueEb  coil.o
    0x08001454   0x08001454   0x00000020   Code   RO           53    .text._ZN12ProgrammCoilC2Ev  main.o
    0x08001474   0x08001474   0x00000022   Code   RO           69    .text._ZN12ProgrammCoilaSEb  coil.o
    0x08001496   0x08001496   0x00000002   PAD
    0x08001498   0x08001498   0x00000012   Code   RO          190    .text._ZN13AnalogMonitor10isHighWarnEv  analog_monitor.o
    0x080014aa   0x080014aa   0x00000002   PAD
    0x080014ac   0x080014ac   0x00000012   Code   RO          194    .text._ZN13AnalogMonitor10isLowAlarmEv  analog_monitor.o
    0x080014be   0x080014be   0x00000002   PAD
    0x080014c0   0x080014c0   0x00000012   Code   RO          188    .text._ZN13AnalogMonitor11isHighAlarmEv  analog_monitor.o
    0x080014d2   0x080014d2   0x00000002   PAD
    0x080014d4   0x080014d4   0x00000026   Code   RO          186    .text._ZN13AnalogMonitor13setTresDelaysE9TRES_TYPEt  analog_monitor.o
    0x080014fa   0x080014fa   0x00000002   PAD
    0x080014fc   0x080014fc   0x00000166   Code   RO          178    .text._ZN13AnalogMonitor6updateEv  analog_monitor.o
    0x08001662   0x08001662   0x00000002   PAD
    0x08001664   0x08001664   0x00000016   Code   RO          205    .text._ZN13AnalogMonitor8getRangeIVtEET_PKS2_  analog_monitor.o
    0x0800167a   0x0800167a   0x00000002   PAD
    0x0800167c   0x0800167c   0x00000016   Code   RO          203    .text._ZN13AnalogMonitor8getRangeIfEET_PKS1_  analog_monitor.o
    0x08001692   0x08001692   0x00000002   PAD
    0x08001694   0x08001694   0x0000000c   Code   RO          180    .text._ZN13AnalogMonitor8getValueEv  analog_monitor.o
    0x080016a0   0x080016a0   0x00000012   Code   RO          192    .text._ZN13AnalogMonitor9isLowWarnEv  analog_monitor.o
    0x080016b2   0x080016b2   0x00000002   PAD
    0x080016b4   0x080016b4   0x000000dc   Code   RO          172    .text._ZN13AnalogMonitorC2EhPVt  analog_monitor.o
    0x08001790   0x08001790   0x00000050   Code   RO          176    .text._ZN13AnalogMonitorD2Ev  analog_monitor.o
    0x080017e0   0x080017e0   0x00000016   Code   RO           73    .text._ZN4Coil8isActiveEv  coil.o
    0x080017f6   0x080017f6   0x00000002   PAD
    0x080017f8   0x080017f8   0x00000042   Code   RO           75    .text._ZN4Coil8setValueEb  coil.o
    0x0800183a   0x0800183a   0x00000002   PAD
    0x0800183c   0x0800183c   0x00000074   Code   RO           71    .text._ZN4CoilC2EP12GPIO_TypeDefh  coil.o
    0x080018b0   0x080018b0   0x00000022   Code   RO           77    .text._ZN4CoilaSEb  coil.o
    0x080018d2   0x080018d2   0x00000002   PAD
    0x080018d4   0x080018d4   0x00000030   Code   RO          150    .text._ZN7DIDelay7startedEv  custom_timer.o
    0x08001904   0x08001904   0x0000002e   Code   RO          148    .text._ZN7DIDelayC2EP7ISwitcht  custom_timer.o
    0x08001932   0x08001932   0x00000002   PAD
    0x08001934   0x08001934   0x00000016   Code   RO           55    .text._ZN7ISwitchC2Ev  main.o
    0x0800194a   0x0800194a   0x00000002   PAD
    0x0800194c   0x0800194c   0x00000016   Code   RO          160    .text._ZN8IUpdatedC2Ev  custom_timer.o
    0x08001962   0x08001962   0x00000002   PAD
    0x08001964   0x08001964   0x00000018   Code   RO          214    .text._ZN9AnalogOut10setReverseEb  analog_out.o
    0x0800197c   0x0800197c   0x00000056   Code   RO          218    .text._ZN9AnalogOut14updateRawValueEv  analog_out.o
    0x080019d2   0x080019d2   0x00000002   PAD
    0x080019d4   0x080019d4   0x00000046   Code   RO          212    .text._ZN9AnalogOut16setFullRangeTimeEj  analog_out.o
    0x08001a1a   0x08001a1a   0x00000002   PAD
    0x08001a1c   0x08001a1c   0x00000026   Code   RO          222    .text._ZN9AnalogOut5setSPEf  analog_out.o
    0x08001a42   0x08001a42   0x00000002   PAD
    0x08001a44   0x08001a44   0x00000094   Code   RO          216    .text._ZN9AnalogOut6updateEv  analog_out.o
    0x08001ad8   0x08001ad8   0x00000052   Code   RO          210    .text._ZN9AnalogOutC2EPVttjb  analog_out.o
    0x08001b2a   0x08001b2a   0x00000002   PAD
    0x08001b2c   0x08001b2c   0x00000018   Code   RO          228    .text._ZN9AnalogOutaSEf  analog_out.o
    0x08001b44   0x08001b44   0x0000000c   Code   RO         1024    .text._ZSt15get_new_handlerv  libcppabi_w.l(cxa_handlers.cpp.o)
    0x08001b50   0x08001b50   0x00000004   Code   RO          828    .text._ZdlPv        libcpp_w.l(new.cpp.o)
    0x08001b54   0x08001b54   0x00000004   Code   RO          832    .text._ZdlPvj       libcpp_w.l(new.cpp.o)
    0x08001b58   0x08001b58   0x00000026   Code   RO          820    .text._Znwj         libcpp_w.l(new.cpp.o)
    0x08001b7e   0x08001b7e   0x00000002   PAD
    0x08001b80   0x08001b80   0x00000028   Code   RO          863    .text.__cxa_pure_virtual  libcppabi_w.l(cxa_virtual.cpp.o)
    0x08001ba8   0x08001ba8   0x0000001a   Code   RO           10    .text.__cxx_global_var_init  main.o
    0x08001bc2   0x08001bc2   0x00000002   PAD
    0x08001bc4   0x08001bc4   0x0000001a   Code   RO           12    .text.__cxx_global_var_init.1  main.o
    0x08001bde   0x08001bde   0x00000002   PAD
    0x08001be0   0x08001be0   0x00000010   Code   RO           14    .text.__cxx_global_var_init.2  main.o
    0x08001bf0   0x08001bf0   0x0000001c   Code   RO           16    .text.__cxx_global_var_init.3  main.o
    0x08001c0c   0x08001c0c   0x0000001a   Code   RO           18    .text.__cxx_global_var_init.4  main.o
    0x08001c26   0x08001c26   0x00000002   PAD
    0x08001c28   0x08001c28   0x00000012   Code   RO           20    .text.__cxx_global_var_init.5  main.o
    0x08001c3a   0x08001c3a   0x00000002   PAD
    0x08001c3c   0x08001c3c   0x00000036   Code   RO           22    .text.__cxx_global_var_init.6  main.o
    0x08001c72   0x08001c72   0x00000002   PAD
    0x08001c74   0x08001c74   0x00000026   Code   RO           24    .text.__cxx_global_var_init.7  main.o
    0x08001c9a   0x08001c9a   0x00000004   Code   RO         1028    .text.abort_message  libcppabi_w.l(abort_message.cpp.o)
    0x08001c9e   0x08001c9e   0x00000002   PAD
    0x08001ca0   0x08001ca0   0x00000066   Code   RO           26    .text.main          main.o
    0x08001d06   0x08001d06   0x00000002   PAD
    0x08001d08   0x08001d08   0x0000011a   Code   RO          520    .text.prvAddCurrentTaskToDelayedList  tasks.o
    0x08001e22   0x08001e22   0x00000002   PAD
    0x08001e24   0x08001e24   0x00000154   Code   RO          508    .text.prvAddNewTaskToReadyList  tasks.o
    0x08001f78   0x08001f78   0x0000006a   Code   RO          656    .text.prvCheckForValidListAndQueue  timers.o
    0x08001fe2   0x08001fe2   0x00000002   PAD
    0x08001fe4   0x08001fe4   0x0000005a   Code   RO          622    .text.prvCheckTasksWaitingTermination  tasks.o
    0x0800203e   0x0800203e   0x00000002   PAD
    0x08002040   0x08002040   0x00000042   Code   RO          410    .text.prvCopyDataFromQueue  queue.o
    0x08002082   0x08002082   0x00000002   PAD
    0x08002084   0x08002084   0x00000018   Code   RO          514    .text.prvDeleteTCB  tasks.o
    0x0800209c   0x0800209c   0x00000040   Code   RO          690    .text.prvGetNextExpireTime  timers.o
    0x080020dc   0x080020dc   0x000000ae   Code   RO          331    .text.prvHeapInit   heap_4.o
    0x0800218a   0x0800218a   0x00000002   PAD
    0x0800218c   0x0800218c   0x0000003c   Code   RO          546    .text.prvIdleTask   tasks.o
    0x080021c8   0x080021c8   0x00000048   Code   RO          382    .text.prvInitialiseNewQueue  queue.o
    0x08002210   0x08002210   0x000000e6   Code   RO          506    .text.prvInitialiseNewTask  tasks.o
    0x080022f6   0x080022f6   0x00000002   PAD
    0x080022f8   0x080022f8   0x0000008e   Code   RO          620    .text.prvInitialiseTaskLists  tasks.o
    0x08002386   0x08002386   0x00000002   PAD
    0x08002388   0x08002388   0x000000c6   Code   RO          333    .text.prvInsertBlockIntoFreeList  heap_4.o
    0x0800244e   0x0800244e   0x00000002   PAD
    0x08002450   0x08002450   0x00000086   Code   RO          704    .text.prvInsertTimerInActiveList  timers.o
    0x080024d6   0x080024d6   0x00000002   PAD
    0x080024d8   0x080024d8   0x00000028   Code   RO          412    .text.prvIsQueueEmpty  queue.o
    0x08002500   0x08002500   0x00000020   Code   RO          277    .text.prvPortStartFirstTask  port.o
    0x08002520   0x08002520   0x00000054   Code   RO          698    .text.prvProcessExpiredTimer  timers.o
    0x08002574   0x08002574   0x00000126   Code   RO          694    .text.prvProcessReceivedCommands  timers.o
    0x0800269a   0x0800269a   0x00000002   PAD
    0x0800269c   0x0800269c   0x0000009a   Code   RO          692    .text.prvProcessTimerOrBlockTask  timers.o
    0x08002736   0x08002736   0x00000002   PAD
    0x08002738   0x08002738   0x00000034   Code   RO          702    .text.prvReloadTimer  timers.o
    0x0800276c   0x0800276c   0x0000003c   Code   RO          512    .text.prvResetNextTaskUnblockTime  tasks.o
    0x080027a8   0x080027a8   0x00000044   Code   RO          696    .text.prvSampleTimeNow  timers.o
    0x080027ec   0x080027ec   0x00000052   Code   RO          700    .text.prvSwitchTimerLists  timers.o
    0x0800283e   0x0800283e   0x00000002   PAD
    0x08002840   0x08002840   0x00000026   Code   RO          269    .text.prvTaskExitError  port.o
    0x08002866   0x08002866   0x00000002   PAD
    0x08002868   0x08002868   0x0000001e   Code   RO          658    .text.prvTimerTask  timers.o
    0x08002886   0x08002886   0x00000002   PAD
    0x08002888   0x08002888   0x000000ae   Code   RO          402    .text.prvUnlockQueue  queue.o
    0x08002936   0x08002936   0x00000002   PAD
    0x08002938   0x08002938   0x00000186   Code   RO          329    .text.pvPortMalloc  heap_4.o
    0x08002abe   0x08002abe   0x00000002   PAD
    0x08002ac0   0x08002ac0   0x00000050   Code   RO          267    .text.pxPortInitialiseStack  port.o
    0x08002b10   0x08002b10   0x00000048   Code   RO          369    .text.uxListRemove  list.o
    0x08002b58   0x08002b58   0x00000002   Code   RO            2    .text.vApplicationIdleHook  main.o
    0x08002b5a   0x08002b5a   0x00000002   PAD
    0x08002b5c   0x08002b5c   0x0000000a   Code   RO            8    .text.vApplicationStackOverflowHook  main.o
    0x08002b66   0x08002b66   0x00000002   PAD
    0x08002b68   0x08002b68   0x00000002   Code   RO            4    .text.vApplicationTickHook  main.o
    0x08002b6a   0x08002b6a   0x00000002   PAD
    0x08002b6c   0x08002b6c   0x0000002e   Code   RO          361    .text.vListInitialise  list.o
    0x08002b9a   0x08002b9a   0x00000002   PAD
    0x08002b9c   0x08002b9c   0x0000000e   Code   RO          363    .text.vListInitialiseItem  list.o
    0x08002baa   0x08002baa   0x00000002   PAD
    0x08002bac   0x08002bac   0x0000006a   Code   RO          367    .text.vListInsert   list.o
    0x08002c16   0x08002c16   0x00000002   PAD
    0x08002c18   0x08002c18   0x00000030   Code   RO          281    .text.vPortEnterCritical  port.o
    0x08002c48   0x08002c48   0x00000026   Code   RO          283    .text.vPortExitCritical  port.o
    0x08002c6e   0x08002c6e   0x00000002   PAD
    0x08002c70   0x08002c70   0x00000076   Code   RO          335    .text.vPortFree     heap_4.o
    0x08002ce6   0x08002ce6   0x00000002   PAD
    0x08002ce8   0x08002ce8   0x0000002e   Code   RO          275    .text.vPortSetupTimerInterrupt  port.o
    0x08002d16   0x08002d16   0x00000002   PAD
    0x08002d18   0x08002d18   0x00000064   Code   RO          440    .text.vQueueWaitForMessageRestricted  queue.o
    0x08002d7c   0x08002d7c   0x0000004a   Code   RO          524    .text.vTaskDelay    tasks.o
    0x08002dc6   0x08002dc6   0x00000002   PAD
    0x08002dc8   0x08002dc8   0x00000024   Code   RO          578    .text.vTaskInternalSetTimeOutState  tasks.o
    0x08002dec   0x08002dec   0x0000000e   Code   RO          582    .text.vTaskMissedYield  tasks.o
    0x08002dfa   0x08002dfa   0x00000002   PAD
    0x08002dfc   0x08002dfc   0x00000026   Code   RO          566    .text.vTaskPlaceOnEventList  tasks.o
    0x08002e22   0x08002e22   0x00000002   PAD
    0x08002e24   0x08002e24   0x00000060   Code   RO          570    .text.vTaskPlaceOnEventListRestricted  tasks.o
    0x08002e84   0x08002e84   0x00000094   Code   RO          544    .text.vTaskStartScheduler  tasks.o
    0x08002f18   0x08002f18   0x00000010   Code   RO          518    .text.vTaskSuspendAll  tasks.o
    0x08002f28   0x08002f28   0x000000ec   Code   RO          536    .text.vTaskSwitchContext  tasks.o
    0x08003014   0x08003014   0x00000040   Code   RO          273    .text.xPortStartScheduler  port.o
    0x08003054   0x08003054   0x0000007e   Code   RO          380    .text.xQueueGenericCreate  queue.o
    0x080030d2   0x080030d2   0x00000002   PAD
    0x080030d4   0x080030d4   0x000000d0   Code   RO          378    .text.xQueueGenericReset  queue.o
    0x080031a4   0x080031a4   0x00000152   Code   RO          408    .text.xQueueReceive  queue.o
    0x080032f6   0x080032f6   0x00000002   PAD
    0x080032f8   0x080032f8   0x0000009a   Code   RO          580    .text.xTaskCheckForTimeOut  tasks.o
    0x08003392   0x08003392   0x00000002   PAD
    0x08003394   0x08003394   0x000000a0   Code   RO          504    .text.xTaskCreate   tasks.o
    0x08003434   0x08003434   0x00000014   Code   RO          552    .text.xTaskGetTickCount  tasks.o
    0x08003448   0x08003448   0x00000254   Code   RO          550    .text.xTaskIncrementTick  tasks.o
    0x0800369c   0x0800369c   0x00000170   Code   RO          572    .text.xTaskRemoveFromEventList  tasks.o
    0x0800380c   0x0800380c   0x000001fe   Code   RO          522    .text.xTaskResumeAll  tasks.o
    0x08003a0a   0x08003a0a   0x00000002   PAD
    0x08003a0c   0x08003a0c   0x00000050   Code   RO          654    .text.xTimerCreateTimerTask  timers.o
    0x08003a5c   0x08003a5c   0x00000062   Code   RO          779    x$fpl$d2f           fz_ws.l(d2f.o)
    0x08003abe   0x08003abe   0x00000002   PAD
    0x08003ac0   0x08003ac0   0x000002b4   Code   RO          782    x$fpl$ddiv          fz_ws.l(ddiv.o)
    0x08003d74   0x08003d74   0x0000005e   Code   RO          785    x$fpl$dfix          fz_ws.l(dfix.o)
    0x08003dd2   0x08003dd2   0x00000026   Code   RO          789    x$fpl$dfltu         fz_ws.l(dflt_clz.o)
    0x08003df8   0x08003df8   0x0000009c   Code   RO          996    x$fpl$dnaninf       fz_ws.l(dnaninf.o)
    0x08003e94   0x08003e94   0x0000000c   Code   RO          998    x$fpl$dretinf       fz_ws.l(dretinf.o)
    0x08003ea0   0x08003ea0   0x00000056   Code   RO          795    x$fpl$f2d           fz_ws.l(f2d.o)
    0x08003ef6   0x08003ef6   0x00000002   PAD
    0x08003ef8   0x08003ef8   0x000000c4   Code   RO          797    x$fpl$fadd          fz_ws.l(faddsub_clz.o)
    0x08003fbc   0x08003fbc   0x00000054   Code   RO          803    x$fpl$fcmp          fz_ws.l(fcmp.o)
    0x08004010   0x08004010   0x00000018   Code   RO         1091    x$fpl$fcmpinf       fz_ws.l(fcmpi.o)
    0x08004028   0x08004028   0x00000184   Code   RO          806    x$fpl$fdiv          fz_ws.l(fdiv.o)
    0x080041ac   0x080041ac   0x00000068   Code   RO         1000    x$fpl$feqf          fz_ws.l(feqf.o)
    0x08004214   0x08004214   0x00000030   Code   RO          810    x$fpl$fflt          fz_ws.l(fflt_clz.o)
    0x08004244   0x08004244   0x00000068   Code   RO         1002    x$fpl$fgeqf         fz_ws.l(fgeqf.o)
    0x080042ac   0x080042ac   0x00000068   Code   RO         1004    x$fpl$fleqf         fz_ws.l(fleqf.o)
    0x08004314   0x08004314   0x00000102   Code   RO          815    x$fpl$fmul          fz_ws.l(fmul.o)
    0x08004416   0x08004416   0x0000008c   Code   RO         1006    x$fpl$fnaninf       fz_ws.l(fnaninf.o)
    0x080044a2   0x080044a2   0x0000000a   Code   RO         1008    x$fpl$fretinf       fz_ws.l(fretinf.o)
    0x080044ac   0x080044ac   0x000000ea   Code   RO          799    x$fpl$fsub          fz_ws.l(faddsub_clz.o)
    0x08004596   0x08004596   0x00000000   Code   RO         1010    x$fpl$usenofp       fz_ws.l(usenofp.o)
    0x08004596   0x08004596   0x00000010   Data   RO          746    .rodata.AHBPrescTable  system_stm32f10x.o
    0x080045a6   0x080045a6   0x00000002   PAD
    0x080045a8   0x080045a8   0x00000010   Data   RO          152    .rodata._ZTV11CommonDelay  custom_timer.o
    0x080045b8   0x080045b8   0x0000000c   Data   RO          104    .rodata._ZTV11SimpleInput  simple_input.o
    0x080045c4   0x080045c4   0x00000010   Data   RO           80    .rodata._ZTV12ProgrammCoil  coil.o
    0x080045d4   0x080045d4   0x0000000c   Data   RO          196    .rodata._ZTV13AnalogMonitor  analog_monitor.o
    0x080045e0   0x080045e0   0x00000010   Data   RO           79    .rodata._ZTV4Coil   coil.o
    0x080045f0   0x080045f0   0x00000010   Data   RO          153    .rodata._ZTV7DIDelay  custom_timer.o
    0x08004600   0x08004600   0x0000000c   Data   RO           57    .rodata._ZTV7ISwitch  main.o
    0x0800460c   0x0800460c   0x0000000c   Data   RO          162    .rodata._ZTV8IUpdated  custom_timer.o
    0x08004618   0x08004618   0x0000000c   Data   RO          230    .rodata._ZTV9AnalogOut  analog_out.o
    0x08004624   0x08004624   0x00000008   Data   RO           43    .rodata.str1.1      main.o
    0x0800462c   0x0800462c   0x00000005   Data   RO          640    .rodata.str1.1      tasks.o
    0x08004631   0x08004631   0x00000008   Data   RO          707    .rodata.str1.1      timers.o
    0x08004639   0x08004639   0x00000003   PAD
    0x0800463c   0x0800463c   0x00000004   Data   RO          625    .rodata.uxTopUsedPriority  tasks.o
    0x08004640   0x08004640   0x00000020   Data   RO         1211    Region$$Table       anon$$obj.o
    0x08004660   0x08004660   0x00000004   Data   RO           44    .init_array         main.o
    0x08004664   0x08004660   0x00000000   Data   RO          774    .init_array         c_w.l(init_aeabi.o)


    Execution Region RW_IRAM1 (Exec base: 0x20000000, Load base: 0x08004668, Size: 0x00003088, Max: 0x00005000, ABSOLUTE)

    Exec Addr    Load Addr    Size         Type   Attr      Idx    E Section Name        Object

    0x20000000   0x08004668   0x00000004   Data   RW          745    .data.SystemCoreClock  system_stm32f10x.o
    0x20000004   0x0800466c   0x00000001   Data   RW           42    .data.allTimersSize  main.o
    0x20000005   0x0800466d   0x00000003   PAD
    0x20000008   0x08004670   0x00000014   Data   RW           41    .data.updateObjects  main.o
    0x2000001c   0x08004684   0x00000004   Data   RW          289    .data.uxCriticalNesting  port.o
    0x20000020        -       0x00000060   Zero   RW         1111    .bss                c_w.l(libspace.o)
    0x20000080        -       0x00000004   Zero   RW         1104    .bss.__cxa_new_handler  libcppabi_w.l(cxa_default_handlers.cpp.o)
    0x20000084        -       0x00000038   Zero   RW           39    .bss.adcMonitor     main.o
    0x200000bc        -       0x00000004   Zero   RW           38    .bss.adcValues      main.o
    0x200000c0        -       0x0000001c   Zero   RW           40    .bss.analogOut      main.o
    0x200000dc        -       0x0000000c   Zero   RW           33    .bss.button         main.o
    0x200000e8        -       0x00000010   Zero   RW           36    .bss.buttonDelay    main.o
    0x200000f8        -       0x0000000c   Zero   RW           37    .bss.delay          main.o
    0x20000104        -       0x00000010   Zero   RW           32    .bss.led            main.o
    0x20000114        -       0x00000010   Zero   RW           35    .bss.ledDelay       main.o
    0x20000124        -       0x00000008   Zero   RW           34    .bss.ledSwitch      main.o
    0x2000012c        -       0x00000004   Zero   RW          711    .bss.prvSampleTimeNow.xLastTime  timers.o
    0x20000130        -       0x00000004   Zero   RW          624    .bss.pxCurrentTCB   tasks.o
    0x20000134        -       0x00000004   Zero   RW          709    .bss.pxCurrentTimerList  timers.o
    0x20000138        -       0x00000004   Zero   RW          634    .bss.pxDelayedTaskList  tasks.o
    0x2000013c        -       0x00000004   Zero   RW          347    .bss.pxEnd          heap_4.o
    0x20000140        -       0x00000004   Zero   RW          635    .bss.pxOverflowDelayedTaskList  tasks.o
    0x20000144        -       0x00000004   Zero   RW          710    .bss.pxOverflowTimerList  timers.o
    0x20000148        -       0x00000064   Zero   RW          626    .bss.pxReadyTasksLists  tasks.o
    0x200001ac        -       0x00002800   Zero   RW          353    .bss.ucHeap         heap_4.o
    0x200029ac        -       0x00000004   Zero   RW          631    .bss.uxCurrentNumberOfTasks  tasks.o
    0x200029b0        -       0x00000004   Zero   RW          630    .bss.uxDeletedTasksWaitingCleanUp  tasks.o
    0x200029b4        -       0x00000004   Zero   RW          637    .bss.uxSchedulerSuspended  tasks.o
    0x200029b8        -       0x00000004   Zero   RW          628    .bss.uxTaskNumber   tasks.o
    0x200029bc        -       0x00000004   Zero   RW          627    .bss.uxTopReadyPriority  tasks.o
    0x200029c0        -       0x00000014   Zero   RW          712    .bss.xActiveTimerList1  timers.o
    0x200029d4        -       0x00000014   Zero   RW          713    .bss.xActiveTimerList2  timers.o
    0x200029e8        -       0x00000014   Zero   RW          645    .bss.xDelayedTaskList1  tasks.o
    0x200029fc        -       0x00000014   Zero   RW          646    .bss.xDelayedTaskList2  tasks.o
    0x20002a10        -       0x00000004   Zero   RW          348    .bss.xFreeBytesRemaining  heap_4.o
    0x20002a14        -       0x00000004   Zero   RW          641    .bss.xIdleTaskHandle  tasks.o
    0x20002a18        -       0x00000004   Zero   RW          350    .bss.xMinimumEverFreeBytesRemaining  heap_4.o
    0x20002a1c        -       0x00000004   Zero   RW          642    .bss.xNextTaskUnblockTime  tasks.o
    0x20002a20        -       0x00000004   Zero   RW          644    .bss.xNumOfOverflows  tasks.o
    0x20002a24        -       0x00000004   Zero   RW          351    .bss.xNumberOfSuccessfulAllocations  heap_4.o
    0x20002a28        -       0x00000004   Zero   RW          352    .bss.xNumberOfSuccessfulFrees  heap_4.o
    0x20002a2c        -       0x00000004   Zero   RW          643    .bss.xPendedTicks   tasks.o
    0x20002a30        -       0x00000014   Zero   RW          639    .bss.xPendingReadyList  tasks.o
    0x20002a44        -       0x00000004   Zero   RW          632    .bss.xSchedulerRunning  tasks.o
    0x20002a48        -       0x00000008   Zero   RW          349    .bss.xStart         heap_4.o
    0x20002a50        -       0x00000014   Zero   RW          636    .bss.xSuspendedTaskList  tasks.o
    0x20002a64        -       0x00000014   Zero   RW          629    .bss.xTasksWaitingTermination  tasks.o
    0x20002a78        -       0x00000004   Zero   RW          633    .bss.xTickCount     tasks.o
    0x20002a7c        -       0x00000004   Zero   RW          706    .bss.xTimerQueue    timers.o
    0x20002a80        -       0x00000004   Zero   RW          708    .bss.xTimerTaskHandle  timers.o
    0x20002a84        -       0x00000004   Zero   RW          638    .bss.xYieldPending  tasks.o
    0x20002a88        -       0x00000200   Zero   RW          729    HEAP                startup_stm32f10x_md.o
    0x20002c88        -       0x00000400   Zero   RW          728    STACK               startup_stm32f10x_md.o


==============================================================================

Image component sizes


      Code (inc. data)   RO Data    RW Data    ZI Data      Debug   Object Name

       824          0         12          0          0       5870   analog_monitor.o
       526          0         12          0          0       4377   analog_out.o
       346          0         32          0          0       4221   coil.o
        64          0          0          0          0       1804   common.o
       536          0         44          0          0       5415   custom_timer.o
       226          0          0          0          0       2288   gpio_common.o
       880          0          0          0      10268       4068   heap_4.o
      1132          0          0          0          0       7822   init.o
       216          0          0          0          0       1901   led_task.o
       238          0          0          0          0       2050   list.o
       514          0         24         21        168       6261   main.o
       510         12          0          4          0       2489   port.o
      1124          0          0          0          0      12159   queue.o
       202          0         12          0          0       3083   simple_input.o
        64         26        236          0       1536        824   startup_stm32f10x_md.o
       690          0         16          4          0       2944   system_stm32f10x.o
      3694          0          9          0        260      21776   tasks.o
      1148         10          8          0         60       7648   timers.o

    ----------------------------------------------------------------------
     13090         60        442         32      12292      97000   Object Totals
         0          0         32          0          0          0   (incl. Generated)
       156         12          5          3          0          0   (incl. Padding)

    ----------------------------------------------------------------------

      Code (inc. data)   RO Data    RW Data    ZI Data      Debug   Library Member Name

         8          0          0          0          0         68   __main.o
         0          0          0          0          0          0   __rtentry.o
        12          0          0          0          0          0   __rtentry2.o
         6          0          0          0          0          0   __rtentry4.o
        52          8          0          0          0          0   __scatter.o
        26          0          0          0          0          0   __scatter_copy.o
        28          0          0          0          0          0   __scatter_zi.o
        22          0          0          0          0         80   abort.o
        46          0          0          0          0         84   aeabi_atexit.o
        16          0          0          0          0         68   aeabi_memset4.o
        10          0          0          0          0         68   cxa_atexit.o
        66          0          0          0          0         84   cxa_finalize.o
        48         34          0          0          0         76   defsig_abrt_inner.o
        14          0          0          0          0         80   defsig_abrt_outer.o
        10          0          0          0          0         68   defsig_exit.o
        50          0          0          0          0         88   defsig_general.o
        80         58          0          0          0         76   defsig_rtmem_inner.o
        14          0          0          0          0         80   defsig_rtmem_outer.o
        18          0          0          0          0         80   exit.o
        94          0          0          0          0         80   h1_alloc.o
        52          0          0          0          0         68   h1_extend.o
        78          0          0          0          0         80   h1_free.o
        14          0          0          0          0         84   h1_init.o
         6          0          0          0          0        152   heapauxi.o
         4          0          0          0          0        136   hguard.o
         0          0          0          0          0          0   indicate_semi.o
        36          8          0          0          0         80   init_aeabi.o
       138          0          0          0          0        168   init_alloc.o
         2          0          0          0          0          0   libinit.o
        14          0          0          0          0          0   libinit2.o
         2          0          0          0          0          0   libshutdown.o
         8          0          0          0          0          0   libshutdown2.o
         8          4          0          0         96         68   libspace.o
         0          0          0          0          0          0   maybetermalloc1.o
         8          4          0          0          0         68   rt_ddtor_pointer_addr_intlibspace.o
         8          4          0          0          0         68   rt_heap_descriptor_intlibspace.o
        68          0          0          0          0         68   rt_memclr.o
        78          0          0          0          0         80   rt_memclr_w.o
       138          0          0          0          0         68   rt_memcpy_v6.o
       100          0          0          0          0         80   rt_memcpy_w.o
         2          0          0          0          0          0   rtexit.o
        10          0          0          0          0          0   rtexit2.o
        12          4          0          0          0         68   sys_exit.o
        74          0          0          0          0         80   sys_stackheap_outer.o
        14          0          0          0          0         76   sys_wrch.o
         2          0          0          0          0         68   use_no_semi.o
        98          4          0          0          0         92   d2f.o
       692        140          0          0          0        216   ddiv.o
        94          4          0          0          0         92   dfix.o
        38          0          0          0          0         68   dflt_clz.o
       156          4          0          0          0         92   dnaninf.o
        12          0          0          0          0         68   dretinf.o
        86          4          0          0          0         84   f2d.o
       430          8          0          0          0        168   faddsub_clz.o
        84          0          0          0          0        196   fcmp.o
        24          0          0          0          0         68   fcmpi.o
       388         76          0          0          0         96   fdiv.o
       104          4          0          0          0         84   feqf.o
        48          0          0          0          0         68   fflt_clz.o
       104          4          0          0          0         84   fgeqf.o
       104          4          0          0          0         84   fleqf.o
       258          4          0          0          0         84   fmul.o
       140          4          0          0          0         84   fnaninf.o
        10          0          0          0          0         68   fretinf.o
         0          0          0          0          0          0   usenofp.o
        46          0          0          0          0        380   new.cpp.o
         4          0          0          0          0         36   abort_message.cpp.o
         0          0          0          0          4          0   cxa_default_handlers.cpp.o
        12          0          0          0          0        132   cxa_handlers.cpp.o
        40         32          0          0          0         52   cxa_virtual.cpp.o

    ----------------------------------------------------------------------
      4488        416          0          0        100       5036   Library Totals
        20          0          0          0          0          0   (incl. Padding)

    ----------------------------------------------------------------------

      Code (inc. data)   RO Data    RW Data    ZI Data      Debug   Library Name

      1496        124          0          0         96       2640   c_w.l
      2870        260          0          0          0       1796   fz_ws.l
        46          0          0          0          0        380   libcpp_w.l
        56         32          0          0          4        220   libcppabi_w.l

    ----------------------------------------------------------------------
      4488        416          0          0        100       5036   Library Totals

    ----------------------------------------------------------------------

==============================================================================


      Code (inc. data)   RO Data    RW Data    ZI Data      Debug   

     17578        476        442         32      12392      99188   Grand Totals
     17578        476        442         32      12392      99188   ELF Image Totals
     17578        476        442         32          0          0   ROM Totals

==============================================================================

    Total RO  Size (Code + RO Data)                18020 (  17.60kB)
    Total RW  Size (RW Data + ZI Data)             12424 (  12.13kB)
    Total ROM Size (Code + RO Data + RW Data)      18052 (  17.63kB)

==============================================================================

