Component: Arm Compiler for Embedded 6.18 Tool: armlink [5e4cc100]

==============================================================================

Section Cross References

    main.o(.text.__cxx_global_var_init) refers to main.o(.bss.B1) for B1
    main.o(.text.__cxx_global_var_init) refers to simple_input.o(.text._ZN18SimpleInputDelayedC2EP12GPIO_TypeDefht) for SimpleInputDelayed::SimpleInputDelayed(GPIO_TypeDef*, unsigned char, unsigned short)
    main.o(.ARM.exidx.text.__cxx_global_var_init) refers to main.o(.text.__cxx_global_var_init) for [Anonymous Symbol]
    main.o(.text.__cxx_global_var_init.1) refers to main.o(.bss.H1) for H1
    main.o(.text.__cxx_global_var_init.1) refers to simple_input.o(.text._ZN18SimpleInputDelayedC2EP12GPIO_TypeDefht) for SimpleInputDelayed::SimpleInputDelayed(GPIO_TypeDef*, unsigned char, unsigned short)
    main.o(.ARM.exidx.text.__cxx_global_var_init.1) refers to main.o(.text.__cxx_global_var_init.1) for [Anonymous Symbol]
    main.o(.text.__cxx_global_var_init.2) refers to main.o(.bss.B2) for B2
    main.o(.text.__cxx_global_var_init.2) refers to simple_input.o(.text._ZN18SimpleInputDelayedC2EP12GPIO_TypeDefht) for SimpleInputDelayed::SimpleInputDelayed(GPIO_TypeDef*, unsigned char, unsigned short)
    main.o(.ARM.exidx.text.__cxx_global_var_init.2) refers to main.o(.text.__cxx_global_var_init.2) for [Anonymous Symbol]
    main.o(.text.__cxx_global_var_init.3) refers to main.o(.bss.H2) for H2
    main.o(.text.__cxx_global_var_init.3) refers to simple_input.o(.text._ZN18SimpleInputDelayedC2EP12GPIO_TypeDefht) for SimpleInputDelayed::SimpleInputDelayed(GPIO_TypeDef*, unsigned char, unsigned short)
    main.o(.ARM.exidx.text.__cxx_global_var_init.3) refers to main.o(.text.__cxx_global_var_init.3) for [Anonymous Symbol]
    main.o(.text.__cxx_global_var_init.4) refers to main.o(.bss.B3) for B3
    main.o(.text.__cxx_global_var_init.4) refers to simple_input.o(.text._ZN18SimpleInputDelayedC2EP12GPIO_TypeDefht) for SimpleInputDelayed::SimpleInputDelayed(GPIO_TypeDef*, unsigned char, unsigned short)
    main.o(.ARM.exidx.text.__cxx_global_var_init.4) refers to main.o(.text.__cxx_global_var_init.4) for [Anonymous Symbol]
    main.o(.text.__cxx_global_var_init.5) refers to main.o(.bss.H3) for H3
    main.o(.text.__cxx_global_var_init.5) refers to simple_input.o(.text._ZN18SimpleInputDelayedC2EP12GPIO_TypeDefht) for SimpleInputDelayed::SimpleInputDelayed(GPIO_TypeDef*, unsigned char, unsigned short)
    main.o(.ARM.exidx.text.__cxx_global_var_init.5) refers to main.o(.text.__cxx_global_var_init.5) for [Anonymous Symbol]
    main.o(.text.__cxx_global_var_init.6) refers to main.o(.bss.S4) for S4
    main.o(.text.__cxx_global_var_init.6) refers to simple_input.o(.text._ZN18SimpleInputDelayedC2EP12GPIO_TypeDefht) for SimpleInputDelayed::SimpleInputDelayed(GPIO_TypeDef*, unsigned char, unsigned short)
    main.o(.ARM.exidx.text.__cxx_global_var_init.6) refers to main.o(.text.__cxx_global_var_init.6) for [Anonymous Symbol]
    main.o(.text.__cxx_global_var_init.7) refers to main.o(.bss.S5) for S5
    main.o(.text.__cxx_global_var_init.7) refers to simple_input.o(.text._ZN18SimpleInputDelayedC2EP12GPIO_TypeDefht) for SimpleInputDelayed::SimpleInputDelayed(GPIO_TypeDef*, unsigned char, unsigned short)
    main.o(.ARM.exidx.text.__cxx_global_var_init.7) refers to main.o(.text.__cxx_global_var_init.7) for [Anonymous Symbol]
    main.o(.text.__cxx_global_var_init.8) refers to main.o(.bss.S6) for S6
    main.o(.text.__cxx_global_var_init.8) refers to simple_input.o(.text._ZN18SimpleInputDelayedC2EP12GPIO_TypeDefht) for SimpleInputDelayed::SimpleInputDelayed(GPIO_TypeDef*, unsigned char, unsigned short)
    main.o(.ARM.exidx.text.__cxx_global_var_init.8) refers to main.o(.text.__cxx_global_var_init.8) for [Anonymous Symbol]
    main.o(.text.__cxx_global_var_init.9) refers to main.o(.bss.C1) for C1
    main.o(.text.__cxx_global_var_init.9) refers to coil.o(.text._ZN4CoilC2EP12GPIO_TypeDefh) for Coil::Coil(GPIO_TypeDef*, unsigned char)
    main.o(.ARM.exidx.text.__cxx_global_var_init.9) refers to main.o(.text.__cxx_global_var_init.9) for [Anonymous Symbol]
    main.o(.text.__cxx_global_var_init.10) refers to main.o(.bss.O1) for O1
    main.o(.text.__cxx_global_var_init.10) refers to coil.o(.text._ZN4CoilC2EP12GPIO_TypeDefh) for Coil::Coil(GPIO_TypeDef*, unsigned char)
    main.o(.ARM.exidx.text.__cxx_global_var_init.10) refers to main.o(.text.__cxx_global_var_init.10) for [Anonymous Symbol]
    main.o(.text.__cxx_global_var_init.11) refers to main.o(.bss.D1) for D1
    main.o(.text.__cxx_global_var_init.11) refers to coil.o(.text._ZN4CoilC2EP12GPIO_TypeDefh) for Coil::Coil(GPIO_TypeDef*, unsigned char)
    main.o(.ARM.exidx.text.__cxx_global_var_init.11) refers to main.o(.text.__cxx_global_var_init.11) for [Anonymous Symbol]
    main.o(.text.__cxx_global_var_init.12) refers to main.o(.bss.M1) for M1
[...]
    __fp_init_empty                          0x00000000   Number         0  fpinit_empty.o ABSOLUTE
    __ARM_exceptions_init                     - Undefined Weak Reference
    __alloca_initialize                       - Undefined Weak Reference
    __arm_preinit_                            - Undefined Weak Reference
    __arm_relocate_pie_                       - Undefined Weak Reference
    __cxa_finalize                            - Undefined Weak Reference
    __rt_locale                               - Undefined Weak Reference
    __sigvec_lookup                           - Undefined Weak Reference
    _atexit_init                              - Undefined Weak Reference
    _call_atexit_fns                          - Undefined Weak Reference
    _clock_init                               - Undefined Weak Reference
    _fp_trap_init                             - Undefined Weak Reference
    _fp_trap_shutdown                         - Undefined Weak Reference
    _get_lc_collate                           - Undefined Weak Reference
    _get_lc_ctype                             - Undefined Weak Reference
    _get_lc_monetary                          - Undefined Weak Reference
    _get_lc_numeric                           - Undefined Weak Reference
    _get_lc_time                              - Undefined Weak Reference
    _getenv_init                              - Undefined Weak Reference
    _handle_redirection                       - Undefined Weak Reference
    _init_alloc                               - Undefined Weak Reference
    _init_user_alloc                          - Undefined Weak Reference
    _initio                                   - Undefined Weak Reference
    _rand_init                                - Undefined Weak Reference
    _signal_finish                            - Undefined Weak Reference
    _signal_init                              - Undefined Weak Reference
    _terminate_alloc                          - Undefined Weak Reference
    _terminate_user_alloc                     - Undefined Weak Reference
    _terminateio                              - Undefined Weak Reference
    __Vectors_Size                           0x000000ec   Number         0  startup_stm32f10x_md.o ABSOLUTE
    __Vectors                                0x08000000   Data           4  startup_stm32f10x_md.o(RESET)
    __Vectors_End                            0x080000ec   Data           0  startup_stm32f10x_md.o(RESET)
    __main                                   0x080000ed   Thumb Code     8  __main.o(!!!main)
    __scatterload                            0x080000f5   Thumb Code     0  __scatter.o(!!!scatter)
    __scatterload_rt2                        0x080000f5   Thumb Code    44  __scatter.o(!!!scatter)
    __scatterload_rt2_thumb_only             0x080000f5   Thumb Code     0  __scatter.o(!!!scatter)
    __scatterload_null                       0x08000103   Thumb Code     0  __scatter.o(!!!scatter)
    __scatterload_copy                       0x08000129   Thumb Code    26  __scatter_copy.o(!!handler_copy)
    __scatterload_zeroinit                   0x08000145   Thumb Code    28  __scatter_zi.o(!!handler_zi)
    __rt_lib_init                            0x08000161   Thumb Code     0  libinit.o(.ARM.Collect$$libinit$$00000000)
    __rt_lib_init_alloca_1                   0x08000163   Thumb Code     0  libinit2.o(.ARM.Collect$$libinit$$00000030)
    __rt_lib_init_argv_1                     0x08000163   Thumb Code     0  libinit2.o(.ARM.Collect$$libinit$$0000002E)
    __rt_lib_init_atexit_1                   0x08000163   Thumb Code     0  libinit2.o(.ARM.Collect$$libinit$$0000001D)
    __rt_lib_init_clock_1                    0x08000163   Thumb Code     0  libinit2.o(.ARM.Collect$$libinit$$00000023)
    __rt_lib_init_cpp_2                      0x08000163   Thumb Code     0  libinit2.o(.ARM.Collect$$libinit$$00000033)
    __rt_lib_init_exceptions_1               0x08000163   Thumb Code     0  libinit2.o(.ARM.Collect$$libinit$$00000032)
    __rt_lib_init_fp_1                       0x08000163   Thumb Code     0  libinit2.o(.ARM.Collect$$libinit$$00000002)
    __rt_lib_init_fp_trap_1                  0x08000163   Thumb Code     0  libinit2.o(.ARM.Collect$$libinit$$00000021)
    __rt_lib_init_getenv_1                   0x08000163   Thumb Code     0  libinit2.o(.ARM.Collect$$libinit$$00000025)
    __rt_lib_init_heap_1                     0x08000163   Thumb Code     0  libinit2.o(.ARM.Collect$$libinit$$0000000C)
    __rt_lib_init_lc_collate_1               0x08000163   Thumb Code     0  libinit2.o(.ARM.Collect$$libinit$$00000013)
    __rt_lib_init_lc_ctype_1                 0x08000163   Thumb Code     0  libinit2.o(.ARM.Collect$$libinit$$00000015)
    __rt_lib_init_lc_monetary_1              0x08000163   Thumb Code     0  libinit2.o(.ARM.Collect$$libinit$$00000017)
    __rt_lib_init_lc_numeric_1               0x08000163   Thumb Code     0  libinit2.o(.ARM.Collect$$libinit$$00000019)
    __rt_lib_init_lc_time_1                  0x08000163   Thumb Code     0  libinit2.o(.ARM.Collect$$libinit$$0000001B)
    __rt_lib_init_preinit_1                  0x08000163   Thumb Code     0  libinit2.o(.ARM.Collect$$libinit$$00000006)
    __rt_lib_init_rand_1                     0x08000163   Thumb Code     0  libinit2.o(.ARM.Collect$$libinit$$00000010)
    __rt_lib_init_relocate_pie_1             0x08000163   Thumb Code     0  libinit2.o(.ARM.Collect$$libinit$$00000004)
    __rt_lib_init_signal_1                   0x08000163   Thumb Code     0  libinit2.o(.ARM.Collect$$libinit$$0000001F)
    __rt_lib_init_stdio_1                    0x08000163   Thumb Code     0  libinit2.o(.ARM.Collect$$libinit$$00000027)
    __rt_lib_init_user_alloc_1               0x08000163   Thumb Code     0  libinit2.o(.ARM.Collect$$libinit$$0000000E)
    __rt_lib_init_cpp_1                      0x08000167   Thumb Code     0  libinit2.o(.ARM.Collect$$libinit$$00000034)
    __rt_lib_init_return                     0x08000167   Thumb Code     0  libinit2.o(.ARM.Collect$$libinit$$00000035)
    __rt_lib_shutdown                        0x08000169   Thumb Code     0  libshutdown.o(.ARM.Collect$$libshutdown$$00000000)
    __rt_lib_shutdown_cpp_1                  0x0800016b   Thumb Code     0  libshutdown2.o(.ARM.Collect$$libshutdown$$00000002)
    __rt_lib_shutdown_fp_trap_1              0x0800016b   Thumb Code     0  libshutdown2.o(.ARM.Collect$$libshutdown$$00000007)
    __rt_lib_shutdown_heap_1                 0x0800016b   Thumb Code     0  libshutdown2.o(.ARM.Collect$$libshutdown$$0000000F)
    __rt_lib_shutdown_return                 0x0800016b   Thumb Code     0  libshutdown2.o(.ARM.Collect$$libshutdown$$00000010)
    __rt_lib_shutdown_signal_1               0x0800016b   Thumb Code     0  libshutdown2.o(.ARM.Collect$$libshutdown$$0000000A)
    __rt_lib_shutdown_stdio_1                0x0800016b   Thumb Code     0  libshutdown2.o(.ARM.Collect$$libshutdown$$00000004)
    __rt_lib_shutdown_user_alloc_1           0x0800016b   Thumb Code     0  libshutdown2.o(.ARM.Collect$$libshutdown$$0000000C)
    __rt_entry                               0x0800016d   Thumb Code     0  __rtentry.o(.ARM.Collect$$rtentry$$00000000)
    __rt_entry_presh_1                       0x0800016d   Thumb Code     0  __rtentry2.o(.ARM.Collect$$rtentry$$00000002)
    __rt_entry_sh                            0x0800016d   Thumb Code     0  __rtentry4.o(.ARM.Collect$$rtentry$$00000004)
    __rt_entry_li                            0x08000173   Thumb Code     0  __rtentry2.o(.ARM.Collect$$rtentry$$0000000A)
    __rt_entry_postsh_1                      0x08000173   Thumb Code     0  __rtentry2.o(.ARM.Collect$$rtentry$$00000009)
    __rt_entry_main                          0x08000177   Thumb Code     0  __rtentry2.o(.ARM.Collect$$rtentry$$0000000D)
    __rt_entry_postli_1                      0x08000177   Thumb Code     0  __rtentry2.o(.ARM.Collect$$rtentry$$0000000C)
    __rt_exit                                0x0800017f   Thumb Code     0  rtexit.o(.ARM.Collect$$rtexit$$00000000)
    __rt_exit_ls                             0x08000181   Thumb Code     0  rtexit2.o(.ARM.Collect$$rtexit$$00000003)
    __rt_exit_prels_1                        0x08000181   Thumb Code     0  rtexit2.o(.ARM.Collect$$rtexit$$00000002)
    __rt_exit_exit                           0x08000185   Thumb Code     0  rtexit2.o(.ARM.Collect$$rtexit$$00000004)
    Reset_Handler                            0x0800018d   Thumb Code     8  startup_stm32f10x_md.o(.text)
    NMI_Handler                              0x08000195   Thumb Code     2  startup_stm32f10x_md.o(.text)
    HardFault_Handler                        0x08000197   Thumb Code     2  startup_stm32f10x_md.o(.text)
    MemManage_Handler                        0x08000199   Thumb Code     2  startup_stm32f10x_md.o(.text)
    BusFault_Handler                         0x0800019b   Thumb Code     2  startup_stm32f10x_md.o(.text)
    UsageFault_Handler                       0x0800019d   Thumb Code     2  startup_stm32f10x_md.o(.text)
    DebugMon_Handler                         0x080001a1   Thumb Code     2  startup_stm32f10x_md.o(.text)
    ADC1_2_IRQHandler                        0x080001a7   Thumb Code     0  startup_stm32f10x_md.o(.text)
    CAN1_RX1_IRQHandler                      0x080001a7   Thumb Code     0  startup_stm32f10x_md.o(.text)
    CAN1_SCE_IRQHandler                      0x080001a7   Thumb Code     0  startup_stm32f10x_md.o(.text)
    DMA1_Channel1_IRQHandler                 0x080001a7   Thumb Code     0  startup_stm32f10x_md.o(.text)
    DMA1_Channel2_IRQHandler                 0x080001a7   Thumb Code     0  startup_stm32f10x_md.o(.text)
    DMA1_Channel3_IRQHandler                 0x080001a7   Thumb Code     0  startup_stm32f10x_md.o(.text)
    DMA1_Channel4_IRQHandler                 0x080001a7   Thumb Code     0  startup_stm32f10x_md.o(.text)
    DMA1_Channel5_IRQHandler                 0x080001a7   Thumb Code     0  startup_stm32f10x_md.o(.text)
    DMA1_Channel6_IRQHandler                 0x080001a7   Thumb Code     0  startup_stm32f10x_md.o(.text)
    DMA1_Channel7_IRQHandler                 0x080001a7   Thumb Code     0  startup_stm32f10x_md.o(.text)
    EXTI0_IRQHandler                         0x080001a7   Thumb Code     0  startup_stm32f10x_md.o(.text)
    EXTI15_10_IRQHandler                     0x080001a7   Thumb Code     0  startup_stm32f10x_md.o(.text)
    EXTI1_IRQHandler                         0x080001a7   Thumb Code     0  startup_stm32f10x_md.o(.text)
    EXTI2_IRQHandler                         0x080001a7   Thumb Code     0  startup_stm32f10x_md.o(.text)
    EXTI3_IRQHandler                         0x080001a7   Thumb Code     0  startup_stm32f10x_md.o(.text)
    EXTI4_IRQHandler                         0x080001a7   Thumb Code     0  startup_stm32f10x_md.o(.text)
    EXTI9_5_IRQHandler                       0x080001a7   Thumb Code     0  startup_stm32f10x_md.o(.text)
    FLASH_IRQHandler                         0x080001a7   Thumb Code     0  startup_stm32f10x_md.o(.text)
    I2C1_ER_IRQHandler                       0x080001a7   Thumb Code     0  startup_stm32f10x_md.o(.text)
    I2C1_EV_IRQHandler                       0x080001a7   Thumb Code     0  startup_stm32f10x_md.o(.text)
    I2C2_ER_IRQHandler                       0x080001a7   Thumb Code     0  startup_stm32f10x_md.o(.text)
    I2C2_EV_IRQHandler                       0x080001a7   Thumb Code     0  startup_stm32f10x_md.o(.text)
    PVD_IRQHandler                           0x080001a7   Thumb Code     0  startup_stm32f10x_md.o(.text)
    RCC_IRQHandler                           0x080001a7   Thumb Code     0  startup_stm32f10x_md.o(.text)
    RTCAlarm_IRQHandler                      0x080001a7   Thumb Code     0  startup_stm32f10x_md.o(.text)
    RTC_IRQHandler                           0x080001a7   Thumb Code     0  startup_stm32f10x_md.o(.text)
    SPI1_IRQHandler                          0x080001a7   Thumb Code     0  startup_stm32f10x_md.o(.text)
    SPI2_IRQHandler                          0x080001a7   Thumb Code     0  startup_stm32f10x_md.o(.text)
    TAMPER_IRQHandler                        0x080001a7   Thumb Code     0  startup_stm32f10x_md.o(.text)
    TIM1_BRK_IRQHandler                      0x080001a7   Thumb Code     0  startup_stm32f10x_md.o(.text)
    TIM1_CC_IRQHandler                       0x080001a7   Thumb Code     0  startup_stm32f10x_md.o(.text)
    TIM1_TRG_COM_IRQHandler                  0x080001a7   Thumb Code     0  startup_stm32f10x_md.o(.text)
    TIM1_UP_IRQHandler                       0x080001a7   Thumb Code     0  startup_stm32f10x_md.o(.text)
    TIM3_IRQHandler                          0x080001a7   Thumb Code     0  startup_stm32f10x_md.o(.text)
    TIM4_IRQHandler                          0x080001a7   Thumb Code     0  startup_stm32f10x_md.o(.text)
    USART1_IRQHandler                        0x080001a7   Thumb Code     0  startup_stm32f10x_md.o(.text)
    USART2_IRQHandler                        0x080001a7   Thumb Code     0  startup_stm32f10x_md.o(.text)
    USART3_IRQHandler                        0x080001a7   Thumb Code     0  startup_stm32f10x_md.o(.text)
    USBWakeUp_IRQHandler                     0x080001a7   Thumb Code     0  startup_stm32f10x_md.o(.text)
    USB_HP_CAN1_TX_IRQHandler                0x080001a7   Thumb Code     0  startup_stm32f10x_md.o(.text)
    USB_LP_CAN1_RX0_IRQHandler               0x080001a7   Thumb Code     0  startup_stm32f10x_md.o(.text)
    WWDG_IRQHandler                          0x080001a7   Thumb Code     0  startup_stm32f10x_md.o(.text)
    __user_initial_stackheap                 0x080001a9   Thumb Code     0  startup_stm32f10x_md.o(.text)
    __aeabi_memcpy                           0x080001cd   Thumb Code     0  rt_memcpy_v6.o(.text)
    __rt_memcpy                              0x080001cd   Thumb Code   138  rt_memcpy_v6.o(.text)
    _memcpy_lastbytes                        0x08000233   Thumb Code     0  rt_memcpy_v6.o(.text)
    __aeabi_memset4                          0x08000257   Thumb Code    16  aeabi_memset4.o(.text)
    __aeabi_memset8                          0x08000257   Thumb Code     0  aeabi_memset4.o(.text)
    __aeabi_memclr                           0x08000267   Thumb Code     0  rt_memclr.o(.text)
    __rt_memclr                              0x08000267   Thumb Code     0  rt_memclr.o(.text)
    _memset                                  0x0800026b   Thumb Code    64  rt_memclr.o(.text)
    __aeabi_memclr4                          0x080002ab   Thumb Code     0  rt_memclr_w.o(.text)
    __aeabi_memclr8                          0x080002ab   Thumb Code     0  rt_memclr_w.o(.text)
    __rt_memclr_w                            0x080002ab   Thumb Code     0  rt_memclr_w.o(.text)
    _memset_w                                0x080002af   Thumb Code    74  rt_memclr_w.o(.text)
    __use_two_region_memory                  0x080002f9   Thumb Code     2  heapauxi.o(.text)
    __rt_heap_escrow$2region                 0x080002fb   Thumb Code     2  heapauxi.o(.text)
    __rt_heap_expand$2region                 0x080002fd   Thumb Code     2  heapauxi.o(.text)
    __cpp_initialize__aeabi_                 0x08000301   Thumb Code    28  init_aeabi.o(.text)
    __aeabi_memcpy4                          0x08000325   Thumb Code     0  rt_memcpy_w.o(.text)
    __aeabi_memcpy8                          0x08000325   Thumb Code     0  rt_memcpy_w.o(.text)
    __rt_memcpy_w                            0x08000325   Thumb Code   100  rt_memcpy_w.o(.text)
    _memcpy_lastbytes_aligned                0x0800036d   Thumb Code     0  rt_memcpy_w.o(.text)
    abort                                    0x08000389   Thumb Code    22  abort.o(.text)
    _sys_exit                                0x080003a1   Thumb Code     8  sys_exit.o(.text)
    __user_setup_stackheap                   0x080003ad   Thumb Code    74  sys_stackheap_outer.o(.text)
    exit                                     0x080003f7   Thumb Code    18  exit.o(.text)
    __rt_SIGABRT                             0x08000409   Thumb Code    14  defsig_abrt_outer.o(.text)
    __user_libspace                          0x08000419   Thumb Code     8  libspace.o(.text)
    __user_perproc_libspace                  0x08000419   Thumb Code     0  libspace.o(.text)
    __user_perthread_libspace                0x08000419   Thumb Code     0  libspace.o(.text)
    __I$use$semihosting                      0x08000421   Thumb Code     0  use_no_semi.o(.text)
    __use_no_semihosting_swi                 0x08000421   Thumb Code     2  use_no_semi.o(.text)
    __semihosting_library_function           0x08000423   Thumb Code     0  indicate_semi.o(.text)
    __sig_exit                               0x08000423   Thumb Code    10  defsig_exit.o(.text)
    __rt_SIGABRT_inner                       0x0800042d   Thumb Code    14  defsig_abrt_inner.o(.text)
    __default_signal_display                 0x0800045d   Thumb Code    50  defsig_general.o(.text)
    _ttywrch                                 0x0800048f   Thumb Code    14  sys_wrch.o(.text)
    PendSV_Handler                           0x080004a1   Thumb Code    68  port.o(.text.PendSV_Handler)
    SVC_Handler                              0x080004f1   Thumb Code    36  port.o(.text.SVC_Handler)
    SysTick_Handler                          0x08000641   Thumb Code    60  port.o(.text.SysTick_Handler)
    SystemCoreClockUpdate                    0x0800067d   Thumb Code   290  system_stm32f10x.o(.text.SystemCoreClockUpdate)
    SystemInit                               0x080007a1   Thumb Code   102  system_stm32f10x.o(.text.SystemInit)
    TIM2_IRQHandler                          0x08000809   Thumb Code    76  main.o(.text.TIM2_IRQHandler)
    commonInit()                             0x08000925   Thumb Code    14  init.o(.text._Z10commonInitv)
    getPosition(unsigned int)                0x08000935   Thumb Code    64  common.o(.text._Z11getPositionj)
    void setRegister<unsigned int volatile>(unsigned int volatile*, unsigned int, unsigned int) 0x08000975   Thumb Code    32  init.o(.text._Z11setRegisterIVjEvPT_jj)
    resetCHBsteps()                          0x08000995   Thumb Code    88  common_for_tasks.o(.text._Z13resetCHBstepsv)
    pushSeqInQueue(Sequence*)                0x080009ed   Thumb Code   138  common_for_tasks.o(.text._Z14pushSeqInQueueP8Sequence)
    getSeqFromQueue()                        0x08000a79   Thumb Code   100  common_for_tasks.o(.text._Z15getSeqFromQueuev)
    void setBitsInRegister<unsigned int volatile>(unsigned int volatile*, unsigned int, unsigned int) 0x08000add   Thumb Code    68  coil.o(.text._Z17setBitsInRegisterIVjEvPT_jj)
    deleteSeqFromQueue(Sequence*)            0x08000b21   Thumb Code    94  common_for_tasks.o(.text._Z18deleteSeqFromQueueP8Sequence)
    CHBTask(void*)                           0x08000b81   Thumb Code   320  chb.o(.text._Z7CHBTaskPv)
    OB1Task(void*)                           0x08000cc1   Thumb Code   792  ob1.o(.text._Z7OB1TaskPv)
    OB2Task(void*)                           0x08000fd9   Thumb Code   792  ob2.o(.text._Z7OB2TaskPv)
    OB3Task(void*)                           0x080012f1   Thumb Code   792  ob3.o(.text._Z7OB3TaskPv)
    rccInit()                                0x08001609   Thumb Code   190  init.o(.text._Z7rccInitv)
    tickInit()                               0x080016c9   Thumb Code    88  init.o(.text._Z8tickInitv)
    GPIOcommon::GPIOcommon(GPIO_TypeDef*, unsigned char) 0x080019b1   Thumb Code   226  gpio_common.o(.text._ZN10GPIOcommonC2EP12GPIO_TypeDefh)
    GPIOcommon::GPIOcommon__sub_object(GPIO_TypeDef*, unsigned char) 0x080019b1   Thumb Code   226  gpio_common.o(.text._ZN10GPIOcommonC2EP12GPIO_TypeDefh)
    CommonTimer::notStarted()                0x08001a95   Thumb Code    16  common_timer.o(.text._ZN11CommonTimer10notStartedEv)
    CommonTimer::notFinished()               0x08001aa5   Thumb Code    22  common_timer.o(.text._ZN11CommonTimer11notFinishedEv)
    CommonTimer::stop()                      0x08001abd   Thumb Code    24  common_timer.o(.text._ZN11CommonTimer4stopEv)
    CommonTimer::pause()                     0x08001ad5   Thumb Code    14  common_timer.o(.text._ZN11CommonTimer5pauseEv)
    CommonTimer::reset()                     0x08001ae5   Thumb Code    16  common_timer.o(.text._ZN11CommonTimer5resetEv)
    CommonTimer::start()                     0x08001af5   Thumb Code    14  common_timer.o(.text._ZN11CommonTimer5startEv)
    CommonTimer::inWork()                    0x08001b05   Thumb Code    46  common_timer.o(.text._ZN11CommonTimer6inWorkEv)
    CommonTimer::isFree()                    0x08001b35   Thumb Code    44  common_timer.o(.text._ZN11CommonTimer6isFreeEv)
    CommonTimer::update()                    0x08001b61   Thumb Code    56  common_timer.o(.text._ZN11CommonTimer6updateEv)
    CommonTimer::started()                   0x08001b99   Thumb Code    16  common_timer.o(.text._ZN11CommonTimer7startedEv)
    CommonTimer::finished()                  0x08001ba9   Thumb Code    22  common_timer.o(.text._ZN11CommonTimer8finishedEv)
    CommonTimer::setStart(bool)              0x08001bc1   Thumb Code    44  common_timer.o(.text._ZN11CommonTimer8setStartEb)
    CommonTimer::CommonTimer(unsigned int)   0x08001bed   Thumb Code    28  common_timer.o(.text._ZN11CommonTimerC2Ej)
    CommonTimer::CommonTimer__sub_object(unsigned int) 0x08001bed   Thumb Code    28  common_timer.o(.text._ZN11CommonTimerC2Ej)
    IUpdated1ms::IUpdated1ms__sub_object()   0x08001c09   Thumb Code    22  coil.o(.text._ZN11IUpdated1msC2Ev)
    SimpleInput::isNotActive()               0x08001c21   Thumb Code    22  simple_input.o(.text._ZN11SimpleInput11isNotActiveEv)
    SimpleInput::isActive()                  0x08001c39   Thumb Code    64  simple_input.o(.text._ZN11SimpleInput8isActiveEv)
    SimpleInput::SimpleInput(GPIO_TypeDef*, unsigned char) 0x08001c79   Thumb Code   152  simple_input.o(.text._ZN11SimpleInputC2EP12GPIO_TypeDefh)
    SimpleInput::SimpleInput__sub_object(GPIO_TypeDef*, unsigned char) 0x08001c79   Thumb Code   152  simple_input.o(.text._ZN11SimpleInputC2EP12GPIO_TypeDefh)
    ProgrammCoil::isActive()                 0x08001d11   Thumb Code    16  coil.o(.text._ZN12ProgrammCoil8isActiveEv)
    ProgrammCoil::setValue(bool)             0x08001d21   Thumb Code    24  coil.o(.text._ZN12ProgrammCoil8setValueEb)
    ProgrammCoil::ProgrammCoil__sub_object() 0x08001d39   Thumb Code    32  coil.o(.text._ZN12ProgrammCoilC2Ev)
    SequenceDelayed::update1ms()             0x08001d59   Thumb Code    66  sequence.o(.text._ZN15SequenceDelayed9update1msEv)
    SequenceDelayed::SequenceDelayed(unsigned char*, unsigned char, unsigned int) 0x08001d9d   Thumb Code    70  sequence.o(.text._ZN15SequenceDelayedC2EPhhj)
    SequenceDelayed::SequenceDelayed__sub_object(unsigned char*, unsigned char, unsigned int) 0x08001d9d   Thumb Code    70  sequence.o(.text._ZN15SequenceDelayedC2EPhhj)
    SimpleInputDelayed::isActive()           0x08001de5   Thumb Code    16  simple_input.o(.text._ZN18SimpleInputDelayed8isActiveEv)
    SimpleInputDelayed::update1ms()          0x08001df5   Thumb Code    34  simple_input.o(.text._ZN18SimpleInputDelayed9update1msEv)
    SimpleInputDelayed::SimpleInputDelayed(GPIO_TypeDef*, unsigned char, unsigned short) 0x08001e19   Thumb Code    80  simple_input.o(.text._ZN18SimpleInputDelayedC2EP12GPIO_TypeDefht)
    SimpleInputDelayed::SimpleInputDelayed__sub_object(GPIO_TypeDef*, unsigned char, unsigned short) 0x08001e19   Thumb Code    80  simple_input.o(.text._ZN18SimpleInputDelayedC2EP12GPIO_TypeDefht)
    Coil::isActive()                         0x08001e69   Thumb Code    22  coil.o(.text._ZN4Coil8isActiveEv)
    Coil::setValue(bool)                     0x08001e81   Thumb Code    66  coil.o(.text._ZN4Coil8setValueEb)
    Coil::Coil(GPIO_TypeDef*, unsigned char) 0x08001ec5   Thumb Code   118  coil.o(.text._ZN4CoilC2EP12GPIO_TypeDefh)
    Coil::Coil__sub_object(GPIO_TypeDef*, unsigned char) 0x08001ec5   Thumb Code   118  coil.o(.text._ZN4CoilC2EP12GPIO_TypeDefh)
    Coil::operator=(bool)                    0x08001f3d   Thumb Code    34  coil.o(.text._ZN4CoilaSEb)
    Pulse::get()                             0x08001f61   Thumb Code    16  pulse.o(.text._ZN5Pulse3getEv)
    Pulse::set(bool)                         0x08001f71   Thumb Code    72  pulse.o(.text._ZN5Pulse3setEb)
    Pulse::update1ms()                       0x08001fb9   Thumb Code    36  pulse.o(.text._ZN5Pulse9update1msEv)
    Pulse::Pulse(unsigned int)               0x08001fdd   Thumb Code    50  pulse.o(.text._ZN5PulseC2Ej)
    Pulse::Pulse__sub_object(unsigned int)   0x08001fdd   Thumb Code    50  pulse.o(.text._ZN5PulseC2Ej)
    Pulse::operator=(bool)                   0x08002011   Thumb Code    32  pulse.o(.text._ZN5PulseaSEb)
    ISwitch::ISwitch__sub_object()           0x08002031   Thumb Code    22  coil.o(.text._ZN7ISwitchC2Ev)
    Sequence::finishedImpulse()              0x08002049   Thumb Code    16  sequence.o(.text._ZN8Sequence15finishedImpulseEv)
    Sequence::lock(bool)                     0x08002059   Thumb Code    24  sequence.o(.text._ZN8Sequence4lockEb)
    Sequence::reset()                        0x08002071   Thumb Code    24  sequence.o(.text._ZN8Sequence5resetEv)
    Sequence::start(bool)                    0x08002089   Thumb Code    44  sequence.o(.text._ZN8Sequence5startEb)
    Sequence::finish(bool)                   0x080020b5   Thumb Code    68  sequence.o(.text._ZN8Sequence6finishEb)
    Sequence::locked()                       0x080020f9   Thumb Code    16  sequence.o(.text._ZN8Sequence6lockedEv)
    Sequence::started()                      0x08002109   Thumb Code    42  sequence.o(.text._ZN8Sequence7startedEv)
    Sequence::isMyStep()                     0x08002135   Thumb Code    24  sequence.o(.text._ZN8Sequence8isMyStepEv)
    Sequence::Sequence(unsigned char*, unsigned char) 0x0800214d   Thumb Code    38  sequence.o(.text._ZN8SequenceC2EPhh)
    Sequence::Sequence__sub_object(unsigned char*, unsigned char) 0x0800214d   Thumb Code    38  sequence.o(.text._ZN8SequenceC2EPhh)
    CoilPulse::isActive()                    0x08002175   Thumb Code    18  coil.o(.text._ZN9CoilPulse8isActiveEv)
    CoilPulse::setValue(bool)                0x08002189   Thumb Code    28  coil.o(.text._ZN9CoilPulse8setValueEb)
    CoilPulse::update1ms()                   0x080021a5   Thumb Code    38  coil.o(.text._ZN9CoilPulse9update1msEv)
    CoilPulse::CoilPulse(GPIO_TypeDef*, unsigned char, unsigned short) 0x080021cd   Thumb Code    80  coil.o(.text._ZN9CoilPulseC2EP12GPIO_TypeDefht)
    CoilPulse::CoilPulse__sub_object(GPIO_TypeDef*, unsigned char, unsigned short) 0x080021cd   Thumb Code    80  coil.o(.text._ZN9CoilPulseC2EP12GPIO_TypeDefht)
    CoilPulse::operator=(bool)               0x0800221d   Thumb Code    34  coil.o(.text._ZN9CoilPulseaSEb)
    RFimpulse::get()                         0x08002241   Thumb Code    32  rf_impulse.o(.text._ZN9RFimpulse3getEv)
    RFimpulse::set(bool)                     0x08002261   Thumb Code   138  rf_impulse.o(.text._ZN9RFimpulse3setEb)
    RFimpulse::RFimpulse(IMPULSE)            0x080022ed   Thumb Code    20  rf_impulse.o(.text._ZN9RFimpulseC2E7IMPULSE)
    RFimpulse::RFimpulse__sub_object(IMPULSE) 0x080022ed   Thumb Code    20  rf_impulse.o(.text._ZN9RFimpulseC2E7IMPULSE)
    non-virtual thunk to SimpleInputDelayed::isActive() 0x08002301   Thumb Code    14  simple_input.o(.text._ZThn16_N18SimpleInputDelayed8isActiveEv)
    non-virtual thunk to Pulse::update1ms()  0x08002311   Thumb Code    14  pulse.o(.text._ZThn16_N5Pulse9update1msEv)
    non-virtual thunk to CoilPulse::isActive() 0x08002321   Thumb Code    14  coil.o(.text._ZThn16_N9CoilPulse8isActiveEv)
    non-virtual thunk to CoilPulse::setValue(bool) 0x08002331   Thumb Code    26  coil.o(.text._ZThn16_N9CoilPulse8setValueEb)
    non-virtual thunk to SequenceDelayed::update1ms() 0x0800234d   Thumb Code    14  sequence.o(.text._ZThn28_N15SequenceDelayed9update1msEv)
    non-virtual thunk to SimpleInputDelayed::update1ms() 0x0800235d   Thumb Code    14  simple_input.o(.text._ZThn32_N18SimpleInputDelayed9update1msEv)
    non-virtual thunk to CoilPulse::update1ms() 0x0800236d   Thumb Code    14  coil.o(.text._ZThn32_N9CoilPulse9update1msEv)
    __cxa_pure_virtual                       0x0800237d   Thumb Code     8  cxa_virtual.cpp.o(.text.__cxa_pure_virtual)
    abort_message                            0x08002983   Thumb Code     4  abort_message.cpp.o(.text.abort_message)
    main                                     0x08002989   Thumb Code   162  main.o(.text.main)
    pvPortMalloc                             0x0800365d   Thumb Code   390  heap_4.o(.text.pvPortMalloc)
    pxPortInitialiseStack                    0x080037e5   Thumb Code    80  port.o(.text.pxPortInitialiseStack)
    uxListRemove                             0x08003835   Thumb Code    72  list.o(.text.uxListRemove)
    vApplicationIdleHook                     0x0800387d   Thumb Code     2  main.o(.text.vApplicationIdleHook)
    vApplicationStackOverflowHook            0x08003881   Thumb Code    10  main.o(.text.vApplicationStackOverflowHook)
    vApplicationTickHook                     0x0800388d   Thumb Code     2  main.o(.text.vApplicationTickHook)
    vListInitialise                          0x08003891   Thumb Code    46  list.o(.text.vListInitialise)
    vListInitialiseItem                      0x080038c1   Thumb Code    14  list.o(.text.vListInitialiseItem)
    vListInsert                              0x080038d1   Thumb Code   106  list.o(.text.vListInsert)
    vPortEnterCritical                       0x0800393d   Thumb Code    48  port.o(.text.vPortEnterCritical)
    vPortExitCritical                        0x0800396d   Thumb Code    38  port.o(.text.vPortExitCritical)
    vPortFree                                0x08003995   Thumb Code   118  heap_4.o(.text.vPortFree)
    vPortSetupTimerInterrupt                 0x08003a0d   Thumb Code    46  port.o(.text.vPortSetupTimerInterrupt)
    vQueueWaitForMessageRestricted           0x08003a3d   Thumb Code   100  queue.o(.text.vQueueWaitForMessageRestricted)
    vTaskDelay                               0x08003aa1   Thumb Code    74  tasks.o(.text.vTaskDelay)
    vTaskInternalSetTimeOutState             0x08003aed   Thumb Code    36  tasks.o(.text.vTaskInternalSetTimeOutState)
    vTaskMissedYield                         0x08003b11   Thumb Code    14  tasks.o(.text.vTaskMissedYield)
    vTaskPlaceOnEventList                    0x08003b21   Thumb Code    38  tasks.o(.text.vTaskPlaceOnEventList)
    vTaskPlaceOnEventListRestricted          0x08003b49   Thumb Code    96  tasks.o(.text.vTaskPlaceOnEventListRestricted)
    vTaskStartScheduler                      0x08003ba9   Thumb Code   148  tasks.o(.text.vTaskStartScheduler)
    vTaskSuspendAll                          0x08003c3d   Thumb Code    16  tasks.o(.text.vTaskSuspendAll)
    vTaskSwitchContext                       0x08003c4d   Thumb Code   236  tasks.o(.text.vTaskSwitchContext)
    xPortStartScheduler                      0x08003d39   Thumb Code    64  port.o(.text.xPortStartScheduler)
    xQueueGenericCreate                      0x08003d79   Thumb Code   126  queue.o(.text.xQueueGenericCreate)
    xQueueGenericReset                       0x08003df9   Thumb Code   208  queue.o(.text.xQueueGenericReset)
    xQueueReceive                            0x08003ec9   Thumb Code   338  queue.o(.text.xQueueReceive)
    xTaskCheckForTimeOut                     0x0800401d   Thumb Code   154  tasks.o(.text.xTaskCheckForTimeOut)
    xTaskCreate                              0x080040b9   Thumb Code   160  tasks.o(.text.xTaskCreate)
    xTaskGetTickCount                        0x08004159   Thumb Code    20  tasks.o(.text.xTaskGetTickCount)
    xTaskIncrementTick                       0x0800416d   Thumb Code   596  tasks.o(.text.xTaskIncrementTick)
    xTaskRemoveFromEventList                 0x080043c1   Thumb Code   368  tasks.o(.text.xTaskRemoveFromEventList)
    xTaskResumeAll                           0x08004531   Thumb Code   510  tasks.o(.text.xTaskResumeAll)
    xTimerCreateTimerTask                    0x08004731   Thumb Code    80  timers.o(.text.xTimerCreateTimerTask)
    AHBPrescTable                            0x08004780   Data          16  system_stm32f10x.o(.rodata.AHBPrescTable)
    vtable for CommonTimer                   0x08004790   Data          12  common_timer.o(.rodata._ZTV11CommonTimer)
    vtable for IUpdated1ms                   0x0800479c   Data          12  coil.o(.rodata._ZTV11IUpdated1ms)
    vtable for SimpleInput                   0x080047a8   Data          12  simple_input.o(.rodata._ZTV11SimpleInput)
    vtable for ProgrammCoil                  0x080047b4   Data          16  coil.o(.rodata._ZTV12ProgrammCoil)
    vtable for SequenceDelayed               0x080047c4   Data          28  sequence.o(.rodata._ZTV15SequenceDelayed)
    vtable for SimpleInputDelayed            0x080047e0   Data          44  simple_input.o(.rodata._ZTV18SimpleInputDelayed)
    vtable for Coil                          0x0800480c   Data          16  coil.o(.rodata._ZTV4Coil)
    vtable for Pulse                         0x0800481c   Data          28  pulse.o(.rodata._ZTV5Pulse)
    vtable for ISwitch                       0x08004838   Data          12  coil.o(.rodata._ZTV7ISwitch)
    vtable for CoilPulse                     0x08004844   Data          52  coil.o(.rodata._ZTV9CoilPulse)
    uxTopUsedPriority                        0x080048a8   Data           4  tasks.o(.rodata.uxTopUsedPriority)
    Region$$Table$$Base                      0x080048ac   Number         0  anon$$obj.o(Region$$Table)
    Region$$Table$$Limit                     0x080048cc   Number         0  anon$$obj.o(Region$$Table)
    SHT$$INIT_ARRAY$$Base                    0x080048cc   Number         0  main.o(.init_array)
    SHT$$INIT_ARRAY$$Limit                   0x080048d0   Number         0  init_aeabi.o(.init_array)
    SystemCoreClock                          0x20000000   Data           4  system_stm32f10x.o(.data.SystemCoreClock)
    update1msObjects                         0x20000004   Data         100  main.o(.data.update1msObjects)
    updateObjectsSize                        0x20000068   Data           1  main.o(.data.updateObjectsSize)
    __libspace_start                         0x20000070   Data          96  libspace.o(.bss)
    B1                                       0x200000d0   Data          36  main.o(.bss.B1)
    __temporary_stack_top$libspace           0x200000d0   Data           0  libspace.o(.bss)
    B2                                       0x200000f4   Data          36  main.o(.bss.B2)
    B3                                       0x20000118   Data          36  main.o(.bss.B3)
    C1                                       0x2000013c   Data          16  main.o(.bss.C1)
    C2                                       0x2000014c   Data          16  main.o(.bss.C2)
    C3                                       0x2000015c   Data          16  main.o(.bss.C3)
    CHBs0                                    0x2000016c   Data          12  main.o(.bss.CHBs0)
    CHBs1                                    0x20000178   Data          32  main.o(.bss.CHBs1)
    CHBs2                                    0x20000198   Data          12  main.o(.bss.CHBs2)
    CHBstep                                  0x200001a4   Data           1  main.o(.bss.CHBstep)
    D1                                       0x200001a8   Data          16  main.o(.bss.D1)
    D2                                       0x200001b8   Data          16  main.o(.bss.D2)
    D3                                       0x200001c8   Data          16  main.o(.bss.D3)
    D4                                       0x200001d8   Data          16  main.o(.bss.D4)
    H1                                       0x200001e8   Data          36  main.o(.bss.H1)
    H2                                       0x2000020c   Data          36  main.o(.bss.H2)
    H3                                       0x20000230   Data          36  main.o(.bss.H3)
    M1                                       0x20000254   Data          36  main.o(.bss.M1)
    M2                                       0x20000278   Data          36  main.o(.bss.M2)
    M3                                       0x2000029c   Data          36  main.o(.bss.M3)
    M6                                       0x200002c0   Data          16  main.o(.bss.M6)
    M7                                       0x200002d0   Data          16  main.o(.bss.M7)
    Me1                                      0x200002e0   Data          16  main.o(.bss.Me1)
    Me2                                      0x200002f0   Data          16  main.o(.bss.Me2)
    Me3                                      0x20000300   Data          16  main.o(.bss.Me3)
    O1                                       0x20000310   Data          16  main.o(.bss.O1)
    O2                                       0x20000320   Data          16  main.o(.bss.O2)
    O3                                       0x20000330   Data          16  main.o(.bss.O3)
    OB1s0                                    0x20000340   Data          12  main.o(.bss.OB1s0)
    OB1s1                                    0x2000034c   Data          32  main.o(.bss.OB1s1)
    OB1s2                                    0x2000036c   Data          32  main.o(.bss.OB1s2)
    OB1s3                                    0x2000038c   Data          12  main.o(.bss.OB1s3)
    OB1s4                                    0x20000398   Data          32  main.o(.bss.OB1s4)
    OB1s4MeTimer                             0x200003b8   Data          24  main.o(.bss.OB1s4MeTimer)
    OB1s5                                    0x200003d0   Data          12  main.o(.bss.OB1s5)
    OB1step                                  0x200003dc   Data           1  main.o(.bss.OB1step)
    OB2s0                                    0x200003e0   Data          12  main.o(.bss.OB2s0)
    OB2s1                                    0x200003ec   Data          32  main.o(.bss.OB2s1)
    OB2s2                                    0x2000040c   Data          32  main.o(.bss.OB2s2)
    OB2s3                                    0x2000042c   Data          12  main.o(.bss.OB2s3)
    OB2s4                                    0x20000438   Data          32  main.o(.bss.OB2s4)
    OB2s4MeTimer                             0x20000458   Data          24  main.o(.bss.OB2s4MeTimer)
    OB2s5                                    0x20000470   Data          12  main.o(.bss.OB2s5)
    OB2step                                  0x2000047c   Data           1  main.o(.bss.OB2step)
    OB3s0                                    0x20000480   Data          12  main.o(.bss.OB3s0)
    OB3s1                                    0x2000048c   Data          32  main.o(.bss.OB3s1)
    OB3s2                                    0x200004ac   Data          32  main.o(.bss.OB3s2)
    OB3s3                                    0x200004cc   Data          12  main.o(.bss.OB3s3)
    OB3s4                                    0x200004d8   Data          32  main.o(.bss.OB3s4)
    OB3s4MeTimer                             0x200004f8   Data          24  main.o(.bss.OB3s4MeTimer)
    OB3s5                                    0x20000510   Data          12  main.o(.bss.OB3s5)
    OB3step                                  0x2000051c   Data           1  main.o(.bss.OB3step)
    S4                                       0x20000520   Data          36  main.o(.bss.S4)
    S5                                       0x20000544   Data          36  main.o(.bss.S5)
    S6                                       0x20000568   Data          36  main.o(.bss.S6)
    pxCurrentTCB                             0x20000590   Data           4  tasks.o(.bss.pxCurrentTCB)
    queue                                    0x2000060c   Data          12  main.o(.bss.queue)



==============================================================================

Memory Map of the image

  Image Entry point : 0x080000ed

  Load Region LR_IROM1 (Base: 0x08000000, Size: 0x00004940, Max: 0x00010000, ABSOLUTE)

    Execution Region ER_IROM1 (Exec base: 0x08000000, Load base: 0x08000000, Size: 0x000048d0, Max: 0x00010000, ABSOLUTE)

    Exec Addr    Load Addr    Size         Type   Attr      Idx    E Section Name        Object

    0x08000000   0x08000000   0x000000ec   Data   RO         1029    RESET               startup_stm32f10x_md.o
    0x080000ec   0x080000ec   0x00000008   Code   RO         1064  * !!!main             c_w.l(__main.o)
    0x080000f4   0x080000f4   0x00000034   Code   RO         1256    !!!scatter          c_w.l(__scatter.o)
    0x08000128   0x08000128   0x0000001a   Code   RO         1258    !!handler_copy      c_w.l(__scatter_copy.o)
    0x08000142   0x08000142   0x00000002   PAD
    0x08000144   0x08000144   0x0000001c   Code   RO         1260    !!handler_zi        c_w.l(__scatter_zi.o)
    0x08000160   0x08000160   0x00000002   Code   RO         1178    .ARM.Collect$$libinit$$00000000  c_w.l(libinit.o)
    0x08000162   0x08000162   0x00000000   Code   RO         1082    .ARM.Collect$$libinit$$00000002  c_w.l(libinit2.o)
    0x08000162   0x08000162   0x00000000   Code   RO         1084    .ARM.Collect$$libinit$$00000004  c_w.l(libinit2.o)
    0x08000162   0x08000162   0x00000000   Code   RO         1086    .ARM.Collect$$libinit$$00000006  c_w.l(libinit2.o)
    0x08000162   0x08000162   0x00000000   Code   RO         1089    .ARM.Collect$$libinit$$0000000C  c_w.l(libinit2.o)
    0x08000162   0x08000162   0x00000000   Code   RO         1091    .ARM.Collect$$libinit$$0000000E  c_w.l(libinit2.o)
    0x08000162   0x08000162   0x00000000   Code   RO         1093    .ARM.Collect$$libinit$$00000010  c_w.l(libinit2.o)
    0x08000162   0x08000162   0x00000000   Code   RO         1096    .ARM.Collect$$libinit$$00000013  c_w.l(libinit2.o)
    0x08000162   0x08000162   0x00000000   Code   RO         1098    .ARM.Collect$$libinit$$00000015  c_w.l(libinit2.o)
    0x08000162   0x08000162   0x00000000   Code   RO         1100    .ARM.Collect$$libinit$$00000017  c_w.l(libinit2.o)
    0x08000162   0x08000162   0x00000000   Code   RO         1102    .ARM.Collect$$libinit$$00000019  c_w.l(libinit2.o)
    0x08000162   0x08000162   0x00000000   Code   RO         1104    .ARM.Collect$$libinit$$0000001B  c_w.l(libinit2.o)
    0x08000162   0x08000162   0x00000000   Code   RO         1106    .ARM.Collect$$libinit$$0000001D  c_w.l(libinit2.o)
    0x08000162   0x08000162   0x00000000   Code   RO         1108    .ARM.Collect$$libinit$$0000001F  c_w.l(libinit2.o)
    0x08000162   0x08000162   0x00000000   Code   RO         1110    .ARM.Collect$$libinit$$00000021  c_w.l(libinit2.o)
    0x08000162   0x08000162   0x00000000   Code   RO         1112    .ARM.Collect$$libinit$$00000023  c_w.l(libinit2.o)
    0x08000162   0x08000162   0x00000000   Code   RO         1114    .ARM.Collect$$libinit$$00000025  c_w.l(libinit2.o)
    0x08000162   0x08000162   0x00000000   Code   RO         1116    .ARM.Collect$$libinit$$00000027  c_w.l(libinit2.o)
    0x08000162   0x08000162   0x00000000   Code   RO         1120    .ARM.Collect$$libinit$$0000002E  c_w.l(libinit2.o)
    0x08000162   0x08000162   0x00000000   Code   RO         1122    .ARM.Collect$$libinit$$00000030  c_w.l(libinit2.o)
    0x08000162   0x08000162   0x00000000   Code   RO         1124    .ARM.Collect$$libinit$$00000032  c_w.l(libinit2.o)
    0x08000162   0x08000162   0x00000004   Code   RO         1125    .ARM.Collect$$libinit$$00000033  c_w.l(libinit2.o)
    0x08000166   0x08000166   0x00000000   Code   RO         1126    .ARM.Collect$$libinit$$00000034  c_w.l(libinit2.o)
    0x08000166   0x08000166   0x00000002   Code   RO         1127    .ARM.Collect$$libinit$$00000035  c_w.l(libinit2.o)
    0x08000168   0x08000168   0x00000002   Code   RO         1224    .ARM.Collect$$libshutdown$$00000000  c_w.l(libshutdown.o)
    0x0800016a   0x0800016a   0x00000000   Code   RO         1240    .ARM.Collect$$libshutdown$$00000002  c_w.l(libshutdown2.o)
    0x0800016a   0x0800016a   0x00000000   Code   RO         1242    .ARM.Collect$$libshutdown$$00000004  c_w.l(libshutdown2.o)
    0x0800016a   0x0800016a   0x00000000   Code   RO         1245    .ARM.Collect$$libshutdown$$00000007  c_w.l(libshutdown2.o)
    0x0800016a   0x0800016a   0x00000000   Code   RO         1248    .ARM.Collect$$libshutdown$$0000000A  c_w.l(libshutdown2.o)
    0x0800016a   0x0800016a   0x00000000   Code   RO         1250    .ARM.Collect$$libshutdown$$0000000C  c_w.l(libshutdown2.o)
    0x0800016a   0x0800016a   0x00000000   Code   RO         1253    .ARM.Collect$$libshutdown$$0000000F  c_w.l(libshutdown2.o)
    0x0800016a   0x0800016a   0x00000002   Code   RO         1254    .ARM.Collect$$libshutdown$$00000010  c_w.l(libshutdown2.o)
    0x0800016c   0x0800016c   0x00000000   Code   RO         1078    .ARM.Collect$$rtentry$$00000000  c_w.l(__rtentry.o)
    0x0800016c   0x0800016c   0x00000000   Code   RO         1137    .ARM.Collect$$rtentry$$00000002  c_w.l(__rtentry2.o)
    0x0800016c   0x0800016c   0x00000006   Code   RO         1149    .ARM.Collect$$rtentry$$00000004  c_w.l(__rtentry4.o)
    0x08000172   0x08000172   0x00000000   Code   RO         1139    .ARM.Collect$$rtentry$$00000009  c_w.l(__rtentry2.o)
    0x08000172   0x08000172   0x00000004   Code   RO         1140    .ARM.Collect$$rtentry$$0000000A  c_w.l(__rtentry2.o)
    0x08000176   0x08000176   0x00000000   Code   RO         1142    .ARM.Collect$$rtentry$$0000000C  c_w.l(__rtentry2.o)
    0x08000176   0x08000176   0x00000008   Code   RO         1143    .ARM.Collect$$rtentry$$0000000D  c_w.l(__rtentry2.o)
    0x0800017e   0x0800017e   0x00000002   Code   RO         1189    .ARM.Collect$$rtexit$$00000000  c_w.l(rtexit.o)
    0x08000180   0x08000180   0x00000000   Code   RO         1204    .ARM.Collect$$rtexit$$00000002  c_w.l(rtexit2.o)
    0x08000180   0x08000180   0x00000004   Code   RO         1205    .ARM.Collect$$rtexit$$00000003  c_w.l(rtexit2.o)
    0x08000184   0x08000184   0x00000006   Code   RO         1206    .ARM.Collect$$rtexit$$00000004  c_w.l(rtexit2.o)
    0x0800018a   0x0800018a   0x00000002   PAD
    0x0800018c   0x0800018c   0x00000040   Code   RO         1030    .text               startup_stm32f10x_md.o
    0x080001cc   0x080001cc   0x0000008a   Code   RO         1054    .text               c_w.l(rt_memcpy_v6.o)
    0x08000256   0x08000256   0x00000010   Code   RO         1056    .text               c_w.l(aeabi_memset4.o)
    0x08000266   0x08000266   0x00000044   Code   RO         1058    .text               c_w.l(rt_memclr.o)
    0x080002aa   0x080002aa   0x0000004e   Code   RO         1060    .text               c_w.l(rt_memclr_w.o)
    0x080002f8   0x080002f8   0x00000006   Code   RO         1062    .text               c_w.l(heapauxi.o)
    0x080002fe   0x080002fe   0x00000002   PAD
    0x08000300   0x08000300   0x00000024   Code   RO         1069    .text               c_w.l(init_aeabi.o)
    0x08000324   0x08000324   0x00000064   Code   RO         1079    .text               c_w.l(rt_memcpy_w.o)
    0x08000388   0x08000388   0x00000016   Code   RO         1151    .text               c_w.l(abort.o)
    0x0800039e   0x0800039e   0x00000002   PAD
    0x080003a0   0x080003a0   0x0000000c   Code   RO         1157    .text               c_w.l(sys_exit.o)
    0x080003ac   0x080003ac   0x0000004a   Code   RO         1161    .text               c_w.l(sys_stackheap_outer.o)
    0x080003f6   0x080003f6   0x00000012   Code   RO         1163    .text               c_w.l(exit.o)
    0x08000408   0x08000408   0x0000000e   Code   RO         1165    .text               c_w.l(defsig_abrt_outer.o)
    0x08000416   0x08000416   0x00000002   PAD
    0x08000418   0x08000418   0x00000008   Code   RO         1183    .text               c_w.l(libspace.o)
    0x08000420   0x08000420   0x00000002   Code   RO         1186    .text               c_w.l(use_no_semi.o)
    0x08000422   0x08000422   0x00000000   Code   RO         1188    .text               c_w.l(indicate_semi.o)
    0x08000422   0x08000422   0x0000000a   Code   RO         1195    .text               c_w.l(defsig_exit.o)
    0x0800042c   0x0800042c   0x00000030   Code   RO         1197    .text               c_w.l(defsig_abrt_inner.o)
    0x0800045c   0x0800045c   0x00000032   Code   RO         1212    .text               c_w.l(defsig_general.o)
    0x0800048e   0x0800048e   0x0000000e   Code   RO         1216    .text               c_w.l(sys_wrch.o)
    0x0800049c   0x0800049c   0x00000004   PAD
    0x080004a0   0x080004a0   0x00000044   Code   RO          204    .text.PendSV_Handler  port.o
    0x080004e4   0x080004e4   0x0000000c   PAD
    0x080004f0   0x080004f0   0x00000024   Code   RO          190    .text.SVC_Handler   port.o
    0x08000514   0x08000514   0x00000008   Code   RO         1038    .text.SetSysClock   system_stm32f10x.o
    0x0800051c   0x0800051c   0x00000122   Code   RO         1042    .text.SetSysClockTo72  system_stm32f10x.o
    0x0800063e   0x0800063e   0x00000002   PAD
    0x08000640   0x08000640   0x0000003c   Code   RO          206    .text.SysTick_Handler  port.o
    0x0800067c   0x0800067c   0x00000122   Code   RO         1040    .text.SystemCoreClockUpdate  system_stm32f10x.o
    0x0800079e   0x0800079e   0x00000002   PAD
    0x080007a0   0x080007a0   0x00000066   Code   RO         1036    .text.SystemInit    system_stm32f10x.o
    0x08000806   0x08000806   0x00000002   PAD
    0x08000808   0x08000808   0x0000004c   Code   RO          112    .text.TIM2_IRQHandler  main.o
    0x08000854   0x08000854   0x000000d0   Code   RO          116    .text._GLOBAL__sub_I_main.cpp  main.o
    0x08000924   0x08000924   0x0000000e   Code   RO          707    .text._Z10commonInitv  init.o
    0x08000932   0x08000932   0x00000002   PAD
    0x08000934   0x08000934   0x00000040   Code   RO          698    .text._Z11getPositionj  common.o
    0x08000974   0x08000974   0x00000020   Code   RO          726    .text._Z11setRegisterIVjEvPT_jj  init.o
    0x08000994   0x08000994   0x00000058   Code   RO          687    .text._Z13resetCHBstepsv  common_for_tasks.o
    0x080009ec   0x080009ec   0x0000008a   Code   RO          681    .text._Z14pushSeqInQueueP8Sequence  common_for_tasks.o
    0x08000a76   0x08000a76   0x00000002   PAD
    0x08000a78   0x08000a78   0x00000064   Code   RO          683    .text._Z15getSeqFromQueuev  common_for_tasks.o
    0x08000adc   0x08000adc   0x00000044   Code   RO          793    .text._Z17setBitsInRegisterIVjEvPT_jj  coil.o
    0x08000b20   0x08000b20   0x0000005e   Code   RO          685    .text._Z18deleteSeqFromQueueP8Sequence  common_for_tasks.o
    0x08000b7e   0x08000b7e   0x00000002   PAD
    0x08000b80   0x08000b80   0x00000140   Code   RO          673    .text._Z7CHBTaskPv  chb.o
    0x08000cc0   0x08000cc0   0x00000318   Code   RO          640    .text._Z7OB1TaskPv  ob1.o
    0x08000fd8   0x08000fd8   0x00000318   Code   RO          651    .text._Z7OB2TaskPv  ob2.o
    0x080012f0   0x080012f0   0x00000318   Code   RO          662    .text._Z7OB3TaskPv  ob3.o
    0x08001608   0x08001608   0x000000be   Code   RO          711    .text._Z7rccInitv   init.o
    0x080016c6   0x080016c6   0x00000002   PAD
    0x080016c8   0x080016c8   0x00000058   Code   RO          713    .text._Z8tickInitv  init.o
    0x08001720   0x08001720   0x0000009e   Code   RO          642    .text._ZL13resetAllStepsv  ob1.o
    0x080017be   0x080017be   0x00000002   PAD
    0x080017c0   0x080017c0   0x0000009e   Code   RO          653    .text._ZL13resetAllStepsv  ob2.o
    0x0800185e   0x0800185e   0x00000002   PAD
    0x08001860   0x08001860   0x0000009e   Code   RO          664    .text._ZL13resetAllStepsv  ob3.o
    0x080018fe   0x080018fe   0x00000002   PAD
    0x08001900   0x08001900   0x00000030   Code   RO          715    .text._ZL16__NVIC_EnableIRQ4IRQn  init.o
    0x08001930   0x08001930   0x00000042   Code   RO          717    .text._ZL18__NVIC_SetPriority4IRQnj  init.o
    0x08001972   0x08001972   0x00000002   PAD
    0x08001974   0x08001974   0x0000003c   Code   RO          709    .text._ZL26__NVIC_SetPriorityGroupingj  init.o
    0x080019b0   0x080019b0   0x000000e2   Code   RO          802    .text._ZN10GPIOcommonC2EP12GPIO_TypeDefh  gpio_common.o
    0x08001a92   0x08001a92   0x00000002   PAD
    0x08001a94   0x08001a94   0x00000010   Code   RO          899    .text._ZN11CommonTimer10notStartedEv  common_timer.o
    0x08001aa4   0x08001aa4   0x00000016   Code   RO          901    .text._ZN11CommonTimer11notFinishedEv  common_timer.o
    0x08001aba   0x08001aba   0x00000002   PAD
    0x08001abc   0x08001abc   0x00000018   Code   RO          885    .text._ZN11CommonTimer4stopEv  common_timer.o
    0x08001ad4   0x08001ad4   0x0000000e   Code   RO          883    .text._ZN11CommonTimer5pauseEv  common_timer.o
    0x08001ae2   0x08001ae2   0x00000002   PAD
    0x08001ae4   0x08001ae4   0x00000010   Code   RO          887    .text._ZN11CommonTimer5resetEv  common_timer.o
    0x08001af4   0x08001af4   0x0000000e   Code   RO          881    .text._ZN11CommonTimer5startEv  common_timer.o
    0x08001b02   0x08001b02   0x00000002   PAD
    0x08001b04   0x08001b04   0x0000002e   Code   RO          905    .text._ZN11CommonTimer6inWorkEv  common_timer.o
    0x08001b32   0x08001b32   0x00000002   PAD
    0x08001b34   0x08001b34   0x0000002c   Code   RO          907    .text._ZN11CommonTimer6isFreeEv  common_timer.o
    0x08001b60   0x08001b60   0x00000038   Code   RO          869    .text._ZN11CommonTimer6updateEv  common_timer.o
    0x08001b98   0x08001b98   0x00000010   Code   RO          897    .text._ZN11CommonTimer7startedEv  common_timer.o
    0x08001ba8   0x08001ba8   0x00000016   Code   RO          871    .text._ZN11CommonTimer8finishedEv  common_timer.o
    0x08001bbe   0x08001bbe   0x00000002   PAD
    0x08001bc0   0x08001bc0   0x0000002c   Code   RO          893    .text._ZN11CommonTimer8setStartEb  common_timer.o
    0x08001bec   0x08001bec   0x0000001c   Code   RO          867    .text._ZN11CommonTimerC2Ej  common_timer.o
    0x08001c08   0x08001c08   0x00000016   Code   RO          795    .text._ZN11IUpdated1msC2Ev  coil.o
    0x08001c1e   0x08001c1e   0x00000002   PAD
    0x08001c20   0x08001c20   0x00000016   Code   RO          829    .text._ZN11SimpleInput11isNotActiveEv  simple_input.o
    0x08001c36   0x08001c36   0x00000002   PAD
    0x08001c38   0x08001c38   0x00000040   Code   RO          827    .text._ZN11SimpleInput8isActiveEv  simple_input.o
    0x08001c78   0x08001c78   0x00000098   Code   RO          825    .text._ZN11SimpleInputC2EP12GPIO_TypeDefh  simple_input.o
    0x08001d10   0x08001d10   0x00000010   Code   RO          729    .text._ZN12ProgrammCoil8isActiveEv  coil.o
    0x08001d20   0x08001d20   0x00000018   Code   RO          731    .text._ZN12ProgrammCoil8setValueEb  coil.o
    0x08001d38   0x08001d38   0x00000020   Code   RO          791    .text._ZN12ProgrammCoilC2Ev  coil.o
    0x08001d58   0x08001d58   0x00000042   Code   RO         1016    .text._ZN15SequenceDelayed9update1msEv  sequence.o
    0x08001d9a   0x08001d9a   0x00000002   PAD
    0x08001d9c   0x08001d9c   0x00000046   Code   RO         1014    .text._ZN15SequenceDelayedC2EPhhj  sequence.o
    0x08001de2   0x08001de2   0x00000002   PAD
    0x08001de4   0x08001de4   0x00000010   Code   RO          837    .text._ZN18SimpleInputDelayed8isActiveEv  simple_input.o
    0x08001df4   0x08001df4   0x00000022   Code   RO          833    .text._ZN18SimpleInputDelayed9update1msEv  simple_input.o
    0x08001e16   0x08001e16   0x00000002   PAD
    0x08001e18   0x08001e18   0x00000050   Code   RO          831    .text._ZN18SimpleInputDelayedC2EP12GPIO_TypeDefht  simple_input.o
    0x08001e68   0x08001e68   0x00000016   Code   RO          743    .text._ZN4Coil8isActiveEv  coil.o
    0x08001e7e   0x08001e7e   0x00000002   PAD
    0x08001e80   0x08001e80   0x00000042   Code   RO          745    .text._ZN4Coil8setValueEb  coil.o
    0x08001ec2   0x08001ec2   0x00000002   PAD
    0x08001ec4   0x08001ec4   0x00000076   Code   RO          741    .text._ZN4CoilC2EP12GPIO_TypeDefh  coil.o
    0x08001f3a   0x08001f3a   0x00000002   PAD
    0x08001f3c   0x08001f3c   0x00000022   Code   RO          747    .text._ZN4CoilaSEb  coil.o
    0x08001f5e   0x08001f5e   0x00000002   PAD
    0x08001f60   0x08001f60   0x00000010   Code   RO          969    .text._ZN5Pulse3getEv  pulse.o
    0x08001f70   0x08001f70   0x00000048   Code   RO          967    .text._ZN5Pulse3setEb  pulse.o
    0x08001fb8   0x08001fb8   0x00000024   Code   RO          963    .text._ZN5Pulse9update1msEv  pulse.o
    0x08001fdc   0x08001fdc   0x00000032   Code   RO          961    .text._ZN5PulseC2Ej  pulse.o
    0x0800200e   0x0800200e   0x00000002   PAD
    0x08002010   0x08002010   0x00000020   Code   RO          973    .text._ZN5PulseaSEb  pulse.o
    0x08002030   0x08002030   0x00000016   Code   RO          797    .text._ZN7ISwitchC2Ev  coil.o
    0x08002046   0x08002046   0x00000002   PAD
    0x08002048   0x08002048   0x00000010   Code   RO         1012    .text._ZN8Sequence15finishedImpulseEv  sequence.o
    0x08002058   0x08002058   0x00000018   Code   RO         1000    .text._ZN8Sequence4lockEb  sequence.o
    0x08002070   0x08002070   0x00000018   Code   RO          996    .text._ZN8Sequence5resetEv  sequence.o
    0x08002088   0x08002088   0x0000002c   Code   RO          998    .text._ZN8Sequence5startEb  sequence.o
    0x080020b4   0x080020b4   0x00000044   Code   RO         1002    .text._ZN8Sequence6finishEb  sequence.o
    0x080020f8   0x080020f8   0x00000010   Code   RO         1008    .text._ZN8Sequence6lockedEv  sequence.o
    0x08002108   0x08002108   0x0000002a   Code   RO         1006    .text._ZN8Sequence7startedEv  sequence.o
    0x08002132   0x08002132   0x00000002   PAD
    0x08002134   0x08002134   0x00000018   Code   RO          994    .text._ZN8Sequence8isMyStepEv  sequence.o
    0x0800214c   0x0800214c   0x00000026   Code   RO          992    .text._ZN8SequenceC2EPhh  sequence.o
    0x08002172   0x08002172   0x00000002   PAD
    0x08002174   0x08002174   0x00000012   Code   RO          771    .text._ZN9CoilPulse8isActiveEv  coil.o
    0x08002186   0x08002186   0x00000002   PAD
    0x08002188   0x08002188   0x0000001c   Code   RO          775    .text._ZN9CoilPulse8setValueEb  coil.o
    0x080021a4   0x080021a4   0x00000026   Code   RO          767    .text._ZN9CoilPulse9update1msEv  coil.o
    0x080021ca   0x080021ca   0x00000002   PAD
    0x080021cc   0x080021cc   0x00000050   Code   RO          765    .text._ZN9CoilPulseC2EP12GPIO_TypeDefht  coil.o
    0x0800221c   0x0800221c   0x00000022   Code   RO          779    .text._ZN9CoilPulseaSEb  coil.o
    0x0800223e   0x0800223e   0x00000002   PAD
    0x08002240   0x08002240   0x00000020   Code   RO          814    .text._ZN9RFimpulse3getEv  rf_impulse.o
    0x08002260   0x08002260   0x0000008a   Code   RO          812    .text._ZN9RFimpulse3setEb  rf_impulse.o
    0x080022ea   0x080022ea   0x00000002   PAD
    0x080022ec   0x080022ec   0x00000014   Code   RO          810    .text._ZN9RFimpulseC2E7IMPULSE  rf_impulse.o
    0x08002300   0x08002300   0x0000000e   Code   RO          839    .text._ZThn16_N18SimpleInputDelayed8isActiveEv  simple_input.o
    0x0800230e   0x0800230e   0x00000002   PAD
    0x08002310   0x08002310   0x0000000e   Code   RO          965    .text._ZThn16_N5Pulse9update1msEv  pulse.o
    0x0800231e   0x0800231e   0x00000002   PAD
    0x08002320   0x08002320   0x0000000e   Code   RO          773    .text._ZThn16_N9CoilPulse8isActiveEv  coil.o
    0x0800232e   0x0800232e   0x00000002   PAD
    0x08002330   0x08002330   0x0000001a   Code   RO          777    .text._ZThn16_N9CoilPulse8setValueEb  coil.o
    0x0800234a   0x0800234a   0x00000002   PAD
    0x0800234c   0x0800234c   0x0000000e   Code   RO         1018    .text._ZThn28_N15SequenceDelayed9update1msEv  sequence.o
    0x0800235a   0x0800235a   0x00000002   PAD
    0x0800235c   0x0800235c   0x0000000e   Code   RO          835    .text._ZThn32_N18SimpleInputDelayed9update1msEv  simple_input.o
    0x0800236a   0x0800236a   0x00000002   PAD
    0x0800236c   0x0800236c   0x0000000e   Code   RO          769    .text._ZThn32_N9CoilPulse9update1msEv  coil.o
    0x0800237a   0x0800237a   0x00000002   PAD
    0x0800237c   0x0800237c   0x00000028   Code   RO         1073    .text.__cxa_pure_virtual  libcppabi_w.l(cxa_virtual.cpp.o)
    0x080023a4   0x080023a4   0x0000001c   Code   RO            2    .text.__cxx_global_var_init  main.o
    0x080023c0   0x080023c0   0x0000001c   Code   RO            4    .text.__cxx_global_var_init.1  main.o
    0x080023dc   0x080023dc   0x0000001a   Code   RO           22    .text.__cxx_global_var_init.10  main.o
    0x080023f6   0x080023f6   0x00000002   PAD
    0x080023f8   0x080023f8   0x0000001a   Code   RO           24    .text.__cxx_global_var_init.11  main.o
    0x08002412   0x08002412   0x00000002   PAD
    0x08002414   0x08002414   0x0000001e   Code   RO           26    .text.__cxx_global_var_init.12  main.o
    0x08002432   0x08002432   0x00000002   PAD
    0x08002434   0x08002434   0x0000001a   Code   RO           28    .text.__cxx_global_var_init.13  main.o
    0x0800244e   0x0800244e   0x00000002   PAD
    0x08002450   0x08002450   0x0000001a   Code   RO           30    .text.__cxx_global_var_init.14  main.o
    0x0800246a   0x0800246a   0x00000002   PAD
    0x0800246c   0x0800246c   0x0000001a   Code   RO           32    .text.__cxx_global_var_init.15  main.o
    0x08002486   0x08002486   0x00000002   PAD
    0x08002488   0x08002488   0x0000001e   Code   RO           34    .text.__cxx_global_var_init.16  main.o
    0x080024a6   0x080024a6   0x00000002   PAD
    0x080024a8   0x080024a8   0x0000001a   Code   RO           36    .text.__cxx_global_var_init.17  main.o
    0x080024c2   0x080024c2   0x00000002   PAD
    0x080024c4   0x080024c4   0x0000001a   Code   RO           38    .text.__cxx_global_var_init.18  main.o
    0x080024de   0x080024de   0x00000002   PAD
    0x080024e0   0x080024e0   0x0000001a   Code   RO           40    .text.__cxx_global_var_init.19  main.o
    0x080024fa   0x080024fa   0x00000002   PAD
    0x080024fc   0x080024fc   0x0000001c   Code   RO            6    .text.__cxx_global_var_init.2  main.o
    0x08002518   0x08002518   0x0000001e   Code   RO           42    .text.__cxx_global_var_init.20  main.o
    0x08002536   0x08002536   0x00000002   PAD
    0x08002538   0x08002538   0x0000001a   Code   RO           44    .text.__cxx_global_var_init.21  main.o
    0x08002552   0x08002552   0x00000002   PAD
    0x08002554   0x08002554   0x0000001a   Code   RO           46    .text.__cxx_global_var_init.22  main.o
    0x0800256e   0x0800256e   0x00000002   PAD
    0x08002570   0x08002570   0x0000001a   Code   RO           48    .text.__cxx_global_var_init.23  main.o
    0x0800258a   0x0800258a   0x00000002   PAD
    0x0800258c   0x0800258c   0x0000001a   Code   RO           50    .text.__cxx_global_var_init.24  main.o
    0x080025a6   0x080025a6   0x00000002   PAD
    0x080025a8   0x080025a8   0x0000001a   Code   RO           52    .text.__cxx_global_var_init.25  main.o
    0x080025c2   0x080025c2   0x00000002   PAD
    0x080025c4   0x080025c4   0x0000001a   Code   RO           54    .text.__cxx_global_var_init.26  main.o
    0x080025de   0x080025de   0x00000002   PAD
    0x080025e0   0x080025e0   0x0000001a   Code   RO           56    .text.__cxx_global_var_init.27  main.o
    0x080025fa   0x080025fa   0x00000002   PAD
    0x080025fc   0x080025fc   0x00000022   Code   RO           58    .text.__cxx_global_var_init.28  main.o
    0x0800261e   0x0800261e   0x00000002   PAD
    0x08002620   0x08002620   0x0000001e   Code   RO           60    .text.__cxx_global_var_init.29  main.o
    0x0800263e   0x0800263e   0x00000002   PAD
    0x08002640   0x08002640   0x0000001c   Code   RO            8    .text.__cxx_global_var_init.3  main.o
    0x0800265c   0x0800265c   0x0000001a   Code   RO           62    .text.__cxx_global_var_init.30  main.o
    0x08002676   0x08002676   0x00000002   PAD
    0x08002678   0x08002678   0x00000022   Code   RO           64    .text.__cxx_global_var_init.31  main.o
    0x0800269a   0x0800269a   0x00000002   PAD
    0x0800269c   0x0800269c   0x00000018   Code   RO           66    .text.__cxx_global_var_init.32  main.o
    0x080026b4   0x080026b4   0x0000001a   Code   RO           68    .text.__cxx_global_var_init.33  main.o
    0x080026ce   0x080026ce   0x00000002   PAD
    0x080026d0   0x080026d0   0x0000001a   Code   RO           70    .text.__cxx_global_var_init.34  main.o
    0x080026ea   0x080026ea   0x00000002   PAD
    0x080026ec   0x080026ec   0x00000022   Code   RO           72    .text.__cxx_global_var_init.35  main.o
    0x0800270e   0x0800270e   0x00000002   PAD
    0x08002710   0x08002710   0x0000001e   Code   RO           74    .text.__cxx_global_var_init.36  main.o
    0x0800272e   0x0800272e   0x00000002   PAD
    0x08002730   0x08002730   0x0000001a   Code   RO           76    .text.__cxx_global_var_init.37  main.o
    0x0800274a   0x0800274a   0x00000002   PAD
    0x0800274c   0x0800274c   0x00000022   Code   RO           78    .text.__cxx_global_var_init.38  main.o
    0x0800276e   0x0800276e   0x00000002   PAD
    0x08002770   0x08002770   0x00000018   Code   RO           80    .text.__cxx_global_var_init.39  main.o
    0x08002788   0x08002788   0x0000001c   Code   RO           10    .text.__cxx_global_var_init.4  main.o
    0x080027a4   0x080027a4   0x0000001a   Code   RO           82    .text.__cxx_global_var_init.40  main.o
    0x080027be   0x080027be   0x00000002   PAD
    0x080027c0   0x080027c0   0x0000001a   Code   RO           84    .text.__cxx_global_var_init.41  main.o
    0x080027da   0x080027da   0x00000002   PAD
    0x080027dc   0x080027dc   0x00000022   Code   RO           86    .text.__cxx_global_var_init.42  main.o
    0x080027fe   0x080027fe   0x00000002   PAD
    0x08002800   0x08002800   0x0000001e   Code   RO           88    .text.__cxx_global_var_init.43  main.o
    0x0800281e   0x0800281e   0x00000002   PAD
    0x08002820   0x08002820   0x0000001a   Code   RO           90    .text.__cxx_global_var_init.44  main.o
    0x0800283a   0x0800283a   0x00000002   PAD
    0x0800283c   0x0800283c   0x00000022   Code   RO           92    .text.__cxx_global_var_init.45  main.o
    0x0800285e   0x0800285e   0x00000002   PAD
    0x08002860   0x08002860   0x00000018   Code   RO           94    .text.__cxx_global_var_init.46  main.o
    0x08002878   0x08002878   0x0000001a   Code   RO           96    .text.__cxx_global_var_init.47  main.o
    0x08002892   0x08002892   0x00000002   PAD
    0x08002894   0x08002894   0x0000001a   Code   RO           98    .text.__cxx_global_var_init.48  main.o
    0x080028ae   0x080028ae   0x00000002   PAD
    0x080028b0   0x080028b0   0x0000001e   Code   RO          100    .text.__cxx_global_var_init.49  main.o
    0x080028ce   0x080028ce   0x00000002   PAD
    0x080028d0   0x080028d0   0x0000001c   Code   RO           12    .text.__cxx_global_var_init.5  main.o
    0x080028ec   0x080028ec   0x0000001a   Code   RO          102    .text.__cxx_global_var_init.50  main.o
    0x08002906   0x08002906   0x00000002   PAD
    0x08002908   0x08002908   0x0000001e   Code   RO           14    .text.__cxx_global_var_init.6  main.o
    0x08002926   0x08002926   0x00000002   PAD
    0x08002928   0x08002928   0x0000001e   Code   RO           16    .text.__cxx_global_var_init.7  main.o
    0x08002946   0x08002946   0x00000002   PAD
    0x08002948   0x08002948   0x0000001e   Code   RO           18    .text.__cxx_global_var_init.8  main.o
    0x08002966   0x08002966   0x00000002   PAD
    0x08002968   0x08002968   0x0000001a   Code   RO           20    .text.__cxx_global_var_init.9  main.o
    0x08002982   0x08002982   0x00000004   Code   RO         1133    .text.abort_message  libcppabi_w.l(abort_message.cpp.o)
    0x08002986   0x08002986   0x00000002   PAD
    0x08002988   0x08002988   0x000000a2   Code   RO          114    .text.main          main.o
    0x08002a2a   0x08002a2a   0x00000002   PAD
    0x08002a2c   0x08002a2c   0x0000011a   Code   RO          439    .text.prvAddCurrentTaskToDelayedList  tasks.o
    0x08002b46   0x08002b46   0x00000002   PAD
    0x08002b48   0x08002b48   0x00000154   Code   RO          427    .text.prvAddNewTaskToReadyList  tasks.o
    0x08002c9c   0x08002c9c   0x0000006a   Code   RO          575    .text.prvCheckForValidListAndQueue  timers.o
    0x08002d06   0x08002d06   0x00000002   PAD
    0x08002d08   0x08002d08   0x0000005a   Code   RO          541    .text.prvCheckTasksWaitingTermination  tasks.o
    0x08002d62   0x08002d62   0x00000002   PAD
    0x08002d64   0x08002d64   0x00000042   Code   RO          329    .text.prvCopyDataFromQueue  queue.o
    0x08002da6   0x08002da6   0x00000002   PAD
    0x08002da8   0x08002da8   0x00000018   Code   RO          433    .text.prvDeleteTCB  tasks.o
    0x08002dc0   0x08002dc0   0x00000040   Code   RO          609    .text.prvGetNextExpireTime  timers.o
    0x08002e00   0x08002e00   0x000000ae   Code   RO          250    .text.prvHeapInit   heap_4.o
    0x08002eae   0x08002eae   0x00000002   PAD
    0x08002eb0   0x08002eb0   0x0000003c   Code   RO          465    .text.prvIdleTask   tasks.o
    0x08002eec   0x08002eec   0x00000048   Code   RO          301    .text.prvInitialiseNewQueue  queue.o
    0x08002f34   0x08002f34   0x000000e6   Code   RO          425    .text.prvInitialiseNewTask  tasks.o
    0x0800301a   0x0800301a   0x00000002   PAD
    0x0800301c   0x0800301c   0x0000008e   Code   RO          539    .text.prvInitialiseTaskLists  tasks.o
    0x080030aa   0x080030aa   0x00000002   PAD
    0x080030ac   0x080030ac   0x000000c6   Code   RO          252    .text.prvInsertBlockIntoFreeList  heap_4.o
    0x08003172   0x08003172   0x00000002   PAD
    0x08003174   0x08003174   0x00000086   Code   RO          623    .text.prvInsertTimerInActiveList  timers.o
    0x080031fa   0x080031fa   0x00000002   PAD
    0x080031fc   0x080031fc   0x00000028   Code   RO          331    .text.prvIsQueueEmpty  queue.o
    0x08003224   0x08003224   0x00000020   Code   RO          196    .text.prvPortStartFirstTask  port.o
    0x08003244   0x08003244   0x00000054   Code   RO          617    .text.prvProcessExpiredTimer  timers.o
    0x08003298   0x08003298   0x00000126   Code   RO          613    .text.prvProcessReceivedCommands  timers.o
    0x080033be   0x080033be   0x00000002   PAD
    0x080033c0   0x080033c0   0x0000009a   Code   RO          611    .text.prvProcessTimerOrBlockTask  timers.o
    0x0800345a   0x0800345a   0x00000002   PAD
    0x0800345c   0x0800345c   0x00000034   Code   RO          621    .text.prvReloadTimer  timers.o
    0x08003490   0x08003490   0x0000003c   Code   RO          431    .text.prvResetNextTaskUnblockTime  tasks.o
    0x080034cc   0x080034cc   0x00000044   Code   RO          615    .text.prvSampleTimeNow  timers.o
    0x08003510   0x08003510   0x00000052   Code   RO          619    .text.prvSwitchTimerLists  timers.o
    0x08003562   0x08003562   0x00000002   PAD
    0x08003564   0x08003564   0x00000026   Code   RO          188    .text.prvTaskExitError  port.o
    0x0800358a   0x0800358a   0x00000002   PAD
    0x0800358c   0x0800358c   0x0000001e   Code   RO          577    .text.prvTimerTask  timers.o
    0x080035aa   0x080035aa   0x00000002   PAD
    0x080035ac   0x080035ac   0x000000ae   Code   RO          321    .text.prvUnlockQueue  queue.o
    0x0800365a   0x0800365a   0x00000002   PAD
    0x0800365c   0x0800365c   0x00000186   Code   RO          248    .text.pvPortMalloc  heap_4.o
    0x080037e2   0x080037e2   0x00000002   PAD
    0x080037e4   0x080037e4   0x00000050   Code   RO          186    .text.pxPortInitialiseStack  port.o
    0x08003834   0x08003834   0x00000048   Code   RO          288    .text.uxListRemove  list.o
    0x0800387c   0x0800387c   0x00000002   Code   RO          104    .text.vApplicationIdleHook  main.o
    0x0800387e   0x0800387e   0x00000002   PAD
    0x08003880   0x08003880   0x0000000a   Code   RO          110    .text.vApplicationStackOverflowHook  main.o
    0x0800388a   0x0800388a   0x00000002   PAD
    0x0800388c   0x0800388c   0x00000002   Code   RO          106    .text.vApplicationTickHook  main.o
    0x0800388e   0x0800388e   0x00000002   PAD
    0x08003890   0x08003890   0x0000002e   Code   RO          280    .text.vListInitialise  list.o
    0x080038be   0x080038be   0x00000002   PAD
    0x080038c0   0x080038c0   0x0000000e   Code   RO          282    .text.vListInitialiseItem  list.o
    0x080038ce   0x080038ce   0x00000002   PAD
    0x080038d0   0x080038d0   0x0000006a   Code   RO          286    .text.vListInsert   list.o
    0x0800393a   0x0800393a   0x00000002   PAD
    0x0800393c   0x0800393c   0x00000030   Code   RO          200    .text.vPortEnterCritical  port.o
    0x0800396c   0x0800396c   0x00000026   Code   RO          202    .text.vPortExitCritical  port.o
    0x08003992   0x08003992   0x00000002   PAD
    0x08003994   0x08003994   0x00000076   Code   RO          254    .text.vPortFree     heap_4.o
    0x08003a0a   0x08003a0a   0x00000002   PAD
    0x08003a0c   0x08003a0c   0x0000002e   Code   RO          194    .text.vPortSetupTimerInterrupt  port.o
    0x08003a3a   0x08003a3a   0x00000002   PAD
    0x08003a3c   0x08003a3c   0x00000064   Code   RO          359    .text.vQueueWaitForMessageRestricted  queue.o
    0x08003aa0   0x08003aa0   0x0000004a   Code   RO          443    .text.vTaskDelay    tasks.o
    0x08003aea   0x08003aea   0x00000002   PAD
    0x08003aec   0x08003aec   0x00000024   Code   RO          497    .text.vTaskInternalSetTimeOutState  tasks.o
    0x08003b10   0x08003b10   0x0000000e   Code   RO          501    .text.vTaskMissedYield  tasks.o
    0x08003b1e   0x08003b1e   0x00000002   PAD
    0x08003b20   0x08003b20   0x00000026   Code   RO          485    .text.vTaskPlaceOnEventList  tasks.o
    0x08003b46   0x08003b46   0x00000002   PAD
    0x08003b48   0x08003b48   0x00000060   Code   RO          489    .text.vTaskPlaceOnEventListRestricted  tasks.o
    0x08003ba8   0x08003ba8   0x00000094   Code   RO          463    .text.vTaskStartScheduler  tasks.o
    0x08003c3c   0x08003c3c   0x00000010   Code   RO          437    .text.vTaskSuspendAll  tasks.o
    0x08003c4c   0x08003c4c   0x000000ec   Code   RO          455    .text.vTaskSwitchContext  tasks.o
    0x08003d38   0x08003d38   0x00000040   Code   RO          192    .text.xPortStartScheduler  port.o
    0x08003d78   0x08003d78   0x0000007e   Code   RO          299    .text.xQueueGenericCreate  queue.o
    0x08003df6   0x08003df6   0x00000002   PAD
    0x08003df8   0x08003df8   0x000000d0   Code   RO          297    .text.xQueueGenericReset  queue.o
    0x08003ec8   0x08003ec8   0x00000152   Code   RO          327    .text.xQueueReceive  queue.o
    0x0800401a   0x0800401a   0x00000002   PAD
    0x0800401c   0x0800401c   0x0000009a   Code   RO          499    .text.xTaskCheckForTimeOut  tasks.o
    0x080040b6   0x080040b6   0x00000002   PAD
    0x080040b8   0x080040b8   0x000000a0   Code   RO          423    .text.xTaskCreate   tasks.o
    0x08004158   0x08004158   0x00000014   Code   RO          471    .text.xTaskGetTickCount  tasks.o
    0x0800416c   0x0800416c   0x00000254   Code   RO          469    .text.xTaskIncrementTick  tasks.o
    0x080043c0   0x080043c0   0x00000170   Code   RO          491    .text.xTaskRemoveFromEventList  tasks.o
    0x08004530   0x08004530   0x000001fe   Code   RO          441    .text.xTaskResumeAll  tasks.o
    0x0800472e   0x0800472e   0x00000002   PAD
    0x08004730   0x08004730   0x00000050   Code   RO          573    .text.xTimerCreateTimerTask  timers.o
    0x08004780   0x08004780   0x00000010   Data   RO         1045    .rodata.AHBPrescTable  system_stm32f10x.o
    0x08004790   0x08004790   0x0000000c   Data   RO          909    .rodata._ZTV11CommonTimer  common_timer.o
    0x0800479c   0x0800479c   0x0000000c   Data   RO          800    .rodata._ZTV11IUpdated1ms  coil.o
    0x080047a8   0x080047a8   0x0000000c   Data   RO          841    .rodata._ZTV11SimpleInput  simple_input.o
    0x080047b4   0x080047b4   0x00000010   Data   RO          784    .rodata._ZTV12ProgrammCoil  coil.o
    0x080047c4   0x080047c4   0x0000001c   Data   RO         1020    .rodata._ZTV15SequenceDelayed  sequence.o
    0x080047e0   0x080047e0   0x0000002c   Data   RO          842    .rodata._ZTV18SimpleInputDelayed  simple_input.o
    0x0800480c   0x0800480c   0x00000010   Data   RO          781    .rodata._ZTV4Coil   coil.o
    0x0800481c   0x0800481c   0x0000001c   Data   RO          983    .rodata._ZTV5Pulse  pulse.o
    0x08004838   0x08004838   0x0000000c   Data   RO          799    .rodata._ZTV7ISwitch  coil.o
    0x08004844   0x08004844   0x00000034   Data   RO          783    .rodata._ZTV9CoilPulse  coil.o
    0x08004878   0x08004878   0x00000020   Data   RO          176    .rodata.str1.1      main.o
    0x08004898   0x08004898   0x00000005   Data   RO          559    .rodata.str1.1      tasks.o
    0x0800489d   0x0800489d   0x00000008   Data   RO          626    .rodata.str1.1      timers.o
    0x080048a5   0x080048a5   0x00000003   PAD
    0x080048a8   0x080048a8   0x00000004   Data   RO          544    .rodata.uxTopUsedPriority  tasks.o
    0x080048ac   0x080048ac   0x00000020   Data   RO         1255    Region$$Table       anon$$obj.o
    0x080048cc   0x080048cc   0x00000004   Data   RO          177    .init_array         main.o
    0x080048d0   0x080048cc   0x00000000   Data   RO         1067    .init_array         c_w.l(init_aeabi.o)


    Execution Region RW_IRAM1 (Exec base: 0x20000000, Load base: 0x080048d0, Size: 0x000034f8, Max: 0x00005000, ABSOLUTE)

    Exec Addr    Load Addr    Size         Type   Attr      Idx    E Section Name        Object

    0x20000000   0x080048d0   0x00000004   Data   RW         1044    .data.SystemCoreClock  system_stm32f10x.o
    0x20000004   0x080048d4   0x00000064   Data   RW          174    .data.update1msObjects  main.o
    0x20000068   0x08004938   0x00000001   Data   RW          175    .data.updateObjectsSize  main.o
    0x20000069   0x08004939   0x00000003   PAD
    0x2000006c   0x0800493c   0x00000004   Data   RW          208    .data.uxCriticalNesting  port.o
    0x20000070        -       0x00000060   Zero   RW         1184    .bss                c_w.l(libspace.o)
    0x200000d0        -       0x00000024   Zero   RW          118    .bss.B1             main.o
    0x200000f4        -       0x00000024   Zero   RW          120    .bss.B2             main.o
    0x20000118        -       0x00000024   Zero   RW          122    .bss.B3             main.o
    0x2000013c        -       0x00000010   Zero   RW          127    .bss.C1             main.o
    0x2000014c        -       0x00000010   Zero   RW          131    .bss.C2             main.o
    0x2000015c        -       0x00000010   Zero   RW          135    .bss.C3             main.o
    0x2000016c        -       0x0000000c   Zero   RW          170    .bss.CHBs0          main.o
    0x20000178        -       0x00000020   Zero   RW          171    .bss.CHBs1          main.o
    0x20000198        -       0x0000000c   Zero   RW          172    .bss.CHBs2          main.o
    0x200001a4        -       0x00000001   Zero   RW          169    .bss.CHBstep        main.o
    0x200001a5   0x08004940   0x00000003   PAD
    0x200001a8        -       0x00000010   Zero   RW          129    .bss.D1             main.o
    0x200001b8        -       0x00000010   Zero   RW          133    .bss.D2             main.o
    0x200001c8        -       0x00000010   Zero   RW          137    .bss.D3             main.o
    0x200001d8        -       0x00000010   Zero   RW          139    .bss.D4             main.o
    0x200001e8        -       0x00000024   Zero   RW          119    .bss.H1             main.o
    0x2000020c        -       0x00000024   Zero   RW          121    .bss.H2             main.o
    0x20000230        -       0x00000024   Zero   RW          123    .bss.H3             main.o
    0x20000254        -       0x00000024   Zero   RW          130    .bss.M1             main.o
    0x20000278        -       0x00000024   Zero   RW          134    .bss.M2             main.o
    0x2000029c        -       0x00000024   Zero   RW          138    .bss.M3             main.o
    0x200002c0        -       0x00000010   Zero   RW          140    .bss.M6             main.o
    0x200002d0        -       0x00000010   Zero   RW          141    .bss.M7             main.o
    0x200002e0        -       0x00000010   Zero   RW          142    .bss.Me1            main.o
    0x200002f0        -       0x00000010   Zero   RW          143    .bss.Me2            main.o
    0x20000300        -       0x00000010   Zero   RW          144    .bss.Me3            main.o
    0x20000310        -       0x00000010   Zero   RW          128    .bss.O1             main.o
    0x20000320        -       0x00000010   Zero   RW          132    .bss.O2             main.o
    0x20000330        -       0x00000010   Zero   RW          136    .bss.O3             main.o
    0x20000340        -       0x0000000c   Zero   RW          146    .bss.OB1s0          main.o
    0x2000034c        -       0x00000020   Zero   RW          147    .bss.OB1s1          main.o
    0x2000036c        -       0x00000020   Zero   RW          148    .bss.OB1s2          main.o
    0x2000038c        -       0x0000000c   Zero   RW          149    .bss.OB1s3          main.o
    0x20000398        -       0x00000020   Zero   RW          150    .bss.OB1s4          main.o
    0x200003b8        -       0x00000018   Zero   RW          151    .bss.OB1s4MeTimer   main.o
    0x200003d0        -       0x0000000c   Zero   RW          152    .bss.OB1s5          main.o
    0x200003dc        -       0x00000001   Zero   RW          145    .bss.OB1step        main.o
    0x200003dd   0x08004940   0x00000003   PAD
    0x200003e0        -       0x0000000c   Zero   RW          154    .bss.OB2s0          main.o
    0x200003ec        -       0x00000020   Zero   RW          155    .bss.OB2s1          main.o
    0x2000040c        -       0x00000020   Zero   RW          156    .bss.OB2s2          main.o
    0x2000042c        -       0x0000000c   Zero   RW          157    .bss.OB2s3          main.o
    0x20000438        -       0x00000020   Zero   RW          158    .bss.OB2s4          main.o
    0x20000458        -       0x00000018   Zero   RW          159    .bss.OB2s4MeTimer   main.o
    0x20000470        -       0x0000000c   Zero   RW          160    .bss.OB2s5          main.o
    0x2000047c        -       0x00000001   Zero   RW          153    .bss.OB2step        main.o
    0x2000047d   0x08004940   0x00000003   PAD
    0x20000480        -       0x0000000c   Zero   RW          162    .bss.OB3s0          main.o
    0x2000048c        -       0x00000020   Zero   RW          163    .bss.OB3s1          main.o
    0x200004ac        -       0x00000020   Zero   RW          164    .bss.OB3s2          main.o
    0x200004cc        -       0x0000000c   Zero   RW          165    .bss.OB3s3          main.o
    0x200004d8        -       0x00000020   Zero   RW          166    .bss.OB3s4          main.o
    0x200004f8        -       0x00000018   Zero   RW          167    .bss.OB3s4MeTimer   main.o
    0x20000510        -       0x0000000c   Zero   RW          168    .bss.OB3s5          main.o
    0x2000051c        -       0x00000001   Zero   RW          161    .bss.OB3step        main.o
    0x2000051d   0x08004940   0x00000003   PAD
    0x20000520        -       0x00000024   Zero   RW          124    .bss.S4             main.o
    0x20000544        -       0x00000024   Zero   RW          125    .bss.S5             main.o
    0x20000568        -       0x00000024   Zero   RW          126    .bss.S6             main.o
    0x2000058c        -       0x00000004   Zero   RW          630    .bss.prvSampleTimeNow.xLastTime  timers.o
    0x20000590        -       0x00000004   Zero   RW          543    .bss.pxCurrentTCB   tasks.o
    0x20000594        -       0x00000004   Zero   RW          628    .bss.pxCurrentTimerList  timers.o
    0x20000598        -       0x00000004   Zero   RW          553    .bss.pxDelayedTaskList  tasks.o
    0x2000059c        -       0x00000004   Zero   RW          266    .bss.pxEnd          heap_4.o
    0x200005a0        -       0x00000004   Zero   RW          554    .bss.pxOverflowDelayedTaskList  tasks.o
    0x200005a4        -       0x00000004   Zero   RW          629    .bss.pxOverflowTimerList  timers.o
    0x200005a8        -       0x00000064   Zero   RW          545    .bss.pxReadyTasksLists  tasks.o
    0x2000060c        -       0x0000000c   Zero   RW          173    .bss.queue          main.o
    0x20000618        -       0x00002800   Zero   RW          272    .bss.ucHeap         heap_4.o
    0x20002e18        -       0x00000004   Zero   RW          550    .bss.uxCurrentNumberOfTasks  tasks.o
    0x20002e1c        -       0x00000004   Zero   RW          549    .bss.uxDeletedTasksWaitingCleanUp  tasks.o
    0x20002e20        -       0x00000004   Zero   RW          556    .bss.uxSchedulerSuspended  tasks.o
    0x20002e24        -       0x00000004   Zero   RW          547    .bss.uxTaskNumber   tasks.o
    0x20002e28        -       0x00000004   Zero   RW          546    .bss.uxTopReadyPriority  tasks.o
    0x20002e2c        -       0x00000014   Zero   RW          631    .bss.xActiveTimerList1  timers.o
    0x20002e40        -       0x00000014   Zero   RW          632    .bss.xActiveTimerList2  timers.o
    0x20002e54        -       0x00000014   Zero   RW          564    .bss.xDelayedTaskList1  tasks.o
    0x20002e68        -       0x00000014   Zero   RW          565    .bss.xDelayedTaskList2  tasks.o
    0x20002e7c        -       0x00000004   Zero   RW          267    .bss.xFreeBytesRemaining  heap_4.o
    0x20002e80        -       0x00000004   Zero   RW          560    .bss.xIdleTaskHandle  tasks.o
    0x20002e84        -       0x00000004   Zero   RW          269    .bss.xMinimumEverFreeBytesRemaining  heap_4.o
    0x20002e88        -       0x00000004   Zero   RW          561    .bss.xNextTaskUnblockTime  tasks.o
    0x20002e8c        -       0x00000004   Zero   RW          563    .bss.xNumOfOverflows  tasks.o
    0x20002e90        -       0x00000004   Zero   RW          270    .bss.xNumberOfSuccessfulAllocations  heap_4.o
    0x20002e94        -       0x00000004   Zero   RW          271    .bss.xNumberOfSuccessfulFrees  heap_4.o
    0x20002e98        -       0x00000004   Zero   RW          562    .bss.xPendedTicks   tasks.o
    0x20002e9c        -       0x00000014   Zero   RW          558    .bss.xPendingReadyList  tasks.o
    0x20002eb0        -       0x00000004   Zero   RW          551    .bss.xSchedulerRunning  tasks.o
    0x20002eb4        -       0x00000008   Zero   RW          268    .bss.xStart         heap_4.o
    0x20002ebc        -       0x00000014   Zero   RW          555    .bss.xSuspendedTaskList  tasks.o
    0x20002ed0        -       0x00000014   Zero   RW          548    .bss.xTasksWaitingTermination  tasks.o
    0x20002ee4        -       0x00000004   Zero   RW          552    .bss.xTickCount     tasks.o
    0x20002ee8        -       0x00000004   Zero   RW          625    .bss.xTimerQueue    timers.o
    0x20002eec        -       0x00000004   Zero   RW          627    .bss.xTimerTaskHandle  timers.o
    0x20002ef0        -       0x00000004   Zero   RW          557    .bss.xYieldPending  tasks.o
    0x20002ef4   0x08004940   0x00000004   PAD
    0x20002ef8        -       0x00000200   Zero   RW         1028    HEAP                startup_stm32f10x_md.o
    0x200030f8        -       0x00000400   Zero   RW         1027    STACK               startup_stm32f10x_md.o


==============================================================================

Image component sizes


      Code (inc. data)   RO Data    RW Data    ZI Data      Debug   Object Name

       320          0          0          0          0       1975   chb.o
       676          0        108          0          0       7340   coil.o
        64          0          0          0          0       1816   common.o
       420          0          0          0          0       2655   common_for_tasks.o
       362          0         12          0          0       5267   common_timer.o
       226          0          0          0          0       2313   gpio_common.o
       880          0          0          0      10268       4068   heap_4.o
       498          0          0          0          0       6326   init.o
       238          0          0          0          0       2050   list.o
      1880          0         36        101       1212      10433   main.o
       950         12          0          0          0       2171   ob1.o
       950         12          0          0          0       2171   ob2.o
       950         12          0          0          0       2171   ob3.o
       510         12          0          4          0       2489   port.o
       220          0         28          0          0       3929   pulse.o
      1124          0          0          0          0      12159   queue.o
       190          0          0          0          0       2567   rf_impulse.o
       446          0         28          0          0       4783   sequence.o
       396          0         56          0          0       4557   simple_input.o
        64         26        236          0       1536        824   startup_stm32f10x_md.o
       690          0         16          4          0       2944   system_stm32f10x.o
      3694          0          9          0        260      21776   tasks.o
      1148         10          8          0         60       7648   timers.o

    ----------------------------------------------------------------------
     17138         96        572        112      13352     114432   Object Totals
         0          0         32          0          0          0   (incl. Generated)
       242         12          3          3         16          0   (incl. Padding)

    ----------------------------------------------------------------------

      Code (inc. data)   RO Data    RW Data    ZI Data      Debug   Library Member Name

         8          0          0          0          0         68   __main.o
         0          0          0          0          0          0   __rtentry.o
        12          0          0          0          0          0   __rtentry2.o
         6          0          0          0          0          0   __rtentry4.o
        52          8          0          0          0          0   __scatter.o
        26          0          0          0          0          0   __scatter_copy.o
        28          0          0          0          0          0   __scatter_zi.o
        22          0          0          0          0         80   abort.o
        16          0          0          0          0         68   aeabi_memset4.o
        48         34          0          0          0         76   defsig_abrt_inner.o
        14          0          0          0          0         80   defsig_abrt_outer.o
        10          0          0          0          0         68   defsig_exit.o
        50          0          0          0          0         88   defsig_general.o
        18          0          0          0          0         80   exit.o
         6          0          0          0          0        152   heapauxi.o
         0          0          0          0          0          0   indicate_semi.o
        36          8          0          0          0         80   init_aeabi.o
         2          0          0          0          0          0   libinit.o
         6          0          0          0          0          0   libinit2.o
         2          0          0          0          0          0   libshutdown.o
         2          0          0          0          0          0   libshutdown2.o
         8          4          0          0         96         68   libspace.o
        68          0          0          0          0         68   rt_memclr.o
        78          0          0          0          0         80   rt_memclr_w.o
       138          0          0          0          0         68   rt_memcpy_v6.o
       100          0          0          0          0         80   rt_memcpy_w.o
         2          0          0          0          0          0   rtexit.o
        10          0          0          0          0          0   rtexit2.o
        12          4          0          0          0         68   sys_exit.o
        74          0          0          0          0         80   sys_stackheap_outer.o
        14          0          0          0          0         76   sys_wrch.o
         2          0          0          0          0         68   use_no_semi.o
         4          0          0          0          0         36   abort_message.cpp.o
        40         32          0          0          0         52   cxa_virtual.cpp.o

    ----------------------------------------------------------------------
       930         90          0          0         96       1584   Library Totals
        16          0          0          0          0          0   (incl. Padding)

    ----------------------------------------------------------------------

      Code (inc. data)   RO Data    RW Data    ZI Data      Debug   Library Name

       870         58          0          0         96       1496   c_w.l
        44         32          0          0          0         88   libcppabi_w.l

    ----------------------------------------------------------------------
       930         90          0          0         96       1584   Library Totals

    ----------------------------------------------------------------------

==============================================================================


      Code (inc. data)   RO Data    RW Data    ZI Data      Debug   

     18068        186        572        112      13448     114824   Grand Totals
     18068        186        572        112      13448     114824   ELF Image Totals
     18068        186        572        112          0          0   ROM Totals

==============================================================================

    Total RO  Size (Code + RO Data)                18640 (  18.20kB)
    Total RW  Size (RW Data + ZI Data)             13560 (  13.24kB)
    Total ROM Size (Code + RO Data + RW Data)      18752 (  18.31kB)

==============================================================================

