Component: Arm Compiler for Embedded 6.18 Tool: armlink [5e4cc100]

==============================================================================

Section Cross References

    main.o(.text.__cxx_global_var_init) refers to main.o(.bss.B1) for B1
    main.o(.text.__cxx_global_var_init) refers to simple_input.o(.text._ZN18SimpleInputDelayedC2EP12GPIO_TypeDefht) for SimpleInputDelayed::SimpleInputDelayed(GPIO_TypeDef*, unsigned char, unsigned short)
    main.o(.ARM.exidx.text.__cxx_global_var_init) refers to main.o(.text.__cxx_global_var_init) for [Anonymous Symbol]
    main.o(.text.__cxx_global_var_init.1) refers to main.o(.bss.H1) for H1
    main.o(.text.__cxx_global_var_init.1) refers to simple_input.o(.text._ZN18SimpleInputDelayedC2EP12GPIO_TypeDefht) for SimpleInputDelayed::SimpleInputDelayed(GPIO_TypeDef*, unsigned char, unsigned short)
    main.o(.ARM.exidx.text.__cxx_global_var_init.1) refers to main.o(.text.__cxx_global_var_init.1) for [Anonymous Symbol]
    main.o(.text.__cxx_global_var_init.2) refers to main.o(.bss.B2) for B2
    main.o(.text.__cxx_global_var_init.2) refers to simple_input.o(.text._ZN18SimpleInputDelayedC2EP12GPIO_TypeDefht) for SimpleInputDelayed::SimpleInputDelayed(GPIO_TypeDef*, unsigned char, unsigned short)
    main.o(.ARM.exidx.text.__cxx_global_var_init.2) refers to main.o(.text.__cxx_global_var_init.2) for [Anonymous Symbol]
    main.o(.text.__cxx_global_var_init.3) refers to main.o(.bss.H2) for H2
    main.o(.text.__cxx_global_var_init.3) refers to simple_input.o(.text._ZN18SimpleInputDelayedC2EP12GPIO_TypeDefht) for SimpleInputDelayed::SimpleInputDelayed(GPIO_TypeDef*, unsigned char, unsigned short)
    main.o(.ARM.exidx.text.__cxx_global_var_init.3) refers to main.o(.text.__cxx_global_var_init.3) for [Anonymous Symbol]
    main.o(.text.__cxx_global_var_init.4) refers to main.o(.bss.B3) for B3
    main.o(.text.__cxx_global_var_init.4) refers to simple_input.o(.text._ZN18SimpleInputDelayedC2EP12GPIO_TypeDefht) for SimpleInputDelayed::SimpleInputDelayed(GPIO_TypeDef*, unsigned char, unsigned short)
    main.o(.ARM.exidx.text.__cxx_global_var_init.4) refers to main.o(.text.__cxx_global_var_init.4) for [Anonymous Symbol]
    main.o(.text.__cxx_global_var_init.5) refers to main.o(.bss.H3) for H3
    main.o(.text.__cxx_global_var_init.5) refers to simple_input.o(.text._ZN18SimpleInputDelayedC2EP12GPIO_TypeDefht) for SimpleInputDelayed::SimpleInputDelayed(GPIO_TypeDef*, unsigned char, unsigned short)
    main.o(.ARM.exidx.text.__cxx_global_var_init.5) refers to main.o(.text.__cxx_global_var_init.5) for [Anonymous Symbol]
    main.o(.text.__cxx_global_var_init.6) refers to main.o(.bss.S4) for S4
    main.o(.text.__cxx_global_var_init.6) refers to simple_input.o(.text._ZN18SimpleInputDelayedC2EP12GPIO_TypeDefht) for SimpleInputDelayed::SimpleInputDelayed(GPIO_TypeDef*, unsigned char, unsigned short)
    main.o(.ARM.exidx.text.__cxx_global_var_init.6) refers to main.o(.text.__cxx_global_var_init.6) for [Anonymous Symbol]
    main.o(.text.__cxx_global_var_init.7) refers to main.o(.bss.S5) for S5
    main.o(.text.__cxx_global_var_init.7) refers to simple_input.o(.text._ZN18SimpleInputDelayedC2EP12GPIO_TypeDefht) for SimpleInputDelayed::SimpleInputDelayed(GPIO_TypeDef*, unsigned char, unsigned short)
    main.o(.ARM.exidx.text.__cxx_global_var_init.7) refers to main.o(.text.__cxx_global_var_init.7) for [Anonymous Symbol]
    main.o(.text.__cxx_global_var_init.8) refers to main.o(.bss.S6) for S6
    main.o(.text.__cxx_global_var_init.8) refers to simple_input.o(.text._ZN18SimpleInputDelayedC2EP12GPIO_TypeDefht) for SimpleInputDelayed::SimpleInputDelayed(GPIO_TypeDef*, unsigned char, unsigned short)
    main.o(.ARM.exidx.text.__cxx_global_var_init.8) refers to main.o(.text.__cxx_global_var_init.8) for [Anonymous Symbol]
    main.o(.text.__cxx_global_var_init.9) refers to main.o(.bss.C1) for C1
    main.o(.text.__cxx_global_var_init.9) refers to coil.o(.text._ZN4CoilC2EP12GPIO_TypeDefh) for Coil::Coil(GPIO_TypeDef*, unsigned char)
    main.o(.ARM.exidx.text.__cxx_global_var_init.9) refers to main.o(.text.__cxx_global_var_init.9) for [Anonymous Symbol]
    main.o(.text.__cxx_global_var_init.10) refers to main.o(.bss.O1) for O1
    main.o(.text.__cxx_global_var_init.10) refers to coil.o(.text._ZN4CoilC2EP12GPIO_TypeDefh) for Coil::Coil(GPIO_TypeDef*, unsigned char)
    main.o(.ARM.exidx.text.__cxx_global_var_init.10) refers to main.o(.text.__cxx_global_var_init.10) for [Anonymous Symbol]
    main.o(.text.__cxx_global_var_init.11) refers to main.o(.bss.D1) for D1
    main.o(.text.__cxx_global_var_init.11) refers to coil.o(.text._ZN4CoilC2EP12GPIO_TypeDefh) for Coil::Coil(GPIO_TypeDef*, unsigned char)
    main.o(.ARM.exidx.text.__cxx_global_var_init.11) refers to main.o(.text.__cxx_global_var_init.11) for [Anonymous Symbol]
    main.o(.text.__cxx_global_var_init.12) refers to main.o(.bss.M1) for M1
[...]
    __rt_lib_shutdown_user_alloc_1           0x0800016b   Thumb Code     0  libshutdown2.o(.ARM.Collect$$libshutdown$$0000000C)
    __rt_entry                               0x0800016d   Thumb Code     0  __rtentry.o(.ARM.Collect$$rtentry$$00000000)
    __rt_entry_presh_1                       0x0800016d   Thumb Code     0  __rtentry2.o(.ARM.Collect$$rtentry$$00000002)
    __rt_entry_sh                            0x0800016d   Thumb Code     0  __rtentry4.o(.ARM.Collect$$rtentry$$00000004)
    __rt_entry_li                            0x08000173   Thumb Code     0  __rtentry2.o(.ARM.Collect$$rtentry$$0000000A)
    __rt_entry_postsh_1                      0x08000173   Thumb Code     0  __rtentry2.o(.ARM.Collect$$rtentry$$00000009)
    __rt_entry_main                          0x08000177   Thumb Code     0  __rtentry2.o(.ARM.Collect$$rtentry$$0000000D)
    __rt_entry_postli_1                      0x08000177   Thumb Code     0  __rtentry2.o(.ARM.Collect$$rtentry$$0000000C)
    __rt_exit                                0x0800017f   Thumb Code     0  rtexit.o(.ARM.Collect$$rtexit$$00000000)
    __rt_exit_ls                             0x08000181   Thumb Code     0  rtexit2.o(.ARM.Collect$$rtexit$$00000003)
    __rt_exit_prels_1                        0x08000181   Thumb Code     0  rtexit2.o(.ARM.Collect$$rtexit$$00000002)
    __rt_exit_exit                           0x08000185   Thumb Code     0  rtexit2.o(.ARM.Collect$$rtexit$$00000004)
    Reset_Handler                            0x0800018d   Thumb Code     8  startup_stm32f10x_md.o(.text)
    NMI_Handler                              0x08000195   Thumb Code     2  startup_stm32f10x_md.o(.text)
    HardFault_Handler                        0x08000197   Thumb Code     2  startup_stm32f10x_md.o(.text)
    MemManage_Handler                        0x08000199   Thumb Code     2  startup_stm32f10x_md.o(.text)
    BusFault_Handler                         0x0800019b   Thumb Code     2  startup_stm32f10x_md.o(.text)
    UsageFault_Handler                       0x0800019d   Thumb Code     2  startup_stm32f10x_md.o(.text)
    DebugMon_Handler                         0x080001a1   Thumb Code     2  startup_stm32f10x_md.o(.text)
    ADC1_2_IRQHandler                        0x080001a7   Thumb Code     0  startup_stm32f10x_md.o(.text)
    CAN1_RX1_IRQHandler                      0x080001a7   Thumb Code     0  startup_stm32f10x_md.o(.text)
    CAN1_SCE_IRQHandler                      0x080001a7   Thumb Code     0  startup_stm32f10x_md.o(.text)
    DMA1_Channel1_IRQHandler                 0x080001a7   Thumb Code     0  startup_stm32f10x_md.o(.text)
    DMA1_Channel2_IRQHandler                 0x080001a7   Thumb Code     0  startup_stm32f10x_md.o(.text)
    DMA1_Channel3_IRQHandler                 0x080001a7   Thumb Code     0  startup_stm32f10x_md.o(.text)
    DMA1_Channel4_IRQHandler                 0x080001a7   Thumb Code     0  startup_stm32f10x_md.o(.text)
    DMA1_Channel5_IRQHandler                 0x080001a7   Thumb Code     0  startup_stm32f10x_md.o(.text)
    DMA1_Channel6_IRQHandler                 0x080001a7   Thumb Code     0  startup_stm32f10x_md.o(.text)
    DMA1_Channel7_IRQHandler                 0x080001a7   Thumb Code     0  startup_stm32f10x_md.o(.text)
    EXTI0_IRQHandler                         0x080001a7   Thumb Code     0  startup_stm32f10x_md.o(.text)
    EXTI15_10_IRQHandler                     0x080001a7   Thumb Code     0  startup_stm32f10x_md.o(.text)
    EXTI1_IRQHandler                         0x080001a7   Thumb Code     0  startup_stm32f10x_md.o(.text)
    EXTI2_IRQHandler                         0x080001a7   Thumb Code     0  startup_stm32f10x_md.o(.text)
    EXTI3_IRQHandler                         0x080001a7   Thumb Code     0  startup_stm32f10x_md.o(.text)
    EXTI4_IRQHandler                         0x080001a7   Thumb Code     0  startup_stm32f10x_md.o(.text)
    EXTI9_5_IRQHandler                       0x080001a7   Thumb Code     0  startup_stm32f10x_md.o(.text)
    FLASH_IRQHandler                         0x080001a7   Thumb Code     0  startup_stm32f10x_md.o(.text)
    I2C1_ER_IRQHandler                       0x080001a7   Thumb Code     0  startup_stm32f10x_md.o(.text)
    I2C1_EV_IRQHandler                       0x080001a7   Thumb Code     0  startup_stm32f10x_md.o(.text)
    I2C2_ER_IRQHandler                       0x080001a7   Thumb Code     0  startup_stm32f10x_md.o(.text)
    I2C2_EV_IRQHandler                       0x080001a7   Thumb Code     0  startup_stm32f10x_md.o(.text)
    PVD_IRQHandler                           0x080001a7   Thumb Code     0  startup_stm32f10x_md.o(.text)
    RCC_IRQHandler                           0x080001a7   Thumb Code     0  startup_stm32f10x_md.o(.text)
    RTCAlarm_IRQHandler                      0x080001a7   Thumb Code     0  startup_stm32f10x_md.o(.text)
    RTC_IRQHandler                           0x080001a7   Thumb Code     0  startup_stm32f10x_md.o(.text)
    SPI1_IRQHandler                          0x080001a7   Thumb Code     0  startup_stm32f10x_md.o(.text)
    SPI2_IRQHandler                          0x080001a7   Thumb Code     0  startup_stm32f10x_md.o(.text)
    TAMPER_IRQHandler                        0x080001a7   Thumb Code     0  startup_stm32f10x_md.o(.text)
    TIM1_BRK_IRQHandler                      0x080001a7   Thumb Code     0  startup_stm32f10x_md.o(.text)
    TIM1_CC_IRQHandler                       0x080001a7   Thumb Code     0  startup_stm32f10x_md.o(.text)
    TIM1_TRG_COM_IRQHandler                  0x080001a7   Thumb Code     0  startup_stm32f10x_md.o(.text)
    TIM1_UP_IRQHandler                       0x080001a7   Thumb Code     0  startup_stm32f10x_md.o(.text)
    TIM3_IRQHandler                          0x080001a7   Thumb Code     0  startup_stm32f10x_md.o(.text)
    TIM4_IRQHandler                          0x080001a7   Thumb Code     0  startup_stm32f10x_md.o(.text)
    USART1_IRQHandler                        0x080001a7   Thumb Code     0  startup_stm32f10x_md.o(.text)
    USART2_IRQHandler                        0x080001a7   Thumb Code     0  startup_stm32f10x_md.o(.text)
    USART3_IRQHandler                        0x080001a7   Thumb Code     0  startup_stm32f10x_md.o(.text)
    USBWakeUp_IRQHandler                     0x080001a7   Thumb Code     0  startup_stm32f10x_md.o(.text)
    USB_HP_CAN1_TX_IRQHandler                0x080001a7   Thumb Code     0  startup_stm32f10x_md.o(.text)
    USB_LP_CAN1_RX0_IRQHandler               0x080001a7   Thumb Code     0  startup_stm32f10x_md.o(.text)
    WWDG_IRQHandler                          0x080001a7   Thumb Code     0  startup_stm32f10x_md.o(.text)
    __user_initial_stackheap                 0x080001a9   Thumb Code     0  startup_stm32f10x_md.o(.text)
    __aeabi_memcpy                           0x080001cd   Thumb Code     0  rt_memcpy_v6.o(.text)
    __rt_memcpy                              0x080001cd   Thumb Code   138  rt_memcpy_v6.o(.text)
    _memcpy_lastbytes                        0x08000233   Thumb Code     0  rt_memcpy_v6.o(.text)
    __aeabi_memset4                          0x08000257   Thumb Code    16  aeabi_memset4.o(.text)
    __aeabi_memset8                          0x08000257   Thumb Code     0  aeabi_memset4.o(.text)
    __aeabi_memclr                           0x08000267   Thumb Code     0  rt_memclr.o(.text)
    __rt_memclr                              0x08000267   Thumb Code     0  rt_memclr.o(.text)
    _memset                                  0x0800026b   Thumb Code    64  rt_memclr.o(.text)
    __aeabi_memclr4                          0x080002ab   Thumb Code     0  rt_memclr_w.o(.text)
    __aeabi_memclr8                          0x080002ab   Thumb Code     0  rt_memclr_w.o(.text)
    __rt_memclr_w                            0x080002ab   Thumb Code     0  rt_memclr_w.o(.text)
    _memset_w                                0x080002af   Thumb Code    74  rt_memclr_w.o(.text)
    __use_two_region_memory                  0x080002f9   Thumb Code     2  heapauxi.o(.text)
    __rt_heap_escrow$2region                 0x080002fb   Thumb Code     2  heapauxi.o(.text)
    __rt_heap_expand$2region                 0x080002fd   Thumb Code     2  heapauxi.o(.text)
    __cpp_initialize__aeabi_                 0x08000301   Thumb Code    28  init_aeabi.o(.text)
    __aeabi_memcpy4                          0x08000325   Thumb Code     0  rt_memcpy_w.o(.text)
    __aeabi_memcpy8                          0x08000325   Thumb Code     0  rt_memcpy_w.o(.text)
    __rt_memcpy_w                            0x08000325   Thumb Code   100  rt_memcpy_w.o(.text)
    _memcpy_lastbytes_aligned                0x0800036d   Thumb Code     0  rt_memcpy_w.o(.text)
    abort                                    0x08000389   Thumb Code    22  abort.o(.text)
    _sys_exit                                0x080003a1   Thumb Code     8  sys_exit.o(.text)
    __user_setup_stackheap                   0x080003ad   Thumb Code    74  sys_stackheap_outer.o(.text)
    exit                                     0x080003f7   Thumb Code    18  exit.o(.text)
    __rt_SIGABRT                             0x08000409   Thumb Code    14  defsig_abrt_outer.o(.text)
    __user_libspace                          0x08000419   Thumb Code     8  libspace.o(.text)
    __user_perproc_libspace                  0x08000419   Thumb Code     0  libspace.o(.text)
    __user_perthread_libspace                0x08000419   Thumb Code     0  libspace.o(.text)
    __I$use$semihosting                      0x08000421   Thumb Code     0  use_no_semi.o(.text)
    __use_no_semihosting_swi                 0x08000421   Thumb Code     2  use_no_semi.o(.text)
    __semihosting_library_function           0x08000423   Thumb Code     0  indicate_semi.o(.text)
    __sig_exit                               0x08000423   Thumb Code    10  defsig_exit.o(.text)
    __rt_SIGABRT_inner                       0x0800042d   Thumb Code    14  defsig_abrt_inner.o(.text)
    __default_signal_display                 0x0800045d   Thumb Code    50  defsig_general.o(.text)
    _ttywrch                                 0x0800048f   Thumb Code    14  sys_wrch.o(.text)
    PendSV_Handler                           0x080004a1   Thumb Code    68  port.o(.text.PendSV_Handler)
    SVC_Handler                              0x080004f1   Thumb Code    36  port.o(.text.SVC_Handler)
    SysTick_Handler                          0x08000641   Thumb Code    60  port.o(.text.SysTick_Handler)
    SystemCoreClockUpdate                    0x0800067d   Thumb Code   290  system_stm32f10x.o(.text.SystemCoreClockUpdate)
    SystemInit                               0x080007a1   Thumb Code   102  system_stm32f10x.o(.text.SystemInit)
    TIM2_IRQHandler                          0x08000809   Thumb Code    76  main.o(.text.TIM2_IRQHandler)
    commonInit()                             0x08000929   Thumb Code    14  init.o(.text._Z10commonInitv)
    getPosition(unsigned int)                0x08000939   Thumb Code    64  common.o(.text._Z11getPositionj)
    void setRegister<unsigned int volatile>(unsigned int volatile*, unsigned int, unsigned int) 0x08000979   Thumb Code    32  init.o(.text._Z11setRegisterIVjEvPT_jj)
    resetAllSteps(TaskKit*)                  0x08000999   Thumb Code   116  ob.o(.text._Z13resetAllStepsP7TaskKit)
    resetCHBsteps()                          0x08000a0d   Thumb Code    88  common_for_tasks.o(.text._Z13resetCHBstepsv)
    pushSeqInQueue(Sequence*)                0x08000a65   Thumb Code   138  common_for_tasks.o(.text._Z14pushSeqInQueueP8Sequence)
    getSeqFromQueue()                        0x08000af1   Thumb Code   100  common_for_tasks.o(.text._Z15getSeqFromQueuev)
    void setBitsInRegister<unsigned int volatile>(unsigned int volatile*, unsigned int, unsigned int) 0x08000b55   Thumb Code    68  coil.o(.text._Z17setBitsInRegisterIVjEvPT_jj)
    deleteSeqFromQueue(Sequence*)            0x08000b99   Thumb Code    94  common_for_tasks.o(.text._Z18deleteSeqFromQueueP8Sequence)
    OBTask(void*)                            0x08000bf9   Thumb Code   672  ob.o(.text._Z6OBTaskPv)
    CHBTask(void*)                           0x08000e99   Thumb Code   320  chb.o(.text._Z7CHBTaskPv)
    rccInit()                                0x08000fd9   Thumb Code   190  init.o(.text._Z7rccInitv)
    diagTask(void*)                          0x08001099   Thumb Code   268  diag.o(.text._Z8diagTaskPv)
    tickInit()                               0x080011a5   Thumb Code    88  init.o(.text._Z8tickInitv)
    GPIOcommon::GPIOcommon(GPIO_TypeDef*, unsigned char) 0x080012ad   Thumb Code   226  gpio_common.o(.text._ZN10GPIOcommonC2EP12GPIO_TypeDefh)
    GPIOcommon::GPIOcommon__sub_object(GPIO_TypeDef*, unsigned char) 0x080012ad   Thumb Code   226  gpio_common.o(.text._ZN10GPIOcommonC2EP12GPIO_TypeDefh)
    CommonTimer::notStarted()                0x08001391   Thumb Code    16  common_timer.o(.text._ZN11CommonTimer10notStartedEv)
    CommonTimer::notFinished()               0x080013a1   Thumb Code    22  common_timer.o(.text._ZN11CommonTimer11notFinishedEv)
    CommonTimer::prepareAndStart()           0x080013b9   Thumb Code    24  common_timer.o(.text._ZN11CommonTimer15prepareAndStartEv)
    CommonTimer::stop()                      0x080013d1   Thumb Code    24  common_timer.o(.text._ZN11CommonTimer4stopEv)
    CommonTimer::pause()                     0x080013e9   Thumb Code    14  common_timer.o(.text._ZN11CommonTimer5pauseEv)
    CommonTimer::reset()                     0x080013f9   Thumb Code    16  common_timer.o(.text._ZN11CommonTimer5resetEv)
    CommonTimer::start()                     0x08001409   Thumb Code    14  common_timer.o(.text._ZN11CommonTimer5startEv)
    CommonTimer::inWork()                    0x08001419   Thumb Code    46  common_timer.o(.text._ZN11CommonTimer6inWorkEv)
    CommonTimer::isFree()                    0x08001449   Thumb Code    44  common_timer.o(.text._ZN11CommonTimer6isFreeEv)
    CommonTimer::update()                    0x08001475   Thumb Code    56  common_timer.o(.text._ZN11CommonTimer6updateEv)
    CommonTimer::started()                   0x080014ad   Thumb Code    16  common_timer.o(.text._ZN11CommonTimer7startedEv)
    CommonTimer::finished()                  0x080014bd   Thumb Code    22  common_timer.o(.text._ZN11CommonTimer8finishedEv)
    CommonTimer::setStart(bool)              0x080014d5   Thumb Code    44  common_timer.o(.text._ZN11CommonTimer8setStartEb)
    CommonTimer::CommonTimer(unsigned int)   0x08001501   Thumb Code    28  common_timer.o(.text._ZN11CommonTimerC2Ej)
    CommonTimer::CommonTimer__sub_object(unsigned int) 0x08001501   Thumb Code    28  common_timer.o(.text._ZN11CommonTimerC2Ej)
    IUpdated1ms::IUpdated1ms__sub_object()   0x0800151d   Thumb Code    22  coil_with_timer.o(.text._ZN11IUpdated1msC2Ev)
    PulseCommon::get()                       0x08001535   Thumb Code    16  pulse.o(.text._ZN11PulseCommon3getEv)
    PulseCommon::set(bool)                   0x08001545   Thumb Code    72  pulse.o(.text._ZN11PulseCommon3setEb)
    PulseCommon::reset()                     0x0800158d   Thumb Code    20  pulse.o(.text._ZN11PulseCommon5resetEv)
    PulseCommon::update()                    0x080015a1   Thumb Code    36  pulse.o(.text._ZN11PulseCommon6updateEv)
    PulseCommon::PulseCommon(unsigned int)   0x080015c5   Thumb Code    36  pulse.o(.text._ZN11PulseCommonC2Ej)
    PulseCommon::PulseCommon__sub_object(unsigned int) 0x080015c5   Thumb Code    36  pulse.o(.text._ZN11PulseCommonC2Ej)
    SimpleInput::isNotActive()               0x080015e9   Thumb Code    22  simple_input.o(.text._ZN11SimpleInput11isNotActiveEv)
    SimpleInput::isActive()                  0x08001601   Thumb Code    64  simple_input.o(.text._ZN11SimpleInput8isActiveEv)
    SimpleInput::SimpleInput(GPIO_TypeDef*, unsigned char) 0x08001641   Thumb Code   152  simple_input.o(.text._ZN11SimpleInputC2EP12GPIO_TypeDefh)
    SimpleInput::SimpleInput__sub_object(GPIO_TypeDef*, unsigned char) 0x08001641   Thumb Code   152  simple_input.o(.text._ZN11SimpleInputC2EP12GPIO_TypeDefh)
    CoilOffDelay::setValue(bool)             0x080016d9   Thumb Code    28  coil_with_timer.o(.text._ZN12CoilOffDelay8setValueEb)
    CoilOffDelay::update1ms()                0x080016f5   Thumb Code    38  coil_with_timer.o(.text._ZN12CoilOffDelay9update1msEv)
    CoilOffDelay::CoilOffDelay(GPIO_TypeDef*, unsigned char, unsigned short) 0x0800171d   Thumb Code    80  coil_with_timer.o(.text._ZN12CoilOffDelayC2EP12GPIO_TypeDefht)
    CoilOffDelay::CoilOffDelay__sub_object(GPIO_TypeDef*, unsigned char, unsigned short) 0x0800171d   Thumb Code    80  coil_with_timer.o(.text._ZN12CoilOffDelayC2EP12GPIO_TypeDefht)
    CoilOffDelay::operator=(bool)            0x0800176d   Thumb Code    34  coil_with_timer.o(.text._ZN12CoilOffDelayaSEb)
    ProgrammCoil::isNotActive()              0x08001791   Thumb Code    22  coil.o(.text._ZN12ProgrammCoil11isNotActiveEv)
    ProgrammCoil::isActive()                 0x080017a9   Thumb Code    16  coil.o(.text._ZN12ProgrammCoil8isActiveEv)
    ProgrammCoil::setValue(bool)             0x080017b9   Thumb Code    24  coil.o(.text._ZN12ProgrammCoil8setValueEb)
    ProgrammCoil::ProgrammCoil__sub_object() 0x080017d1   Thumb Code    32  coil.o(.text._ZN12ProgrammCoilC2Ev)
    OffDelayCommon::get()                    0x080017f1   Thumb Code    42  off_delay.o(.text._ZN14OffDelayCommon3getEv)
    OffDelayCommon::set(bool)                0x0800181d   Thumb Code    68  off_delay.o(.text._ZN14OffDelayCommon3setEb)
    OffDelayCommon::update()                 0x08001861   Thumb Code    36  off_delay.o(.text._ZN14OffDelayCommon6updateEv)
    OffDelayCommon::OffDelayCommon(unsigned int) 0x08001885   Thumb Code    36  off_delay.o(.text._ZN14OffDelayCommonC2Ej)
    OffDelayCommon::OffDelayCommon__sub_object(unsigned int) 0x08001885   Thumb Code    36  off_delay.o(.text._ZN14OffDelayCommonC2Ej)
    PulseInterrapt::set(bool)                0x080018a9   Thumb Code    48  pulse.o(.text._ZN14PulseInterrapt3setEb)
    PulseInterrapt::update1ms()              0x080018d9   Thumb Code    16  pulse.o(.text._ZN14PulseInterrapt9update1msEv)
    PulseInterrapt::PulseInterrapt(unsigned int) 0x080018e9   Thumb Code    50  pulse.o(.text._ZN14PulseInterraptC2Ej)
    PulseInterrapt::PulseInterrapt__sub_object(unsigned int) 0x080018e9   Thumb Code    50  pulse.o(.text._ZN14PulseInterraptC2Ej)
    PulseInterrapt::operator=(bool)          0x0800191d   Thumb Code    32  pulse.o(.text._ZN14PulseInterraptaSEb)
    SequenceDelayed::update1ms()             0x0800193d   Thumb Code    66  sequence.o(.text._ZN15SequenceDelayed9update1msEv)
    SequenceDelayed::SequenceDelayed(unsigned char*, unsigned char, unsigned int) 0x08001981   Thumb Code    70  sequence.o(.text._ZN15SequenceDelayedC2EPhhj)
    SequenceDelayed::SequenceDelayed__sub_object(unsigned char*, unsigned char, unsigned int) 0x08001981   Thumb Code    70  sequence.o(.text._ZN15SequenceDelayedC2EPhhj)
    SimpleInputDelayed::isActive()           0x080019c9   Thumb Code    16  simple_input.o(.text._ZN18SimpleInputDelayed8isActiveEv)
    SimpleInputDelayed::update1ms()          0x080019d9   Thumb Code    34  simple_input.o(.text._ZN18SimpleInputDelayed9update1msEv)
    SimpleInputDelayed::SimpleInputDelayed(GPIO_TypeDef*, unsigned char, unsigned short) 0x080019fd   Thumb Code    80  simple_input.o(.text._ZN18SimpleInputDelayedC2EP12GPIO_TypeDefht)
    SimpleInputDelayed::SimpleInputDelayed__sub_object(GPIO_TypeDef*, unsigned char, unsigned short) 0x080019fd   Thumb Code    80  simple_input.o(.text._ZN18SimpleInputDelayedC2EP12GPIO_TypeDefht)
    Coil::isActive()                         0x08001a4d   Thumb Code    22  coil.o(.text._ZN4Coil8isActiveEv)
    Coil::setValue(bool)                     0x08001a65   Thumb Code    92  coil.o(.text._ZN4Coil8setValueEb)
    Coil::Coil(GPIO_TypeDef*, unsigned char) 0x08001ac1   Thumb Code   118  coil.o(.text._ZN4CoilC2EP12GPIO_TypeDefh)
    Coil::Coil__sub_object(GPIO_TypeDef*, unsigned char) 0x08001ac1   Thumb Code   118  coil.o(.text._ZN4CoilC2EP12GPIO_TypeDefh)
    Coil::operator=(bool)                    0x08001b39   Thumb Code    34  coil.o(.text._ZN4CoilaSEb)
    ISwitch::ISwitch__sub_object()           0x08001b5d   Thumb Code    22  coil.o(.text._ZN7ISwitchC2Ev)
    Sequence::finishedImpulse()              0x08001b75   Thumb Code    16  sequence.o(.text._ZN8Sequence15finishedImpulseEv)
    Sequence::lock(bool)                     0x08001b85   Thumb Code    24  sequence.o(.text._ZN8Sequence4lockEb)
    Sequence::reset()                        0x08001b9d   Thumb Code    24  sequence.o(.text._ZN8Sequence5resetEv)
    Sequence::start(bool)                    0x08001bb5   Thumb Code    44  sequence.o(.text._ZN8Sequence5startEb)
    Sequence::active()                       0x08001be1   Thumb Code    64  sequence.o(.text._ZN8Sequence6activeEv)
    Sequence::finish(bool)                   0x08001c21   Thumb Code    68  sequence.o(.text._ZN8Sequence6finishEb)
    Sequence::locked()                       0x08001c65   Thumb Code    16  sequence.o(.text._ZN8Sequence6lockedEv)
    Sequence::started()                      0x08001c75   Thumb Code    16  sequence.o(.text._ZN8Sequence7startedEv)
    Sequence::finished()                     0x08001c85   Thumb Code    16  sequence.o(.text._ZN8Sequence8finishedEv)
    Sequence::isMyStep()                     0x08001c95   Thumb Code    24  sequence.o(.text._ZN8Sequence8isMyStepEv)
    Sequence::Sequence(unsigned char*, unsigned char) 0x08001cad   Thumb Code    38  sequence.o(.text._ZN8SequenceC2EPhh)
    Sequence::Sequence__sub_object(unsigned char*, unsigned char) 0x08001cad   Thumb Code    38  sequence.o(.text._ZN8SequenceC2EPhh)
    CoilPulse::setValue(bool)                0x08001cd5   Thumb Code    28  coil_with_timer.o(.text._ZN9CoilPulse8setValueEb)
    CoilPulse::update1ms()                   0x08001cf1   Thumb Code    38  coil_with_timer.o(.text._ZN9CoilPulse9update1msEv)
    CoilPulse::CoilPulse(GPIO_TypeDef*, unsigned char, unsigned short) 0x08001d19   Thumb Code    80  coil_with_timer.o(.text._ZN9CoilPulseC2EP12GPIO_TypeDefht)
    CoilPulse::CoilPulse__sub_object(GPIO_TypeDef*, unsigned char, unsigned short) 0x08001d19   Thumb Code    80  coil_with_timer.o(.text._ZN9CoilPulseC2EP12GPIO_TypeDefht)
    CoilPulse::operator=(bool)               0x08001d69   Thumb Code    34  coil_with_timer.o(.text._ZN9CoilPulseaSEb)
    RFimpulse::get()                         0x08001d8d   Thumb Code    32  rf_impulse.o(.text._ZN9RFimpulse3getEv)
    RFimpulse::set(bool)                     0x08001dad   Thumb Code   138  rf_impulse.o(.text._ZN9RFimpulse3setEb)
    RFimpulse::RFimpulse(IMPULSE)            0x08001e39   Thumb Code    20  rf_impulse.o(.text._ZN9RFimpulseC2E7IMPULSE)
    RFimpulse::RFimpulse__sub_object(IMPULSE) 0x08001e39   Thumb Code    20  rf_impulse.o(.text._ZN9RFimpulseC2E7IMPULSE)
    non-virtual thunk to CoilOffDelay::setValue(bool) 0x08001e4d   Thumb Code    26  coil_with_timer.o(.text._ZThn16_N12CoilOffDelay8setValueEb)
    non-virtual thunk to PulseInterrapt::update1ms() 0x08001e69   Thumb Code    14  pulse.o(.text._ZThn16_N14PulseInterrapt9update1msEv)
    non-virtual thunk to SimpleInputDelayed::isActive() 0x08001e79   Thumb Code    14  simple_input.o(.text._ZThn16_N18SimpleInputDelayed8isActiveEv)
    non-virtual thunk to CoilPulse::setValue(bool) 0x08001e89   Thumb Code    26  coil_with_timer.o(.text._ZThn16_N9CoilPulse8setValueEb)
    non-virtual thunk to SequenceDelayed::update1ms() 0x08001ea5   Thumb Code    14  sequence.o(.text._ZThn28_N15SequenceDelayed9update1msEv)
    non-virtual thunk to CoilOffDelay::update1ms() 0x08001eb5   Thumb Code    14  coil_with_timer.o(.text._ZThn32_N12CoilOffDelay9update1msEv)
    non-virtual thunk to SimpleInputDelayed::update1ms() 0x08001ec5   Thumb Code    14  simple_input.o(.text._ZThn32_N18SimpleInputDelayed9update1msEv)
    non-virtual thunk to CoilPulse::update1ms() 0x08001ed5   Thumb Code    14  coil_with_timer.o(.text._ZThn32_N9CoilPulse9update1msEv)
    __cxa_pure_virtual                       0x08001ee5   Thumb Code     8  cxa_virtual.cpp.o(.text.__cxa_pure_virtual)
    abort_message                            0x08002523   Thumb Code     4  abort_message.cpp.o(.text.abort_message)
    main                                     0x08002529   Thumb Code   284  main.o(.text.main)
    pvPortMalloc                             0x08003275   Thumb Code   390  heap_4.o(.text.pvPortMalloc)
    pxPortInitialiseStack                    0x080033fd   Thumb Code    80  port.o(.text.pxPortInitialiseStack)
    uxListRemove                             0x0800344d   Thumb Code    72  list.o(.text.uxListRemove)
    vApplicationIdleHook                     0x08003495   Thumb Code     2  main.o(.text.vApplicationIdleHook)
    vApplicationStackOverflowHook            0x08003499   Thumb Code    10  main.o(.text.vApplicationStackOverflowHook)
    vApplicationTickHook                     0x080034a5   Thumb Code     2  main.o(.text.vApplicationTickHook)
    vListInitialise                          0x080034a9   Thumb Code    46  list.o(.text.vListInitialise)
    vListInitialiseItem                      0x080034d9   Thumb Code    14  list.o(.text.vListInitialiseItem)
    vListInsert                              0x080034e9   Thumb Code   106  list.o(.text.vListInsert)
    vPortEnterCritical                       0x08003555   Thumb Code    48  port.o(.text.vPortEnterCritical)
    vPortExitCritical                        0x08003585   Thumb Code    38  port.o(.text.vPortExitCritical)
    vPortFree                                0x080035ad   Thumb Code   118  heap_4.o(.text.vPortFree)
    vPortSetupTimerInterrupt                 0x08003625   Thumb Code    46  port.o(.text.vPortSetupTimerInterrupt)
    vQueueWaitForMessageRestricted           0x08003655   Thumb Code   100  queue.o(.text.vQueueWaitForMessageRestricted)
    vTaskDelay                               0x080036b9   Thumb Code    74  tasks.o(.text.vTaskDelay)
    vTaskInternalSetTimeOutState             0x08003705   Thumb Code    36  tasks.o(.text.vTaskInternalSetTimeOutState)
    vTaskMissedYield                         0x08003729   Thumb Code    14  tasks.o(.text.vTaskMissedYield)
    vTaskPlaceOnEventList                    0x08003739   Thumb Code    38  tasks.o(.text.vTaskPlaceOnEventList)
    vTaskPlaceOnEventListRestricted          0x08003761   Thumb Code    96  tasks.o(.text.vTaskPlaceOnEventListRestricted)
    vTaskStartScheduler                      0x080037c1   Thumb Code   148  tasks.o(.text.vTaskStartScheduler)
    vTaskSuspendAll                          0x08003855   Thumb Code    16  tasks.o(.text.vTaskSuspendAll)
    vTaskSwitchContext                       0x08003865   Thumb Code   236  tasks.o(.text.vTaskSwitchContext)
    xPortStartScheduler                      0x08003951   Thumb Code    64  port.o(.text.xPortStartScheduler)
    xQueueGenericCreate                      0x08003991   Thumb Code   126  queue.o(.text.xQueueGenericCreate)
    xQueueGenericReset                       0x08003a11   Thumb Code   208  queue.o(.text.xQueueGenericReset)
    xQueueReceive                            0x08003ae1   Thumb Code   338  queue.o(.text.xQueueReceive)
    xTaskCheckForTimeOut                     0x08003c35   Thumb Code   154  tasks.o(.text.xTaskCheckForTimeOut)
    xTaskCreate                              0x08003cd1   Thumb Code   160  tasks.o(.text.xTaskCreate)
    xTaskGetTickCount                        0x08003d71   Thumb Code    20  tasks.o(.text.xTaskGetTickCount)
    xTaskIncrementTick                       0x08003d85   Thumb Code   596  tasks.o(.text.xTaskIncrementTick)
    xTaskRemoveFromEventList                 0x08003fd9   Thumb Code   368  tasks.o(.text.xTaskRemoveFromEventList)
    xTaskResumeAll                           0x08004149   Thumb Code   510  tasks.o(.text.xTaskResumeAll)
    xTimerCreateTimerTask                    0x08004349   Thumb Code    80  timers.o(.text.xTimerCreateTimerTask)
    AHBPrescTable                            0x08004398   Data          16  system_stm32f10x.o(.rodata.AHBPrescTable)
    vtable for CommonTimer                   0x080043a8   Data          12  common_timer.o(.rodata._ZTV11CommonTimer)
    vtable for IUpdated1ms                   0x080043b4   Data          12  coil_with_timer.o(.rodata._ZTV11IUpdated1ms)
    vtable for PulseCommon                   0x080043c0   Data          12  pulse.o(.rodata._ZTV11PulseCommon)
    vtable for SimpleInput                   0x080043cc   Data          12  simple_input.o(.rodata._ZTV11SimpleInput)
    vtable for CoilOffDelay                  0x080043d8   Data          48  coil_with_timer.o(.rodata._ZTV12CoilOffDelay)
    vtable for ProgrammCoil                  0x08004408   Data          16  coil.o(.rodata._ZTV12ProgrammCoil)
    vtable for OffDelayCommon                0x08004418   Data          12  off_delay.o(.rodata._ZTV14OffDelayCommon)
    vtable for PulseInterrapt                0x08004424   Data          28  pulse.o(.rodata._ZTV14PulseInterrapt)
    vtable for SequenceDelayed               0x08004440   Data          28  sequence.o(.rodata._ZTV15SequenceDelayed)
    vtable for SimpleInputDelayed            0x0800445c   Data          44  simple_input.o(.rodata._ZTV18SimpleInputDelayed)
    vtable for Coil                          0x08004488   Data          16  coil.o(.rodata._ZTV4Coil)
    vtable for ISwitch                       0x08004498   Data          12  coil.o(.rodata._ZTV7ISwitch)
    vtable for CoilPulse                     0x080044a4   Data          48  coil_with_timer.o(.rodata._ZTV9CoilPulse)
    uxTopUsedPriority                        0x0800450c   Data           4  tasks.o(.rodata.uxTopUsedPriority)
    Region$$Table$$Base                      0x08004510   Number         0  anon$$obj.o(Region$$Table)
    Region$$Table$$Limit                     0x08004530   Number         0  anon$$obj.o(Region$$Table)
    SHT$$INIT_ARRAY$$Base                    0x08004530   Number         0  main.o(.init_array)
    SHT$$INIT_ARRAY$$Limit                   0x08004534   Number         0  init_aeabi.o(.init_array)
    SystemCoreClock                          0x20000000   Data           4  system_stm32f10x.o(.data.SystemCoreClock)
    ob1Kit                                   0x20000038   Data          60  main.o(.data.ob1Kit)
    ob2Kit                                   0x20000074   Data          60  main.o(.data.ob2Kit)
    ob3Kit                                   0x200000b0   Data          60  main.o(.data.ob3Kit)
    update1msObjects                         0x200000ec   Data         104  main.o(.data.update1msObjects)
    updateObjectsSize                        0x20000154   Data           1  main.o(.data.updateObjectsSize)
    __libspace_start                         0x20000160   Data          96  libspace.o(.bss)
    B1                                       0x200001c0   Data          36  main.o(.bss.B1)
    __temporary_stack_top$libspace           0x200001c0   Data           0  libspace.o(.bss)
    B2                                       0x200001e4   Data          36  main.o(.bss.B2)
    B3                                       0x20000208   Data          36  main.o(.bss.B3)
    C1                                       0x2000022c   Data          16  main.o(.bss.C1)
    C2                                       0x2000023c   Data          16  main.o(.bss.C2)
    C3                                       0x2000024c   Data          16  main.o(.bss.C3)
    CHBs0                                    0x2000025c   Data          12  main.o(.bss.CHBs0)
    CHBs1                                    0x20000268   Data          32  main.o(.bss.CHBs1)
    CHBs2                                    0x20000288   Data          12  main.o(.bss.CHBs2)
    CHBstep                                  0x20000294   Data           1  main.o(.bss.CHBstep)
    D1                                       0x20000298   Data          16  main.o(.bss.D1)
    D2                                       0x200002a8   Data          16  main.o(.bss.D2)
    D3                                       0x200002b8   Data          16  main.o(.bss.D3)
    D4                                       0x200002c8   Data          16  main.o(.bss.D4)
    H1                                       0x200002d8   Data          36  main.o(.bss.H1)
    H2                                       0x200002fc   Data          36  main.o(.bss.H2)
    H3                                       0x20000320   Data          36  main.o(.bss.H3)
    M1                                       0x20000344   Data          36  main.o(.bss.M1)
    M2                                       0x20000368   Data          36  main.o(.bss.M2)
    M3                                       0x2000038c   Data          36  main.o(.bss.M3)
    M6                                       0x200003b0   Data          36  main.o(.bss.M6)
    M7                                       0x200003d4   Data          16  main.o(.bss.M7)
    Me1                                      0x200003e4   Data          16  main.o(.bss.Me1)
    Me2                                      0x200003f4   Data          16  main.o(.bss.Me2)
    Me3                                      0x20000404   Data          16  main.o(.bss.Me3)
    O1                                       0x20000414   Data          16  main.o(.bss.O1)
    O2                                       0x20000424   Data          16  main.o(.bss.O2)
    O3                                       0x20000434   Data          16  main.o(.bss.O3)
    OB1s0                                    0x20000444   Data          12  main.o(.bss.OB1s0)
    OB1s1                                    0x20000450   Data          32  main.o(.bss.OB1s1)
    OB1s2                                    0x20000470   Data          32  main.o(.bss.OB1s2)
    OB1s3                                    0x20000490   Data          12  main.o(.bss.OB1s3)
    OB1s4                                    0x2000049c   Data          32  main.o(.bss.OB1s4)
    OB1s4MeTimer                             0x200004bc   Data          20  main.o(.bss.OB1s4MeTimer)
    OB1s5                                    0x200004d0   Data          12  main.o(.bss.OB1s5)
    OB1step                                  0x200004dc   Data           1  main.o(.bss.OB1step)
    OB2s0                                    0x200004e0   Data          12  main.o(.bss.OB2s0)
    OB2s1                                    0x200004ec   Data          32  main.o(.bss.OB2s1)
    OB2s2                                    0x2000050c   Data          32  main.o(.bss.OB2s2)
    OB2s3                                    0x2000052c   Data          12  main.o(.bss.OB2s3)
    OB2s4                                    0x20000538   Data          32  main.o(.bss.OB2s4)
    OB2s4MeTimer                             0x20000558   Data          20  main.o(.bss.OB2s4MeTimer)
    OB2s5                                    0x2000056c   Data          12  main.o(.bss.OB2s5)
    OB2step                                  0x20000578   Data           1  main.o(.bss.OB2step)
    OB3s0                                    0x2000057c   Data          12  main.o(.bss.OB3s0)
    OB3s1                                    0x20000588   Data          32  main.o(.bss.OB3s1)
    OB3s2                                    0x200005a8   Data          32  main.o(.bss.OB3s2)
    OB3s3                                    0x200005c8   Data          12  main.o(.bss.OB3s3)
    OB3s4                                    0x200005d4   Data          32  main.o(.bss.OB3s4)
    OB3s4MeTimer                             0x200005f4   Data          20  main.o(.bss.OB3s4MeTimer)
    OB3s5                                    0x20000608   Data          12  main.o(.bss.OB3s5)
    OB3step                                  0x20000614   Data           1  main.o(.bss.OB3step)
    S4                                       0x20000618   Data          36  main.o(.bss.S4)
    S5                                       0x2000063c   Data          36  main.o(.bss.S5)
    S6                                       0x20000660   Data          36  main.o(.bss.S6)
    led                                      0x20000688   Data          16  main.o(.bss.led)
    pxCurrentTCB                             0x2000069c   Data           4  tasks.o(.bss.pxCurrentTCB)
    queue                                    0x20000718   Data          12  main.o(.bss.queue)



==============================================================================

Memory Map of the image

  Image Entry point : 0x080000ed

  Load Region LR_IROM1 (Base: 0x08000000, Size: 0x00004698, Max: 0x00010000, ABSOLUTE)

    Execution Region ER_IROM1 (Exec base: 0x08000000, Load base: 0x08000000, Size: 0x00004534, Max: 0x00010000, ABSOLUTE)

    Exec Addr    Load Addr    Size         Type   Attr      Idx    E Section Name        Object

    0x08000000   0x08000000   0x000000ec   Data   RO         1067    RESET               startup_stm32f10x_md.o
    0x080000ec   0x080000ec   0x00000008   Code   RO         1102  * !!!main             c_w.l(__main.o)
    0x080000f4   0x080000f4   0x00000034   Code   RO         1294    !!!scatter          c_w.l(__scatter.o)
    0x08000128   0x08000128   0x0000001a   Code   RO         1296    !!handler_copy      c_w.l(__scatter_copy.o)
    0x08000142   0x08000142   0x00000002   PAD
    0x08000144   0x08000144   0x0000001c   Code   RO         1298    !!handler_zi        c_w.l(__scatter_zi.o)
    0x08000160   0x08000160   0x00000002   Code   RO         1216    .ARM.Collect$$libinit$$00000000  c_w.l(libinit.o)
    0x08000162   0x08000162   0x00000000   Code   RO         1120    .ARM.Collect$$libinit$$00000002  c_w.l(libinit2.o)
    0x08000162   0x08000162   0x00000000   Code   RO         1122    .ARM.Collect$$libinit$$00000004  c_w.l(libinit2.o)
    0x08000162   0x08000162   0x00000000   Code   RO         1124    .ARM.Collect$$libinit$$00000006  c_w.l(libinit2.o)
    0x08000162   0x08000162   0x00000000   Code   RO         1127    .ARM.Collect$$libinit$$0000000C  c_w.l(libinit2.o)
    0x08000162   0x08000162   0x00000000   Code   RO         1129    .ARM.Collect$$libinit$$0000000E  c_w.l(libinit2.o)
    0x08000162   0x08000162   0x00000000   Code   RO         1131    .ARM.Collect$$libinit$$00000010  c_w.l(libinit2.o)
    0x08000162   0x08000162   0x00000000   Code   RO         1134    .ARM.Collect$$libinit$$00000013  c_w.l(libinit2.o)
    0x08000162   0x08000162   0x00000000   Code   RO         1136    .ARM.Collect$$libinit$$00000015  c_w.l(libinit2.o)
    0x08000162   0x08000162   0x00000000   Code   RO         1138    .ARM.Collect$$libinit$$00000017  c_w.l(libinit2.o)
    0x08000162   0x08000162   0x00000000   Code   RO         1140    .ARM.Collect$$libinit$$00000019  c_w.l(libinit2.o)
    0x08000162   0x08000162   0x00000000   Code   RO         1142    .ARM.Collect$$libinit$$0000001B  c_w.l(libinit2.o)
    0x08000162   0x08000162   0x00000000   Code   RO         1144    .ARM.Collect$$libinit$$0000001D  c_w.l(libinit2.o)
    0x08000162   0x08000162   0x00000000   Code   RO         1146    .ARM.Collect$$libinit$$0000001F  c_w.l(libinit2.o)
    0x08000162   0x08000162   0x00000000   Code   RO         1148    .ARM.Collect$$libinit$$00000021  c_w.l(libinit2.o)
    0x08000162   0x08000162   0x00000000   Code   RO         1150    .ARM.Collect$$libinit$$00000023  c_w.l(libinit2.o)
    0x08000162   0x08000162   0x00000000   Code   RO         1152    .ARM.Collect$$libinit$$00000025  c_w.l(libinit2.o)
    0x08000162   0x08000162   0x00000000   Code   RO         1154    .ARM.Collect$$libinit$$00000027  c_w.l(libinit2.o)
    0x08000162   0x08000162   0x00000000   Code   RO         1158    .ARM.Collect$$libinit$$0000002E  c_w.l(libinit2.o)
    0x08000162   0x08000162   0x00000000   Code   RO         1160    .ARM.Collect$$libinit$$00000030  c_w.l(libinit2.o)
    0x08000162   0x08000162   0x00000000   Code   RO         1162    .ARM.Collect$$libinit$$00000032  c_w.l(libinit2.o)
    0x08000162   0x08000162   0x00000004   Code   RO         1163    .ARM.Collect$$libinit$$00000033  c_w.l(libinit2.o)
    0x08000166   0x08000166   0x00000000   Code   RO         1164    .ARM.Collect$$libinit$$00000034  c_w.l(libinit2.o)
    0x08000166   0x08000166   0x00000002   Code   RO         1165    .ARM.Collect$$libinit$$00000035  c_w.l(libinit2.o)
    0x08000168   0x08000168   0x00000002   Code   RO         1262    .ARM.Collect$$libshutdown$$00000000  c_w.l(libshutdown.o)
    0x0800016a   0x0800016a   0x00000000   Code   RO         1278    .ARM.Collect$$libshutdown$$00000002  c_w.l(libshutdown2.o)
    0x0800016a   0x0800016a   0x00000000   Code   RO         1280    .ARM.Collect$$libshutdown$$00000004  c_w.l(libshutdown2.o)
    0x0800016a   0x0800016a   0x00000000   Code   RO         1283    .ARM.Collect$$libshutdown$$00000007  c_w.l(libshutdown2.o)
    0x0800016a   0x0800016a   0x00000000   Code   RO         1286    .ARM.Collect$$libshutdown$$0000000A  c_w.l(libshutdown2.o)
    0x0800016a   0x0800016a   0x00000000   Code   RO         1288    .ARM.Collect$$libshutdown$$0000000C  c_w.l(libshutdown2.o)
    0x0800016a   0x0800016a   0x00000000   Code   RO         1291    .ARM.Collect$$libshutdown$$0000000F  c_w.l(libshutdown2.o)
    0x0800016a   0x0800016a   0x00000002   Code   RO         1292    .ARM.Collect$$libshutdown$$00000010  c_w.l(libshutdown2.o)
    0x0800016c   0x0800016c   0x00000000   Code   RO         1116    .ARM.Collect$$rtentry$$00000000  c_w.l(__rtentry.o)
    0x0800016c   0x0800016c   0x00000000   Code   RO         1175    .ARM.Collect$$rtentry$$00000002  c_w.l(__rtentry2.o)
    0x0800016c   0x0800016c   0x00000006   Code   RO         1187    .ARM.Collect$$rtentry$$00000004  c_w.l(__rtentry4.o)
    0x08000172   0x08000172   0x00000000   Code   RO         1177    .ARM.Collect$$rtentry$$00000009  c_w.l(__rtentry2.o)
    0x08000172   0x08000172   0x00000004   Code   RO         1178    .ARM.Collect$$rtentry$$0000000A  c_w.l(__rtentry2.o)
    0x08000176   0x08000176   0x00000000   Code   RO         1180    .ARM.Collect$$rtentry$$0000000C  c_w.l(__rtentry2.o)
    0x08000176   0x08000176   0x00000008   Code   RO         1181    .ARM.Collect$$rtentry$$0000000D  c_w.l(__rtentry2.o)
    0x0800017e   0x0800017e   0x00000002   Code   RO         1227    .ARM.Collect$$rtexit$$00000000  c_w.l(rtexit.o)
    0x08000180   0x08000180   0x00000000   Code   RO         1242    .ARM.Collect$$rtexit$$00000002  c_w.l(rtexit2.o)
    0x08000180   0x08000180   0x00000004   Code   RO         1243    .ARM.Collect$$rtexit$$00000003  c_w.l(rtexit2.o)
    0x08000184   0x08000184   0x00000006   Code   RO         1244    .ARM.Collect$$rtexit$$00000004  c_w.l(rtexit2.o)
    0x0800018a   0x0800018a   0x00000002   PAD
    0x0800018c   0x0800018c   0x00000040   Code   RO         1068    .text               startup_stm32f10x_md.o
    0x080001cc   0x080001cc   0x0000008a   Code   RO         1092    .text               c_w.l(rt_memcpy_v6.o)
    0x08000256   0x08000256   0x00000010   Code   RO         1094    .text               c_w.l(aeabi_memset4.o)
    0x08000266   0x08000266   0x00000044   Code   RO         1096    .text               c_w.l(rt_memclr.o)
    0x080002aa   0x080002aa   0x0000004e   Code   RO         1098    .text               c_w.l(rt_memclr_w.o)
    0x080002f8   0x080002f8   0x00000006   Code   RO         1100    .text               c_w.l(heapauxi.o)
    0x080002fe   0x080002fe   0x00000002   PAD
    0x08000300   0x08000300   0x00000024   Code   RO         1107    .text               c_w.l(init_aeabi.o)
    0x08000324   0x08000324   0x00000064   Code   RO         1117    .text               c_w.l(rt_memcpy_w.o)
    0x08000388   0x08000388   0x00000016   Code   RO         1189    .text               c_w.l(abort.o)
    0x0800039e   0x0800039e   0x00000002   PAD
    0x080003a0   0x080003a0   0x0000000c   Code   RO         1195    .text               c_w.l(sys_exit.o)
    0x080003ac   0x080003ac   0x0000004a   Code   RO         1199    .text               c_w.l(sys_stackheap_outer.o)
    0x080003f6   0x080003f6   0x00000012   Code   RO         1201    .text               c_w.l(exit.o)
    0x08000408   0x08000408   0x0000000e   Code   RO         1203    .text               c_w.l(defsig_abrt_outer.o)
    0x08000416   0x08000416   0x00000002   PAD
    0x08000418   0x08000418   0x00000008   Code   RO         1221    .text               c_w.l(libspace.o)
    0x08000420   0x08000420   0x00000002   Code   RO         1224    .text               c_w.l(use_no_semi.o)
    0x08000422   0x08000422   0x00000000   Code   RO         1226    .text               c_w.l(indicate_semi.o)
    0x08000422   0x08000422   0x0000000a   Code   RO         1233    .text               c_w.l(defsig_exit.o)
    0x0800042c   0x0800042c   0x00000030   Code   RO         1235    .text               c_w.l(defsig_abrt_inner.o)
    0x0800045c   0x0800045c   0x00000032   Code   RO         1250    .text               c_w.l(defsig_general.o)
    0x0800048e   0x0800048e   0x0000000e   Code   RO         1254    .text               c_w.l(sys_wrch.o)
    0x0800049c   0x0800049c   0x00000004   PAD
    0x080004a0   0x080004a0   0x00000044   Code   RO          210    .text.PendSV_Handler  port.o
    0x080004e4   0x080004e4   0x0000000c   PAD
    0x080004f0   0x080004f0   0x00000024   Code   RO          196    .text.SVC_Handler   port.o
    0x08000514   0x08000514   0x00000008   Code   RO         1076    .text.SetSysClock   system_stm32f10x.o
    0x0800051c   0x0800051c   0x00000122   Code   RO         1080    .text.SetSysClockTo72  system_stm32f10x.o
    0x0800063e   0x0800063e   0x00000002   PAD
    0x08000640   0x08000640   0x0000003c   Code   RO          212    .text.SysTick_Handler  port.o
    0x0800067c   0x0800067c   0x00000122   Code   RO         1078    .text.SystemCoreClockUpdate  system_stm32f10x.o
    0x0800079e   0x0800079e   0x00000002   PAD
    0x080007a0   0x080007a0   0x00000066   Code   RO         1074    .text.SystemInit    system_stm32f10x.o
    0x08000806   0x08000806   0x00000002   PAD
    0x08000808   0x08000808   0x0000004c   Code   RO          114    .text.TIM2_IRQHandler  main.o
    0x08000854   0x08000854   0x000000d4   Code   RO          118    .text._GLOBAL__sub_I_main.cpp  main.o
    0x08000928   0x08000928   0x0000000e   Code   RO          704    .text._Z10commonInitv  init.o
    0x08000936   0x08000936   0x00000002   PAD
    0x08000938   0x08000938   0x00000040   Code   RO          695    .text._Z11getPositionj  common.o
    0x08000978   0x08000978   0x00000020   Code   RO          723    .text._Z11setRegisterIVjEvPT_jj  init.o
    0x08000998   0x08000998   0x00000074   Code   RO          661    .text._Z13resetAllStepsP7TaskKit  ob.o
    0x08000a0c   0x08000a0c   0x00000058   Code   RO          652    .text._Z13resetCHBstepsv  common_for_tasks.o
    0x08000a64   0x08000a64   0x0000008a   Code   RO          646    .text._Z14pushSeqInQueueP8Sequence  common_for_tasks.o
    0x08000aee   0x08000aee   0x00000002   PAD
    0x08000af0   0x08000af0   0x00000064   Code   RO          648    .text._Z15getSeqFromQueuev  common_for_tasks.o
    0x08000b54   0x08000b54   0x00000044   Code   RO          758    .text._Z17setBitsInRegisterIVjEvPT_jj  coil.o
    0x08000b98   0x08000b98   0x0000005e   Code   RO          650    .text._Z18deleteSeqFromQueueP8Sequence  common_for_tasks.o
    0x08000bf6   0x08000bf6   0x00000002   PAD
    0x08000bf8   0x08000bf8   0x000002a0   Code   RO          663    .text._Z6OBTaskPv   ob.o
    0x08000e98   0x08000e98   0x00000140   Code   RO          672    .text._Z7CHBTaskPv  chb.o
    0x08000fd8   0x08000fd8   0x000000be   Code   RO          708    .text._Z7rccInitv   init.o
    0x08001096   0x08001096   0x00000002   PAD
    0x08001098   0x08001098   0x0000010c   Code   RO          680    .text._Z8diagTaskPv  diag.o
    0x080011a4   0x080011a4   0x00000058   Code   RO          710    .text._Z8tickInitv  init.o
    0x080011fc   0x080011fc   0x00000030   Code   RO          712    .text._ZL16__NVIC_EnableIRQ4IRQn  init.o
    0x0800122c   0x0800122c   0x00000042   Code   RO          714    .text._ZL18__NVIC_SetPriority4IRQnj  init.o
    0x0800126e   0x0800126e   0x00000002   PAD
    0x08001270   0x08001270   0x0000003c   Code   RO          706    .text._ZL26__NVIC_SetPriorityGroupingj  init.o
    0x080012ac   0x080012ac   0x000000e2   Code   RO          813    .text._ZN10GPIOcommonC2EP12GPIO_TypeDefh  gpio_common.o
    0x0800138e   0x0800138e   0x00000002   PAD
    0x08001390   0x08001390   0x00000010   Code   RO          914    .text._ZN11CommonTimer10notStartedEv  common_timer.o
    0x080013a0   0x080013a0   0x00000016   Code   RO          916    .text._ZN11CommonTimer11notFinishedEv  common_timer.o
    0x080013b6   0x080013b6   0x00000002   PAD
    0x080013b8   0x080013b8   0x00000018   Code   RO          900    .text._ZN11CommonTimer15prepareAndStartEv  common_timer.o
    0x080013d0   0x080013d0   0x00000018   Code   RO          896    .text._ZN11CommonTimer4stopEv  common_timer.o
    0x080013e8   0x080013e8   0x0000000e   Code   RO          894    .text._ZN11CommonTimer5pauseEv  common_timer.o
    0x080013f6   0x080013f6   0x00000002   PAD
    0x080013f8   0x080013f8   0x00000010   Code   RO          898    .text._ZN11CommonTimer5resetEv  common_timer.o
    0x08001408   0x08001408   0x0000000e   Code   RO          892    .text._ZN11CommonTimer5startEv  common_timer.o
    0x08001416   0x08001416   0x00000002   PAD
    0x08001418   0x08001418   0x0000002e   Code   RO          920    .text._ZN11CommonTimer6inWorkEv  common_timer.o
    0x08001446   0x08001446   0x00000002   PAD
    0x08001448   0x08001448   0x0000002c   Code   RO          922    .text._ZN11CommonTimer6isFreeEv  common_timer.o
    0x08001474   0x08001474   0x00000038   Code   RO          880    .text._ZN11CommonTimer6updateEv  common_timer.o
    0x080014ac   0x080014ac   0x00000010   Code   RO          912    .text._ZN11CommonTimer7startedEv  common_timer.o
    0x080014bc   0x080014bc   0x00000016   Code   RO          882    .text._ZN11CommonTimer8finishedEv  common_timer.o
    0x080014d2   0x080014d2   0x00000002   PAD
    0x080014d4   0x080014d4   0x0000002c   Code   RO          904    .text._ZN11CommonTimer8setStartEb  common_timer.o
    0x08001500   0x08001500   0x0000001c   Code   RO          878    .text._ZN11CommonTimerC2Ej  common_timer.o
    0x0800151c   0x0800151c   0x00000016   Code   RO          809    .text._ZN11IUpdated1msC2Ev  coil_with_timer.o
    0x08001532   0x08001532   0x00000002   PAD
    0x08001534   0x08001534   0x00000010   Code   RO          996    .text._ZN11PulseCommon3getEv  pulse.o
    0x08001544   0x08001544   0x00000048   Code   RO          994    .text._ZN11PulseCommon3setEb  pulse.o
    0x0800158c   0x0800158c   0x00000014   Code   RO          998    .text._ZN11PulseCommon5resetEv  pulse.o
    0x080015a0   0x080015a0   0x00000024   Code   RO          992    .text._ZN11PulseCommon6updateEv  pulse.o
    0x080015c4   0x080015c4   0x00000024   Code   RO          990    .text._ZN11PulseCommonC2Ej  pulse.o
    0x080015e8   0x080015e8   0x00000016   Code   RO          840    .text._ZN11SimpleInput11isNotActiveEv  simple_input.o
    0x080015fe   0x080015fe   0x00000002   PAD
    0x08001600   0x08001600   0x00000040   Code   RO          838    .text._ZN11SimpleInput8isActiveEv  simple_input.o
    0x08001640   0x08001640   0x00000098   Code   RO          836    .text._ZN11SimpleInputC2EP12GPIO_TypeDefh  simple_input.o
    0x080016d8   0x080016d8   0x0000001c   Code   RO          782    .text._ZN12CoilOffDelay8setValueEb  coil_with_timer.o
    0x080016f4   0x080016f4   0x00000026   Code   RO          778    .text._ZN12CoilOffDelay9update1msEv  coil_with_timer.o
    0x0800171a   0x0800171a   0x00000002   PAD
    0x0800171c   0x0800171c   0x00000050   Code   RO          776    .text._ZN12CoilOffDelayC2EP12GPIO_TypeDefht  coil_with_timer.o
    0x0800176c   0x0800176c   0x00000022   Code   RO          786    .text._ZN12CoilOffDelayaSEb  coil_with_timer.o
    0x0800178e   0x0800178e   0x00000002   PAD
    0x08001790   0x08001790   0x00000016   Code   RO          730    .text._ZN12ProgrammCoil11isNotActiveEv  coil.o
    0x080017a6   0x080017a6   0x00000002   PAD
    0x080017a8   0x080017a8   0x00000010   Code   RO          726    .text._ZN12ProgrammCoil8isActiveEv  coil.o
    0x080017b8   0x080017b8   0x00000018   Code   RO          728    .text._ZN12ProgrammCoil8setValueEb  coil.o
    0x080017d0   0x080017d0   0x00000020   Code   RO          756    .text._ZN12ProgrammCoilC2Ev  coil.o
    0x080017f0   0x080017f0   0x0000002a   Code   RO          938    .text._ZN14OffDelayCommon3getEv  off_delay.o
    0x0800181a   0x0800181a   0x00000002   PAD
    0x0800181c   0x0800181c   0x00000044   Code   RO          936    .text._ZN14OffDelayCommon3setEb  off_delay.o
    0x08001860   0x08001860   0x00000024   Code   RO          934    .text._ZN14OffDelayCommon6updateEv  off_delay.o
    0x08001884   0x08001884   0x00000024   Code   RO          932    .text._ZN14OffDelayCommonC2Ej  off_delay.o
    0x080018a8   0x080018a8   0x00000030   Code   RO         1014    .text._ZN14PulseInterrapt3setEb  pulse.o
    0x080018d8   0x080018d8   0x00000010   Code   RO         1010    .text._ZN14PulseInterrapt9update1msEv  pulse.o
    0x080018e8   0x080018e8   0x00000032   Code   RO         1008    .text._ZN14PulseInterraptC2Ej  pulse.o
    0x0800191a   0x0800191a   0x00000002   PAD
    0x0800191c   0x0800191c   0x00000020   Code   RO         1016    .text._ZN14PulseInterraptaSEb  pulse.o
    0x0800193c   0x0800193c   0x00000042   Code   RO         1054    .text._ZN15SequenceDelayed9update1msEv  sequence.o
    0x0800197e   0x0800197e   0x00000002   PAD
    0x08001980   0x08001980   0x00000046   Code   RO         1052    .text._ZN15SequenceDelayedC2EPhhj  sequence.o
    0x080019c6   0x080019c6   0x00000002   PAD
    0x080019c8   0x080019c8   0x00000010   Code   RO          848    .text._ZN18SimpleInputDelayed8isActiveEv  simple_input.o
    0x080019d8   0x080019d8   0x00000022   Code   RO          844    .text._ZN18SimpleInputDelayed9update1msEv  simple_input.o
    0x080019fa   0x080019fa   0x00000002   PAD
    0x080019fc   0x080019fc   0x00000050   Code   RO          842    .text._ZN18SimpleInputDelayedC2EP12GPIO_TypeDefht  simple_input.o
    0x08001a4c   0x08001a4c   0x00000016   Code   RO          742    .text._ZN4Coil8isActiveEv  coil.o
    0x08001a62   0x08001a62   0x00000002   PAD
    0x08001a64   0x08001a64   0x0000005c   Code   RO          744    .text._ZN4Coil8setValueEb  coil.o
    0x08001ac0   0x08001ac0   0x00000076   Code   RO          740    .text._ZN4CoilC2EP12GPIO_TypeDefh  coil.o
    0x08001b36   0x08001b36   0x00000002   PAD
    0x08001b38   0x08001b38   0x00000022   Code   RO          746    .text._ZN4CoilaSEb  coil.o
    0x08001b5a   0x08001b5a   0x00000002   PAD
    0x08001b5c   0x08001b5c   0x00000016   Code   RO          760    .text._ZN7ISwitchC2Ev  coil.o
    0x08001b72   0x08001b72   0x00000002   PAD
    0x08001b74   0x08001b74   0x00000010   Code   RO         1050    .text._ZN8Sequence15finishedImpulseEv  sequence.o
    0x08001b84   0x08001b84   0x00000018   Code   RO         1036    .text._ZN8Sequence4lockEb  sequence.o
    0x08001b9c   0x08001b9c   0x00000018   Code   RO         1032    .text._ZN8Sequence5resetEv  sequence.o
    0x08001bb4   0x08001bb4   0x0000002c   Code   RO         1034    .text._ZN8Sequence5startEb  sequence.o
    0x08001be0   0x08001be0   0x00000040   Code   RO         1042    .text._ZN8Sequence6activeEv  sequence.o
    0x08001c20   0x08001c20   0x00000044   Code   RO         1038    .text._ZN8Sequence6finishEb  sequence.o
    0x08001c64   0x08001c64   0x00000010   Code   RO         1046    .text._ZN8Sequence6lockedEv  sequence.o
    0x08001c74   0x08001c74   0x00000010   Code   RO         1044    .text._ZN8Sequence7startedEv  sequence.o
    0x08001c84   0x08001c84   0x00000010   Code   RO         1048    .text._ZN8Sequence8finishedEv  sequence.o
    0x08001c94   0x08001c94   0x00000018   Code   RO         1030    .text._ZN8Sequence8isMyStepEv  sequence.o
    0x08001cac   0x08001cac   0x00000026   Code   RO         1028    .text._ZN8SequenceC2EPhh  sequence.o
    0x08001cd2   0x08001cd2   0x00000002   PAD
    0x08001cd4   0x08001cd4   0x0000001c   Code   RO          794    .text._ZN9CoilPulse8setValueEb  coil_with_timer.o
    0x08001cf0   0x08001cf0   0x00000026   Code   RO          790    .text._ZN9CoilPulse9update1msEv  coil_with_timer.o
    0x08001d16   0x08001d16   0x00000002   PAD
    0x08001d18   0x08001d18   0x00000050   Code   RO          788    .text._ZN9CoilPulseC2EP12GPIO_TypeDefht  coil_with_timer.o
    0x08001d68   0x08001d68   0x00000022   Code   RO          798    .text._ZN9CoilPulseaSEb  coil_with_timer.o
    0x08001d8a   0x08001d8a   0x00000002   PAD
    0x08001d8c   0x08001d8c   0x00000020   Code   RO          825    .text._ZN9RFimpulse3getEv  rf_impulse.o
    0x08001dac   0x08001dac   0x0000008a   Code   RO          823    .text._ZN9RFimpulse3setEb  rf_impulse.o
    0x08001e36   0x08001e36   0x00000002   PAD
    0x08001e38   0x08001e38   0x00000014   Code   RO          821    .text._ZN9RFimpulseC2E7IMPULSE  rf_impulse.o
    0x08001e4c   0x08001e4c   0x0000001a   Code   RO          784    .text._ZThn16_N12CoilOffDelay8setValueEb  coil_with_timer.o
    0x08001e66   0x08001e66   0x00000002   PAD
    0x08001e68   0x08001e68   0x0000000e   Code   RO         1012    .text._ZThn16_N14PulseInterrapt9update1msEv  pulse.o
    0x08001e76   0x08001e76   0x00000002   PAD
    0x08001e78   0x08001e78   0x0000000e   Code   RO          850    .text._ZThn16_N18SimpleInputDelayed8isActiveEv  simple_input.o
    0x08001e86   0x08001e86   0x00000002   PAD
    0x08001e88   0x08001e88   0x0000001a   Code   RO          796    .text._ZThn16_N9CoilPulse8setValueEb  coil_with_timer.o
    0x08001ea2   0x08001ea2   0x00000002   PAD
    0x08001ea4   0x08001ea4   0x0000000e   Code   RO         1056    .text._ZThn28_N15SequenceDelayed9update1msEv  sequence.o
    0x08001eb2   0x08001eb2   0x00000002   PAD
    0x08001eb4   0x08001eb4   0x0000000e   Code   RO          780    .text._ZThn32_N12CoilOffDelay9update1msEv  coil_with_timer.o
    0x08001ec2   0x08001ec2   0x00000002   PAD
    0x08001ec4   0x08001ec4   0x0000000e   Code   RO          846    .text._ZThn32_N18SimpleInputDelayed9update1msEv  simple_input.o
    0x08001ed2   0x08001ed2   0x00000002   PAD
    0x08001ed4   0x08001ed4   0x0000000e   Code   RO          792    .text._ZThn32_N9CoilPulse9update1msEv  coil_with_timer.o
    0x08001ee2   0x08001ee2   0x00000002   PAD
    0x08001ee4   0x08001ee4   0x00000028   Code   RO         1111    .text.__cxa_pure_virtual  libcppabi_w.l(cxa_virtual.cpp.o)
    0x08001f0c   0x08001f0c   0x0000001e   Code   RO            2    .text.__cxx_global_var_init  main.o
    0x08001f2a   0x08001f2a   0x00000002   PAD
    0x08001f2c   0x08001f2c   0x0000001e   Code   RO            4    .text.__cxx_global_var_init.1  main.o
    0x08001f4a   0x08001f4a   0x00000002   PAD
    0x08001f4c   0x08001f4c   0x0000001a   Code   RO           22    .text.__cxx_global_var_init.10  main.o
    0x08001f66   0x08001f66   0x00000002   PAD
    0x08001f68   0x08001f68   0x0000001a   Code   RO           24    .text.__cxx_global_var_init.11  main.o
    0x08001f82   0x08001f82   0x00000002   PAD
    0x08001f84   0x08001f84   0x0000001e   Code   RO           26    .text.__cxx_global_var_init.12  main.o
    0x08001fa2   0x08001fa2   0x00000002   PAD
    0x08001fa4   0x08001fa4   0x0000001a   Code   RO           28    .text.__cxx_global_var_init.13  main.o
    0x08001fbe   0x08001fbe   0x00000002   PAD
    0x08001fc0   0x08001fc0   0x0000001a   Code   RO           30    .text.__cxx_global_var_init.14  main.o
    0x08001fda   0x08001fda   0x00000002   PAD
    0x08001fdc   0x08001fdc   0x0000001a   Code   RO           32    .text.__cxx_global_var_init.15  main.o
    0x08001ff6   0x08001ff6   0x00000002   PAD
    0x08001ff8   0x08001ff8   0x0000001e   Code   RO           34    .text.__cxx_global_var_init.16  main.o
    0x08002016   0x08002016   0x00000002   PAD
    0x08002018   0x08002018   0x0000001a   Code   RO           36    .text.__cxx_global_var_init.17  main.o
    0x08002032   0x08002032   0x00000002   PAD
    0x08002034   0x08002034   0x0000001a   Code   RO           38    .text.__cxx_global_var_init.18  main.o
    0x0800204e   0x0800204e   0x00000002   PAD
    0x08002050   0x08002050   0x0000001a   Code   RO           40    .text.__cxx_global_var_init.19  main.o
    0x0800206a   0x0800206a   0x00000002   PAD
    0x0800206c   0x0800206c   0x0000001e   Code   RO            6    .text.__cxx_global_var_init.2  main.o
    0x0800208a   0x0800208a   0x00000002   PAD
    0x0800208c   0x0800208c   0x0000001e   Code   RO           42    .text.__cxx_global_var_init.20  main.o
    0x080020aa   0x080020aa   0x00000002   PAD
    0x080020ac   0x080020ac   0x0000001a   Code   RO           44    .text.__cxx_global_var_init.21  main.o
    0x080020c6   0x080020c6   0x00000002   PAD
    0x080020c8   0x080020c8   0x0000001e   Code   RO           46    .text.__cxx_global_var_init.22  main.o
    0x080020e6   0x080020e6   0x00000002   PAD
    0x080020e8   0x080020e8   0x0000001a   Code   RO           48    .text.__cxx_global_var_init.23  main.o
    0x08002102   0x08002102   0x00000002   PAD
    0x08002104   0x08002104   0x0000001a   Code   RO           50    .text.__cxx_global_var_init.24  main.o
    0x0800211e   0x0800211e   0x00000002   PAD
    0x08002120   0x08002120   0x0000001a   Code   RO           52    .text.__cxx_global_var_init.25  main.o
    0x0800213a   0x0800213a   0x00000002   PAD
    0x0800213c   0x0800213c   0x0000001a   Code   RO           54    .text.__cxx_global_var_init.26  main.o
    0x08002156   0x08002156   0x00000002   PAD
    0x08002158   0x08002158   0x0000001a   Code   RO           56    .text.__cxx_global_var_init.27  main.o
    0x08002172   0x08002172   0x00000002   PAD
    0x08002174   0x08002174   0x0000001a   Code   RO           58    .text.__cxx_global_var_init.28  main.o
    0x0800218e   0x0800218e   0x00000002   PAD
    0x08002190   0x08002190   0x00000022   Code   RO           60    .text.__cxx_global_var_init.29  main.o
    0x080021b2   0x080021b2   0x00000002   PAD
    0x080021b4   0x080021b4   0x0000001e   Code   RO            8    .text.__cxx_global_var_init.3  main.o
    0x080021d2   0x080021d2   0x00000002   PAD
    0x080021d4   0x080021d4   0x0000001e   Code   RO           62    .text.__cxx_global_var_init.30  main.o
    0x080021f2   0x080021f2   0x00000002   PAD
    0x080021f4   0x080021f4   0x0000001a   Code   RO           64    .text.__cxx_global_var_init.31  main.o
    0x0800220e   0x0800220e   0x00000002   PAD
    0x08002210   0x08002210   0x00000022   Code   RO           66    .text.__cxx_global_var_init.32  main.o
    0x08002232   0x08002232   0x00000002   PAD
    0x08002234   0x08002234   0x00000018   Code   RO           68    .text.__cxx_global_var_init.33  main.o
    0x0800224c   0x0800224c   0x0000001a   Code   RO           70    .text.__cxx_global_var_init.34  main.o
    0x08002266   0x08002266   0x00000002   PAD
    0x08002268   0x08002268   0x0000001a   Code   RO           72    .text.__cxx_global_var_init.35  main.o
    0x08002282   0x08002282   0x00000002   PAD
    0x08002284   0x08002284   0x00000022   Code   RO           74    .text.__cxx_global_var_init.36  main.o
    0x080022a6   0x080022a6   0x00000002   PAD
    0x080022a8   0x080022a8   0x0000001e   Code   RO           76    .text.__cxx_global_var_init.37  main.o
    0x080022c6   0x080022c6   0x00000002   PAD
    0x080022c8   0x080022c8   0x0000001a   Code   RO           78    .text.__cxx_global_var_init.38  main.o
    0x080022e2   0x080022e2   0x00000002   PAD
    0x080022e4   0x080022e4   0x00000022   Code   RO           80    .text.__cxx_global_var_init.39  main.o
    0x08002306   0x08002306   0x00000002   PAD
    0x08002308   0x08002308   0x0000001e   Code   RO           10    .text.__cxx_global_var_init.4  main.o
    0x08002326   0x08002326   0x00000002   PAD
    0x08002328   0x08002328   0x00000018   Code   RO           82    .text.__cxx_global_var_init.40  main.o
    0x08002340   0x08002340   0x0000001a   Code   RO           84    .text.__cxx_global_var_init.41  main.o
    0x0800235a   0x0800235a   0x00000002   PAD
    0x0800235c   0x0800235c   0x0000001a   Code   RO           86    .text.__cxx_global_var_init.42  main.o
    0x08002376   0x08002376   0x00000002   PAD
    0x08002378   0x08002378   0x00000022   Code   RO           88    .text.__cxx_global_var_init.43  main.o
    0x0800239a   0x0800239a   0x00000002   PAD
    0x0800239c   0x0800239c   0x0000001e   Code   RO           90    .text.__cxx_global_var_init.44  main.o
    0x080023ba   0x080023ba   0x00000002   PAD
    0x080023bc   0x080023bc   0x0000001a   Code   RO           92    .text.__cxx_global_var_init.45  main.o
    0x080023d6   0x080023d6   0x00000002   PAD
    0x080023d8   0x080023d8   0x00000022   Code   RO           94    .text.__cxx_global_var_init.46  main.o
    0x080023fa   0x080023fa   0x00000002   PAD
    0x080023fc   0x080023fc   0x00000018   Code   RO           96    .text.__cxx_global_var_init.47  main.o
    0x08002414   0x08002414   0x0000001a   Code   RO           98    .text.__cxx_global_var_init.48  main.o
    0x0800242e   0x0800242e   0x00000002   PAD
    0x08002430   0x08002430   0x0000001a   Code   RO          100    .text.__cxx_global_var_init.49  main.o
    0x0800244a   0x0800244a   0x00000002   PAD
    0x0800244c   0x0800244c   0x0000001e   Code   RO           12    .text.__cxx_global_var_init.5  main.o
    0x0800246a   0x0800246a   0x00000002   PAD
    0x0800246c   0x0800246c   0x0000001e   Code   RO          102    .text.__cxx_global_var_init.50  main.o
    0x0800248a   0x0800248a   0x00000002   PAD
    0x0800248c   0x0800248c   0x0000001a   Code   RO          104    .text.__cxx_global_var_init.51  main.o
    0x080024a6   0x080024a6   0x00000002   PAD
    0x080024a8   0x080024a8   0x0000001e   Code   RO           14    .text.__cxx_global_var_init.6  main.o
    0x080024c6   0x080024c6   0x00000002   PAD
    0x080024c8   0x080024c8   0x0000001e   Code   RO           16    .text.__cxx_global_var_init.7  main.o
    0x080024e6   0x080024e6   0x00000002   PAD
    0x080024e8   0x080024e8   0x0000001e   Code   RO           18    .text.__cxx_global_var_init.8  main.o
    0x08002506   0x08002506   0x00000002   PAD
    0x08002508   0x08002508   0x0000001a   Code   RO           20    .text.__cxx_global_var_init.9  main.o
    0x08002522   0x08002522   0x00000004   Code   RO         1171    .text.abort_message  libcppabi_w.l(abort_message.cpp.o)
    0x08002526   0x08002526   0x00000002   PAD
    0x08002528   0x08002528   0x0000011c   Code   RO          116    .text.main          main.o
    0x08002644   0x08002644   0x0000011a   Code   RO          445    .text.prvAddCurrentTaskToDelayedList  tasks.o
    0x0800275e   0x0800275e   0x00000002   PAD
    0x08002760   0x08002760   0x00000154   Code   RO          433    .text.prvAddNewTaskToReadyList  tasks.o
    0x080028b4   0x080028b4   0x0000006a   Code   RO          581    .text.prvCheckForValidListAndQueue  timers.o
    0x0800291e   0x0800291e   0x00000002   PAD
    0x08002920   0x08002920   0x0000005a   Code   RO          547    .text.prvCheckTasksWaitingTermination  tasks.o
    0x0800297a   0x0800297a   0x00000002   PAD
    0x0800297c   0x0800297c   0x00000042   Code   RO          335    .text.prvCopyDataFromQueue  queue.o
    0x080029be   0x080029be   0x00000002   PAD
    0x080029c0   0x080029c0   0x00000018   Code   RO          439    .text.prvDeleteTCB  tasks.o
    0x080029d8   0x080029d8   0x00000040   Code   RO          615    .text.prvGetNextExpireTime  timers.o
    0x08002a18   0x08002a18   0x000000ae   Code   RO          256    .text.prvHeapInit   heap_4.o
    0x08002ac6   0x08002ac6   0x00000002   PAD
    0x08002ac8   0x08002ac8   0x0000003c   Code   RO          471    .text.prvIdleTask   tasks.o
    0x08002b04   0x08002b04   0x00000048   Code   RO          307    .text.prvInitialiseNewQueue  queue.o
    0x08002b4c   0x08002b4c   0x000000e6   Code   RO          431    .text.prvInitialiseNewTask  tasks.o
    0x08002c32   0x08002c32   0x00000002   PAD
    0x08002c34   0x08002c34   0x0000008e   Code   RO          545    .text.prvInitialiseTaskLists  tasks.o
    0x08002cc2   0x08002cc2   0x00000002   PAD
    0x08002cc4   0x08002cc4   0x000000c6   Code   RO          258    .text.prvInsertBlockIntoFreeList  heap_4.o
    0x08002d8a   0x08002d8a   0x00000002   PAD
    0x08002d8c   0x08002d8c   0x00000086   Code   RO          629    .text.prvInsertTimerInActiveList  timers.o
    0x08002e12   0x08002e12   0x00000002   PAD
    0x08002e14   0x08002e14   0x00000028   Code   RO          337    .text.prvIsQueueEmpty  queue.o
    0x08002e3c   0x08002e3c   0x00000020   Code   RO          202    .text.prvPortStartFirstTask  port.o
    0x08002e5c   0x08002e5c   0x00000054   Code   RO          623    .text.prvProcessExpiredTimer  timers.o
    0x08002eb0   0x08002eb0   0x00000126   Code   RO          619    .text.prvProcessReceivedCommands  timers.o
    0x08002fd6   0x08002fd6   0x00000002   PAD
    0x08002fd8   0x08002fd8   0x0000009a   Code   RO          617    .text.prvProcessTimerOrBlockTask  timers.o
    0x08003072   0x08003072   0x00000002   PAD
    0x08003074   0x08003074   0x00000034   Code   RO          627    .text.prvReloadTimer  timers.o
    0x080030a8   0x080030a8   0x0000003c   Code   RO          437    .text.prvResetNextTaskUnblockTime  tasks.o
    0x080030e4   0x080030e4   0x00000044   Code   RO          621    .text.prvSampleTimeNow  timers.o
    0x08003128   0x08003128   0x00000052   Code   RO          625    .text.prvSwitchTimerLists  timers.o
    0x0800317a   0x0800317a   0x00000002   PAD
    0x0800317c   0x0800317c   0x00000026   Code   RO          194    .text.prvTaskExitError  port.o
    0x080031a2   0x080031a2   0x00000002   PAD
    0x080031a4   0x080031a4   0x0000001e   Code   RO          583    .text.prvTimerTask  timers.o
    0x080031c2   0x080031c2   0x00000002   PAD
    0x080031c4   0x080031c4   0x000000ae   Code   RO          327    .text.prvUnlockQueue  queue.o
    0x08003272   0x08003272   0x00000002   PAD
    0x08003274   0x08003274   0x00000186   Code   RO          254    .text.pvPortMalloc  heap_4.o
    0x080033fa   0x080033fa   0x00000002   PAD
    0x080033fc   0x080033fc   0x00000050   Code   RO          192    .text.pxPortInitialiseStack  port.o
    0x0800344c   0x0800344c   0x00000048   Code   RO          294    .text.uxListRemove  list.o
    0x08003494   0x08003494   0x00000002   Code   RO          106    .text.vApplicationIdleHook  main.o
    0x08003496   0x08003496   0x00000002   PAD
    0x08003498   0x08003498   0x0000000a   Code   RO          112    .text.vApplicationStackOverflowHook  main.o
    0x080034a2   0x080034a2   0x00000002   PAD
    0x080034a4   0x080034a4   0x00000002   Code   RO          108    .text.vApplicationTickHook  main.o
    0x080034a6   0x080034a6   0x00000002   PAD
    0x080034a8   0x080034a8   0x0000002e   Code   RO          286    .text.vListInitialise  list.o
    0x080034d6   0x080034d6   0x00000002   PAD
    0x080034d8   0x080034d8   0x0000000e   Code   RO          288    .text.vListInitialiseItem  list.o
    0x080034e6   0x080034e6   0x00000002   PAD
    0x080034e8   0x080034e8   0x0000006a   Code   RO          292    .text.vListInsert   list.o
    0x08003552   0x08003552   0x00000002   PAD
    0x08003554   0x08003554   0x00000030   Code   RO          206    .text.vPortEnterCritical  port.o
    0x08003584   0x08003584   0x00000026   Code   RO          208    .text.vPortExitCritical  port.o
    0x080035aa   0x080035aa   0x00000002   PAD
    0x080035ac   0x080035ac   0x00000076   Code   RO          260    .text.vPortFree     heap_4.o
    0x08003622   0x08003622   0x00000002   PAD
    0x08003624   0x08003624   0x0000002e   Code   RO          200    .text.vPortSetupTimerInterrupt  port.o
    0x08003652   0x08003652   0x00000002   PAD
    0x08003654   0x08003654   0x00000064   Code   RO          365    .text.vQueueWaitForMessageRestricted  queue.o
    0x080036b8   0x080036b8   0x0000004a   Code   RO          449    .text.vTaskDelay    tasks.o
    0x08003702   0x08003702   0x00000002   PAD
    0x08003704   0x08003704   0x00000024   Code   RO          503    .text.vTaskInternalSetTimeOutState  tasks.o
    0x08003728   0x08003728   0x0000000e   Code   RO          507    .text.vTaskMissedYield  tasks.o
    0x08003736   0x08003736   0x00000002   PAD
    0x08003738   0x08003738   0x00000026   Code   RO          491    .text.vTaskPlaceOnEventList  tasks.o
    0x0800375e   0x0800375e   0x00000002   PAD
    0x08003760   0x08003760   0x00000060   Code   RO          495    .text.vTaskPlaceOnEventListRestricted  tasks.o
    0x080037c0   0x080037c0   0x00000094   Code   RO          469    .text.vTaskStartScheduler  tasks.o
    0x08003854   0x08003854   0x00000010   Code   RO          443    .text.vTaskSuspendAll  tasks.o
    0x08003864   0x08003864   0x000000ec   Code   RO          461    .text.vTaskSwitchContext  tasks.o
    0x08003950   0x08003950   0x00000040   Code   RO          198    .text.xPortStartScheduler  port.o
    0x08003990   0x08003990   0x0000007e   Code   RO          305    .text.xQueueGenericCreate  queue.o
    0x08003a0e   0x08003a0e   0x00000002   PAD
    0x08003a10   0x08003a10   0x000000d0   Code   RO          303    .text.xQueueGenericReset  queue.o
    0x08003ae0   0x08003ae0   0x00000152   Code   RO          333    .text.xQueueReceive  queue.o
    0x08003c32   0x08003c32   0x00000002   PAD
    0x08003c34   0x08003c34   0x0000009a   Code   RO          505    .text.xTaskCheckForTimeOut  tasks.o
    0x08003cce   0x08003cce   0x00000002   PAD
    0x08003cd0   0x08003cd0   0x000000a0   Code   RO          429    .text.xTaskCreate   tasks.o
    0x08003d70   0x08003d70   0x00000014   Code   RO          477    .text.xTaskGetTickCount  tasks.o
    0x08003d84   0x08003d84   0x00000254   Code   RO          475    .text.xTaskIncrementTick  tasks.o
    0x08003fd8   0x08003fd8   0x00000170   Code   RO          497    .text.xTaskRemoveFromEventList  tasks.o
    0x08004148   0x08004148   0x000001fe   Code   RO          447    .text.xTaskResumeAll  tasks.o
    0x08004346   0x08004346   0x00000002   PAD
    0x08004348   0x08004348   0x00000050   Code   RO          579    .text.xTimerCreateTimerTask  timers.o
    0x08004398   0x08004398   0x00000010   Data   RO         1083    .rodata.AHBPrescTable  system_stm32f10x.o
    0x080043a8   0x080043a8   0x0000000c   Data   RO          924    .rodata._ZTV11CommonTimer  common_timer.o
    0x080043b4   0x080043b4   0x0000000c   Data   RO          811    .rodata._ZTV11IUpdated1ms  coil_with_timer.o
    0x080043c0   0x080043c0   0x0000000c   Data   RO         1026    .rodata._ZTV11PulseCommon  pulse.o
    0x080043cc   0x080043cc   0x0000000c   Data   RO          852    .rodata._ZTV11SimpleInput  simple_input.o
    0x080043d8   0x080043d8   0x00000030   Data   RO          801    .rodata._ZTV12CoilOffDelay  coil_with_timer.o
    0x08004408   0x08004408   0x00000010   Data   RO          749    .rodata._ZTV12ProgrammCoil  coil.o
    0x08004418   0x08004418   0x0000000c   Data   RO          957    .rodata._ZTV14OffDelayCommon  off_delay.o
    0x08004424   0x08004424   0x0000001c   Data   RO         1019    .rodata._ZTV14PulseInterrapt  pulse.o
    0x08004440   0x08004440   0x0000001c   Data   RO         1058    .rodata._ZTV15SequenceDelayed  sequence.o
    0x0800445c   0x0800445c   0x0000002c   Data   RO          853    .rodata._ZTV18SimpleInputDelayed  simple_input.o
    0x08004488   0x08004488   0x00000010   Data   RO          748    .rodata._ZTV4Coil   coil.o
    0x08004498   0x08004498   0x0000000c   Data   RO          762    .rodata._ZTV7ISwitch  coil.o
    0x080044a4   0x080044a4   0x00000030   Data   RO          802    .rodata._ZTV9CoilPulse  coil_with_timer.o
    0x080044d4   0x080044d4   0x00000029   Data   RO          182    .rodata.str1.1      main.o
    0x080044fd   0x080044fd   0x00000005   Data   RO          565    .rodata.str1.1      tasks.o
    0x08004502   0x08004502   0x00000008   Data   RO          632    .rodata.str1.1      timers.o
    0x0800450a   0x0800450a   0x00000002   PAD
    0x0800450c   0x0800450c   0x00000004   Data   RO          550    .rodata.uxTopUsedPriority  tasks.o
    0x08004510   0x08004510   0x00000020   Data   RO         1293    Region$$Table       anon$$obj.o
    0x08004530   0x08004530   0x00000004   Data   RO          183    .init_array         main.o
    0x08004534   0x08004530   0x00000000   Data   RO         1105    .init_array         c_w.l(init_aeabi.o)


    Execution Region RW_IRAM1 (Exec base: 0x20000000, Load base: 0x08004538, Size: 0x00003600, Max: 0x00005000, ABSOLUTE)

    Exec Addr    Load Addr    Size         Type   Attr      Idx    E Section Name        Object

    0x20000000   0x08004538   0x00000004   Data   RW         1082    .data.SystemCoreClock  system_stm32f10x.o
    0x20000004   0x0800453c   0x00000020   Data   RW          682    .data._ZL10numOfSteps  diag.o
    0x20000024   0x0800455c   0x00000001   Data   RW          685    .data._ZL3two       diag.o
    0x20000025   0x0800455d   0x00000001   Data   RW          686    .data._ZL5three     diag.o
    0x20000026   0x0800455e   0x00000010   Data   RW          683    .data._ZL6serial    diag.o
    0x20000036   0x0800456e   0x00000002   PAD
    0x20000038   0x08004570   0x0000003c   Data   RW          176    .data.ob1Kit        main.o
    0x20000074   0x080045ac   0x0000003c   Data   RW          177    .data.ob2Kit        main.o
    0x200000b0   0x080045e8   0x0000003c   Data   RW          178    .data.ob3Kit        main.o
    0x200000ec   0x08004624   0x00000068   Data   RW          180    .data.update1msObjects  main.o
    0x20000154   0x0800468c   0x00000001   Data   RW          181    .data.updateObjectsSize  main.o
    0x20000155   0x0800468d   0x00000003   PAD
    0x20000158   0x08004690   0x00000004   Data   RW          214    .data.uxCriticalNesting  port.o
    0x2000015c   0x08004694   0x00000004   PAD
    0x20000160        -       0x00000060   Zero   RW         1222    .bss                c_w.l(libspace.o)
    0x200001c0        -       0x00000024   Zero   RW          120    .bss.B1             main.o
    0x200001e4        -       0x00000024   Zero   RW          122    .bss.B2             main.o
    0x20000208        -       0x00000024   Zero   RW          124    .bss.B3             main.o
    0x2000022c        -       0x00000010   Zero   RW          129    .bss.C1             main.o
    0x2000023c        -       0x00000010   Zero   RW          133    .bss.C2             main.o
    0x2000024c        -       0x00000010   Zero   RW          137    .bss.C3             main.o
    0x2000025c        -       0x0000000c   Zero   RW          173    .bss.CHBs0          main.o
    0x20000268        -       0x00000020   Zero   RW          174    .bss.CHBs1          main.o
    0x20000288        -       0x0000000c   Zero   RW          175    .bss.CHBs2          main.o
    0x20000294        -       0x00000001   Zero   RW          172    .bss.CHBstep        main.o
    0x20000295   0x08004694   0x00000003   PAD
    0x20000298        -       0x00000010   Zero   RW          131    .bss.D1             main.o
    0x200002a8        -       0x00000010   Zero   RW          135    .bss.D2             main.o
    0x200002b8        -       0x00000010   Zero   RW          139    .bss.D3             main.o
    0x200002c8        -       0x00000010   Zero   RW          141    .bss.D4             main.o
    0x200002d8        -       0x00000024   Zero   RW          121    .bss.H1             main.o
    0x200002fc        -       0x00000024   Zero   RW          123    .bss.H2             main.o
    0x20000320        -       0x00000024   Zero   RW          125    .bss.H3             main.o
    0x20000344        -       0x00000024   Zero   RW          132    .bss.M1             main.o
    0x20000368        -       0x00000024   Zero   RW          136    .bss.M2             main.o
    0x2000038c        -       0x00000024   Zero   RW          140    .bss.M3             main.o
    0x200003b0        -       0x00000024   Zero   RW          142    .bss.M6             main.o
    0x200003d4        -       0x00000010   Zero   RW          143    .bss.M7             main.o
    0x200003e4        -       0x00000010   Zero   RW          144    .bss.Me1            main.o
    0x200003f4        -       0x00000010   Zero   RW          145    .bss.Me2            main.o
    0x20000404        -       0x00000010   Zero   RW          146    .bss.Me3            main.o
    0x20000414        -       0x00000010   Zero   RW          130    .bss.O1             main.o
    0x20000424        -       0x00000010   Zero   RW          134    .bss.O2             main.o
    0x20000434        -       0x00000010   Zero   RW          138    .bss.O3             main.o
    0x20000444        -       0x0000000c   Zero   RW          149    .bss.OB1s0          main.o
    0x20000450        -       0x00000020   Zero   RW          150    .bss.OB1s1          main.o
    0x20000470        -       0x00000020   Zero   RW          151    .bss.OB1s2          main.o
    0x20000490        -       0x0000000c   Zero   RW          152    .bss.OB1s3          main.o
    0x2000049c        -       0x00000020   Zero   RW          153    .bss.OB1s4          main.o
    0x200004bc        -       0x00000014   Zero   RW          154    .bss.OB1s4MeTimer   main.o
    0x200004d0        -       0x0000000c   Zero   RW          155    .bss.OB1s5          main.o
    0x200004dc        -       0x00000001   Zero   RW          148    .bss.OB1step        main.o
    0x200004dd   0x08004694   0x00000003   PAD
    0x200004e0        -       0x0000000c   Zero   RW          157    .bss.OB2s0          main.o
    0x200004ec        -       0x00000020   Zero   RW          158    .bss.OB2s1          main.o
    0x2000050c        -       0x00000020   Zero   RW          159    .bss.OB2s2          main.o
    0x2000052c        -       0x0000000c   Zero   RW          160    .bss.OB2s3          main.o
    0x20000538        -       0x00000020   Zero   RW          161    .bss.OB2s4          main.o
    0x20000558        -       0x00000014   Zero   RW          162    .bss.OB2s4MeTimer   main.o
    0x2000056c        -       0x0000000c   Zero   RW          163    .bss.OB2s5          main.o
    0x20000578        -       0x00000001   Zero   RW          156    .bss.OB2step        main.o
    0x20000579   0x08004694   0x00000003   PAD
    0x2000057c        -       0x0000000c   Zero   RW          165    .bss.OB3s0          main.o
    0x20000588        -       0x00000020   Zero   RW          166    .bss.OB3s1          main.o
    0x200005a8        -       0x00000020   Zero   RW          167    .bss.OB3s2          main.o
    0x200005c8        -       0x0000000c   Zero   RW          168    .bss.OB3s3          main.o
    0x200005d4        -       0x00000020   Zero   RW          169    .bss.OB3s4          main.o
    0x200005f4        -       0x00000014   Zero   RW          170    .bss.OB3s4MeTimer   main.o
    0x20000608        -       0x0000000c   Zero   RW          171    .bss.OB3s5          main.o
    0x20000614        -       0x00000001   Zero   RW          164    .bss.OB3step        main.o
    0x20000615   0x08004694   0x00000003   PAD
    0x20000618        -       0x00000024   Zero   RW          126    .bss.S4             main.o
    0x2000063c        -       0x00000024   Zero   RW          127    .bss.S5             main.o
    0x20000660        -       0x00000024   Zero   RW          128    .bss.S6             main.o
    0x20000684        -       0x00000001   Zero   RW          684    .bss._ZL3one        diag.o
    0x20000685   0x08004694   0x00000003   PAD
    0x20000688        -       0x00000010   Zero   RW          147    .bss.led            main.o
    0x20000698        -       0x00000004   Zero   RW          636    .bss.prvSampleTimeNow.xLastTime  timers.o
    0x2000069c        -       0x00000004   Zero   RW          549    .bss.pxCurrentTCB   tasks.o
    0x200006a0        -       0x00000004   Zero   RW          634    .bss.pxCurrentTimerList  timers.o
    0x200006a4        -       0x00000004   Zero   RW          559    .bss.pxDelayedTaskList  tasks.o
    0x200006a8        -       0x00000004   Zero   RW          272    .bss.pxEnd          heap_4.o
    0x200006ac        -       0x00000004   Zero   RW          560    .bss.pxOverflowDelayedTaskList  tasks.o
    0x200006b0        -       0x00000004   Zero   RW          635    .bss.pxOverflowTimerList  timers.o
    0x200006b4        -       0x00000064   Zero   RW          551    .bss.pxReadyTasksLists  tasks.o
    0x20000718        -       0x0000000c   Zero   RW          179    .bss.queue          main.o
    0x20000724        -       0x00002800   Zero   RW          278    .bss.ucHeap         heap_4.o
    0x20002f24        -       0x00000004   Zero   RW          556    .bss.uxCurrentNumberOfTasks  tasks.o
    0x20002f28        -       0x00000004   Zero   RW          555    .bss.uxDeletedTasksWaitingCleanUp  tasks.o
    0x20002f2c        -       0x00000004   Zero   RW          562    .bss.uxSchedulerSuspended  tasks.o
    0x20002f30        -       0x00000004   Zero   RW          553    .bss.uxTaskNumber   tasks.o
    0x20002f34        -       0x00000004   Zero   RW          552    .bss.uxTopReadyPriority  tasks.o
    0x20002f38        -       0x00000014   Zero   RW          637    .bss.xActiveTimerList1  timers.o
    0x20002f4c        -       0x00000014   Zero   RW          638    .bss.xActiveTimerList2  timers.o
    0x20002f60        -       0x00000014   Zero   RW          570    .bss.xDelayedTaskList1  tasks.o
    0x20002f74        -       0x00000014   Zero   RW          571    .bss.xDelayedTaskList2  tasks.o
    0x20002f88        -       0x00000004   Zero   RW          273    .bss.xFreeBytesRemaining  heap_4.o
    0x20002f8c        -       0x00000004   Zero   RW          566    .bss.xIdleTaskHandle  tasks.o
    0x20002f90        -       0x00000004   Zero   RW          275    .bss.xMinimumEverFreeBytesRemaining  heap_4.o
    0x20002f94        -       0x00000004   Zero   RW          567    .bss.xNextTaskUnblockTime  tasks.o
    0x20002f98        -       0x00000004   Zero   RW          569    .bss.xNumOfOverflows  tasks.o
    0x20002f9c        -       0x00000004   Zero   RW          276    .bss.xNumberOfSuccessfulAllocations  heap_4.o
    0x20002fa0        -       0x00000004   Zero   RW          277    .bss.xNumberOfSuccessfulFrees  heap_4.o
    0x20002fa4        -       0x00000004   Zero   RW          568    .bss.xPendedTicks   tasks.o
    0x20002fa8        -       0x00000014   Zero   RW          564    .bss.xPendingReadyList  tasks.o
    0x20002fbc        -       0x00000004   Zero   RW          557    .bss.xSchedulerRunning  tasks.o
    0x20002fc0        -       0x00000008   Zero   RW          274    .bss.xStart         heap_4.o
    0x20002fc8        -       0x00000014   Zero   RW          561    .bss.xSuspendedTaskList  tasks.o
    0x20002fdc        -       0x00000014   Zero   RW          554    .bss.xTasksWaitingTermination  tasks.o
    0x20002ff0        -       0x00000004   Zero   RW          558    .bss.xTickCount     tasks.o
    0x20002ff4        -       0x00000004   Zero   RW          631    .bss.xTimerQueue    timers.o
    0x20002ff8        -       0x00000004   Zero   RW          633    .bss.xTimerTaskHandle  timers.o
    0x20002ffc        -       0x00000004   Zero   RW          563    .bss.xYieldPending  tasks.o
    0x20003000        -       0x00000200   Zero   RW         1066    HEAP                startup_stm32f10x_md.o
    0x20003200        -       0x00000400   Zero   RW         1065    STACK               startup_stm32f10x_md.o


==============================================================================

Image component sizes


      Code (inc. data)   RO Data    RW Data    ZI Data      Debug   Object Name

       320          0          0          0          0       1975   chb.o
       450          0         44          0          0       4824   coil.o
       462          0        108          0          0       5215   coil_with_timer.o
        64          0          0          0          0       1816   common.o
       420          0          0          0          0       2655   common_for_tasks.o
       386          0         12          0          0       5615   common_timer.o
       268          0          0         50          1       2457   diag.o
       226          0          0          0          0       2313   gpio_common.o
       880          0          0          0      10268       4068   heap_4.o
       498          0          0          0          0       6326   init.o
       238          0          0          0          0       2050   list.o
      2048          0         45        285       1236      11174   main.o
       788          6          0          0          0       3227   ob.o
       182          0         12          0          0       3605   off_delay.o
       510         12          0          4          0       2489   port.o
       340          0         40          0          0       4378   pulse.o
      1124          0          0          0          0      12159   queue.o
       190          0          0          0          0       2567   rf_impulse.o
       500          0         28          0          0       4936   sequence.o
       396          0         56          0          0       4557   simple_input.o
        64         26        236          0       1536        824   startup_stm32f10x_md.o
       690          0         16          4          0       2944   system_stm32f10x.o
      3694          0          9          0        260      21776   tasks.o
      1148         10          8          0         60       7648   timers.o

    ----------------------------------------------------------------------
     16138         66        648        348      13380     121598   Object Totals
         0          0         32          0          0          0   (incl. Generated)
       252         12          2          5         19          0   (incl. Padding)

    ----------------------------------------------------------------------

      Code (inc. data)   RO Data    RW Data    ZI Data      Debug   Library Member Name

         8          0          0          0          0         68   __main.o
         0          0          0          0          0          0   __rtentry.o
        12          0          0          0          0          0   __rtentry2.o
         6          0          0          0          0          0   __rtentry4.o
        52          8          0          0          0          0   __scatter.o
        26          0          0          0          0          0   __scatter_copy.o
        28          0          0          0          0          0   __scatter_zi.o
        22          0          0          0          0         80   abort.o
        16          0          0          0          0         68   aeabi_memset4.o
        48         34          0          0          0         76   defsig_abrt_inner.o
        14          0          0          0          0         80   defsig_abrt_outer.o
        10          0          0          0          0         68   defsig_exit.o
        50          0          0          0          0         88   defsig_general.o
        18          0          0          0          0         80   exit.o
         6          0          0          0          0        152   heapauxi.o
         0          0          0          0          0          0   indicate_semi.o
        36          8          0          0          0         80   init_aeabi.o
         2          0          0          0          0          0   libinit.o
         6          0          0          0          0          0   libinit2.o
         2          0          0          0          0          0   libshutdown.o
         2          0          0          0          0          0   libshutdown2.o
         8          4          0          0         96         68   libspace.o
        68          0          0          0          0         68   rt_memclr.o
        78          0          0          0          0         80   rt_memclr_w.o
       138          0          0          0          0         68   rt_memcpy_v6.o
       100          0          0          0          0         80   rt_memcpy_w.o
         2          0          0          0          0          0   rtexit.o
        10          0          0          0          0          0   rtexit2.o
        12          4          0          0          0         68   sys_exit.o
        74          0          0          0          0         80   sys_stackheap_outer.o
        14          0          0          0          0         76   sys_wrch.o
         2          0          0          0          0         68   use_no_semi.o
         4          0          0          0          0         36   abort_message.cpp.o
        40         32          0          0          0         52   cxa_virtual.cpp.o

    ----------------------------------------------------------------------
       930         90          0          0         96       1584   Library Totals
        16          0          0          0          0          0   (incl. Padding)

    ----------------------------------------------------------------------

      Code (inc. data)   RO Data    RW Data    ZI Data      Debug   Library Name

       870         58          0          0         96       1496   c_w.l
        44         32          0          0          0         88   libcppabi_w.l

    ----------------------------------------------------------------------
       930         90          0          0         96       1584   Library Totals

    ----------------------------------------------------------------------

==============================================================================


      Code (inc. data)   RO Data    RW Data    ZI Data      Debug   

     17068        156        648        348      13476     121970   Grand Totals
     17068        156        648        348      13476     121970   ELF Image Totals
     17068        156        648        348          0          0   ROM Totals

==============================================================================

    Total RO  Size (Code + RO Data)                17716 (  17.30kB)
    Total RW  Size (RW Data + ZI Data)             13824 (  13.50kB)
    Total ROM Size (Code + RO Data + RW Data)      18064 (  17.64kB)

==============================================================================

