Component: Arm Compiler for Embedded 6.18 Tool: armlink [5e4cc100]

==============================================================================

Section Cross References

    main.o(.text.__cxx_global_var_init) refers to main.o(.bss.B1) for B1
    main.o(.text.__cxx_global_var_init) refers to simple_input.o(.text._ZN18SimpleInputDelayedC2EP12GPIO_TypeDefht) for SimpleInputDelayed::SimpleInputDelayed(GPIO_TypeDef*, unsigned char, unsigned short)
    main.o(.ARM.exidx.text.__cxx_global_var_init) refers to main.o(.text.__cxx_global_var_init) for [Anonymous Symbol]
    main.o(.text.__cxx_global_var_init.1) refers to main.o(.bss.H1) for H1
    main.o(.text.__cxx_global_var_init.1) refers to simple_input.o(.text._ZN18SimpleInputDelayedC2EP12GPIO_TypeDefht) for SimpleInputDelayed::SimpleInputDelayed(GPIO_TypeDef*, unsigned char, unsigned short)
    main.o(.ARM.exidx.text.__cxx_global_var_init.1) refers to main.o(.text.__cxx_global_var_init.1) for [Anonymous Symbol]
    main.o(.text.__cxx_global_var_init.2) refers to main.o(.bss.B2) for B2
    main.o(.text.__cxx_global_var_init.2) refers to simple_input.o(.text._ZN18SimpleInputDelayedC2EP12GPIO_TypeDefht) for SimpleInputDelayed::SimpleInputDelayed(GPIO_TypeDef*, unsigned char, unsigned short)
    main.o(.ARM.exidx.text.__cxx_global_var_init.2) refers to main.o(.text.__cxx_global_var_init.2) for [Anonymous Symbol]
    main.o(.text.__cxx_global_var_init.3) refers to main.o(.bss.H2) for H2
    main.o(.text.__cxx_global_var_init.3) refers to simple_input.o(.text._ZN18SimpleInputDelayedC2EP12GPIO_TypeDefht) for SimpleInputDelayed::SimpleInputDelayed(GPIO_TypeDef*, unsigned char, unsigned short)
    main.o(.ARM.exidx.text.__cxx_global_var_init.3) refers to main.o(.text.__cxx_global_var_init.3) for [Anonymous Symbol]
    main.o(.text.__cxx_global_var_init.4) refers to main.o(.bss.B3) for B3
    main.o(.text.__cxx_global_var_init.4) refers to simple_input.o(.text._ZN18SimpleInputDelayedC2EP12GPIO_TypeDefht) for SimpleInputDelayed::SimpleInputDelayed(GPIO_TypeDef*, unsigned char, unsigned short)
    main.o(.ARM.exidx.text.__cxx_global_var_init.4) refers to main.o(.text.__cxx_global_var_init.4) for [Anonymous Symbol]
    main.o(.text.__cxx_global_var_init.5) refers to main.o(.bss.H3) for H3
    main.o(.text.__cxx_global_var_init.5) refers to simple_input.o(.text._ZN18SimpleInputDelayedC2EP12GPIO_TypeDefht) for SimpleInputDelayed::SimpleInputDelayed(GPIO_TypeDef*, unsigned char, unsigned short)
    main.o(.ARM.exidx.text.__cxx_global_var_init.5) refers to main.o(.text.__cxx_global_var_init.5) for [Anonymous Symbol]
    main.o(.text.__cxx_global_var_init.6) refers to main.o(.bss.S4) for S4
    main.o(.text.__cxx_global_var_init.6) refers to simple_input.o(.text._ZN18SimpleInputDelayedC2EP12GPIO_TypeDefht) for SimpleInputDelayed::SimpleInputDelayed(GPIO_TypeDef*, unsigned char, unsigned short)
    main.o(.ARM.exidx.text.__cxx_global_var_init.6) refers to main.o(.text.__cxx_global_var_init.6) for [Anonymous Symbol]
    main.o(.text.__cxx_global_var_init.7) refers to main.o(.bss.S5) for S5
    main.o(.text.__cxx_global_var_init.7) refers to simple_input.o(.text._ZN18SimpleInputDelayedC2EP12GPIO_TypeDefht) for SimpleInputDelayed::SimpleInputDelayed(GPIO_TypeDef*, unsigned char, unsigned short)
    main.o(.ARM.exidx.text.__cxx_global_var_init.7) refers to main.o(.text.__cxx_global_var_init.7) for [Anonymous Symbol]
    main.o(.text.__cxx_global_var_init.8) refers to main.o(.bss.S6) for S6
    main.o(.text.__cxx_global_var_init.8) refers to simple_input.o(.text._ZN18SimpleInputDelayedC2EP12GPIO_TypeDefht) for SimpleInputDelayed::SimpleInputDelayed(GPIO_TypeDef*, unsigned char, unsigned short)
    main.o(.ARM.exidx.text.__cxx_global_var_init.8) refers to main.o(.text.__cxx_global_var_init.8) for [Anonymous Symbol]
    main.o(.text.__cxx_global_var_init.9) refers to main.o(.bss.C1) for C1
    main.o(.text.__cxx_global_var_init.9) refers to coil.o(.text._ZN4CoilC2EP12GPIO_TypeDefh) for Coil::Coil(GPIO_TypeDef*, unsigned char)
    main.o(.ARM.exidx.text.__cxx_global_var_init.9) refers to main.o(.text.__cxx_global_var_init.9) for [Anonymous Symbol]
    main.o(.text.__cxx_global_var_init.10) refers to main.o(.bss.O1) for O1
    main.o(.text.__cxx_global_var_init.10) refers to coil.o(.text._ZN4CoilC2EP12GPIO_TypeDefh) for Coil::Coil(GPIO_TypeDef*, unsigned char)
    main.o(.ARM.exidx.text.__cxx_global_var_init.10) refers to main.o(.text.__cxx_global_var_init.10) for [Anonymous Symbol]
    main.o(.text.__cxx_global_var_init.11) refers to main.o(.bss.D1) for D1
    main.o(.text.__cxx_global_var_init.11) refers to coil.o(.text._ZN4CoilC2EP12GPIO_TypeDefh) for Coil::Coil(GPIO_TypeDef*, unsigned char)
    main.o(.ARM.exidx.text.__cxx_global_var_init.11) refers to main.o(.text.__cxx_global_var_init.11) for [Anonymous Symbol]
    main.o(.text.__cxx_global_var_init.12) refers to main.o(.bss.M1) for M1
[...]
    [Anonymous Symbol]                       0x200004b8   Section        0  heap_4.o(.bss.ucHeap)
    uxCurrentNumberOfTasks                   0x20002cb8   Data           4  tasks.o(.bss.uxCurrentNumberOfTasks)
    [Anonymous Symbol]                       0x20002cb8   Section        0  tasks.o(.bss.uxCurrentNumberOfTasks)
    uxDeletedTasksWaitingCleanUp             0x20002cbc   Data           4  tasks.o(.bss.uxDeletedTasksWaitingCleanUp)
    [Anonymous Symbol]                       0x20002cbc   Section        0  tasks.o(.bss.uxDeletedTasksWaitingCleanUp)
    uxSchedulerSuspended                     0x20002cc0   Data           4  tasks.o(.bss.uxSchedulerSuspended)
    [Anonymous Symbol]                       0x20002cc0   Section        0  tasks.o(.bss.uxSchedulerSuspended)
    uxTaskNumber                             0x20002cc4   Data           4  tasks.o(.bss.uxTaskNumber)
    [Anonymous Symbol]                       0x20002cc4   Section        0  tasks.o(.bss.uxTaskNumber)
    uxTopReadyPriority                       0x20002cc8   Data           4  tasks.o(.bss.uxTopReadyPriority)
    [Anonymous Symbol]                       0x20002cc8   Section        0  tasks.o(.bss.uxTopReadyPriority)
    xActiveTimerList1                        0x20002ccc   Data          20  timers.o(.bss.xActiveTimerList1)
    [Anonymous Symbol]                       0x20002ccc   Section        0  timers.o(.bss.xActiveTimerList1)
    xActiveTimerList2                        0x20002ce0   Data          20  timers.o(.bss.xActiveTimerList2)
    [Anonymous Symbol]                       0x20002ce0   Section        0  timers.o(.bss.xActiveTimerList2)
    xDelayedTaskList1                        0x20002cf4   Data          20  tasks.o(.bss.xDelayedTaskList1)
    [Anonymous Symbol]                       0x20002cf4   Section        0  tasks.o(.bss.xDelayedTaskList1)
    xDelayedTaskList2                        0x20002d08   Data          20  tasks.o(.bss.xDelayedTaskList2)
    [Anonymous Symbol]                       0x20002d08   Section        0  tasks.o(.bss.xDelayedTaskList2)
    xFreeBytesRemaining                      0x20002d1c   Data           4  heap_4.o(.bss.xFreeBytesRemaining)
    [Anonymous Symbol]                       0x20002d1c   Section        0  heap_4.o(.bss.xFreeBytesRemaining)
    xIdleTaskHandle                          0x20002d20   Data           4  tasks.o(.bss.xIdleTaskHandle)
    [Anonymous Symbol]                       0x20002d20   Section        0  tasks.o(.bss.xIdleTaskHandle)
    xMinimumEverFreeBytesRemaining           0x20002d24   Data           4  heap_4.o(.bss.xMinimumEverFreeBytesRemaining)
    [Anonymous Symbol]                       0x20002d24   Section        0  heap_4.o(.bss.xMinimumEverFreeBytesRemaining)
    xNextTaskUnblockTime                     0x20002d28   Data           4  tasks.o(.bss.xNextTaskUnblockTime)
    [Anonymous Symbol]                       0x20002d28   Section        0  tasks.o(.bss.xNextTaskUnblockTime)
    xNumOfOverflows                          0x20002d2c   Data           4  tasks.o(.bss.xNumOfOverflows)
    [Anonymous Symbol]                       0x20002d2c   Section        0  tasks.o(.bss.xNumOfOverflows)
    xNumberOfSuccessfulAllocations           0x20002d30   Data           4  heap_4.o(.bss.xNumberOfSuccessfulAllocations)
    [Anonymous Symbol]                       0x20002d30   Section        0  heap_4.o(.bss.xNumberOfSuccessfulAllocations)
    xNumberOfSuccessfulFrees                 0x20002d34   Data           4  heap_4.o(.bss.xNumberOfSuccessfulFrees)
    [Anonymous Symbol]                       0x20002d34   Section        0  heap_4.o(.bss.xNumberOfSuccessfulFrees)
    xPendedTicks                             0x20002d38   Data           4  tasks.o(.bss.xPendedTicks)
    [Anonymous Symbol]                       0x20002d38   Section        0  tasks.o(.bss.xPendedTicks)
    xPendingReadyList                        0x20002d3c   Data          20  tasks.o(.bss.xPendingReadyList)
    [Anonymous Symbol]                       0x20002d3c   Section        0  tasks.o(.bss.xPendingReadyList)
    xSchedulerRunning                        0x20002d50   Data           4  tasks.o(.bss.xSchedulerRunning)
    [Anonymous Symbol]                       0x20002d50   Section        0  tasks.o(.bss.xSchedulerRunning)
    xStart                                   0x20002d54   Data           8  heap_4.o(.bss.xStart)
    [Anonymous Symbol]                       0x20002d54   Section        0  heap_4.o(.bss.xStart)
    xSuspendedTaskList                       0x20002d5c   Data          20  tasks.o(.bss.xSuspendedTaskList)
    [Anonymous Symbol]                       0x20002d5c   Section        0  tasks.o(.bss.xSuspendedTaskList)
    xTasksWaitingTermination                 0x20002d70   Data          20  tasks.o(.bss.xTasksWaitingTermination)
    [Anonymous Symbol]                       0x20002d70   Section        0  tasks.o(.bss.xTasksWaitingTermination)
    xTickCount                               0x20002d84   Data           4  tasks.o(.bss.xTickCount)
    [Anonymous Symbol]                       0x20002d84   Section        0  tasks.o(.bss.xTickCount)
    xTimerQueue                              0x20002d88   Data           4  timers.o(.bss.xTimerQueue)
    [Anonymous Symbol]                       0x20002d88   Section        0  timers.o(.bss.xTimerQueue)
    xTimerTaskHandle                         0x20002d8c   Data           4  timers.o(.bss.xTimerTaskHandle)
    [Anonymous Symbol]                       0x20002d8c   Section        0  timers.o(.bss.xTimerTaskHandle)
    xYieldPending                            0x20002d90   Data           4  tasks.o(.bss.xYieldPending)
    [Anonymous Symbol]                       0x20002d90   Section        0  tasks.o(.bss.xYieldPending)
    Heap_Mem                                 0x20002d98   Data        3072  startup_stm32f10x_md.o(HEAP)
    HEAP                                     0x20002d98   Section     3072  startup_stm32f10x_md.o(HEAP)
    Stack_Mem                                0x20003998   Data        1024  startup_stm32f10x_md.o(STACK)
    STACK                                    0x20003998   Section     1024  startup_stm32f10x_md.o(STACK)
    __initial_sp                             0x20003d98   Data           0  startup_stm32f10x_md.o(STACK)

    Global Symbols

    Symbol Name                              Value     Ov Type        Size  Object(Section)

    BuildAttributes$$THM_ISAv4$P$D$K$B$S$PE$A:L22UL41UL21$X:L11$S22US41US21$IEEE1$IW$~IW$USESV6$~STKCKD$USESV7$~SHL$OSPACE$ROPI$EBA8$UX$STANDARDLIB$REQ8$PRES8$EABIv2 0x00000000   Number         0  anon$$obj.o ABSOLUTE
    __fp_init_empty                          0x00000000   Number         0  fpinit_empty.o ABSOLUTE
    __ARM_exceptions_init                     - Undefined Weak Reference
    __alloca_initialize                       - Undefined Weak Reference
    __arm_preinit_                            - Undefined Weak Reference
    __arm_relocate_pie_                       - Undefined Weak Reference
    __cxa_finalize                            - Undefined Weak Reference
    __rt_locale                               - Undefined Weak Reference
    __sigvec_lookup                           - Undefined Weak Reference
    _atexit_init                              - Undefined Weak Reference
    _call_atexit_fns                          - Undefined Weak Reference
    _clock_init                               - Undefined Weak Reference
    _fp_trap_init                             - Undefined Weak Reference
    _fp_trap_shutdown                         - Undefined Weak Reference
    _get_lc_collate                           - Undefined Weak Reference
    _get_lc_ctype                             - Undefined Weak Reference
    _get_lc_monetary                          - Undefined Weak Reference
    _get_lc_numeric                           - Undefined Weak Reference
    _get_lc_time                              - Undefined Weak Reference
    _getenv_init                              - Undefined Weak Reference
    _handle_redirection                       - Undefined Weak Reference
    _init_alloc                               - Undefined Weak Reference
    _init_user_alloc                          - Undefined Weak Reference
    _initio                                   - Undefined Weak Reference
    _rand_init                                - Undefined Weak Reference
    _signal_finish                            - Undefined Weak Reference
    _signal_init                              - Undefined Weak Reference
    _terminate_alloc                          - Undefined Weak Reference
    _terminate_user_alloc                     - Undefined Weak Reference
    _terminateio                              - Undefined Weak Reference
    __Vectors_Size                           0x000000ec   Number         0  startup_stm32f10x_md.o ABSOLUTE
    __Vectors                                0x08000000   Data           4  startup_stm32f10x_md.o(RESET)
    __Vectors_End                            0x080000ec   Data           0  startup_stm32f10x_md.o(RESET)
    __main                                   0x080000ed   Thumb Code     8  __main.o(!!!main)
    __scatterload                            0x080000f5   Thumb Code     0  __scatter.o(!!!scatter)
    __scatterload_rt2                        0x080000f5   Thumb Code    44  __scatter.o(!!!scatter)
    __scatterload_rt2_thumb_only             0x080000f5   Thumb Code     0  __scatter.o(!!!scatter)
    __scatterload_null                       0x08000103   Thumb Code     0  __scatter.o(!!!scatter)
    __scatterload_copy                       0x08000129   Thumb Code    26  __scatter_copy.o(!!handler_copy)
    __scatterload_zeroinit                   0x08000145   Thumb Code    28  __scatter_zi.o(!!handler_zi)
    __rt_lib_init                            0x08000161   Thumb Code     0  libinit.o(.ARM.Collect$$libinit$$00000000)
    __rt_lib_init_alloca_1                   0x08000163   Thumb Code     0  libinit2.o(.ARM.Collect$$libinit$$00000030)
    __rt_lib_init_argv_1                     0x08000163   Thumb Code     0  libinit2.o(.ARM.Collect$$libinit$$0000002E)
    __rt_lib_init_atexit_1                   0x08000163   Thumb Code     0  libinit2.o(.ARM.Collect$$libinit$$0000001D)
    __rt_lib_init_clock_1                    0x08000163   Thumb Code     0  libinit2.o(.ARM.Collect$$libinit$$00000023)
    __rt_lib_init_cpp_2                      0x08000163   Thumb Code     0  libinit2.o(.ARM.Collect$$libinit$$00000033)
    __rt_lib_init_exceptions_1               0x08000163   Thumb Code     0  libinit2.o(.ARM.Collect$$libinit$$00000032)
    __rt_lib_init_fp_1                       0x08000163   Thumb Code     0  libinit2.o(.ARM.Collect$$libinit$$00000002)
    __rt_lib_init_fp_trap_1                  0x08000163   Thumb Code     0  libinit2.o(.ARM.Collect$$libinit$$00000021)
    __rt_lib_init_getenv_1                   0x08000163   Thumb Code     0  libinit2.o(.ARM.Collect$$libinit$$00000025)
    __rt_lib_init_heap_1                     0x08000163   Thumb Code     0  libinit2.o(.ARM.Collect$$libinit$$0000000C)
    __rt_lib_init_lc_collate_1               0x08000163   Thumb Code     0  libinit2.o(.ARM.Collect$$libinit$$00000013)
    __rt_lib_init_lc_ctype_1                 0x08000163   Thumb Code     0  libinit2.o(.ARM.Collect$$libinit$$00000015)
    __rt_lib_init_lc_monetary_1              0x08000163   Thumb Code     0  libinit2.o(.ARM.Collect$$libinit$$00000017)
    __rt_lib_init_lc_numeric_1               0x08000163   Thumb Code     0  libinit2.o(.ARM.Collect$$libinit$$00000019)
    __rt_lib_init_lc_time_1                  0x08000163   Thumb Code     0  libinit2.o(.ARM.Collect$$libinit$$0000001B)
    __rt_lib_init_preinit_1                  0x08000163   Thumb Code     0  libinit2.o(.ARM.Collect$$libinit$$00000006)
    __rt_lib_init_rand_1                     0x08000163   Thumb Code     0  libinit2.o(.ARM.Collect$$libinit$$00000010)
    __rt_lib_init_relocate_pie_1             0x08000163   Thumb Code     0  libinit2.o(.ARM.Collect$$libinit$$00000004)
    __rt_lib_init_signal_1                   0x08000163   Thumb Code     0  libinit2.o(.ARM.Collect$$libinit$$0000001F)
    __rt_lib_init_stdio_1                    0x08000163   Thumb Code     0  libinit2.o(.ARM.Collect$$libinit$$00000027)
    __rt_lib_init_user_alloc_1               0x08000163   Thumb Code     0  libinit2.o(.ARM.Collect$$libinit$$0000000E)
    __rt_lib_init_cpp_1                      0x08000167   Thumb Code     0  libinit2.o(.ARM.Collect$$libinit$$00000034)
    __rt_lib_init_return                     0x08000167   Thumb Code     0  libinit2.o(.ARM.Collect$$libinit$$00000035)
    __rt_lib_shutdown                        0x08000169   Thumb Code     0  libshutdown.o(.ARM.Collect$$libshutdown$$00000000)
    __rt_lib_shutdown_cpp_1                  0x0800016b   Thumb Code     0  libshutdown2.o(.ARM.Collect$$libshutdown$$00000002)
    __rt_lib_shutdown_fp_trap_1              0x0800016b   Thumb Code     0  libshutdown2.o(.ARM.Collect$$libshutdown$$00000007)
    __rt_lib_shutdown_heap_1                 0x0800016b   Thumb Code     0  libshutdown2.o(.ARM.Collect$$libshutdown$$0000000F)
    __rt_lib_shutdown_return                 0x0800016b   Thumb Code     0  libshutdown2.o(.ARM.Collect$$libshutdown$$00000010)
    __rt_lib_shutdown_signal_1               0x0800016b   Thumb Code     0  libshutdown2.o(.ARM.Collect$$libshutdown$$0000000A)
    __rt_lib_shutdown_stdio_1                0x0800016b   Thumb Code     0  libshutdown2.o(.ARM.Collect$$libshutdown$$00000004)
    __rt_lib_shutdown_user_alloc_1           0x0800016b   Thumb Code     0  libshutdown2.o(.ARM.Collect$$libshutdown$$0000000C)
    __rt_entry                               0x0800016d   Thumb Code     0  __rtentry.o(.ARM.Collect$$rtentry$$00000000)
    __rt_entry_presh_1                       0x0800016d   Thumb Code     0  __rtentry2.o(.ARM.Collect$$rtentry$$00000002)
    __rt_entry_sh                            0x0800016d   Thumb Code     0  __rtentry4.o(.ARM.Collect$$rtentry$$00000004)
    __rt_entry_li                            0x08000173   Thumb Code     0  __rtentry2.o(.ARM.Collect$$rtentry$$0000000A)
    __rt_entry_postsh_1                      0x08000173   Thumb Code     0  __rtentry2.o(.ARM.Collect$$rtentry$$00000009)
    __rt_entry_main                          0x08000177   Thumb Code     0  __rtentry2.o(.ARM.Collect$$rtentry$$0000000D)
    __rt_entry_postli_1                      0x08000177   Thumb Code     0  __rtentry2.o(.ARM.Collect$$rtentry$$0000000C)
    __rt_exit                                0x0800017f   Thumb Code     0  rtexit.o(.ARM.Collect$$rtexit$$00000000)
    __rt_exit_ls                             0x08000181   Thumb Code     0  rtexit2.o(.ARM.Collect$$rtexit$$00000003)
    __rt_exit_prels_1                        0x08000181   Thumb Code     0  rtexit2.o(.ARM.Collect$$rtexit$$00000002)
    __rt_exit_exit                           0x08000185   Thumb Code     0  rtexit2.o(.ARM.Collect$$rtexit$$00000004)
    Reset_Handler                            0x0800018d   Thumb Code     8  startup_stm32f10x_md.o(.text)
    NMI_Handler                              0x08000195   Thumb Code     2  startup_stm32f10x_md.o(.text)
    HardFault_Handler                        0x08000197   Thumb Code     2  startup_stm32f10x_md.o(.text)
    MemManage_Handler                        0x08000199   Thumb Code     2  startup_stm32f10x_md.o(.text)
    BusFault_Handler                         0x0800019b   Thumb Code     2  startup_stm32f10x_md.o(.text)
    UsageFault_Handler                       0x0800019d   Thumb Code     2  startup_stm32f10x_md.o(.text)
    DebugMon_Handler                         0x080001a1   Thumb Code     2  startup_stm32f10x_md.o(.text)
    ADC1_2_IRQHandler                        0x080001a7   Thumb Code     0  startup_stm32f10x_md.o(.text)
    CAN1_RX1_IRQHandler                      0x080001a7   Thumb Code     0  startup_stm32f10x_md.o(.text)
    CAN1_SCE_IRQHandler                      0x080001a7   Thumb Code     0  startup_stm32f10x_md.o(.text)
    DMA1_Channel1_IRQHandler                 0x080001a7   Thumb Code     0  startup_stm32f10x_md.o(.text)
    DMA1_Channel2_IRQHandler                 0x080001a7   Thumb Code     0  startup_stm32f10x_md.o(.text)
    DMA1_Channel3_IRQHandler                 0x080001a7   Thumb Code     0  startup_stm32f10x_md.o(.text)
    DMA1_Channel4_IRQHandler                 0x080001a7   Thumb Code     0  startup_stm32f10x_md.o(.text)
    DMA1_Channel5_IRQHandler                 0x080001a7   Thumb Code     0  startup_stm32f10x_md.o(.text)
    DMA1_Channel6_IRQHandler                 0x080001a7   Thumb Code     0  startup_stm32f10x_md.o(.text)
    DMA1_Channel7_IRQHandler                 0x080001a7   Thumb Code     0  startup_stm32f10x_md.o(.text)
    EXTI0_IRQHandler                         0x080001a7   Thumb Code     0  startup_stm32f10x_md.o(.text)
    EXTI15_10_IRQHandler                     0x080001a7   Thumb Code     0  startup_stm32f10x_md.o(.text)
    EXTI1_IRQHandler                         0x080001a7   Thumb Code     0  startup_stm32f10x_md.o(.text)
    EXTI2_IRQHandler                         0x080001a7   Thumb Code     0  startup_stm32f10x_md.o(.text)
    EXTI3_IRQHandler                         0x080001a7   Thumb Code     0  startup_stm32f10x_md.o(.text)
    EXTI4_IRQHandler                         0x080001a7   Thumb Code     0  startup_stm32f10x_md.o(.text)
    EXTI9_5_IRQHandler                       0x080001a7   Thumb Code     0  startup_stm32f10x_md.o(.text)
    FLASH_IRQHandler                         0x080001a7   Thumb Code     0  startup_stm32f10x_md.o(.text)
    I2C1_ER_IRQHandler                       0x080001a7   Thumb Code     0  startup_stm32f10x_md.o(.text)
    I2C1_EV_IRQHandler                       0x080001a7   Thumb Code     0  startup_stm32f10x_md.o(.text)
    I2C2_ER_IRQHandler                       0x080001a7   Thumb Code     0  startup_stm32f10x_md.o(.text)
    I2C2_EV_IRQHandler                       0x080001a7   Thumb Code     0  startup_stm32f10x_md.o(.text)
    PVD_IRQHandler                           0x080001a7   Thumb Code     0  startup_stm32f10x_md.o(.text)
    RCC_IRQHandler                           0x080001a7   Thumb Code     0  startup_stm32f10x_md.o(.text)
    RTCAlarm_IRQHandler                      0x080001a7   Thumb Code     0  startup_stm32f10x_md.o(.text)
    RTC_IRQHandler                           0x080001a7   Thumb Code     0  startup_stm32f10x_md.o(.text)
    SPI1_IRQHandler                          0x080001a7   Thumb Code     0  startup_stm32f10x_md.o(.text)
    SPI2_IRQHandler                          0x080001a7   Thumb Code     0  startup_stm32f10x_md.o(.text)
    TAMPER_IRQHandler                        0x080001a7   Thumb Code     0  startup_stm32f10x_md.o(.text)
    TIM1_BRK_IRQHandler                      0x080001a7   Thumb Code     0  startup_stm32f10x_md.o(.text)
    TIM1_CC_IRQHandler                       0x080001a7   Thumb Code     0  startup_stm32f10x_md.o(.text)
    TIM1_TRG_COM_IRQHandler                  0x080001a7   Thumb Code     0  startup_stm32f10x_md.o(.text)
    TIM1_UP_IRQHandler                       0x080001a7   Thumb Code     0  startup_stm32f10x_md.o(.text)
    TIM3_IRQHandler                          0x080001a7   Thumb Code     0  startup_stm32f10x_md.o(.text)
    TIM4_IRQHandler                          0x080001a7   Thumb Code     0  startup_stm32f10x_md.o(.text)
    USART1_IRQHandler                        0x080001a7   Thumb Code     0  startup_stm32f10x_md.o(.text)
    USART2_IRQHandler                        0x080001a7   Thumb Code     0  startup_stm32f10x_md.o(.text)
    USART3_IRQHandler                        0x080001a7   Thumb Code     0  startup_stm32f10x_md.o(.text)
    USBWakeUp_IRQHandler                     0x080001a7   Thumb Code     0  startup_stm32f10x_md.o(.text)
    USB_HP_CAN1_TX_IRQHandler                0x080001a7   Thumb Code     0  startup_stm32f10x_md.o(.text)
    USB_LP_CAN1_RX0_IRQHandler               0x080001a7   Thumb Code     0  startup_stm32f10x_md.o(.text)
    WWDG_IRQHandler                          0x080001a7   Thumb Code     0  startup_stm32f10x_md.o(.text)
    __user_initial_stackheap                 0x080001a9   Thumb Code     0  startup_stm32f10x_md.o(.text)
    __aeabi_memcpy                           0x080001cd   Thumb Code     0  rt_memcpy_v6.o(.text)
    __rt_memcpy                              0x080001cd   Thumb Code   138  rt_memcpy_v6.o(.text)
    _memcpy_lastbytes                        0x08000233   Thumb Code     0  rt_memcpy_v6.o(.text)
    __aeabi_memset4                          0x08000257   Thumb Code    16  aeabi_memset4.o(.text)
    __aeabi_memset8                          0x08000257   Thumb Code     0  aeabi_memset4.o(.text)
    __aeabi_memclr                           0x08000267   Thumb Code     0  rt_memclr.o(.text)
    __rt_memclr                              0x08000267   Thumb Code     0  rt_memclr.o(.text)
    _memset                                  0x0800026b   Thumb Code    64  rt_memclr.o(.text)
    __aeabi_memclr4                          0x080002ab   Thumb Code     0  rt_memclr_w.o(.text)
    __aeabi_memclr8                          0x080002ab   Thumb Code     0  rt_memclr_w.o(.text)
    __rt_memclr_w                            0x080002ab   Thumb Code     0  rt_memclr_w.o(.text)
    _memset_w                                0x080002af   Thumb Code    74  rt_memclr_w.o(.text)
    __use_two_region_memory                  0x080002f9   Thumb Code     2  heapauxi.o(.text)
    __rt_heap_escrow$2region                 0x080002fb   Thumb Code     2  heapauxi.o(.text)
    __rt_heap_expand$2region                 0x080002fd   Thumb Code     2  heapauxi.o(.text)
    __cpp_initialize__aeabi_                 0x08000301   Thumb Code    28  init_aeabi.o(.text)
    __aeabi_memcpy4                          0x08000325   Thumb Code     0  rt_memcpy_w.o(.text)
    __aeabi_memcpy8                          0x08000325   Thumb Code     0  rt_memcpy_w.o(.text)
    __rt_memcpy_w                            0x08000325   Thumb Code   100  rt_memcpy_w.o(.text)
    _memcpy_lastbytes_aligned                0x0800036d   Thumb Code     0  rt_memcpy_w.o(.text)
    abort                                    0x08000389   Thumb Code    22  abort.o(.text)
    _sys_exit                                0x080003a1   Thumb Code     8  sys_exit.o(.text)
    __user_setup_stackheap                   0x080003ad   Thumb Code    74  sys_stackheap_outer.o(.text)
    exit                                     0x080003f7   Thumb Code    18  exit.o(.text)
    __rt_SIGABRT                             0x08000409   Thumb Code    14  defsig_abrt_outer.o(.text)
    __user_libspace                          0x08000419   Thumb Code     8  libspace.o(.text)
    __user_perproc_libspace                  0x08000419   Thumb Code     0  libspace.o(.text)
    __user_perthread_libspace                0x08000419   Thumb Code     0  libspace.o(.text)
    __I$use$semihosting                      0x08000421   Thumb Code     0  use_no_semi.o(.text)
    __use_no_semihosting_swi                 0x08000421   Thumb Code     2  use_no_semi.o(.text)
    __semihosting_library_function           0x08000423   Thumb Code     0  indicate_semi.o(.text)
    __sig_exit                               0x08000423   Thumb Code    10  defsig_exit.o(.text)
    __rt_SIGABRT_inner                       0x0800042d   Thumb Code    14  defsig_abrt_inner.o(.text)
    __default_signal_display                 0x0800045d   Thumb Code    50  defsig_general.o(.text)
    _ttywrch                                 0x0800048f   Thumb Code    14  sys_wrch.o(.text)
    PendSV_Handler                           0x080004a1   Thumb Code    68  port.o(.text.PendSV_Handler)
    SVC_Handler                              0x080004f1   Thumb Code    36  port.o(.text.SVC_Handler)
    SysTick_Handler                          0x08000641   Thumb Code    60  port.o(.text.SysTick_Handler)
    SystemCoreClockUpdate                    0x0800067d   Thumb Code   290  system_stm32f10x.o(.text.SystemCoreClockUpdate)
    SystemInit                               0x080007a1   Thumb Code   102  system_stm32f10x.o(.text.SystemInit)
    TIM2_IRQHandler                          0x08000809   Thumb Code    76  main.o(.text.TIM2_IRQHandler)
    commonInit()                             0x080008ed   Thumb Code    14  init.o(.text._Z10commonInitv)
    getPosition(unsigned int)                0x080008fd   Thumb Code    64  common.o(.text._Z11getPositionj)
    void setRegister<unsigned int volatile>(unsigned int volatile*, unsigned int, unsigned int) 0x0800093d   Thumb Code    32  init.o(.text._Z11setRegisterIVjEvPT_jj)
    resetCHBsteps()                          0x0800095d   Thumb Code    88  common_for_tasks.o(.text._Z13resetCHBstepsv)
    pushSeqInQueue(Sequence*)                0x080009b5   Thumb Code    94  common_for_tasks.o(.text._Z14pushSeqInQueueP8Sequence)
    void setBitsInRegister<unsigned int volatile>(unsigned int volatile*, unsigned int, unsigned int) 0x08000a15   Thumb Code    68  coil.o(.text._Z17setBitsInRegisterIVjEvPT_jj)
    deleteSeqFromQueue(Sequence*)            0x08000a59   Thumb Code    84  common_for_tasks.o(.text._Z18deleteSeqFromQueueP8Sequence)
    OB1Task(void*)                           0x08000aad   Thumb Code   790  ob1.o(.text._Z7OB1TaskPv)
    rccInit()                                0x08000dc5   Thumb Code   190  init.o(.text._Z7rccInitv)
    tickInit()                               0x08000e85   Thumb Code    88  init.o(.text._Z8tickInitv)
    GPIOcommon::GPIOcommon(GPIO_TypeDef*, unsigned char) 0x0800102d   Thumb Code   226  gpio_common.o(.text._ZN10GPIOcommonC2EP12GPIO_TypeDefh)
    GPIOcommon::GPIOcommon__sub_object(GPIO_TypeDef*, unsigned char) 0x0800102d   Thumb Code   226  gpio_common.o(.text._ZN10GPIOcommonC2EP12GPIO_TypeDefh)
    CommonTimer::notStarted()                0x08001111   Thumb Code    16  common_timer.o(.text._ZN11CommonTimer10notStartedEv)
    CommonTimer::notFinished()               0x08001121   Thumb Code    22  common_timer.o(.text._ZN11CommonTimer11notFinishedEv)
    CommonTimer::stop()                      0x08001139   Thumb Code    24  common_timer.o(.text._ZN11CommonTimer4stopEv)
    CommonTimer::pause()                     0x08001151   Thumb Code    14  common_timer.o(.text._ZN11CommonTimer5pauseEv)
    CommonTimer::reset()                     0x08001161   Thumb Code    16  common_timer.o(.text._ZN11CommonTimer5resetEv)
    CommonTimer::start()                     0x08001171   Thumb Code    14  common_timer.o(.text._ZN11CommonTimer5startEv)
    CommonTimer::inWork()                    0x08001181   Thumb Code    46  common_timer.o(.text._ZN11CommonTimer6inWorkEv)
    CommonTimer::isFree()                    0x080011b1   Thumb Code    44  common_timer.o(.text._ZN11CommonTimer6isFreeEv)
    CommonTimer::update()                    0x080011dd   Thumb Code    56  common_timer.o(.text._ZN11CommonTimer6updateEv)
    CommonTimer::started()                   0x08001215   Thumb Code    16  common_timer.o(.text._ZN11CommonTimer7startedEv)
    CommonTimer::finished()                  0x08001225   Thumb Code    22  common_timer.o(.text._ZN11CommonTimer8finishedEv)
    CommonTimer::setStart(bool)              0x0800123d   Thumb Code    44  common_timer.o(.text._ZN11CommonTimer8setStartEb)
    CommonTimer::CommonTimer(unsigned int)   0x08001269   Thumb Code    28  common_timer.o(.text._ZN11CommonTimerC2Ej)
    CommonTimer::CommonTimer__sub_object(unsigned int) 0x08001269   Thumb Code    28  common_timer.o(.text._ZN11CommonTimerC2Ej)
    IUpdated1ms::IUpdated1ms__sub_object()   0x08001285   Thumb Code    22  coil.o(.text._ZN11IUpdated1msC2Ev)
    SimpleInput::isNotActive()               0x0800129d   Thumb Code    22  simple_input.o(.text._ZN11SimpleInput11isNotActiveEv)
    SimpleInput::isActive()                  0x080012b5   Thumb Code    64  simple_input.o(.text._ZN11SimpleInput8isActiveEv)
    SimpleInput::SimpleInput(GPIO_TypeDef*, unsigned char) 0x080012f5   Thumb Code   152  simple_input.o(.text._ZN11SimpleInputC2EP12GPIO_TypeDefh)
    SimpleInput::SimpleInput__sub_object(GPIO_TypeDef*, unsigned char) 0x080012f5   Thumb Code   152  simple_input.o(.text._ZN11SimpleInputC2EP12GPIO_TypeDefh)
    ProgrammCoil::isActive()                 0x0800138d   Thumb Code    16  coil.o(.text._ZN12ProgrammCoil8isActiveEv)
    ProgrammCoil::setValue(bool)             0x0800139d   Thumb Code    24  coil.o(.text._ZN12ProgrammCoil8setValueEb)
    ProgrammCoil::ProgrammCoil__sub_object() 0x080013b5   Thumb Code    32  coil.o(.text._ZN12ProgrammCoilC2Ev)
    SequenceDelayed::update1ms()             0x080013d5   Thumb Code    66  sequence.o(.text._ZN15SequenceDelayed9update1msEv)
    SequenceDelayed::SequenceDelayed(unsigned char*, unsigned char, unsigned int) 0x08001419   Thumb Code    70  sequence.o(.text._ZN15SequenceDelayedC2EPhhj)
    SequenceDelayed::SequenceDelayed__sub_object(unsigned char*, unsigned char, unsigned int) 0x08001419   Thumb Code    70  sequence.o(.text._ZN15SequenceDelayedC2EPhhj)
    SimpleInputDelayed::isActive()           0x08001461   Thumb Code    16  simple_input.o(.text._ZN18SimpleInputDelayed8isActiveEv)
    SimpleInputDelayed::update1ms()          0x08001471   Thumb Code    34  simple_input.o(.text._ZN18SimpleInputDelayed9update1msEv)
    SimpleInputDelayed::SimpleInputDelayed(GPIO_TypeDef*, unsigned char, unsigned short) 0x08001495   Thumb Code    80  simple_input.o(.text._ZN18SimpleInputDelayedC2EP12GPIO_TypeDefht)
    SimpleInputDelayed::SimpleInputDelayed__sub_object(GPIO_TypeDef*, unsigned char, unsigned short) 0x08001495   Thumb Code    80  simple_input.o(.text._ZN18SimpleInputDelayedC2EP12GPIO_TypeDefht)
    Coil::isActive()                         0x080014e5   Thumb Code    22  coil.o(.text._ZN4Coil8isActiveEv)
    Coil::setValue(bool)                     0x080014fd   Thumb Code    66  coil.o(.text._ZN4Coil8setValueEb)
    Coil::Coil(GPIO_TypeDef*, unsigned char) 0x08001541   Thumb Code   118  coil.o(.text._ZN4CoilC2EP12GPIO_TypeDefh)
    Coil::Coil__sub_object(GPIO_TypeDef*, unsigned char) 0x08001541   Thumb Code   118  coil.o(.text._ZN4CoilC2EP12GPIO_TypeDefh)
    Coil::operator=(bool)                    0x080015b9   Thumb Code    34  coil.o(.text._ZN4CoilaSEb)
    Pulse::get()                             0x080015dd   Thumb Code    16  pulse.o(.text._ZN5Pulse3getEv)
    Pulse::set(bool)                         0x080015ed   Thumb Code    72  pulse.o(.text._ZN5Pulse3setEb)
    Pulse::update1ms()                       0x08001635   Thumb Code    36  pulse.o(.text._ZN5Pulse9update1msEv)
    Pulse::Pulse(unsigned int)               0x08001659   Thumb Code    50  pulse.o(.text._ZN5PulseC2Ej)
    Pulse::Pulse__sub_object(unsigned int)   0x08001659   Thumb Code    50  pulse.o(.text._ZN5PulseC2Ej)
    Pulse::operator=(bool)                   0x0800168d   Thumb Code    32  pulse.o(.text._ZN5PulseaSEb)
    ISwitch::ISwitch__sub_object()           0x080016ad   Thumb Code    22  coil.o(.text._ZN7ISwitchC2Ev)
    Sequence::lock(bool)                     0x080016c5   Thumb Code    24  sequence.o(.text._ZN8Sequence4lockEb)
    Sequence::reset()                        0x080016dd   Thumb Code    24  sequence.o(.text._ZN8Sequence5resetEv)
    Sequence::start(bool)                    0x080016f5   Thumb Code    44  sequence.o(.text._ZN8Sequence5startEb)
    Sequence::finish(bool)                   0x08001721   Thumb Code    68  sequence.o(.text._ZN8Sequence6finishEb)
    Sequence::locked()                       0x08001765   Thumb Code    16  sequence.o(.text._ZN8Sequence6lockedEv)
    Sequence::slfSet(bool, bool, bool)       0x08001775   Thumb Code    80  sequence.o(.text._ZN8Sequence6slfSetEbbb)
    Sequence::started()                      0x080017c5   Thumb Code    42  sequence.o(.text._ZN8Sequence7startedEv)
    Sequence::finished()                     0x080017f1   Thumb Code    16  sequence.o(.text._ZN8Sequence8finishedEv)
    Sequence::isMyStep()                     0x08001801   Thumb Code    24  sequence.o(.text._ZN8Sequence8isMyStepEv)
    Sequence::Sequence(unsigned char*, unsigned char) 0x08001819   Thumb Code    38  sequence.o(.text._ZN8SequenceC2EPhh)
    Sequence::Sequence__sub_object(unsigned char*, unsigned char) 0x08001819   Thumb Code    38  sequence.o(.text._ZN8SequenceC2EPhh)
    CoilPulse::isActive()                    0x08001841   Thumb Code    18  coil.o(.text._ZN9CoilPulse8isActiveEv)
    CoilPulse::setValue(bool)                0x08001855   Thumb Code    28  coil.o(.text._ZN9CoilPulse8setValueEb)
    CoilPulse::update1ms()                   0x08001871   Thumb Code    38  coil.o(.text._ZN9CoilPulse9update1msEv)
    CoilPulse::CoilPulse(GPIO_TypeDef*, unsigned char, unsigned short) 0x08001899   Thumb Code    80  coil.o(.text._ZN9CoilPulseC2EP12GPIO_TypeDefht)
    CoilPulse::CoilPulse__sub_object(GPIO_TypeDef*, unsigned char, unsigned short) 0x08001899   Thumb Code    80  coil.o(.text._ZN9CoilPulseC2EP12GPIO_TypeDefht)
    CoilPulse::operator=(bool)               0x080018e9   Thumb Code    34  coil.o(.text._ZN9CoilPulseaSEb)
    RFimpulse::set(bool)                     0x0800190d   Thumb Code   138  rf_impulse.o(.text._ZN9RFimpulse3setEb)
    RFimpulse::RFimpulse(IMPULSE)            0x08001999   Thumb Code    20  rf_impulse.o(.text._ZN9RFimpulseC2E7IMPULSE)
    RFimpulse::RFimpulse__sub_object(IMPULSE) 0x08001999   Thumb Code    20  rf_impulse.o(.text._ZN9RFimpulseC2E7IMPULSE)
    non-virtual thunk to SimpleInputDelayed::isActive() 0x080019ad   Thumb Code    14  simple_input.o(.text._ZThn16_N18SimpleInputDelayed8isActiveEv)
    non-virtual thunk to Pulse::update1ms()  0x080019bd   Thumb Code    14  pulse.o(.text._ZThn16_N5Pulse9update1msEv)
    non-virtual thunk to CoilPulse::isActive() 0x080019cd   Thumb Code    14  coil.o(.text._ZThn16_N9CoilPulse8isActiveEv)
    non-virtual thunk to CoilPulse::setValue(bool) 0x080019dd   Thumb Code    26  coil.o(.text._ZThn16_N9CoilPulse8setValueEb)
    non-virtual thunk to SequenceDelayed::update1ms() 0x080019f9   Thumb Code    14  sequence.o(.text._ZThn28_N15SequenceDelayed9update1msEv)
    non-virtual thunk to SimpleInputDelayed::update1ms() 0x08001a09   Thumb Code    14  simple_input.o(.text._ZThn32_N18SimpleInputDelayed9update1msEv)
    non-virtual thunk to CoilPulse::update1ms() 0x08001a19   Thumb Code    14  coil.o(.text._ZThn32_N9CoilPulse9update1msEv)
    __cxa_pure_virtual                       0x08001a29   Thumb Code     8  cxa_virtual.cpp.o(.text.__cxa_pure_virtual)
    abort_message                            0x08001e87   Thumb Code     4  abort_message.cpp.o(.text.abort_message)
    main                                     0x08001e8d   Thumb Code    62  main.o(.text.main)
    pvPortMalloc                             0x08002afd   Thumb Code   390  heap_4.o(.text.pvPortMalloc)
    pxPortInitialiseStack                    0x08002c85   Thumb Code    80  port.o(.text.pxPortInitialiseStack)
    uxListRemove                             0x08002cd5   Thumb Code    72  list.o(.text.uxListRemove)
    vApplicationIdleHook                     0x08002d1d   Thumb Code     2  main.o(.text.vApplicationIdleHook)
    vApplicationStackOverflowHook            0x08002d21   Thumb Code    10  main.o(.text.vApplicationStackOverflowHook)
    vApplicationTickHook                     0x08002d2d   Thumb Code     2  main.o(.text.vApplicationTickHook)
    vListInitialise                          0x08002d31   Thumb Code    46  list.o(.text.vListInitialise)
    vListInitialiseItem                      0x08002d61   Thumb Code    14  list.o(.text.vListInitialiseItem)
    vListInsert                              0x08002d71   Thumb Code   106  list.o(.text.vListInsert)
    vPortEnterCritical                       0x08002ddd   Thumb Code    48  port.o(.text.vPortEnterCritical)
    vPortExitCritical                        0x08002e0d   Thumb Code    38  port.o(.text.vPortExitCritical)
    vPortFree                                0x08002e35   Thumb Code   118  heap_4.o(.text.vPortFree)
    vPortSetupTimerInterrupt                 0x08002ead   Thumb Code    46  port.o(.text.vPortSetupTimerInterrupt)
    vQueueWaitForMessageRestricted           0x08002edd   Thumb Code   100  queue.o(.text.vQueueWaitForMessageRestricted)
    vTaskDelay                               0x08002f41   Thumb Code    74  tasks.o(.text.vTaskDelay)
    vTaskInternalSetTimeOutState             0x08002f8d   Thumb Code    36  tasks.o(.text.vTaskInternalSetTimeOutState)
    vTaskMissedYield                         0x08002fb1   Thumb Code    14  tasks.o(.text.vTaskMissedYield)
    vTaskPlaceOnEventList                    0x08002fc1   Thumb Code    38  tasks.o(.text.vTaskPlaceOnEventList)
    vTaskPlaceOnEventListRestricted          0x08002fe9   Thumb Code    96  tasks.o(.text.vTaskPlaceOnEventListRestricted)
    vTaskStartScheduler                      0x08003049   Thumb Code   148  tasks.o(.text.vTaskStartScheduler)
    vTaskSuspendAll                          0x080030dd   Thumb Code    16  tasks.o(.text.vTaskSuspendAll)
    vTaskSwitchContext                       0x080030ed   Thumb Code   236  tasks.o(.text.vTaskSwitchContext)
    xPortStartScheduler                      0x080031d9   Thumb Code    64  port.o(.text.xPortStartScheduler)
    xQueueGenericCreate                      0x08003219   Thumb Code   126  queue.o(.text.xQueueGenericCreate)
    xQueueGenericReset                       0x08003299   Thumb Code   208  queue.o(.text.xQueueGenericReset)
    xQueueReceive                            0x08003369   Thumb Code   338  queue.o(.text.xQueueReceive)
    xTaskCheckForTimeOut                     0x080034bd   Thumb Code   154  tasks.o(.text.xTaskCheckForTimeOut)
    xTaskCreate                              0x08003559   Thumb Code   160  tasks.o(.text.xTaskCreate)
    xTaskGetTickCount                        0x080035f9   Thumb Code    20  tasks.o(.text.xTaskGetTickCount)
    xTaskIncrementTick                       0x0800360d   Thumb Code   596  tasks.o(.text.xTaskIncrementTick)
    xTaskRemoveFromEventList                 0x08003861   Thumb Code   368  tasks.o(.text.xTaskRemoveFromEventList)
    xTaskResumeAll                           0x080039d1   Thumb Code   510  tasks.o(.text.xTaskResumeAll)
    xTimerCreateTimerTask                    0x08003bd1   Thumb Code    80  timers.o(.text.xTimerCreateTimerTask)
    AHBPrescTable                            0x08003c20   Data          16  system_stm32f10x.o(.rodata.AHBPrescTable)
    vtable for CommonTimer                   0x08003c30   Data          12  common_timer.o(.rodata._ZTV11CommonTimer)
    vtable for IUpdated1ms                   0x08003c3c   Data          12  coil.o(.rodata._ZTV11IUpdated1ms)
    vtable for SimpleInput                   0x08003c48   Data          12  simple_input.o(.rodata._ZTV11SimpleInput)
    vtable for ProgrammCoil                  0x08003c54   Data          16  coil.o(.rodata._ZTV12ProgrammCoil)
    vtable for SequenceDelayed               0x08003c64   Data          28  sequence.o(.rodata._ZTV15SequenceDelayed)
    vtable for SimpleInputDelayed            0x08003c80   Data          44  simple_input.o(.rodata._ZTV18SimpleInputDelayed)
    vtable for Coil                          0x08003cac   Data          16  coil.o(.rodata._ZTV4Coil)
    vtable for Pulse                         0x08003cbc   Data          28  pulse.o(.rodata._ZTV5Pulse)
    vtable for ISwitch                       0x08003cd8   Data          12  coil.o(.rodata._ZTV7ISwitch)
    vtable for CoilPulse                     0x08003ce4   Data          52  coil.o(.rodata._ZTV9CoilPulse)
    uxTopUsedPriority                        0x08003d30   Data           4  tasks.o(.rodata.uxTopUsedPriority)
    Region$$Table$$Base                      0x08003d34   Number         0  anon$$obj.o(Region$$Table)
    Region$$Table$$Limit                     0x08003d54   Number         0  anon$$obj.o(Region$$Table)
    SHT$$INIT_ARRAY$$Base                    0x08003d54   Number         0  main.o(.init_array)
    SHT$$INIT_ARRAY$$Limit                   0x08003d58   Number         0  init_aeabi.o(.init_array)
    SystemCoreClock                          0x20000000   Data           4  system_stm32f10x.o(.data.SystemCoreClock)
    update1msObjects                         0x20000004   Data          68  main.o(.data.update1msObjects)
    updateObjectsSize                        0x20000048   Data           1  main.o(.data.updateObjectsSize)
    __libspace_start                         0x20000050   Data          96  libspace.o(.bss)
    B1                                       0x200000b0   Data          36  main.o(.bss.B1)
    __temporary_stack_top$libspace           0x200000b0   Data           0  libspace.o(.bss)
    B2                                       0x200000d4   Data          36  main.o(.bss.B2)
    B3                                       0x200000f8   Data          36  main.o(.bss.B3)
    C1                                       0x2000011c   Data          16  main.o(.bss.C1)
    C2                                       0x2000012c   Data          16  main.o(.bss.C2)
    C3                                       0x2000013c   Data          16  main.o(.bss.C3)
    CHBs0                                    0x2000014c   Data          12  main.o(.bss.CHBs0)
    CHBs1                                    0x20000158   Data          32  main.o(.bss.CHBs1)
    CHBs2                                    0x20000178   Data          12  main.o(.bss.CHBs2)
    CHBstep                                  0x20000184   Data           1  main.o(.bss.CHBstep)
    D1                                       0x20000188   Data          16  main.o(.bss.D1)
    D2                                       0x20000198   Data          16  main.o(.bss.D2)
    D3                                       0x200001a8   Data          16  main.o(.bss.D3)
    D4                                       0x200001b8   Data          16  main.o(.bss.D4)
    H1                                       0x200001c8   Data          36  main.o(.bss.H1)
    H2                                       0x200001ec   Data          36  main.o(.bss.H2)
    H3                                       0x20000210   Data          36  main.o(.bss.H3)
    M1                                       0x20000234   Data          36  main.o(.bss.M1)
    M2                                       0x20000258   Data          36  main.o(.bss.M2)
    M3                                       0x2000027c   Data          36  main.o(.bss.M3)
    M6                                       0x200002a0   Data          16  main.o(.bss.M6)
    M7                                       0x200002b0   Data          16  main.o(.bss.M7)
    Me1                                      0x200002c0   Data          16  main.o(.bss.Me1)
    Me2                                      0x200002d0   Data          16  main.o(.bss.Me2)
    Me3                                      0x200002e0   Data          16  main.o(.bss.Me3)
    O1                                       0x200002f0   Data          16  main.o(.bss.O1)
    O2                                       0x20000300   Data          16  main.o(.bss.O2)
    O3                                       0x20000310   Data          16  main.o(.bss.O3)
    OB1s0                                    0x20000320   Data          12  main.o(.bss.OB1s0)
    OB1s1                                    0x2000032c   Data          32  main.o(.bss.OB1s1)
    OB1s2                                    0x2000034c   Data          32  main.o(.bss.OB1s2)
    OB1s3                                    0x2000036c   Data          12  main.o(.bss.OB1s3)
    OB1s4                                    0x20000378   Data          32  main.o(.bss.OB1s4)
    OB1s4MeTimer                             0x20000398   Data          24  main.o(.bss.OB1s4MeTimer)
    OB1s5                                    0x200003b0   Data          12  main.o(.bss.OB1s5)
    OB1step                                  0x200003bc   Data           1  main.o(.bss.OB1step)
    S4                                       0x200003c0   Data          36  main.o(.bss.S4)
    S5                                       0x200003e4   Data          36  main.o(.bss.S5)
    S6                                       0x20000408   Data          36  main.o(.bss.S6)
    pxCurrentTCB                             0x20000430   Data           4  tasks.o(.bss.pxCurrentTCB)
    queue                                    0x200004ac   Data          12  main.o(.bss.queue)



==============================================================================

Memory Map of the image

  Image Entry point : 0x080000ed

  Load Region LR_IROM1 (Base: 0x08000000, Size: 0x00003da8, Max: 0x00010000, ABSOLUTE)

    Execution Region ER_IROM1 (Exec base: 0x08000000, Load base: 0x08000000, Size: 0x00003d58, Max: 0x00010000, ABSOLUTE)

    Exec Addr    Load Addr    Size         Type   Attr      Idx    E Section Name        Object

    0x08000000   0x08000000   0x000000ec   Data   RO          966    RESET               startup_stm32f10x_md.o
    0x080000ec   0x080000ec   0x00000008   Code   RO         1001  * !!!main             c_w.l(__main.o)
    0x080000f4   0x080000f4   0x00000034   Code   RO         1193    !!!scatter          c_w.l(__scatter.o)
    0x08000128   0x08000128   0x0000001a   Code   RO         1195    !!handler_copy      c_w.l(__scatter_copy.o)
    0x08000142   0x08000142   0x00000002   PAD
    0x08000144   0x08000144   0x0000001c   Code   RO         1197    !!handler_zi        c_w.l(__scatter_zi.o)
    0x08000160   0x08000160   0x00000002   Code   RO         1115    .ARM.Collect$$libinit$$00000000  c_w.l(libinit.o)
    0x08000162   0x08000162   0x00000000   Code   RO         1019    .ARM.Collect$$libinit$$00000002  c_w.l(libinit2.o)
    0x08000162   0x08000162   0x00000000   Code   RO         1021    .ARM.Collect$$libinit$$00000004  c_w.l(libinit2.o)
    0x08000162   0x08000162   0x00000000   Code   RO         1023    .ARM.Collect$$libinit$$00000006  c_w.l(libinit2.o)
    0x08000162   0x08000162   0x00000000   Code   RO         1026    .ARM.Collect$$libinit$$0000000C  c_w.l(libinit2.o)
    0x08000162   0x08000162   0x00000000   Code   RO         1028    .ARM.Collect$$libinit$$0000000E  c_w.l(libinit2.o)
    0x08000162   0x08000162   0x00000000   Code   RO         1030    .ARM.Collect$$libinit$$00000010  c_w.l(libinit2.o)
    0x08000162   0x08000162   0x00000000   Code   RO         1033    .ARM.Collect$$libinit$$00000013  c_w.l(libinit2.o)
    0x08000162   0x08000162   0x00000000   Code   RO         1035    .ARM.Collect$$libinit$$00000015  c_w.l(libinit2.o)
    0x08000162   0x08000162   0x00000000   Code   RO         1037    .ARM.Collect$$libinit$$00000017  c_w.l(libinit2.o)
    0x08000162   0x08000162   0x00000000   Code   RO         1039    .ARM.Collect$$libinit$$00000019  c_w.l(libinit2.o)
    0x08000162   0x08000162   0x00000000   Code   RO         1041    .ARM.Collect$$libinit$$0000001B  c_w.l(libinit2.o)
    0x08000162   0x08000162   0x00000000   Code   RO         1043    .ARM.Collect$$libinit$$0000001D  c_w.l(libinit2.o)
    0x08000162   0x08000162   0x00000000   Code   RO         1045    .ARM.Collect$$libinit$$0000001F  c_w.l(libinit2.o)
    0x08000162   0x08000162   0x00000000   Code   RO         1047    .ARM.Collect$$libinit$$00000021  c_w.l(libinit2.o)
    0x08000162   0x08000162   0x00000000   Code   RO         1049    .ARM.Collect$$libinit$$00000023  c_w.l(libinit2.o)
    0x08000162   0x08000162   0x00000000   Code   RO         1051    .ARM.Collect$$libinit$$00000025  c_w.l(libinit2.o)
    0x08000162   0x08000162   0x00000000   Code   RO         1053    .ARM.Collect$$libinit$$00000027  c_w.l(libinit2.o)
    0x08000162   0x08000162   0x00000000   Code   RO         1057    .ARM.Collect$$libinit$$0000002E  c_w.l(libinit2.o)
    0x08000162   0x08000162   0x00000000   Code   RO         1059    .ARM.Collect$$libinit$$00000030  c_w.l(libinit2.o)
    0x08000162   0x08000162   0x00000000   Code   RO         1061    .ARM.Collect$$libinit$$00000032  c_w.l(libinit2.o)
    0x08000162   0x08000162   0x00000004   Code   RO         1062    .ARM.Collect$$libinit$$00000033  c_w.l(libinit2.o)
    0x08000166   0x08000166   0x00000000   Code   RO         1063    .ARM.Collect$$libinit$$00000034  c_w.l(libinit2.o)
    0x08000166   0x08000166   0x00000002   Code   RO         1064    .ARM.Collect$$libinit$$00000035  c_w.l(libinit2.o)
    0x08000168   0x08000168   0x00000002   Code   RO         1161    .ARM.Collect$$libshutdown$$00000000  c_w.l(libshutdown.o)
    0x0800016a   0x0800016a   0x00000000   Code   RO         1177    .ARM.Collect$$libshutdown$$00000002  c_w.l(libshutdown2.o)
    0x0800016a   0x0800016a   0x00000000   Code   RO         1179    .ARM.Collect$$libshutdown$$00000004  c_w.l(libshutdown2.o)
    0x0800016a   0x0800016a   0x00000000   Code   RO         1182    .ARM.Collect$$libshutdown$$00000007  c_w.l(libshutdown2.o)
    0x0800016a   0x0800016a   0x00000000   Code   RO         1185    .ARM.Collect$$libshutdown$$0000000A  c_w.l(libshutdown2.o)
    0x0800016a   0x0800016a   0x00000000   Code   RO         1187    .ARM.Collect$$libshutdown$$0000000C  c_w.l(libshutdown2.o)
    0x0800016a   0x0800016a   0x00000000   Code   RO         1190    .ARM.Collect$$libshutdown$$0000000F  c_w.l(libshutdown2.o)
    0x0800016a   0x0800016a   0x00000002   Code   RO         1191    .ARM.Collect$$libshutdown$$00000010  c_w.l(libshutdown2.o)
    0x0800016c   0x0800016c   0x00000000   Code   RO         1015    .ARM.Collect$$rtentry$$00000000  c_w.l(__rtentry.o)
    0x0800016c   0x0800016c   0x00000000   Code   RO         1074    .ARM.Collect$$rtentry$$00000002  c_w.l(__rtentry2.o)
    0x0800016c   0x0800016c   0x00000006   Code   RO         1086    .ARM.Collect$$rtentry$$00000004  c_w.l(__rtentry4.o)
    0x08000172   0x08000172   0x00000000   Code   RO         1076    .ARM.Collect$$rtentry$$00000009  c_w.l(__rtentry2.o)
    0x08000172   0x08000172   0x00000004   Code   RO         1077    .ARM.Collect$$rtentry$$0000000A  c_w.l(__rtentry2.o)
    0x08000176   0x08000176   0x00000000   Code   RO         1079    .ARM.Collect$$rtentry$$0000000C  c_w.l(__rtentry2.o)
    0x08000176   0x08000176   0x00000008   Code   RO         1080    .ARM.Collect$$rtentry$$0000000D  c_w.l(__rtentry2.o)
    0x0800017e   0x0800017e   0x00000002   Code   RO         1126    .ARM.Collect$$rtexit$$00000000  c_w.l(rtexit.o)
    0x08000180   0x08000180   0x00000000   Code   RO         1141    .ARM.Collect$$rtexit$$00000002  c_w.l(rtexit2.o)
    0x08000180   0x08000180   0x00000004   Code   RO         1142    .ARM.Collect$$rtexit$$00000003  c_w.l(rtexit2.o)
    0x08000184   0x08000184   0x00000006   Code   RO         1143    .ARM.Collect$$rtexit$$00000004  c_w.l(rtexit2.o)
    0x0800018a   0x0800018a   0x00000002   PAD
    0x0800018c   0x0800018c   0x00000040   Code   RO          967    .text               startup_stm32f10x_md.o
    0x080001cc   0x080001cc   0x0000008a   Code   RO          991    .text               c_w.l(rt_memcpy_v6.o)
    0x08000256   0x08000256   0x00000010   Code   RO          993    .text               c_w.l(aeabi_memset4.o)
    0x08000266   0x08000266   0x00000044   Code   RO          995    .text               c_w.l(rt_memclr.o)
    0x080002aa   0x080002aa   0x0000004e   Code   RO          997    .text               c_w.l(rt_memclr_w.o)
    0x080002f8   0x080002f8   0x00000006   Code   RO          999    .text               c_w.l(heapauxi.o)
    0x080002fe   0x080002fe   0x00000002   PAD
    0x08000300   0x08000300   0x00000024   Code   RO         1006    .text               c_w.l(init_aeabi.o)
    0x08000324   0x08000324   0x00000064   Code   RO         1016    .text               c_w.l(rt_memcpy_w.o)
    0x08000388   0x08000388   0x00000016   Code   RO         1088    .text               c_w.l(abort.o)
    0x0800039e   0x0800039e   0x00000002   PAD
    0x080003a0   0x080003a0   0x0000000c   Code   RO         1094    .text               c_w.l(sys_exit.o)
    0x080003ac   0x080003ac   0x0000004a   Code   RO         1098    .text               c_w.l(sys_stackheap_outer.o)
    0x080003f6   0x080003f6   0x00000012   Code   RO         1100    .text               c_w.l(exit.o)
    0x08000408   0x08000408   0x0000000e   Code   RO         1102    .text               c_w.l(defsig_abrt_outer.o)
    0x08000416   0x08000416   0x00000002   PAD
    0x08000418   0x08000418   0x00000008   Code   RO         1120    .text               c_w.l(libspace.o)
    0x08000420   0x08000420   0x00000002   Code   RO         1123    .text               c_w.l(use_no_semi.o)
    0x08000422   0x08000422   0x00000000   Code   RO         1125    .text               c_w.l(indicate_semi.o)
    0x08000422   0x08000422   0x0000000a   Code   RO         1132    .text               c_w.l(defsig_exit.o)
    0x0800042c   0x0800042c   0x00000030   Code   RO         1134    .text               c_w.l(defsig_abrt_inner.o)
    0x0800045c   0x0800045c   0x00000032   Code   RO         1149    .text               c_w.l(defsig_general.o)
    0x0800048e   0x0800048e   0x0000000e   Code   RO         1153    .text               c_w.l(sys_wrch.o)
    0x0800049c   0x0800049c   0x00000004   PAD
    0x080004a0   0x080004a0   0x00000044   Code   RO          160    .text.PendSV_Handler  port.o
    0x080004e4   0x080004e4   0x0000000c   PAD
    0x080004f0   0x080004f0   0x00000024   Code   RO          146    .text.SVC_Handler   port.o
    0x08000514   0x08000514   0x00000008   Code   RO          975    .text.SetSysClock   system_stm32f10x.o
    0x0800051c   0x0800051c   0x00000122   Code   RO          979    .text.SetSysClockTo72  system_stm32f10x.o
    0x0800063e   0x0800063e   0x00000002   PAD
    0x08000640   0x08000640   0x0000003c   Code   RO          162    .text.SysTick_Handler  port.o
    0x0800067c   0x0800067c   0x00000122   Code   RO          977    .text.SystemCoreClockUpdate  system_stm32f10x.o
    0x0800079e   0x0800079e   0x00000002   PAD
    0x080007a0   0x080007a0   0x00000066   Code   RO          973    .text.SystemInit    system_stm32f10x.o
    0x08000806   0x08000806   0x00000002   PAD
    0x08000808   0x08000808   0x0000004c   Code   RO           84    .text.TIM2_IRQHandler  main.o
    0x08000854   0x08000854   0x00000098   Code   RO           88    .text._GLOBAL__sub_I_main.cpp  main.o
    0x080008ec   0x080008ec   0x0000000e   Code   RO          644    .text._Z10commonInitv  init.o
    0x080008fa   0x080008fa   0x00000002   PAD
    0x080008fc   0x080008fc   0x00000040   Code   RO          635    .text._Z11getPositionj  common.o
    0x0800093c   0x0800093c   0x00000020   Code   RO          663    .text._Z11setRegisterIVjEvPT_jj  init.o
    0x0800095c   0x0800095c   0x00000058   Code   RO          624    .text._Z13resetCHBstepsv  common_for_tasks.o
    0x080009b4   0x080009b4   0x0000005e   Code   RO          618    .text._Z14pushSeqInQueueP8Sequence  common_for_tasks.o
    0x08000a12   0x08000a12   0x00000002   PAD
    0x08000a14   0x08000a14   0x00000044   Code   RO          730    .text._Z17setBitsInRegisterIVjEvPT_jj  coil.o
    0x08000a58   0x08000a58   0x00000054   Code   RO          622    .text._Z18deleteSeqFromQueueP8Sequence  common_for_tasks.o
    0x08000aac   0x08000aac   0x00000316   Code   RO          596    .text._Z7OB1TaskPv  ob1.o
    0x08000dc2   0x08000dc2   0x00000002   PAD
    0x08000dc4   0x08000dc4   0x000000be   Code   RO          648    .text._Z7rccInitv   init.o
    0x08000e82   0x08000e82   0x00000002   PAD
    0x08000e84   0x08000e84   0x00000058   Code   RO          650    .text._Z8tickInitv  init.o
    0x08000edc   0x08000edc   0x0000009e   Code   RO          598    .text._ZL13resetAllStepsv  ob1.o
    0x08000f7a   0x08000f7a   0x00000002   PAD
    0x08000f7c   0x08000f7c   0x00000030   Code   RO          652    .text._ZL16__NVIC_EnableIRQ4IRQn  init.o
    0x08000fac   0x08000fac   0x00000042   Code   RO          654    .text._ZL18__NVIC_SetPriority4IRQnj  init.o
    0x08000fee   0x08000fee   0x00000002   PAD
    0x08000ff0   0x08000ff0   0x0000003c   Code   RO          646    .text._ZL26__NVIC_SetPriorityGroupingj  init.o
    0x0800102c   0x0800102c   0x000000e2   Code   RO          739    .text._ZN10GPIOcommonC2EP12GPIO_TypeDefh  gpio_common.o
    0x0800110e   0x0800110e   0x00000002   PAD
    0x08001110   0x08001110   0x00000010   Code   RO          836    .text._ZN11CommonTimer10notStartedEv  common_timer.o
    0x08001120   0x08001120   0x00000016   Code   RO          838    .text._ZN11CommonTimer11notFinishedEv  common_timer.o
    0x08001136   0x08001136   0x00000002   PAD
    0x08001138   0x08001138   0x00000018   Code   RO          822    .text._ZN11CommonTimer4stopEv  common_timer.o
    0x08001150   0x08001150   0x0000000e   Code   RO          820    .text._ZN11CommonTimer5pauseEv  common_timer.o
    0x0800115e   0x0800115e   0x00000002   PAD
    0x08001160   0x08001160   0x00000010   Code   RO          824    .text._ZN11CommonTimer5resetEv  common_timer.o
    0x08001170   0x08001170   0x0000000e   Code   RO          818    .text._ZN11CommonTimer5startEv  common_timer.o
    0x0800117e   0x0800117e   0x00000002   PAD
    0x08001180   0x08001180   0x0000002e   Code   RO          842    .text._ZN11CommonTimer6inWorkEv  common_timer.o
    0x080011ae   0x080011ae   0x00000002   PAD
    0x080011b0   0x080011b0   0x0000002c   Code   RO          844    .text._ZN11CommonTimer6isFreeEv  common_timer.o
    0x080011dc   0x080011dc   0x00000038   Code   RO          806    .text._ZN11CommonTimer6updateEv  common_timer.o
    0x08001214   0x08001214   0x00000010   Code   RO          834    .text._ZN11CommonTimer7startedEv  common_timer.o
    0x08001224   0x08001224   0x00000016   Code   RO          808    .text._ZN11CommonTimer8finishedEv  common_timer.o
    0x0800123a   0x0800123a   0x00000002   PAD
    0x0800123c   0x0800123c   0x0000002c   Code   RO          830    .text._ZN11CommonTimer8setStartEb  common_timer.o
    0x08001268   0x08001268   0x0000001c   Code   RO          804    .text._ZN11CommonTimerC2Ej  common_timer.o
    0x08001284   0x08001284   0x00000016   Code   RO          732    .text._ZN11IUpdated1msC2Ev  coil.o
    0x0800129a   0x0800129a   0x00000002   PAD
    0x0800129c   0x0800129c   0x00000016   Code   RO          766    .text._ZN11SimpleInput11isNotActiveEv  simple_input.o
    0x080012b2   0x080012b2   0x00000002   PAD
    0x080012b4   0x080012b4   0x00000040   Code   RO          764    .text._ZN11SimpleInput8isActiveEv  simple_input.o
    0x080012f4   0x080012f4   0x00000098   Code   RO          762    .text._ZN11SimpleInputC2EP12GPIO_TypeDefh  simple_input.o
    0x0800138c   0x0800138c   0x00000010   Code   RO          666    .text._ZN12ProgrammCoil8isActiveEv  coil.o
    0x0800139c   0x0800139c   0x00000018   Code   RO          668    .text._ZN12ProgrammCoil8setValueEb  coil.o
    0x080013b4   0x080013b4   0x00000020   Code   RO          728    .text._ZN12ProgrammCoilC2Ev  coil.o
    0x080013d4   0x080013d4   0x00000042   Code   RO          953    .text._ZN15SequenceDelayed9update1msEv  sequence.o
    0x08001416   0x08001416   0x00000002   PAD
    0x08001418   0x08001418   0x00000046   Code   RO          951    .text._ZN15SequenceDelayedC2EPhhj  sequence.o
    0x0800145e   0x0800145e   0x00000002   PAD
    0x08001460   0x08001460   0x00000010   Code   RO          774    .text._ZN18SimpleInputDelayed8isActiveEv  simple_input.o
    0x08001470   0x08001470   0x00000022   Code   RO          770    .text._ZN18SimpleInputDelayed9update1msEv  simple_input.o
    0x08001492   0x08001492   0x00000002   PAD
    0x08001494   0x08001494   0x00000050   Code   RO          768    .text._ZN18SimpleInputDelayedC2EP12GPIO_TypeDefht  simple_input.o
    0x080014e4   0x080014e4   0x00000016   Code   RO          680    .text._ZN4Coil8isActiveEv  coil.o
    0x080014fa   0x080014fa   0x00000002   PAD
    0x080014fc   0x080014fc   0x00000042   Code   RO          682    .text._ZN4Coil8setValueEb  coil.o
    0x0800153e   0x0800153e   0x00000002   PAD
    0x08001540   0x08001540   0x00000076   Code   RO          678    .text._ZN4CoilC2EP12GPIO_TypeDefh  coil.o
    0x080015b6   0x080015b6   0x00000002   PAD
    0x080015b8   0x080015b8   0x00000022   Code   RO          684    .text._ZN4CoilaSEb  coil.o
    0x080015da   0x080015da   0x00000002   PAD
    0x080015dc   0x080015dc   0x00000010   Code   RO          906    .text._ZN5Pulse3getEv  pulse.o
    0x080015ec   0x080015ec   0x00000048   Code   RO          904    .text._ZN5Pulse3setEb  pulse.o
    0x08001634   0x08001634   0x00000024   Code   RO          900    .text._ZN5Pulse9update1msEv  pulse.o
    0x08001658   0x08001658   0x00000032   Code   RO          898    .text._ZN5PulseC2Ej  pulse.o
    0x0800168a   0x0800168a   0x00000002   PAD
    0x0800168c   0x0800168c   0x00000020   Code   RO          910    .text._ZN5PulseaSEb  pulse.o
    0x080016ac   0x080016ac   0x00000016   Code   RO          734    .text._ZN7ISwitchC2Ev  coil.o
    0x080016c2   0x080016c2   0x00000002   PAD
    0x080016c4   0x080016c4   0x00000018   Code   RO          937    .text._ZN8Sequence4lockEb  sequence.o
    0x080016dc   0x080016dc   0x00000018   Code   RO          933    .text._ZN8Sequence5resetEv  sequence.o
    0x080016f4   0x080016f4   0x0000002c   Code   RO          935    .text._ZN8Sequence5startEb  sequence.o
    0x08001720   0x08001720   0x00000044   Code   RO          939    .text._ZN8Sequence6finishEb  sequence.o
    0x08001764   0x08001764   0x00000010   Code   RO          945    .text._ZN8Sequence6lockedEv  sequence.o
    0x08001774   0x08001774   0x00000050   Code   RO          941    .text._ZN8Sequence6slfSetEbbb  sequence.o
    0x080017c4   0x080017c4   0x0000002a   Code   RO          943    .text._ZN8Sequence7startedEv  sequence.o
    0x080017ee   0x080017ee   0x00000002   PAD
    0x080017f0   0x080017f0   0x00000010   Code   RO          947    .text._ZN8Sequence8finishedEv  sequence.o
    0x08001800   0x08001800   0x00000018   Code   RO          931    .text._ZN8Sequence8isMyStepEv  sequence.o
    0x08001818   0x08001818   0x00000026   Code   RO          929    .text._ZN8SequenceC2EPhh  sequence.o
    0x0800183e   0x0800183e   0x00000002   PAD
    0x08001840   0x08001840   0x00000012   Code   RO          708    .text._ZN9CoilPulse8isActiveEv  coil.o
    0x08001852   0x08001852   0x00000002   PAD
    0x08001854   0x08001854   0x0000001c   Code   RO          712    .text._ZN9CoilPulse8setValueEb  coil.o
    0x08001870   0x08001870   0x00000026   Code   RO          704    .text._ZN9CoilPulse9update1msEv  coil.o
    0x08001896   0x08001896   0x00000002   PAD
    0x08001898   0x08001898   0x00000050   Code   RO          702    .text._ZN9CoilPulseC2EP12GPIO_TypeDefht  coil.o
    0x080018e8   0x080018e8   0x00000022   Code   RO          716    .text._ZN9CoilPulseaSEb  coil.o
    0x0800190a   0x0800190a   0x00000002   PAD
    0x0800190c   0x0800190c   0x0000008a   Code   RO          749    .text._ZN9RFimpulse3setEb  rf_impulse.o
    0x08001996   0x08001996   0x00000002   PAD
    0x08001998   0x08001998   0x00000014   Code   RO          747    .text._ZN9RFimpulseC2E7IMPULSE  rf_impulse.o
    0x080019ac   0x080019ac   0x0000000e   Code   RO          776    .text._ZThn16_N18SimpleInputDelayed8isActiveEv  simple_input.o
    0x080019ba   0x080019ba   0x00000002   PAD
    0x080019bc   0x080019bc   0x0000000e   Code   RO          902    .text._ZThn16_N5Pulse9update1msEv  pulse.o
    0x080019ca   0x080019ca   0x00000002   PAD
    0x080019cc   0x080019cc   0x0000000e   Code   RO          710    .text._ZThn16_N9CoilPulse8isActiveEv  coil.o
    0x080019da   0x080019da   0x00000002   PAD
    0x080019dc   0x080019dc   0x0000001a   Code   RO          714    .text._ZThn16_N9CoilPulse8setValueEb  coil.o
    0x080019f6   0x080019f6   0x00000002   PAD
    0x080019f8   0x080019f8   0x0000000e   Code   RO          955    .text._ZThn28_N15SequenceDelayed9update1msEv  sequence.o
    0x08001a06   0x08001a06   0x00000002   PAD
    0x08001a08   0x08001a08   0x0000000e   Code   RO          772    .text._ZThn32_N18SimpleInputDelayed9update1msEv  simple_input.o
    0x08001a16   0x08001a16   0x00000002   PAD
    0x08001a18   0x08001a18   0x0000000e   Code   RO          706    .text._ZThn32_N9CoilPulse9update1msEv  coil.o
    0x08001a26   0x08001a26   0x00000002   PAD
    0x08001a28   0x08001a28   0x00000028   Code   RO         1010    .text.__cxa_pure_virtual  libcppabi_w.l(cxa_virtual.cpp.o)
    0x08001a50   0x08001a50   0x0000001c   Code   RO            2    .text.__cxx_global_var_init  main.o
    0x08001a6c   0x08001a6c   0x0000001c   Code   RO            4    .text.__cxx_global_var_init.1  main.o
    0x08001a88   0x08001a88   0x0000001a   Code   RO           22    .text.__cxx_global_var_init.10  main.o
    0x08001aa2   0x08001aa2   0x00000002   PAD
    0x08001aa4   0x08001aa4   0x0000001a   Code   RO           24    .text.__cxx_global_var_init.11  main.o
    0x08001abe   0x08001abe   0x00000002   PAD
    0x08001ac0   0x08001ac0   0x0000001e   Code   RO           26    .text.__cxx_global_var_init.12  main.o
    0x08001ade   0x08001ade   0x00000002   PAD
    0x08001ae0   0x08001ae0   0x0000001a   Code   RO           28    .text.__cxx_global_var_init.13  main.o
    0x08001afa   0x08001afa   0x00000002   PAD
    0x08001afc   0x08001afc   0x0000001a   Code   RO           30    .text.__cxx_global_var_init.14  main.o
    0x08001b16   0x08001b16   0x00000002   PAD
    0x08001b18   0x08001b18   0x0000001a   Code   RO           32    .text.__cxx_global_var_init.15  main.o
    0x08001b32   0x08001b32   0x00000002   PAD
    0x08001b34   0x08001b34   0x0000001e   Code   RO           34    .text.__cxx_global_var_init.16  main.o
    0x08001b52   0x08001b52   0x00000002   PAD
    0x08001b54   0x08001b54   0x0000001a   Code   RO           36    .text.__cxx_global_var_init.17  main.o
    0x08001b6e   0x08001b6e   0x00000002   PAD
    0x08001b70   0x08001b70   0x0000001a   Code   RO           38    .text.__cxx_global_var_init.18  main.o
    0x08001b8a   0x08001b8a   0x00000002   PAD
    0x08001b8c   0x08001b8c   0x0000001a   Code   RO           40    .text.__cxx_global_var_init.19  main.o
    0x08001ba6   0x08001ba6   0x00000002   PAD
    0x08001ba8   0x08001ba8   0x0000001c   Code   RO            6    .text.__cxx_global_var_init.2  main.o
    0x08001bc4   0x08001bc4   0x0000001e   Code   RO           42    .text.__cxx_global_var_init.20  main.o
    0x08001be2   0x08001be2   0x00000002   PAD
    0x08001be4   0x08001be4   0x0000001a   Code   RO           44    .text.__cxx_global_var_init.21  main.o
    0x08001bfe   0x08001bfe   0x00000002   PAD
    0x08001c00   0x08001c00   0x0000001a   Code   RO           46    .text.__cxx_global_var_init.22  main.o
    0x08001c1a   0x08001c1a   0x00000002   PAD
    0x08001c1c   0x08001c1c   0x0000001a   Code   RO           48    .text.__cxx_global_var_init.23  main.o
    0x08001c36   0x08001c36   0x00000002   PAD
    0x08001c38   0x08001c38   0x0000001a   Code   RO           50    .text.__cxx_global_var_init.24  main.o
    0x08001c52   0x08001c52   0x00000002   PAD
    0x08001c54   0x08001c54   0x0000001a   Code   RO           52    .text.__cxx_global_var_init.25  main.o
    0x08001c6e   0x08001c6e   0x00000002   PAD
    0x08001c70   0x08001c70   0x0000001a   Code   RO           54    .text.__cxx_global_var_init.26  main.o
    0x08001c8a   0x08001c8a   0x00000002   PAD
    0x08001c8c   0x08001c8c   0x0000001a   Code   RO           56    .text.__cxx_global_var_init.27  main.o
    0x08001ca6   0x08001ca6   0x00000002   PAD
    0x08001ca8   0x08001ca8   0x00000022   Code   RO           58    .text.__cxx_global_var_init.28  main.o
    0x08001cca   0x08001cca   0x00000002   PAD
    0x08001ccc   0x08001ccc   0x0000001e   Code   RO           60    .text.__cxx_global_var_init.29  main.o
    0x08001cea   0x08001cea   0x00000002   PAD
    0x08001cec   0x08001cec   0x0000001c   Code   RO            8    .text.__cxx_global_var_init.3  main.o
    0x08001d08   0x08001d08   0x0000001a   Code   RO           62    .text.__cxx_global_var_init.30  main.o
    0x08001d22   0x08001d22   0x00000002   PAD
    0x08001d24   0x08001d24   0x00000022   Code   RO           64    .text.__cxx_global_var_init.31  main.o
    0x08001d46   0x08001d46   0x00000002   PAD
    0x08001d48   0x08001d48   0x0000001a   Code   RO           66    .text.__cxx_global_var_init.32  main.o
    0x08001d62   0x08001d62   0x00000002   PAD
    0x08001d64   0x08001d64   0x00000018   Code   RO           68    .text.__cxx_global_var_init.33  main.o
    0x08001d7c   0x08001d7c   0x0000001a   Code   RO           70    .text.__cxx_global_var_init.34  main.o
    0x08001d96   0x08001d96   0x00000002   PAD
    0x08001d98   0x08001d98   0x0000001e   Code   RO           72    .text.__cxx_global_var_init.35  main.o
    0x08001db6   0x08001db6   0x00000002   PAD
    0x08001db8   0x08001db8   0x0000001a   Code   RO           74    .text.__cxx_global_var_init.36  main.o
    0x08001dd2   0x08001dd2   0x00000002   PAD
    0x08001dd4   0x08001dd4   0x0000001c   Code   RO           10    .text.__cxx_global_var_init.4  main.o
    0x08001df0   0x08001df0   0x0000001c   Code   RO           12    .text.__cxx_global_var_init.5  main.o
    0x08001e0c   0x08001e0c   0x0000001e   Code   RO           14    .text.__cxx_global_var_init.6  main.o
    0x08001e2a   0x08001e2a   0x00000002   PAD
    0x08001e2c   0x08001e2c   0x0000001e   Code   RO           16    .text.__cxx_global_var_init.7  main.o
    0x08001e4a   0x08001e4a   0x00000002   PAD
    0x08001e4c   0x08001e4c   0x0000001e   Code   RO           18    .text.__cxx_global_var_init.8  main.o
    0x08001e6a   0x08001e6a   0x00000002   PAD
    0x08001e6c   0x08001e6c   0x0000001a   Code   RO           20    .text.__cxx_global_var_init.9  main.o
    0x08001e86   0x08001e86   0x00000004   Code   RO         1070    .text.abort_message  libcppabi_w.l(abort_message.cpp.o)
    0x08001e8a   0x08001e8a   0x00000002   PAD
    0x08001e8c   0x08001e8c   0x0000003e   Code   RO           86    .text.main          main.o
    0x08001eca   0x08001eca   0x00000002   PAD
    0x08001ecc   0x08001ecc   0x0000011a   Code   RO          395    .text.prvAddCurrentTaskToDelayedList  tasks.o
    0x08001fe6   0x08001fe6   0x00000002   PAD
    0x08001fe8   0x08001fe8   0x00000154   Code   RO          383    .text.prvAddNewTaskToReadyList  tasks.o
    0x0800213c   0x0800213c   0x0000006a   Code   RO          531    .text.prvCheckForValidListAndQueue  timers.o
    0x080021a6   0x080021a6   0x00000002   PAD
    0x080021a8   0x080021a8   0x0000005a   Code   RO          497    .text.prvCheckTasksWaitingTermination  tasks.o
    0x08002202   0x08002202   0x00000002   PAD
    0x08002204   0x08002204   0x00000042   Code   RO          285    .text.prvCopyDataFromQueue  queue.o
    0x08002246   0x08002246   0x00000002   PAD
    0x08002248   0x08002248   0x00000018   Code   RO          389    .text.prvDeleteTCB  tasks.o
    0x08002260   0x08002260   0x00000040   Code   RO          565    .text.prvGetNextExpireTime  timers.o
    0x080022a0   0x080022a0   0x000000ae   Code   RO          206    .text.prvHeapInit   heap_4.o
    0x0800234e   0x0800234e   0x00000002   PAD
    0x08002350   0x08002350   0x0000003c   Code   RO          421    .text.prvIdleTask   tasks.o
    0x0800238c   0x0800238c   0x00000048   Code   RO          257    .text.prvInitialiseNewQueue  queue.o
    0x080023d4   0x080023d4   0x000000e6   Code   RO          381    .text.prvInitialiseNewTask  tasks.o
    0x080024ba   0x080024ba   0x00000002   PAD
    0x080024bc   0x080024bc   0x0000008e   Code   RO          495    .text.prvInitialiseTaskLists  tasks.o
    0x0800254a   0x0800254a   0x00000002   PAD
    0x0800254c   0x0800254c   0x000000c6   Code   RO          208    .text.prvInsertBlockIntoFreeList  heap_4.o
    0x08002612   0x08002612   0x00000002   PAD
    0x08002614   0x08002614   0x00000086   Code   RO          579    .text.prvInsertTimerInActiveList  timers.o
    0x0800269a   0x0800269a   0x00000002   PAD
    0x0800269c   0x0800269c   0x00000028   Code   RO          287    .text.prvIsQueueEmpty  queue.o
    0x080026c4   0x080026c4   0x00000020   Code   RO          152    .text.prvPortStartFirstTask  port.o
    0x080026e4   0x080026e4   0x00000054   Code   RO          573    .text.prvProcessExpiredTimer  timers.o
    0x08002738   0x08002738   0x00000126   Code   RO          569    .text.prvProcessReceivedCommands  timers.o
    0x0800285e   0x0800285e   0x00000002   PAD
    0x08002860   0x08002860   0x0000009a   Code   RO          567    .text.prvProcessTimerOrBlockTask  timers.o
    0x080028fa   0x080028fa   0x00000002   PAD
    0x080028fc   0x080028fc   0x00000034   Code   RO          577    .text.prvReloadTimer  timers.o
    0x08002930   0x08002930   0x0000003c   Code   RO          387    .text.prvResetNextTaskUnblockTime  tasks.o
    0x0800296c   0x0800296c   0x00000044   Code   RO          571    .text.prvSampleTimeNow  timers.o
    0x080029b0   0x080029b0   0x00000052   Code   RO          575    .text.prvSwitchTimerLists  timers.o
    0x08002a02   0x08002a02   0x00000002   PAD
    0x08002a04   0x08002a04   0x00000026   Code   RO          144    .text.prvTaskExitError  port.o
    0x08002a2a   0x08002a2a   0x00000002   PAD
    0x08002a2c   0x08002a2c   0x0000001e   Code   RO          533    .text.prvTimerTask  timers.o
    0x08002a4a   0x08002a4a   0x00000002   PAD
    0x08002a4c   0x08002a4c   0x000000ae   Code   RO          277    .text.prvUnlockQueue  queue.o
    0x08002afa   0x08002afa   0x00000002   PAD
    0x08002afc   0x08002afc   0x00000186   Code   RO          204    .text.pvPortMalloc  heap_4.o
    0x08002c82   0x08002c82   0x00000002   PAD
    0x08002c84   0x08002c84   0x00000050   Code   RO          142    .text.pxPortInitialiseStack  port.o
    0x08002cd4   0x08002cd4   0x00000048   Code   RO          244    .text.uxListRemove  list.o
    0x08002d1c   0x08002d1c   0x00000002   Code   RO           76    .text.vApplicationIdleHook  main.o
    0x08002d1e   0x08002d1e   0x00000002   PAD
    0x08002d20   0x08002d20   0x0000000a   Code   RO           82    .text.vApplicationStackOverflowHook  main.o
    0x08002d2a   0x08002d2a   0x00000002   PAD
    0x08002d2c   0x08002d2c   0x00000002   Code   RO           78    .text.vApplicationTickHook  main.o
    0x08002d2e   0x08002d2e   0x00000002   PAD
    0x08002d30   0x08002d30   0x0000002e   Code   RO          236    .text.vListInitialise  list.o
    0x08002d5e   0x08002d5e   0x00000002   PAD
    0x08002d60   0x08002d60   0x0000000e   Code   RO          238    .text.vListInitialiseItem  list.o
    0x08002d6e   0x08002d6e   0x00000002   PAD
    0x08002d70   0x08002d70   0x0000006a   Code   RO          242    .text.vListInsert   list.o
    0x08002dda   0x08002dda   0x00000002   PAD
    0x08002ddc   0x08002ddc   0x00000030   Code   RO          156    .text.vPortEnterCritical  port.o
    0x08002e0c   0x08002e0c   0x00000026   Code   RO          158    .text.vPortExitCritical  port.o
    0x08002e32   0x08002e32   0x00000002   PAD
    0x08002e34   0x08002e34   0x00000076   Code   RO          210    .text.vPortFree     heap_4.o
    0x08002eaa   0x08002eaa   0x00000002   PAD
    0x08002eac   0x08002eac   0x0000002e   Code   RO          150    .text.vPortSetupTimerInterrupt  port.o
    0x08002eda   0x08002eda   0x00000002   PAD
    0x08002edc   0x08002edc   0x00000064   Code   RO          315    .text.vQueueWaitForMessageRestricted  queue.o
    0x08002f40   0x08002f40   0x0000004a   Code   RO          399    .text.vTaskDelay    tasks.o
    0x08002f8a   0x08002f8a   0x00000002   PAD
    0x08002f8c   0x08002f8c   0x00000024   Code   RO          453    .text.vTaskInternalSetTimeOutState  tasks.o
    0x08002fb0   0x08002fb0   0x0000000e   Code   RO          457    .text.vTaskMissedYield  tasks.o
    0x08002fbe   0x08002fbe   0x00000002   PAD
    0x08002fc0   0x08002fc0   0x00000026   Code   RO          441    .text.vTaskPlaceOnEventList  tasks.o
    0x08002fe6   0x08002fe6   0x00000002   PAD
    0x08002fe8   0x08002fe8   0x00000060   Code   RO          445    .text.vTaskPlaceOnEventListRestricted  tasks.o
    0x08003048   0x08003048   0x00000094   Code   RO          419    .text.vTaskStartScheduler  tasks.o
    0x080030dc   0x080030dc   0x00000010   Code   RO          393    .text.vTaskSuspendAll  tasks.o
    0x080030ec   0x080030ec   0x000000ec   Code   RO          411    .text.vTaskSwitchContext  tasks.o
    0x080031d8   0x080031d8   0x00000040   Code   RO          148    .text.xPortStartScheduler  port.o
    0x08003218   0x08003218   0x0000007e   Code   RO          255    .text.xQueueGenericCreate  queue.o
    0x08003296   0x08003296   0x00000002   PAD
    0x08003298   0x08003298   0x000000d0   Code   RO          253    .text.xQueueGenericReset  queue.o
    0x08003368   0x08003368   0x00000152   Code   RO          283    .text.xQueueReceive  queue.o
    0x080034ba   0x080034ba   0x00000002   PAD
    0x080034bc   0x080034bc   0x0000009a   Code   RO          455    .text.xTaskCheckForTimeOut  tasks.o
    0x08003556   0x08003556   0x00000002   PAD
    0x08003558   0x08003558   0x000000a0   Code   RO          379    .text.xTaskCreate   tasks.o
    0x080035f8   0x080035f8   0x00000014   Code   RO          427    .text.xTaskGetTickCount  tasks.o
    0x0800360c   0x0800360c   0x00000254   Code   RO          425    .text.xTaskIncrementTick  tasks.o
    0x08003860   0x08003860   0x00000170   Code   RO          447    .text.xTaskRemoveFromEventList  tasks.o
    0x080039d0   0x080039d0   0x000001fe   Code   RO          397    .text.xTaskResumeAll  tasks.o
    0x08003bce   0x08003bce   0x00000002   PAD
    0x08003bd0   0x08003bd0   0x00000050   Code   RO          529    .text.xTimerCreateTimerTask  timers.o
    0x08003c20   0x08003c20   0x00000010   Data   RO          982    .rodata.AHBPrescTable  system_stm32f10x.o
    0x08003c30   0x08003c30   0x0000000c   Data   RO          846    .rodata._ZTV11CommonTimer  common_timer.o
    0x08003c3c   0x08003c3c   0x0000000c   Data   RO          737    .rodata._ZTV11IUpdated1ms  coil.o
    0x08003c48   0x08003c48   0x0000000c   Data   RO          778    .rodata._ZTV11SimpleInput  simple_input.o
    0x08003c54   0x08003c54   0x00000010   Data   RO          721    .rodata._ZTV12ProgrammCoil  coil.o
    0x08003c64   0x08003c64   0x0000001c   Data   RO          957    .rodata._ZTV15SequenceDelayed  sequence.o
    0x08003c80   0x08003c80   0x0000002c   Data   RO          779    .rodata._ZTV18SimpleInputDelayed  simple_input.o
    0x08003cac   0x08003cac   0x00000010   Data   RO          718    .rodata._ZTV4Coil   coil.o
    0x08003cbc   0x08003cbc   0x0000001c   Data   RO          920    .rodata._ZTV5Pulse  pulse.o
    0x08003cd8   0x08003cd8   0x0000000c   Data   RO          736    .rodata._ZTV7ISwitch  coil.o
    0x08003ce4   0x08003ce4   0x00000034   Data   RO          720    .rodata._ZTV9CoilPulse  coil.o
    0x08003d18   0x08003d18   0x00000008   Data   RO          132    .rodata.str1.1      main.o
    0x08003d20   0x08003d20   0x00000005   Data   RO          515    .rodata.str1.1      tasks.o
    0x08003d25   0x08003d25   0x00000008   Data   RO          582    .rodata.str1.1      timers.o
    0x08003d2d   0x08003d2d   0x00000003   PAD
    0x08003d30   0x08003d30   0x00000004   Data   RO          500    .rodata.uxTopUsedPriority  tasks.o
    0x08003d34   0x08003d34   0x00000020   Data   RO         1192    Region$$Table       anon$$obj.o
    0x08003d54   0x08003d54   0x00000004   Data   RO          133    .init_array         main.o
    0x08003d58   0x08003d54   0x00000000   Data   RO         1004    .init_array         c_w.l(init_aeabi.o)


    Execution Region RW_IRAM1 (Exec base: 0x20000000, Load base: 0x08003d58, Size: 0x00003d98, Max: 0x00005000, ABSOLUTE)

    Exec Addr    Load Addr    Size         Type   Attr      Idx    E Section Name        Object

    0x20000000   0x08003d58   0x00000004   Data   RW          981    .data.SystemCoreClock  system_stm32f10x.o
    0x20000004   0x08003d5c   0x00000044   Data   RW          130    .data.update1msObjects  main.o
    0x20000048   0x08003da0   0x00000001   Data   RW          131    .data.updateObjectsSize  main.o
    0x20000049   0x08003da1   0x00000003   PAD
    0x2000004c   0x08003da4   0x00000004   Data   RW          164    .data.uxCriticalNesting  port.o
    0x20000050        -       0x00000060   Zero   RW         1121    .bss                c_w.l(libspace.o)
    0x200000b0        -       0x00000024   Zero   RW           90    .bss.B1             main.o
    0x200000d4        -       0x00000024   Zero   RW           92    .bss.B2             main.o
    0x200000f8        -       0x00000024   Zero   RW           94    .bss.B3             main.o
    0x2000011c        -       0x00000010   Zero   RW           99    .bss.C1             main.o
    0x2000012c        -       0x00000010   Zero   RW          103    .bss.C2             main.o
    0x2000013c        -       0x00000010   Zero   RW          107    .bss.C3             main.o
    0x2000014c        -       0x0000000c   Zero   RW          126    .bss.CHBs0          main.o
    0x20000158        -       0x00000020   Zero   RW          127    .bss.CHBs1          main.o
    0x20000178        -       0x0000000c   Zero   RW          128    .bss.CHBs2          main.o
    0x20000184        -       0x00000001   Zero   RW          125    .bss.CHBstep        main.o
    0x20000185   0x08003da8   0x00000003   PAD
    0x20000188        -       0x00000010   Zero   RW          101    .bss.D1             main.o
    0x20000198        -       0x00000010   Zero   RW          105    .bss.D2             main.o
    0x200001a8        -       0x00000010   Zero   RW          109    .bss.D3             main.o
    0x200001b8        -       0x00000010   Zero   RW          111    .bss.D4             main.o
    0x200001c8        -       0x00000024   Zero   RW           91    .bss.H1             main.o
    0x200001ec        -       0x00000024   Zero   RW           93    .bss.H2             main.o
    0x20000210        -       0x00000024   Zero   RW           95    .bss.H3             main.o
    0x20000234        -       0x00000024   Zero   RW          102    .bss.M1             main.o
    0x20000258        -       0x00000024   Zero   RW          106    .bss.M2             main.o
    0x2000027c        -       0x00000024   Zero   RW          110    .bss.M3             main.o
    0x200002a0        -       0x00000010   Zero   RW          112    .bss.M6             main.o
    0x200002b0        -       0x00000010   Zero   RW          113    .bss.M7             main.o
    0x200002c0        -       0x00000010   Zero   RW          114    .bss.Me1            main.o
    0x200002d0        -       0x00000010   Zero   RW          115    .bss.Me2            main.o
    0x200002e0        -       0x00000010   Zero   RW          116    .bss.Me3            main.o
    0x200002f0        -       0x00000010   Zero   RW          100    .bss.O1             main.o
    0x20000300        -       0x00000010   Zero   RW          104    .bss.O2             main.o
    0x20000310        -       0x00000010   Zero   RW          108    .bss.O3             main.o
    0x20000320        -       0x0000000c   Zero   RW          118    .bss.OB1s0          main.o
    0x2000032c        -       0x00000020   Zero   RW          119    .bss.OB1s1          main.o
    0x2000034c        -       0x00000020   Zero   RW          120    .bss.OB1s2          main.o
    0x2000036c        -       0x0000000c   Zero   RW          121    .bss.OB1s3          main.o
    0x20000378        -       0x00000020   Zero   RW          122    .bss.OB1s4          main.o
    0x20000398        -       0x00000018   Zero   RW          124    .bss.OB1s4MeTimer   main.o
    0x200003b0        -       0x0000000c   Zero   RW          123    .bss.OB1s5          main.o
    0x200003bc        -       0x00000001   Zero   RW          117    .bss.OB1step        main.o
    0x200003bd   0x08003da8   0x00000003   PAD
    0x200003c0        -       0x00000024   Zero   RW           96    .bss.S4             main.o
    0x200003e4        -       0x00000024   Zero   RW           97    .bss.S5             main.o
    0x20000408        -       0x00000024   Zero   RW           98    .bss.S6             main.o
    0x2000042c        -       0x00000004   Zero   RW          586    .bss.prvSampleTimeNow.xLastTime  timers.o
    0x20000430        -       0x00000004   Zero   RW          499    .bss.pxCurrentTCB   tasks.o
    0x20000434        -       0x00000004   Zero   RW          584    .bss.pxCurrentTimerList  timers.o
    0x20000438        -       0x00000004   Zero   RW          509    .bss.pxDelayedTaskList  tasks.o
    0x2000043c        -       0x00000004   Zero   RW          222    .bss.pxEnd          heap_4.o
    0x20000440        -       0x00000004   Zero   RW          510    .bss.pxOverflowDelayedTaskList  tasks.o
    0x20000444        -       0x00000004   Zero   RW          585    .bss.pxOverflowTimerList  timers.o
    0x20000448        -       0x00000064   Zero   RW          501    .bss.pxReadyTasksLists  tasks.o
    0x200004ac        -       0x0000000c   Zero   RW          129    .bss.queue          main.o
    0x200004b8        -       0x00002800   Zero   RW          228    .bss.ucHeap         heap_4.o
    0x20002cb8        -       0x00000004   Zero   RW          506    .bss.uxCurrentNumberOfTasks  tasks.o
    0x20002cbc        -       0x00000004   Zero   RW          505    .bss.uxDeletedTasksWaitingCleanUp  tasks.o
    0x20002cc0        -       0x00000004   Zero   RW          512    .bss.uxSchedulerSuspended  tasks.o
    0x20002cc4        -       0x00000004   Zero   RW          503    .bss.uxTaskNumber   tasks.o
    0x20002cc8        -       0x00000004   Zero   RW          502    .bss.uxTopReadyPriority  tasks.o
    0x20002ccc        -       0x00000014   Zero   RW          587    .bss.xActiveTimerList1  timers.o
    0x20002ce0        -       0x00000014   Zero   RW          588    .bss.xActiveTimerList2  timers.o
    0x20002cf4        -       0x00000014   Zero   RW          520    .bss.xDelayedTaskList1  tasks.o
    0x20002d08        -       0x00000014   Zero   RW          521    .bss.xDelayedTaskList2  tasks.o
    0x20002d1c        -       0x00000004   Zero   RW          223    .bss.xFreeBytesRemaining  heap_4.o
    0x20002d20        -       0x00000004   Zero   RW          516    .bss.xIdleTaskHandle  tasks.o
    0x20002d24        -       0x00000004   Zero   RW          225    .bss.xMinimumEverFreeBytesRemaining  heap_4.o
    0x20002d28        -       0x00000004   Zero   RW          517    .bss.xNextTaskUnblockTime  tasks.o
    0x20002d2c        -       0x00000004   Zero   RW          519    .bss.xNumOfOverflows  tasks.o
    0x20002d30        -       0x00000004   Zero   RW          226    .bss.xNumberOfSuccessfulAllocations  heap_4.o
    0x20002d34        -       0x00000004   Zero   RW          227    .bss.xNumberOfSuccessfulFrees  heap_4.o
    0x20002d38        -       0x00000004   Zero   RW          518    .bss.xPendedTicks   tasks.o
    0x20002d3c        -       0x00000014   Zero   RW          514    .bss.xPendingReadyList  tasks.o
    0x20002d50        -       0x00000004   Zero   RW          507    .bss.xSchedulerRunning  tasks.o
    0x20002d54        -       0x00000008   Zero   RW          224    .bss.xStart         heap_4.o
    0x20002d5c        -       0x00000014   Zero   RW          511    .bss.xSuspendedTaskList  tasks.o
    0x20002d70        -       0x00000014   Zero   RW          504    .bss.xTasksWaitingTermination  tasks.o
    0x20002d84        -       0x00000004   Zero   RW          508    .bss.xTickCount     tasks.o
    0x20002d88        -       0x00000004   Zero   RW          581    .bss.xTimerQueue    timers.o
    0x20002d8c        -       0x00000004   Zero   RW          583    .bss.xTimerTaskHandle  timers.o
    0x20002d90        -       0x00000004   Zero   RW          513    .bss.xYieldPending  tasks.o
    0x20002d94   0x08003da8   0x00000004   PAD
    0x20002d98        -       0x00000c00   Zero   RW          965    HEAP                startup_stm32f10x_md.o
    0x20003998        -       0x00000400   Zero   RW          964    STACK               startup_stm32f10x_md.o


==============================================================================

Image component sizes


      Code (inc. data)   RO Data    RW Data    ZI Data      Debug   Object Name

       676          0        108          0          0       7340   coil.o
        64          0          0          0          0       1816   common.o
       266          0          0          0          0       2313   common_for_tasks.o
       362          0         12          0          0       5267   common_timer.o
       226          0          0          0          0       2313   gpio_common.o
       880          0          0          0      10268       4068   heap_4.o
       498          0          0          0          0       6326   init.o
       238          0          0          0          0       2050   list.o
      1324          0         12         69        898       8631   main.o
       948         12          0          0          0       2158   ob1.o
       510         12          0          4          0       2489   port.o
       220          0         28          0          0       3929   pulse.o
      1124          0          0          0          0      12159   queue.o
       158          0          0          0          0       2567   rf_impulse.o
       526          0         28          0          0       4770   sequence.o
       396          0         56          0          0       4557   simple_input.o
        64         26        236          0       4096        824   startup_stm32f10x_md.o
       690          0         16          4          0       2944   system_stm32f10x.o
      3694          0          9          0        260      21776   tasks.o
      1148         10          8          0         60       7648   timers.o

    ----------------------------------------------------------------------
     14226         72        548         80      15592     105945   Object Totals
         0          0         32          0          0          0   (incl. Generated)
       214         12          3          3         10          0   (incl. Padding)

    ----------------------------------------------------------------------

      Code (inc. data)   RO Data    RW Data    ZI Data      Debug   Library Member Name

         8          0          0          0          0         68   __main.o
         0          0          0          0          0          0   __rtentry.o
        12          0          0          0          0          0   __rtentry2.o
         6          0          0          0          0          0   __rtentry4.o
        52          8          0          0          0          0   __scatter.o
        26          0          0          0          0          0   __scatter_copy.o
        28          0          0          0          0          0   __scatter_zi.o
        22          0          0          0          0         80   abort.o
        16          0          0          0          0         68   aeabi_memset4.o
        48         34          0          0          0         76   defsig_abrt_inner.o
        14          0          0          0          0         80   defsig_abrt_outer.o
        10          0          0          0          0         68   defsig_exit.o
        50          0          0          0          0         88   defsig_general.o
        18          0          0          0          0         80   exit.o
         6          0          0          0          0        152   heapauxi.o
         0          0          0          0          0          0   indicate_semi.o
        36          8          0          0          0         80   init_aeabi.o
         2          0          0          0          0          0   libinit.o
         6          0          0          0          0          0   libinit2.o
         2          0          0          0          0          0   libshutdown.o
         2          0          0          0          0          0   libshutdown2.o
         8          4          0          0         96         68   libspace.o
        68          0          0          0          0         68   rt_memclr.o
        78          0          0          0          0         80   rt_memclr_w.o
       138          0          0          0          0         68   rt_memcpy_v6.o
       100          0          0          0          0         80   rt_memcpy_w.o
         2          0          0          0          0          0   rtexit.o
        10          0          0          0          0          0   rtexit2.o
        12          4          0          0          0         68   sys_exit.o
        74          0          0          0          0         80   sys_stackheap_outer.o
        14          0          0          0          0         76   sys_wrch.o
         2          0          0          0          0         68   use_no_semi.o
         4          0          0          0          0         36   abort_message.cpp.o
        40         32          0          0          0         52   cxa_virtual.cpp.o

    ----------------------------------------------------------------------
       930         90          0          0         96       1584   Library Totals
        16          0          0          0          0          0   (incl. Padding)

    ----------------------------------------------------------------------

      Code (inc. data)   RO Data    RW Data    ZI Data      Debug   Library Name

       870         58          0          0         96       1496   c_w.l
        44         32          0          0          0         88   libcppabi_w.l

    ----------------------------------------------------------------------
       930         90          0          0         96       1584   Library Totals

    ----------------------------------------------------------------------

==============================================================================


      Code (inc. data)   RO Data    RW Data    ZI Data      Debug   

     15156        162        548         80      15688     106397   Grand Totals
     15156        162        548         80      15688     106397   ELF Image Totals
     15156        162        548         80          0          0   ROM Totals

==============================================================================

    Total RO  Size (Code + RO Data)                15704 (  15.34kB)
    Total RW  Size (RW Data + ZI Data)             15768 (  15.40kB)
    Total ROM Size (Code + RO Data + RW Data)      15784 (  15.41kB)

==============================================================================

