Component: Arm Compiler for Embedded 6.18 Tool: armlink [5e4cc100]

==============================================================================

Section Cross References

    main.o(.ARM.exidx.text.vApplicationIdleHook) refers to main.o(.text.vApplicationIdleHook) for [Anonymous Symbol]
    main.o(.ARM.exidx.text.vApplicationTickHook) refers to main.o(.text.vApplicationTickHook) for [Anonymous Symbol]
    main.o(.ARM.exidx.text.vApplicationMallocFailedHook) refers to main.o(.text.vApplicationMallocFailedHook) for [Anonymous Symbol]
    main.o(.ARM.exidx.text.vApplicationStackOverflowHook) refers to main.o(.text.vApplicationStackOverflowHook) for [Anonymous Symbol]
    main.o(.text.__cxx_global_var_init) refers to main.o(.bss.led) for led
    main.o(.text.__cxx_global_var_init) refers to coil.o(.text._ZN4CoilC2EP12GPIO_TypeDefh) for Coil::Coil(GPIO_TypeDef*, unsigned char)
    main.o(.ARM.exidx.text.__cxx_global_var_init) refers to main.o(.text.__cxx_global_var_init) for [Anonymous Symbol]
    main.o(.text.__cxx_global_var_init.1) refers to main.o(.bss.button) for button
    main.o(.text.__cxx_global_var_init.1) refers to simple_input.o(.text._ZN11SimpleInputC2EP12GPIO_TypeDefh) for SimpleInput::SimpleInput(GPIO_TypeDef*, unsigned char)
    main.o(.ARM.exidx.text.__cxx_global_var_init.1) refers to main.o(.text.__cxx_global_var_init.1) for [Anonymous Symbol]
    main.o(.text.__cxx_global_var_init.2) refers to main.o(.bss.ledSwitch) for ledSwitch
    main.o(.text.__cxx_global_var_init.2) refers to main.o(.text._ZN12ProgrammCoilC2Ev) for ProgrammCoil::ProgrammCoil__sub_object()
    main.o(.ARM.exidx.text.__cxx_global_var_init.2) refers to main.o(.text.__cxx_global_var_init.2) for [Anonymous Symbol]
    main.o(.text.__cxx_global_var_init.3) refers to main.o(.bss.ledDelay) for ledDelay
    main.o(.text.__cxx_global_var_init.3) refers to main.o(.bss.ledSwitch) for ledSwitch
    main.o(.text.__cxx_global_var_init.3) refers to custom_timer.o(.text._ZN7DIDelayC2EP7ISwitcht) for DIDelay::DIDelay(ISwitch*, unsigned short)
    main.o(.ARM.exidx.text.__cxx_global_var_init.3) refers to main.o(.text.__cxx_global_var_init.3) for [Anonymous Symbol]
    main.o(.text.__cxx_global_var_init.4) refers to main.o(.bss.buttonDelay) for buttonDelay
    main.o(.text.__cxx_global_var_init.4) refers to main.o(.bss.button) for button
    main.o(.text.__cxx_global_var_init.4) refers to custom_timer.o(.text._ZN7DIDelayC2EP7ISwitcht) for DIDelay::DIDelay(ISwitch*, unsigned short)
    main.o(.ARM.exidx.text.__cxx_global_var_init.4) refers to main.o(.text.__cxx_global_var_init.4) for [Anonymous Symbol]
    main.o(.text.__cxx_global_var_init.5) refers to main.o(.bss.delay) for delay
    main.o(.text.__cxx_global_var_init.5) refers to custom_timer.o(.text._ZN11CommonDelayC2Et) for CommonDelay::CommonDelay(unsigned short)
    main.o(.ARM.exidx.text.__cxx_global_var_init.5) refers to main.o(.text.__cxx_global_var_init.5) for [Anonymous Symbol]
    main.o(.text.__cxx_global_var_init.6) refers to main.o(.bss.adcMonitor) for adcMonitor
    main.o(.text.__cxx_global_var_init.6) refers to main.o(.bss.adcValues) for adcValues
    main.o(.text.__cxx_global_var_init.6) refers to analog_monitor.o(.text._ZN13AnalogMonitorC2EhPVt) for AnalogMonitor::AnalogMonitor(unsigned char, unsigned short volatile*)
    main.o(.text.__cxx_global_var_init.6) refers to analog_monitor.o(.text._ZN13AnalogMonitorD2Ev) for AnalogMonitor::~AnalogMonitor()
    main.o(.text.__cxx_global_var_init.6) refers to cxa_atexit.o(.text) for __cxa_atexit
    main.o(.ARM.exidx.text.__cxx_global_var_init.6) refers to main.o(.text.__cxx_global_var_init.6) for [Anonymous Symbol]
    main.o(.text.main) refers to main.o(.bss.adcMonitor) for adcMonitor
    main.o(.text.main) refers to analog_monitor.o(.text._ZN13AnalogMonitor13setTresDelaysE9TRES_TYPEt) for AnalogMonitor::setTresDelays(TRES_TYPE, unsigned short)
    main.o(.text.main) refers to common.o(.text._Z7rccInitv) for rccInit()
    main.o(.text.main) refers to common.o(.text._Z8tickInitv) for tickInit()
    main.o(.text.main) refers to common.o(.text._Z10commonInitv) for commonInit()
    main.o(.text.main) refers to common.o(.text._Z7adcInitv) for adcInit()
    main.o(.text.main) refers to main.o(.bss.ledSwitch) for ledSwitch
    main.o(.text.main) refers to coil.o(.text._ZN12ProgrammCoilaSEb) for ProgrammCoil::operator=(bool)
    main.o(.text.main) refers to led_task.o(.text._Z7ledTaskPv) for ledTask(void*)
    main.o(.text.main) refers to main.o(.rodata.str1.1) for .L.str
    main.o(.text.main) refers to tasks.o(.text.xTaskCreate) for xTaskCreate
    main.o(.text.main) refers to tasks.o(.text.vTaskStartScheduler) for vTaskStartScheduler
    main.o(.ARM.exidx.text.main) refers to main.o(.text.main) for [Anonymous Symbol]
    main.o(.text.TIM2_IRQHandler) refers to main.o(.data.allTimersSize) for allTimersSize
    main.o(.text.TIM2_IRQHandler) refers to main.o(.data.updateObjects) for updateObjects
[...]
    [Anonymous Symbol]                       0x08002d80   Section        0  queue.o(.text.xQueueGenericReset)
    [Anonymous Symbol]                       0x08002e50   Section        0  queue.o(.text.xQueueReceive)
    [Anonymous Symbol]                       0x08002fa4   Section        0  tasks.o(.text.xTaskCheckForTimeOut)
    [Anonymous Symbol]                       0x08003040   Section        0  tasks.o(.text.xTaskCreate)
    [Anonymous Symbol]                       0x080030e0   Section        0  tasks.o(.text.xTaskGetTickCount)
    [Anonymous Symbol]                       0x080030f4   Section        0  tasks.o(.text.xTaskIncrementTick)
    [Anonymous Symbol]                       0x08003348   Section        0  tasks.o(.text.xTaskRemoveFromEventList)
    [Anonymous Symbol]                       0x080034b8   Section        0  tasks.o(.text.xTaskResumeAll)
    [Anonymous Symbol]                       0x080036b8   Section        0  timers.o(.text.xTimerCreateTimerTask)
    x$fpl$fadd                               0x08003708   Section      196  faddsub_clz.o(x$fpl$fadd)
    _fadd1                                   0x08003717   Thumb Code     0  faddsub_clz.o(x$fpl$fadd)
    x$fpl$fcmp                               0x080037cc   Section       84  fcmp.o(x$fpl$fcmp)
    x$fpl$fcmpinf                            0x08003820   Section       24  fcmpi.o(x$fpl$fcmpinf)
    _fdiv1                                   0x08003839   Thumb Code     0  fdiv.o(x$fpl$fdiv)
    x$fpl$fdiv                               0x08003838   Section      388  fdiv.o(x$fpl$fdiv)
    x$fpl$feqf                               0x080039bc   Section      104  feqf.o(x$fpl$feqf)
    x$fpl$fflt                               0x08003a24   Section       48  fflt_clz.o(x$fpl$fflt)
    x$fpl$fgeqf                              0x08003a54   Section      104  fgeqf.o(x$fpl$fgeqf)
    x$fpl$fleqf                              0x08003abc   Section      104  fleqf.o(x$fpl$fleqf)
    x$fpl$fmul                               0x08003b24   Section      258  fmul.o(x$fpl$fmul)
    x$fpl$fnaninf                            0x08003c26   Section      140  fnaninf.o(x$fpl$fnaninf)
    x$fpl$fretinf                            0x08003cb2   Section       10  fretinf.o(x$fpl$fretinf)
    x$fpl$fsub                               0x08003cbc   Section      234  faddsub_clz.o(x$fpl$fsub)
    _fsub1                                   0x08003ccb   Thumb Code     0  faddsub_clz.o(x$fpl$fsub)
    x$fpl$usenofp                            0x08003da6   Section        0  usenofp.o(x$fpl$usenofp)
    .L.str                                   0x08003e28   Data           8  main.o(.rodata.str1.1)
    [Anonymous Symbol]                       0x08003e28   Section        0  main.o(.rodata.str1.1)
    .L.str                                   0x08003e30   Data           5  tasks.o(.rodata.str1.1)
    [Anonymous Symbol]                       0x08003e30   Section        0  tasks.o(.rodata.str1.1)
    .L.str                                   0x08003e35   Data           8  timers.o(.rodata.str1.1)
    [Anonymous Symbol]                       0x08003e35   Section        0  timers.o(.rodata.str1.1)
    .init_array                              0x08003e68   Section        0  init_aeabi.o(.init_array)
    uxCriticalNesting                        0x20000018   Data           4  port.o(.data.uxCriticalNesting)
    [Anonymous Symbol]                       0x20000018   Section        0  port.o(.data.uxCriticalNesting)
    .bss                                     0x20000020   Section       96  libspace.o(.bss)
    prvSampleTimeNow.xLastTime               0x20000110   Data           4  timers.o(.bss.prvSampleTimeNow.xLastTime)
    [Anonymous Symbol]                       0x20000110   Section        0  timers.o(.bss.prvSampleTimeNow.xLastTime)
    __tagsym$$used.1                         0x20000114   Number         0  tasks.o(.bss.pxCurrentTCB)
    pxCurrentTimerList                       0x20000118   Data           4  timers.o(.bss.pxCurrentTimerList)
    [Anonymous Symbol]                       0x20000118   Section        0  timers.o(.bss.pxCurrentTimerList)
    pxDelayedTaskList                        0x2000011c   Data           4  tasks.o(.bss.pxDelayedTaskList)
    [Anonymous Symbol]                       0x2000011c   Section        0  tasks.o(.bss.pxDelayedTaskList)
    pxEnd                                    0x20000120   Data           4  heap_4.o(.bss.pxEnd)
    [Anonymous Symbol]                       0x20000120   Section        0  heap_4.o(.bss.pxEnd)
    pxOverflowDelayedTaskList                0x20000124   Data           4  tasks.o(.bss.pxOverflowDelayedTaskList)
    [Anonymous Symbol]                       0x20000124   Section        0  tasks.o(.bss.pxOverflowDelayedTaskList)
    pxOverflowTimerList                      0x20000128   Data           4  timers.o(.bss.pxOverflowTimerList)
    [Anonymous Symbol]                       0x20000128   Section        0  timers.o(.bss.pxOverflowTimerList)
    pxReadyTasksLists                        0x2000012c   Data         100  tasks.o(.bss.pxReadyTasksLists)
    [Anonymous Symbol]                       0x2000012c   Section        0  tasks.o(.bss.pxReadyTasksLists)
    ucHeap                                   0x20000190   Data       10240  heap_4.o(.bss.ucHeap)
    [Anonymous Symbol]                       0x20000190   Section        0  heap_4.o(.bss.ucHeap)
    uxCurrentNumberOfTasks                   0x20002990   Data           4  tasks.o(.bss.uxCurrentNumberOfTasks)
    [Anonymous Symbol]                       0x20002990   Section        0  tasks.o(.bss.uxCurrentNumberOfTasks)
    uxDeletedTasksWaitingCleanUp             0x20002994   Data           4  tasks.o(.bss.uxDeletedTasksWaitingCleanUp)
    [Anonymous Symbol]                       0x20002994   Section        0  tasks.o(.bss.uxDeletedTasksWaitingCleanUp)
    uxSchedulerSuspended                     0x20002998   Data           4  tasks.o(.bss.uxSchedulerSuspended)
    [Anonymous Symbol]                       0x20002998   Section        0  tasks.o(.bss.uxSchedulerSuspended)
    uxTaskNumber                             0x2000299c   Data           4  tasks.o(.bss.uxTaskNumber)
    [Anonymous Symbol]                       0x2000299c   Section        0  tasks.o(.bss.uxTaskNumber)
    uxTopReadyPriority                       0x200029a0   Data           4  tasks.o(.bss.uxTopReadyPriority)
    [Anonymous Symbol]                       0x200029a0   Section        0  tasks.o(.bss.uxTopReadyPriority)
    xActiveTimerList1                        0x200029a4   Data          20  timers.o(.bss.xActiveTimerList1)
    [Anonymous Symbol]                       0x200029a4   Section        0  timers.o(.bss.xActiveTimerList1)
    xActiveTimerList2                        0x200029b8   Data          20  timers.o(.bss.xActiveTimerList2)
    [Anonymous Symbol]                       0x200029b8   Section        0  timers.o(.bss.xActiveTimerList2)
    xDelayedTaskList1                        0x200029cc   Data          20  tasks.o(.bss.xDelayedTaskList1)
    [Anonymous Symbol]                       0x200029cc   Section        0  tasks.o(.bss.xDelayedTaskList1)
    xDelayedTaskList2                        0x200029e0   Data          20  tasks.o(.bss.xDelayedTaskList2)
    [Anonymous Symbol]                       0x200029e0   Section        0  tasks.o(.bss.xDelayedTaskList2)
    xFreeBytesRemaining                      0x200029f4   Data           4  heap_4.o(.bss.xFreeBytesRemaining)
    [Anonymous Symbol]                       0x200029f4   Section        0  heap_4.o(.bss.xFreeBytesRemaining)
    xIdleTaskHandle                          0x200029f8   Data           4  tasks.o(.bss.xIdleTaskHandle)
    [Anonymous Symbol]                       0x200029f8   Section        0  tasks.o(.bss.xIdleTaskHandle)
    xMinimumEverFreeBytesRemaining           0x200029fc   Data           4  heap_4.o(.bss.xMinimumEverFreeBytesRemaining)
    [Anonymous Symbol]                       0x200029fc   Section        0  heap_4.o(.bss.xMinimumEverFreeBytesRemaining)
    xNextTaskUnblockTime                     0x20002a00   Data           4  tasks.o(.bss.xNextTaskUnblockTime)
    [Anonymous Symbol]                       0x20002a00   Section        0  tasks.o(.bss.xNextTaskUnblockTime)
    xNumOfOverflows                          0x20002a04   Data           4  tasks.o(.bss.xNumOfOverflows)
    [Anonymous Symbol]                       0x20002a04   Section        0  tasks.o(.bss.xNumOfOverflows)
    xNumberOfSuccessfulAllocations           0x20002a08   Data           4  heap_4.o(.bss.xNumberOfSuccessfulAllocations)
    [Anonymous Symbol]                       0x20002a08   Section        0  heap_4.o(.bss.xNumberOfSuccessfulAllocations)
    xNumberOfSuccessfulFrees                 0x20002a0c   Data           4  heap_4.o(.bss.xNumberOfSuccessfulFrees)
    [Anonymous Symbol]                       0x20002a0c   Section        0  heap_4.o(.bss.xNumberOfSuccessfulFrees)
    xPendedTicks                             0x20002a10   Data           4  tasks.o(.bss.xPendedTicks)
    [Anonymous Symbol]                       0x20002a10   Section        0  tasks.o(.bss.xPendedTicks)
    xPendingReadyList                        0x20002a14   Data          20  tasks.o(.bss.xPendingReadyList)
    [Anonymous Symbol]                       0x20002a14   Section        0  tasks.o(.bss.xPendingReadyList)
    xSchedulerRunning                        0x20002a28   Data           4  tasks.o(.bss.xSchedulerRunning)
    [Anonymous Symbol]                       0x20002a28   Section        0  tasks.o(.bss.xSchedulerRunning)
    xStart                                   0x20002a2c   Data           8  heap_4.o(.bss.xStart)
    [Anonymous Symbol]                       0x20002a2c   Section        0  heap_4.o(.bss.xStart)
    xSuspendedTaskList                       0x20002a34   Data          20  tasks.o(.bss.xSuspendedTaskList)
    [Anonymous Symbol]                       0x20002a34   Section        0  tasks.o(.bss.xSuspendedTaskList)
    xTasksWaitingTermination                 0x20002a48   Data          20  tasks.o(.bss.xTasksWaitingTermination)
    [Anonymous Symbol]                       0x20002a48   Section        0  tasks.o(.bss.xTasksWaitingTermination)
    xTickCount                               0x20002a5c   Data           4  tasks.o(.bss.xTickCount)
    [Anonymous Symbol]                       0x20002a5c   Section        0  tasks.o(.bss.xTickCount)
    xTimerQueue                              0x20002a60   Data           4  timers.o(.bss.xTimerQueue)
    [Anonymous Symbol]                       0x20002a60   Section        0  timers.o(.bss.xTimerQueue)
    xTimerTaskHandle                         0x20002a64   Data           4  timers.o(.bss.xTimerTaskHandle)
    [Anonymous Symbol]                       0x20002a64   Section        0  timers.o(.bss.xTimerTaskHandle)
    xYieldPending                            0x20002a68   Data           4  tasks.o(.bss.xYieldPending)
    [Anonymous Symbol]                       0x20002a68   Section        0  tasks.o(.bss.xYieldPending)
    Heap_Mem                                 0x20002a70   Data         512  startup_stm32f10x_md.o(HEAP)
    HEAP                                     0x20002a70   Section      512  startup_stm32f10x_md.o(HEAP)
    Stack_Mem                                0x20002c70   Data        1024  startup_stm32f10x_md.o(STACK)
    STACK                                    0x20002c70   Section     1024  startup_stm32f10x_md.o(STACK)
    __initial_sp                             0x20003070   Data           0  startup_stm32f10x_md.o(STACK)

    Global Symbols

    Symbol Name                              Value     Ov Type        Size  Object(Section)

    BuildAttributes$$THM_ISAv4$P$D$K$B$S$PE$A:L22UL41UL21$X:L11$S22US41US21$IEEE1$IW$~IW$USESV6$~STKCKD$USESV7$~SHL$OTIME$ROPI$EBA8$UX$STANDARDLIB$REQ8$PRES8$EABIv2 0x00000000   Number         0  anon$$obj.o ABSOLUTE
    __fp_init_empty                          0x00000000   Number         0  fpinit_empty.o ABSOLUTE
    __ARM_exceptions_init                     - Undefined Weak Reference
    __alloca_initialize                       - Undefined Weak Reference
    __arm_preinit_                            - Undefined Weak Reference
    __arm_relocate_pie_                       - Undefined Weak Reference
    __rt_locale                               - Undefined Weak Reference
    __sigvec_lookup                           - Undefined Weak Reference
    __user_heap_extent                        - Undefined Weak Reference
    _atexit_init                              - Undefined Weak Reference
    _call_atexit_fns                          - Undefined Weak Reference
    _clock_init                               - Undefined Weak Reference
    _fp_trap_init                             - Undefined Weak Reference
    _fp_trap_shutdown                         - Undefined Weak Reference
    _get_lc_collate                           - Undefined Weak Reference
    _get_lc_ctype                             - Undefined Weak Reference
    _get_lc_monetary                          - Undefined Weak Reference
    _get_lc_numeric                           - Undefined Weak Reference
    _get_lc_time                              - Undefined Weak Reference
    _getenv_init                              - Undefined Weak Reference
    _handle_redirection                       - Undefined Weak Reference
    _initio                                   - Undefined Weak Reference
    _mutex_acquire                            - Undefined Weak Reference
    _mutex_free                               - Undefined Weak Reference
    _mutex_release                            - Undefined Weak Reference
    _rand_init                                - Undefined Weak Reference
    _signal_finish                            - Undefined Weak Reference
    _signal_init                              - Undefined Weak Reference
    _terminateio                              - Undefined Weak Reference
    __Vectors_Size                           0x000000ec   Number         0  startup_stm32f10x_md.o ABSOLUTE
    __Vectors                                0x08000000   Data           4  startup_stm32f10x_md.o(RESET)
    __dso_handle                             0x08000000   Number         0  startup_stm32f10x_md.o(RESET)
    __Vectors_End                            0x080000ec   Data           0  startup_stm32f10x_md.o(RESET)
    __main                                   0x080000ed   Thumb Code     8  __main.o(!!!main)
    __scatterload                            0x080000f5   Thumb Code     0  __scatter.o(!!!scatter)
    __scatterload_rt2                        0x080000f5   Thumb Code    44  __scatter.o(!!!scatter)
    __scatterload_rt2_thumb_only             0x080000f5   Thumb Code     0  __scatter.o(!!!scatter)
    __scatterload_null                       0x08000103   Thumb Code     0  __scatter.o(!!!scatter)
    __scatterload_copy                       0x08000129   Thumb Code    26  __scatter_copy.o(!!handler_copy)
    __scatterload_zeroinit                   0x08000145   Thumb Code    28  __scatter_zi.o(!!handler_zi)
    __rt_lib_init                            0x08000161   Thumb Code     0  libinit.o(.ARM.Collect$$libinit$$00000000)
    __rt_lib_init_fp_1                       0x08000163   Thumb Code     0  libinit2.o(.ARM.Collect$$libinit$$00000002)
    __rt_lib_init_heap_2                     0x08000163   Thumb Code     0  libinit2.o(.ARM.Collect$$libinit$$00000007)
    __rt_lib_init_preinit_1                  0x08000163   Thumb Code     0  libinit2.o(.ARM.Collect$$libinit$$00000006)
    __rt_lib_init_relocate_pie_1             0x08000163   Thumb Code     0  libinit2.o(.ARM.Collect$$libinit$$00000004)
    __rt_lib_init_alloca_1                   0x0800016b   Thumb Code     0  libinit2.o(.ARM.Collect$$libinit$$00000030)
    __rt_lib_init_argv_1                     0x0800016b   Thumb Code     0  libinit2.o(.ARM.Collect$$libinit$$0000002E)
    __rt_lib_init_atexit_1                   0x0800016b   Thumb Code     0  libinit2.o(.ARM.Collect$$libinit$$0000001D)
    __rt_lib_init_clock_1                    0x0800016b   Thumb Code     0  libinit2.o(.ARM.Collect$$libinit$$00000023)
    __rt_lib_init_cpp_2                      0x0800016b   Thumb Code     0  libinit2.o(.ARM.Collect$$libinit$$00000033)
    __rt_lib_init_exceptions_1               0x0800016b   Thumb Code     0  libinit2.o(.ARM.Collect$$libinit$$00000032)
    __rt_lib_init_fp_trap_1                  0x0800016b   Thumb Code     0  libinit2.o(.ARM.Collect$$libinit$$00000021)
    __rt_lib_init_getenv_1                   0x0800016b   Thumb Code     0  libinit2.o(.ARM.Collect$$libinit$$00000025)
    __rt_lib_init_heap_1                     0x0800016b   Thumb Code     0  libinit2.o(.ARM.Collect$$libinit$$0000000C)
    __rt_lib_init_lc_collate_1               0x0800016b   Thumb Code     0  libinit2.o(.ARM.Collect$$libinit$$00000013)
    __rt_lib_init_lc_ctype_1                 0x0800016b   Thumb Code     0  libinit2.o(.ARM.Collect$$libinit$$00000015)
    __rt_lib_init_lc_monetary_1              0x0800016b   Thumb Code     0  libinit2.o(.ARM.Collect$$libinit$$00000017)
    __rt_lib_init_lc_numeric_1               0x0800016b   Thumb Code     0  libinit2.o(.ARM.Collect$$libinit$$00000019)
    __rt_lib_init_lc_time_1                  0x0800016b   Thumb Code     0  libinit2.o(.ARM.Collect$$libinit$$0000001B)
    __rt_lib_init_rand_1                     0x0800016b   Thumb Code     0  libinit2.o(.ARM.Collect$$libinit$$00000010)
    __rt_lib_init_signal_1                   0x0800016b   Thumb Code     0  libinit2.o(.ARM.Collect$$libinit$$0000001F)
    __rt_lib_init_stdio_1                    0x0800016b   Thumb Code     0  libinit2.o(.ARM.Collect$$libinit$$00000027)
    __rt_lib_init_user_alloc_1               0x0800016b   Thumb Code     0  libinit2.o(.ARM.Collect$$libinit$$0000000E)
    __rt_lib_init_cpp_1                      0x0800016f   Thumb Code     0  libinit2.o(.ARM.Collect$$libinit$$00000034)
    __rt_lib_init_return                     0x0800016f   Thumb Code     0  libinit2.o(.ARM.Collect$$libinit$$00000035)
    __rt_lib_shutdown                        0x08000171   Thumb Code     0  libshutdown.o(.ARM.Collect$$libshutdown$$00000000)
    __rt_lib_shutdown_cpp_2                  0x08000173   Thumb Code     0  libshutdown2.o(.ARM.Collect$$libshutdown$$00000001)
    __rt_lib_shutdown_cpp_1                  0x08000179   Thumb Code     0  libshutdown2.o(.ARM.Collect$$libshutdown$$00000002)
    __rt_lib_shutdown_fp_trap_1              0x08000179   Thumb Code     0  libshutdown2.o(.ARM.Collect$$libshutdown$$00000007)
    __rt_lib_shutdown_heap_1                 0x08000179   Thumb Code     0  libshutdown2.o(.ARM.Collect$$libshutdown$$0000000F)
    __rt_lib_shutdown_return                 0x08000179   Thumb Code     0  libshutdown2.o(.ARM.Collect$$libshutdown$$00000010)
    __rt_lib_shutdown_signal_1               0x08000179   Thumb Code     0  libshutdown2.o(.ARM.Collect$$libshutdown$$0000000A)
    __rt_lib_shutdown_stdio_1                0x08000179   Thumb Code     0  libshutdown2.o(.ARM.Collect$$libshutdown$$00000004)
    __rt_lib_shutdown_user_alloc_1           0x08000179   Thumb Code     0  libshutdown2.o(.ARM.Collect$$libshutdown$$0000000C)
    __rt_entry                               0x0800017b   Thumb Code     0  __rtentry.o(.ARM.Collect$$rtentry$$00000000)
    __rt_entry_presh_1                       0x0800017b   Thumb Code     0  __rtentry2.o(.ARM.Collect$$rtentry$$00000002)
    __rt_entry_sh                            0x0800017b   Thumb Code     0  __rtentry4.o(.ARM.Collect$$rtentry$$00000004)
    __rt_entry_li                            0x08000181   Thumb Code     0  __rtentry2.o(.ARM.Collect$$rtentry$$0000000A)
    __rt_entry_postsh_1                      0x08000181   Thumb Code     0  __rtentry2.o(.ARM.Collect$$rtentry$$00000009)
    __rt_entry_main                          0x08000185   Thumb Code     0  __rtentry2.o(.ARM.Collect$$rtentry$$0000000D)
    __rt_entry_postli_1                      0x08000185   Thumb Code     0  __rtentry2.o(.ARM.Collect$$rtentry$$0000000C)
    __rt_exit                                0x0800018d   Thumb Code     0  rtexit.o(.ARM.Collect$$rtexit$$00000000)
    __rt_exit_ls                             0x0800018f   Thumb Code     0  rtexit2.o(.ARM.Collect$$rtexit$$00000003)
    __rt_exit_prels_1                        0x0800018f   Thumb Code     0  rtexit2.o(.ARM.Collect$$rtexit$$00000002)
    __rt_exit_exit                           0x08000193   Thumb Code     0  rtexit2.o(.ARM.Collect$$rtexit$$00000004)
    Reset_Handler                            0x08000199   Thumb Code     8  startup_stm32f10x_md.o(.text)
    NMI_Handler                              0x080001a1   Thumb Code     2  startup_stm32f10x_md.o(.text)
    HardFault_Handler                        0x080001a3   Thumb Code     2  startup_stm32f10x_md.o(.text)
    MemManage_Handler                        0x080001a5   Thumb Code     2  startup_stm32f10x_md.o(.text)
    BusFault_Handler                         0x080001a7   Thumb Code     2  startup_stm32f10x_md.o(.text)
    UsageFault_Handler                       0x080001a9   Thumb Code     2  startup_stm32f10x_md.o(.text)
    DebugMon_Handler                         0x080001ad   Thumb Code     2  startup_stm32f10x_md.o(.text)
    ADC1_2_IRQHandler                        0x080001b3   Thumb Code     0  startup_stm32f10x_md.o(.text)
    CAN1_RX1_IRQHandler                      0x080001b3   Thumb Code     0  startup_stm32f10x_md.o(.text)
    CAN1_SCE_IRQHandler                      0x080001b3   Thumb Code     0  startup_stm32f10x_md.o(.text)
    DMA1_Channel1_IRQHandler                 0x080001b3   Thumb Code     0  startup_stm32f10x_md.o(.text)
    DMA1_Channel2_IRQHandler                 0x080001b3   Thumb Code     0  startup_stm32f10x_md.o(.text)
    DMA1_Channel3_IRQHandler                 0x080001b3   Thumb Code     0  startup_stm32f10x_md.o(.text)
    DMA1_Channel4_IRQHandler                 0x080001b3   Thumb Code     0  startup_stm32f10x_md.o(.text)
    DMA1_Channel5_IRQHandler                 0x080001b3   Thumb Code     0  startup_stm32f10x_md.o(.text)
    DMA1_Channel6_IRQHandler                 0x080001b3   Thumb Code     0  startup_stm32f10x_md.o(.text)
    DMA1_Channel7_IRQHandler                 0x080001b3   Thumb Code     0  startup_stm32f10x_md.o(.text)
    EXTI0_IRQHandler                         0x080001b3   Thumb Code     0  startup_stm32f10x_md.o(.text)
    EXTI15_10_IRQHandler                     0x080001b3   Thumb Code     0  startup_stm32f10x_md.o(.text)
    EXTI1_IRQHandler                         0x080001b3   Thumb Code     0  startup_stm32f10x_md.o(.text)
    EXTI2_IRQHandler                         0x080001b3   Thumb Code     0  startup_stm32f10x_md.o(.text)
    EXTI3_IRQHandler                         0x080001b3   Thumb Code     0  startup_stm32f10x_md.o(.text)
    EXTI4_IRQHandler                         0x080001b3   Thumb Code     0  startup_stm32f10x_md.o(.text)
    EXTI9_5_IRQHandler                       0x080001b3   Thumb Code     0  startup_stm32f10x_md.o(.text)
    FLASH_IRQHandler                         0x080001b3   Thumb Code     0  startup_stm32f10x_md.o(.text)
    I2C1_ER_IRQHandler                       0x080001b3   Thumb Code     0  startup_stm32f10x_md.o(.text)
    I2C1_EV_IRQHandler                       0x080001b3   Thumb Code     0  startup_stm32f10x_md.o(.text)
    I2C2_ER_IRQHandler                       0x080001b3   Thumb Code     0  startup_stm32f10x_md.o(.text)
    I2C2_EV_IRQHandler                       0x080001b3   Thumb Code     0  startup_stm32f10x_md.o(.text)
    PVD_IRQHandler                           0x080001b3   Thumb Code     0  startup_stm32f10x_md.o(.text)
    RCC_IRQHandler                           0x080001b3   Thumb Code     0  startup_stm32f10x_md.o(.text)
    RTCAlarm_IRQHandler                      0x080001b3   Thumb Code     0  startup_stm32f10x_md.o(.text)
    RTC_IRQHandler                           0x080001b3   Thumb Code     0  startup_stm32f10x_md.o(.text)
    SPI1_IRQHandler                          0x080001b3   Thumb Code     0  startup_stm32f10x_md.o(.text)
    SPI2_IRQHandler                          0x080001b3   Thumb Code     0  startup_stm32f10x_md.o(.text)
    TAMPER_IRQHandler                        0x080001b3   Thumb Code     0  startup_stm32f10x_md.o(.text)
    TIM1_BRK_IRQHandler                      0x080001b3   Thumb Code     0  startup_stm32f10x_md.o(.text)
    TIM1_CC_IRQHandler                       0x080001b3   Thumb Code     0  startup_stm32f10x_md.o(.text)
    TIM1_TRG_COM_IRQHandler                  0x080001b3   Thumb Code     0  startup_stm32f10x_md.o(.text)
    TIM1_UP_IRQHandler                       0x080001b3   Thumb Code     0  startup_stm32f10x_md.o(.text)
    TIM3_IRQHandler                          0x080001b3   Thumb Code     0  startup_stm32f10x_md.o(.text)
    TIM4_IRQHandler                          0x080001b3   Thumb Code     0  startup_stm32f10x_md.o(.text)
    USART1_IRQHandler                        0x080001b3   Thumb Code     0  startup_stm32f10x_md.o(.text)
    USART2_IRQHandler                        0x080001b3   Thumb Code     0  startup_stm32f10x_md.o(.text)
    USART3_IRQHandler                        0x080001b3   Thumb Code     0  startup_stm32f10x_md.o(.text)
    USBWakeUp_IRQHandler                     0x080001b3   Thumb Code     0  startup_stm32f10x_md.o(.text)
    USB_HP_CAN1_TX_IRQHandler                0x080001b3   Thumb Code     0  startup_stm32f10x_md.o(.text)
    USB_LP_CAN1_RX0_IRQHandler               0x080001b3   Thumb Code     0  startup_stm32f10x_md.o(.text)
    WWDG_IRQHandler                          0x080001b3   Thumb Code     0  startup_stm32f10x_md.o(.text)
    __user_initial_stackheap                 0x080001b5   Thumb Code     0  startup_stm32f10x_md.o(.text)
    __cxa_atexit                             0x080001d9   Thumb Code    10  cxa_atexit.o(.text)
    __aeabi_memcpy                           0x080001e3   Thumb Code     0  rt_memcpy_v6.o(.text)
    __rt_memcpy                              0x080001e3   Thumb Code   138  rt_memcpy_v6.o(.text)
    _memcpy_lastbytes                        0x08000249   Thumb Code     0  rt_memcpy_v6.o(.text)
    __aeabi_memset4                          0x0800026d   Thumb Code    16  aeabi_memset4.o(.text)
    __aeabi_memset8                          0x0800026d   Thumb Code     0  aeabi_memset4.o(.text)
    __aeabi_memclr                           0x0800027d   Thumb Code     0  rt_memclr.o(.text)
    __rt_memclr                              0x0800027d   Thumb Code     0  rt_memclr.o(.text)
    _memset                                  0x08000281   Thumb Code    64  rt_memclr.o(.text)
    __aeabi_memclr4                          0x080002c1   Thumb Code     0  rt_memclr_w.o(.text)
    __aeabi_memclr8                          0x080002c1   Thumb Code     0  rt_memclr_w.o(.text)
    __rt_memclr_w                            0x080002c1   Thumb Code     0  rt_memclr_w.o(.text)
    _memset_w                                0x080002c5   Thumb Code    74  rt_memclr_w.o(.text)
    __use_two_region_memory                  0x0800030f   Thumb Code     2  heapauxi.o(.text)
    __rt_heap_escrow                         0x08000311   Thumb Code     2  heapauxi.o(.text)
    __rt_heap_expand                         0x08000313   Thumb Code     2  heapauxi.o(.text)
    __cpp_initialize__aeabi_                 0x08000315   Thumb Code    28  init_aeabi.o(.text)
    malloc                                   0x08000339   Thumb Code    94  h1_alloc.o(.text)
    free                                     0x08000397   Thumb Code    78  h1_free.o(.text)
    abort                                    0x080003e5   Thumb Code    22  abort.o(.text)
    __aeabi_atexit                           0x080003fb   Thumb Code    46  aeabi_atexit.o(.text)
    __aeabi_memcpy4                          0x08000429   Thumb Code     0  rt_memcpy_w.o(.text)
    __aeabi_memcpy8                          0x08000429   Thumb Code     0  rt_memcpy_w.o(.text)
    __rt_memcpy_w                            0x08000429   Thumb Code   100  rt_memcpy_w.o(.text)
    _memcpy_lastbytes_aligned                0x08000471   Thumb Code     0  rt_memcpy_w.o(.text)
    _sys_exit                                0x0800048d   Thumb Code     8  sys_exit.o(.text)
    __rt_heap_descriptor                     0x08000499   Thumb Code     8  rt_heap_descriptor_intlibspace.o(.text)
    __rt_ddtor_pointer_addr                  0x080004a1   Thumb Code     8  rt_ddtor_pointer_addr_intlibspace.o(.text)
    __use_no_heap                            0x080004a9   Thumb Code     2  hguard.o(.text)
    __heap$guard                             0x080004ab   Thumb Code     2  hguard.o(.text)
    _terminate_user_alloc                    0x080004ad   Thumb Code     2  init_alloc.o(.text)
    _init_user_alloc                         0x080004af   Thumb Code     2  init_alloc.o(.text)
    __Heap_Full                              0x080004b1   Thumb Code    34  init_alloc.o(.text)
    __Heap_Broken                            0x080004d3   Thumb Code     6  init_alloc.o(.text)
    _init_alloc                              0x080004d9   Thumb Code    94  init_alloc.o(.text)
    __Heap_Initialize                        0x08000537   Thumb Code    10  h1_init.o(.text)
    __Heap_DescSize                          0x08000541   Thumb Code     4  h1_init.o(.text)
    __cxa_finalize                           0x08000545   Thumb Code    66  cxa_finalize.o(.text)
    __rt_SIGABRT                             0x08000587   Thumb Code    14  defsig_abrt_outer.o(.text)
    __user_libspace                          0x08000595   Thumb Code     8  libspace.o(.text)
    __user_perproc_libspace                  0x08000595   Thumb Code     0  libspace.o(.text)
    __user_perthread_libspace                0x08000595   Thumb Code     0  libspace.o(.text)
    __I$use$semihosting                      0x0800059d   Thumb Code     0  use_no_semi.o(.text)
    __use_no_semihosting_swi                 0x0800059d   Thumb Code     2  use_no_semi.o(.text)
    __semihosting_library_function           0x0800059f   Thumb Code     0  indicate_semi.o(.text)
    __user_setup_stackheap                   0x0800059f   Thumb Code    74  sys_stackheap_outer.o(.text)
    __Heap_ProvideMemory                     0x080005e9   Thumb Code    52  h1_extend.o(.text)
    _maybe_terminate_alloc                   0x080005e9   Thumb Code     0  maybetermalloc1.o(.text)
    exit                                     0x0800061d   Thumb Code    18  exit.o(.text)
    __sig_exit                               0x0800062f   Thumb Code    10  defsig_exit.o(.text)
    __rt_SIGABRT_inner                       0x08000639   Thumb Code    14  defsig_abrt_inner.o(.text)
    __rt_SIGRTMEM                            0x08000669   Thumb Code    14  defsig_rtmem_outer.o(.text)
    __default_signal_display                 0x08000677   Thumb Code    50  defsig_general.o(.text)
    __rt_SIGRTMEM_inner                      0x080006a9   Thumb Code    22  defsig_rtmem_inner.o(.text)
    _ttywrch                                 0x080006f9   Thumb Code    14  sys_wrch.o(.text)
    PendSV_Handler                           0x08000711   Thumb Code    68  port.o(.text.PendSV_Handler)
    SVC_Handler                              0x08000761   Thumb Code    36  port.o(.text.SVC_Handler)
    SysTick_Handler                          0x080008b1   Thumb Code    60  port.o(.text.SysTick_Handler)
    SystemCoreClockUpdate                    0x080008ed   Thumb Code   290  system_stm32f10x.o(.text.SystemCoreClockUpdate)
    SystemInit                               0x08000a11   Thumb Code   102  system_stm32f10x.o(.text.SystemInit)
    TIM2_IRQHandler                          0x08000a79   Thumb Code    76  main.o(.text.TIM2_IRQHandler)
    commonInit()                             0x08000ae5   Thumb Code    14  common.o(.text._Z10commonInitv)
    getPosition(unsigned int)                0x08000af5   Thumb Code    62  common.o(.text._Z11getPositionj)
    setRegister(unsigned int volatile*, unsigned int, unsigned int) 0x08000b35   Thumb Code    32  common.o(.text._Z11setRegisterPVjjj)
    setBitsInRegister(unsigned int volatile*, unsigned int, unsigned int) 0x08000b55   Thumb Code    68  common.o(.text._Z17setBitsInRegisterPVjjj)
    adcInit()                                0x08000b99   Thumb Code   344  common.o(.text._Z7adcInitv)
    ledTask(void*)                           0x08000cf1   Thumb Code   198  led_task.o(.text._Z7ledTaskPv)
    rccInit()                                0x08000db9   Thumb Code   206  common.o(.text._Z7rccInitv)
    tickInit()                               0x08000e89   Thumb Code    88  common.o(.text._Z8tickInitv)
    GPIOcommon::GPIOcommon(GPIO_TypeDef*, unsigned char) 0x08000f91   Thumb Code   226  gpio_common.o(.text._ZN10GPIOcommonC2EP12GPIO_TypeDefh)
    GPIOcommon::GPIOcommon__sub_object(GPIO_TypeDef*, unsigned char) 0x08000f91   Thumb Code   226  gpio_common.o(.text._ZN10GPIOcommonC2EP12GPIO_TypeDefh)
    CommonDelay::notFinished()               0x08001075   Thumb Code    22  custom_timer.o(.text._ZN11CommonDelay11notFinishedEv)
    CommonDelay::finishedImpulse()           0x0800108d   Thumb Code    76  custom_timer.o(.text._ZN11CommonDelay15finishedImpulseEv)
    CommonDelay::prepareAndStart()           0x080010d9   Thumb Code    24  custom_timer.o(.text._ZN11CommonDelay15prepareAndStartEv)
    CommonDelay::stop()                      0x080010f1   Thumb Code    20  custom_timer.o(.text._ZN11CommonDelay4stopEv)
    CommonDelay::reset()                     0x08001105   Thumb Code    16  custom_timer.o(.text._ZN11CommonDelay5resetEv)
    CommonDelay::start()                     0x08001115   Thumb Code    14  custom_timer.o(.text._ZN11CommonDelay5startEv)
    CommonDelay::update()                    0x08001125   Thumb Code    72  custom_timer.o(.text._ZN11CommonDelay6updateEv)
    CommonDelay::started()                   0x0800116d   Thumb Code    16  custom_timer.o(.text._ZN11CommonDelay7startedEv)
    CommonDelay::finished()                  0x0800117d   Thumb Code    22  custom_timer.o(.text._ZN11CommonDelay8finishedEv)
    CommonDelay::setStart(bool)              0x08001195   Thumb Code    44  custom_timer.o(.text._ZN11CommonDelay8setStartEb)
    CommonDelay::setPeriod(unsigned short)   0x080011c1   Thumb Code    20  custom_timer.o(.text._ZN11CommonDelay9setPeriodEt)
    CommonDelay::CommonDelay(unsigned short) 0x080011d5   Thumb Code    42  custom_timer.o(.text._ZN11CommonDelayC2Et)
    CommonDelay::CommonDelay__sub_object(unsigned short) 0x080011d5   Thumb Code    42  custom_timer.o(.text._ZN11CommonDelayC2Et)
    CommonDelay::operator=(bool)             0x08001201   Thumb Code    32  custom_timer.o(.text._ZN11CommonDelayaSEb)
    SimpleInput::isActive()                  0x08001221   Thumb Code    24  simple_input.o(.text._ZN11SimpleInput8isActiveEv)
    SimpleInput::SimpleInput(GPIO_TypeDef*, unsigned char) 0x08001239   Thumb Code   146  simple_input.o(.text._ZN11SimpleInputC2EP12GPIO_TypeDefh)
    SimpleInput::SimpleInput__sub_object(GPIO_TypeDef*, unsigned char) 0x08001239   Thumb Code   146  simple_input.o(.text._ZN11SimpleInputC2EP12GPIO_TypeDefh)
    ProgrammCoil::toggle()                   0x080012cd   Thumb Code    34  coil.o(.text._ZN12ProgrammCoil6toggleEv)
    ProgrammCoil::isActive()                 0x080012f1   Thumb Code    16  coil.o(.text._ZN12ProgrammCoil8isActiveEv)
    ProgrammCoil::setValue(bool)             0x08001301   Thumb Code    24  coil.o(.text._ZN12ProgrammCoil8setValueEb)
    ProgrammCoil::ProgrammCoil__sub_object() 0x08001319   Thumb Code    32  main.o(.text._ZN12ProgrammCoilC2Ev)
    ProgrammCoil::operator=(bool)            0x08001339   Thumb Code    34  coil.o(.text._ZN12ProgrammCoilaSEb)
    AnalogMonitor::isHighWarn()              0x0800135d   Thumb Code    18  analog_monitor.o(.text._ZN13AnalogMonitor10isHighWarnEv)
    AnalogMonitor::isLowAlarm()              0x08001371   Thumb Code    18  analog_monitor.o(.text._ZN13AnalogMonitor10isLowAlarmEv)
    AnalogMonitor::isHighAlarm()             0x08001385   Thumb Code    18  analog_monitor.o(.text._ZN13AnalogMonitor11isHighAlarmEv)
    AnalogMonitor::setTresDelays(TRES_TYPE, unsigned short) 0x08001399   Thumb Code    38  analog_monitor.o(.text._ZN13AnalogMonitor13setTresDelaysE9TRES_TYPEt)
    AnalogMonitor::update()                  0x080013c1   Thumb Code   358  analog_monitor.o(.text._ZN13AnalogMonitor6updateEv)
    unsigned short volatile AnalogMonitor::getRange<unsigned short volatile>(unsigned short volatile const*) 0x08001529   Thumb Code    22  analog_monitor.o(.text._ZN13AnalogMonitor8getRangeIVtEET_PKS2_)
    float AnalogMonitor::getRange<float>(float const*) 0x08001541   Thumb Code    22  analog_monitor.o(.text._ZN13AnalogMonitor8getRangeIfEET_PKS1_)
    AnalogMonitor::isLowWarn()               0x08001559   Thumb Code    18  analog_monitor.o(.text._ZN13AnalogMonitor9isLowWarnEv)
    AnalogMonitor::AnalogMonitor(unsigned char, unsigned short volatile*) 0x0800156d   Thumb Code   220  analog_monitor.o(.text._ZN13AnalogMonitorC2EhPVt)
    AnalogMonitor::AnalogMonitor__sub_object(unsigned char, unsigned short volatile*) 0x0800156d   Thumb Code   220  analog_monitor.o(.text._ZN13AnalogMonitorC2EhPVt)
    AnalogMonitor::~AnalogMonitor()          0x08001649   Thumb Code    80  analog_monitor.o(.text._ZN13AnalogMonitorD2Ev)
    AnalogMonitor::~AnalogMonitor__sub_object() 0x08001649   Thumb Code    80  analog_monitor.o(.text._ZN13AnalogMonitorD2Ev)
    Coil::isActive()                         0x08001699   Thumb Code    22  coil.o(.text._ZN4Coil8isActiveEv)
    Coil::setValue(bool)                     0x080016b1   Thumb Code    66  coil.o(.text._ZN4Coil8setValueEb)
    Coil::Coil(GPIO_TypeDef*, unsigned char) 0x080016f5   Thumb Code   116  coil.o(.text._ZN4CoilC2EP12GPIO_TypeDefh)
    Coil::Coil__sub_object(GPIO_TypeDef*, unsigned char) 0x080016f5   Thumb Code   116  coil.o(.text._ZN4CoilC2EP12GPIO_TypeDefh)
    Coil::operator=(bool)                    0x08001769   Thumb Code    34  coil.o(.text._ZN4CoilaSEb)
    DIDelay::started()                       0x0800178d   Thumb Code    48  custom_timer.o(.text._ZN7DIDelay7startedEv)
    DIDelay::DIDelay(ISwitch*, unsigned short) 0x080017bd   Thumb Code    46  custom_timer.o(.text._ZN7DIDelayC2EP7ISwitcht)
    DIDelay::DIDelay__sub_object(ISwitch*, unsigned short) 0x080017bd   Thumb Code    46  custom_timer.o(.text._ZN7DIDelayC2EP7ISwitcht)
    ISwitch::ISwitch__sub_object()           0x080017ed   Thumb Code    22  main.o(.text._ZN7ISwitchC2Ev)
    IUpdated::IUpdated__sub_object()         0x08001805   Thumb Code    22  custom_timer.o(.text._ZN8IUpdatedC2Ev)
    std::get_new_handler()                   0x0800181b   Thumb Code    12  cxa_handlers.cpp.o(.text._ZSt15get_new_handlerv)
    operator delete(void*)                   0x08001827   Thumb Code     4  new.cpp.o(.text._ZdlPv)
    operator delete(void*, unsigned int)     0x0800182b   Thumb Code     4  new.cpp.o(.text._ZdlPvj)
    operator new(unsigned int)               0x08001831   Thumb Code    38  new.cpp.o(.text._Znwj)
    __cxa_pure_virtual                       0x08001859   Thumb Code     8  cxa_virtual.cpp.o(.text.__cxa_pure_virtual)
    abort_message                            0x0800194b   Thumb Code     4  abort_message.cpp.o(.text.abort_message)
    main                                     0x08001951   Thumb Code    98  main.o(.text.main)
    pvPortMalloc                             0x080025e5   Thumb Code   390  heap_4.o(.text.pvPortMalloc)
    pxPortInitialiseStack                    0x0800276d   Thumb Code    80  port.o(.text.pxPortInitialiseStack)
    uxListRemove                             0x080027bd   Thumb Code    72  list.o(.text.uxListRemove)
    vApplicationIdleHook                     0x08002805   Thumb Code     2  main.o(.text.vApplicationIdleHook)
    vApplicationStackOverflowHook            0x08002809   Thumb Code    10  main.o(.text.vApplicationStackOverflowHook)
    vApplicationTickHook                     0x08002815   Thumb Code     2  main.o(.text.vApplicationTickHook)
    vListInitialise                          0x08002819   Thumb Code    46  list.o(.text.vListInitialise)
    vListInitialiseItem                      0x08002849   Thumb Code    14  list.o(.text.vListInitialiseItem)
    vListInsert                              0x08002859   Thumb Code   106  list.o(.text.vListInsert)
    vPortEnterCritical                       0x080028c5   Thumb Code    48  port.o(.text.vPortEnterCritical)
    vPortExitCritical                        0x080028f5   Thumb Code    38  port.o(.text.vPortExitCritical)
    vPortFree                                0x0800291d   Thumb Code   118  heap_4.o(.text.vPortFree)
    vPortSetupTimerInterrupt                 0x08002995   Thumb Code    46  port.o(.text.vPortSetupTimerInterrupt)
    vQueueWaitForMessageRestricted           0x080029c5   Thumb Code   100  queue.o(.text.vQueueWaitForMessageRestricted)
    vTaskDelay                               0x08002a29   Thumb Code    74  tasks.o(.text.vTaskDelay)
    vTaskInternalSetTimeOutState             0x08002a75   Thumb Code    36  tasks.o(.text.vTaskInternalSetTimeOutState)
    vTaskMissedYield                         0x08002a99   Thumb Code    14  tasks.o(.text.vTaskMissedYield)
    vTaskPlaceOnEventList                    0x08002aa9   Thumb Code    38  tasks.o(.text.vTaskPlaceOnEventList)
    vTaskPlaceOnEventListRestricted          0x08002ad1   Thumb Code    96  tasks.o(.text.vTaskPlaceOnEventListRestricted)
    vTaskStartScheduler                      0x08002b31   Thumb Code   148  tasks.o(.text.vTaskStartScheduler)
    vTaskSuspendAll                          0x08002bc5   Thumb Code    16  tasks.o(.text.vTaskSuspendAll)
    vTaskSwitchContext                       0x08002bd5   Thumb Code   236  tasks.o(.text.vTaskSwitchContext)
    xPortStartScheduler                      0x08002cc1   Thumb Code    64  port.o(.text.xPortStartScheduler)
    xQueueGenericCreate                      0x08002d01   Thumb Code   126  queue.o(.text.xQueueGenericCreate)
    xQueueGenericReset                       0x08002d81   Thumb Code   208  queue.o(.text.xQueueGenericReset)
    xQueueReceive                            0x08002e51   Thumb Code   338  queue.o(.text.xQueueReceive)
    xTaskCheckForTimeOut                     0x08002fa5   Thumb Code   154  tasks.o(.text.xTaskCheckForTimeOut)
    xTaskCreate                              0x08003041   Thumb Code   160  tasks.o(.text.xTaskCreate)
    xTaskGetTickCount                        0x080030e1   Thumb Code    20  tasks.o(.text.xTaskGetTickCount)
    xTaskIncrementTick                       0x080030f5   Thumb Code   596  tasks.o(.text.xTaskIncrementTick)
    xTaskRemoveFromEventList                 0x08003349   Thumb Code   368  tasks.o(.text.xTaskRemoveFromEventList)
    xTaskResumeAll                           0x080034b9   Thumb Code   510  tasks.o(.text.xTaskResumeAll)
    xTimerCreateTimerTask                    0x080036b9   Thumb Code    80  timers.o(.text.xTimerCreateTimerTask)
    __aeabi_fadd                             0x08003709   Thumb Code     0  faddsub_clz.o(x$fpl$fadd)
    _fadd                                    0x08003709   Thumb Code   196  faddsub_clz.o(x$fpl$fadd)
    __aeabi_fcmpeq                           0x080037cd   Thumb Code     0  fcmp.o(x$fpl$fcmp)
    _feq                                     0x080037cd   Thumb Code    14  fcmp.o(x$fpl$fcmp)
    _fneq                                    0x080037db   Thumb Code    14  fcmp.o(x$fpl$fcmp)
    __aeabi_fcmpgt                           0x080037e9   Thumb Code     0  fcmp.o(x$fpl$fcmp)
    _fgr                                     0x080037e9   Thumb Code    14  fcmp.o(x$fpl$fcmp)
    __aeabi_fcmpge                           0x080037f7   Thumb Code     0  fcmp.o(x$fpl$fcmp)
    _fgeq                                    0x080037f7   Thumb Code    14  fcmp.o(x$fpl$fcmp)
    __aeabi_fcmple                           0x08003805   Thumb Code     0  fcmp.o(x$fpl$fcmp)
    _fleq                                    0x08003805   Thumb Code    14  fcmp.o(x$fpl$fcmp)
    __aeabi_fcmplt                           0x08003813   Thumb Code     0  fcmp.o(x$fpl$fcmp)
    _fls                                     0x08003813   Thumb Code    14  fcmp.o(x$fpl$fcmp)
    __fpl_fcmp_Inf                           0x08003821   Thumb Code    24  fcmpi.o(x$fpl$fcmpinf)
    __aeabi_fdiv                             0x08003839   Thumb Code     0  fdiv.o(x$fpl$fdiv)
    _fdiv                                    0x08003839   Thumb Code   384  fdiv.o(x$fpl$fdiv)
    __aeabi_cfcmpeq                          0x080039bd   Thumb Code     0  feqf.o(x$fpl$feqf)
    _fcmpeq                                  0x080039bd   Thumb Code   104  feqf.o(x$fpl$feqf)
    __aeabi_i2f                              0x08003a25   Thumb Code     0  fflt_clz.o(x$fpl$fflt)
    _fflt                                    0x08003a25   Thumb Code    48  fflt_clz.o(x$fpl$fflt)
    _fcmpge                                  0x08003a55   Thumb Code   104  fgeqf.o(x$fpl$fgeqf)
    __aeabi_cfcmple                          0x08003abd   Thumb Code     0  fleqf.o(x$fpl$fleqf)
    _fcmple                                  0x08003abd   Thumb Code   104  fleqf.o(x$fpl$fleqf)
    __fpl_fcmple_InfNaN                      0x08003b0f   Thumb Code     0  fleqf.o(x$fpl$fleqf)
    __aeabi_fmul                             0x08003b25   Thumb Code     0  fmul.o(x$fpl$fmul)
    _fmul                                    0x08003b25   Thumb Code   258  fmul.o(x$fpl$fmul)
    __fpl_fnaninf                            0x08003c27   Thumb Code   140  fnaninf.o(x$fpl$fnaninf)
    __fpl_fretinf                            0x08003cb3   Thumb Code    10  fretinf.o(x$fpl$fretinf)
    __aeabi_fsub                             0x08003cbd   Thumb Code     0  faddsub_clz.o(x$fpl$fsub)
    _fsub                                    0x08003cbd   Thumb Code   234  faddsub_clz.o(x$fpl$fsub)
    AHBPrescTable                            0x08003da6   Data          16  system_stm32f10x.o(.rodata.AHBPrescTable)
    __I$use$fp                               0x08003da6   Number         0  usenofp.o(x$fpl$usenofp)
    vtable for CommonDelay                   0x08003db8   Data          16  custom_timer.o(.rodata._ZTV11CommonDelay)
    vtable for SimpleInput                   0x08003dc8   Data          12  simple_input.o(.rodata._ZTV11SimpleInput)
    vtable for ProgrammCoil                  0x08003dd4   Data          16  coil.o(.rodata._ZTV12ProgrammCoil)
    vtable for AnalogMonitor                 0x08003de4   Data          12  analog_monitor.o(.rodata._ZTV13AnalogMonitor)
    vtable for Coil                          0x08003df0   Data          16  coil.o(.rodata._ZTV4Coil)
    vtable for DIDelay                       0x08003e00   Data          16  custom_timer.o(.rodata._ZTV7DIDelay)
    vtable for ISwitch                       0x08003e10   Data          12  main.o(.rodata._ZTV7ISwitch)
    vtable for IUpdated                      0x08003e1c   Data          12  custom_timer.o(.rodata._ZTV8IUpdated)
    uxTopUsedPriority                        0x08003e40   Data           4  tasks.o(.rodata.uxTopUsedPriority)
    Region$$Table$$Base                      0x08003e44   Number         0  anon$$obj.o(Region$$Table)
    Region$$Table$$Limit                     0x08003e64   Number         0  anon$$obj.o(Region$$Table)
    SHT$$INIT_ARRAY$$Base                    0x08003e64   Number         0  main.o(.init_array)
    SHT$$INIT_ARRAY$$Limit                   0x08003e68   Number         0  init_aeabi.o(.init_array)
    SystemCoreClock                          0x20000000   Data           4  system_stm32f10x.o(.data.SystemCoreClock)
    allTimersSize                            0x20000004   Data           1  main.o(.data.allTimersSize)
    updateObjects                            0x20000008   Data          16  main.o(.data.updateObjects)
    __libspace_start                         0x20000020   Data          96  libspace.o(.bss)
    __cxa_new_handler                        0x20000080   Data           4  cxa_default_handlers.cpp.o(.bss.__cxa_new_handler)
    __temporary_stack_top$libspace           0x20000080   Data           0  libspace.o(.bss)
    adcMonitor                               0x20000084   Data          56  main.o(.bss.adcMonitor)
    adcValues                                0x200000bc   Data           4  main.o(.bss.adcValues)
    button                                   0x200000c0   Data          12  main.o(.bss.button)
    buttonDelay                              0x200000cc   Data          16  main.o(.bss.buttonDelay)
    delay                                    0x200000dc   Data          12  main.o(.bss.delay)
    led                                      0x200000e8   Data          16  main.o(.bss.led)
    ledDelay                                 0x200000f8   Data          16  main.o(.bss.ledDelay)
    ledSwitch                                0x20000108   Data           8  main.o(.bss.ledSwitch)
    pxCurrentTCB                             0x20000114   Data           4  tasks.o(.bss.pxCurrentTCB)



==============================================================================

Memory Map of the image

  Image Entry point : 0x080000ed

  Load Region LR_IROM1 (Base: 0x08000000, Size: 0x00003e88, Max: 0x00010000, ABSOLUTE)

    Execution Region ER_IROM1 (Exec base: 0x08000000, Load base: 0x08000000, Size: 0x00003e68, Max: 0x00010000, ABSOLUTE)

    Exec Addr    Load Addr    Size         Type   Attr      Idx    E Section Name        Object

    0x08000000   0x08000000   0x000000ec   Data   RO          688    RESET               startup_stm32f10x_md.o
    0x080000ec   0x080000ec   0x00000008   Code   RO          729  * !!!main             c_w.l(__main.o)
    0x080000f4   0x080000f4   0x00000034   Code   RO         1148    !!!scatter          c_w.l(__scatter.o)
    0x08000128   0x08000128   0x0000001a   Code   RO         1150    !!handler_copy      c_w.l(__scatter_copy.o)
    0x08000142   0x08000142   0x00000002   PAD
    0x08000144   0x08000144   0x0000001c   Code   RO         1152    !!handler_zi        c_w.l(__scatter_zi.o)
    0x08000160   0x08000160   0x00000002   Code   RO         1086    .ARM.Collect$$libinit$$00000000  c_w.l(libinit.o)
    0x08000162   0x08000162   0x00000000   Code   RO          886    .ARM.Collect$$libinit$$00000002  c_w.l(libinit2.o)
    0x08000162   0x08000162   0x00000000   Code   RO          888    .ARM.Collect$$libinit$$00000004  c_w.l(libinit2.o)
    0x08000162   0x08000162   0x00000000   Code   RO          890    .ARM.Collect$$libinit$$00000006  c_w.l(libinit2.o)
    0x08000162   0x08000162   0x00000008   Code   RO          891    .ARM.Collect$$libinit$$00000007  c_w.l(libinit2.o)
    0x0800016a   0x0800016a   0x00000000   Code   RO          893    .ARM.Collect$$libinit$$0000000C  c_w.l(libinit2.o)
    0x0800016a   0x0800016a   0x00000000   Code   RO          895    .ARM.Collect$$libinit$$0000000E  c_w.l(libinit2.o)
    0x0800016a   0x0800016a   0x00000000   Code   RO          897    .ARM.Collect$$libinit$$00000010  c_w.l(libinit2.o)
    0x0800016a   0x0800016a   0x00000000   Code   RO          900    .ARM.Collect$$libinit$$00000013  c_w.l(libinit2.o)
    0x0800016a   0x0800016a   0x00000000   Code   RO          902    .ARM.Collect$$libinit$$00000015  c_w.l(libinit2.o)
    0x0800016a   0x0800016a   0x00000000   Code   RO          904    .ARM.Collect$$libinit$$00000017  c_w.l(libinit2.o)
    0x0800016a   0x0800016a   0x00000000   Code   RO          906    .ARM.Collect$$libinit$$00000019  c_w.l(libinit2.o)
    0x0800016a   0x0800016a   0x00000000   Code   RO          908    .ARM.Collect$$libinit$$0000001B  c_w.l(libinit2.o)
    0x0800016a   0x0800016a   0x00000000   Code   RO          910    .ARM.Collect$$libinit$$0000001D  c_w.l(libinit2.o)
    0x0800016a   0x0800016a   0x00000000   Code   RO          912    .ARM.Collect$$libinit$$0000001F  c_w.l(libinit2.o)
    0x0800016a   0x0800016a   0x00000000   Code   RO          914    .ARM.Collect$$libinit$$00000021  c_w.l(libinit2.o)
    0x0800016a   0x0800016a   0x00000000   Code   RO          916    .ARM.Collect$$libinit$$00000023  c_w.l(libinit2.o)
    0x0800016a   0x0800016a   0x00000000   Code   RO          918    .ARM.Collect$$libinit$$00000025  c_w.l(libinit2.o)
    0x0800016a   0x0800016a   0x00000000   Code   RO          920    .ARM.Collect$$libinit$$00000027  c_w.l(libinit2.o)
    0x0800016a   0x0800016a   0x00000000   Code   RO          924    .ARM.Collect$$libinit$$0000002E  c_w.l(libinit2.o)
    0x0800016a   0x0800016a   0x00000000   Code   RO          926    .ARM.Collect$$libinit$$00000030  c_w.l(libinit2.o)
    0x0800016a   0x0800016a   0x00000000   Code   RO          928    .ARM.Collect$$libinit$$00000032  c_w.l(libinit2.o)
    0x0800016a   0x0800016a   0x00000004   Code   RO          929    .ARM.Collect$$libinit$$00000033  c_w.l(libinit2.o)
    0x0800016e   0x0800016e   0x00000000   Code   RO          930    .ARM.Collect$$libinit$$00000034  c_w.l(libinit2.o)
    0x0800016e   0x0800016e   0x00000002   Code   RO          931    .ARM.Collect$$libinit$$00000035  c_w.l(libinit2.o)
    0x08000170   0x08000170   0x00000002   Code   RO         1146    .ARM.Collect$$libshutdown$$00000000  c_w.l(libshutdown.o)
    0x08000172   0x08000172   0x00000006   Code   RO         1087    .ARM.Collect$$libshutdown$$00000001  c_w.l(libshutdown2.o)
    0x08000178   0x08000178   0x00000000   Code   RO         1088    .ARM.Collect$$libshutdown$$00000002  c_w.l(libshutdown2.o)
    0x08000178   0x08000178   0x00000000   Code   RO         1090    .ARM.Collect$$libshutdown$$00000004  c_w.l(libshutdown2.o)
    0x08000178   0x08000178   0x00000000   Code   RO         1093    .ARM.Collect$$libshutdown$$00000007  c_w.l(libshutdown2.o)
    0x08000178   0x08000178   0x00000000   Code   RO         1096    .ARM.Collect$$libshutdown$$0000000A  c_w.l(libshutdown2.o)
    0x08000178   0x08000178   0x00000000   Code   RO         1098    .ARM.Collect$$libshutdown$$0000000C  c_w.l(libshutdown2.o)
    0x08000178   0x08000178   0x00000000   Code   RO         1101    .ARM.Collect$$libshutdown$$0000000F  c_w.l(libshutdown2.o)
    0x08000178   0x08000178   0x00000002   Code   RO         1102    .ARM.Collect$$libshutdown$$00000010  c_w.l(libshutdown2.o)
    0x0800017a   0x0800017a   0x00000000   Code   RO          808    .ARM.Collect$$rtentry$$00000000  c_w.l(__rtentry.o)
    0x0800017a   0x0800017a   0x00000000   Code   RO          974    .ARM.Collect$$rtentry$$00000002  c_w.l(__rtentry2.o)
    0x0800017a   0x0800017a   0x00000006   Code   RO          986    .ARM.Collect$$rtentry$$00000004  c_w.l(__rtentry4.o)
    0x08000180   0x08000180   0x00000000   Code   RO          976    .ARM.Collect$$rtentry$$00000009  c_w.l(__rtentry2.o)
    0x08000180   0x08000180   0x00000004   Code   RO          977    .ARM.Collect$$rtentry$$0000000A  c_w.l(__rtentry2.o)
    0x08000184   0x08000184   0x00000000   Code   RO          979    .ARM.Collect$$rtentry$$0000000C  c_w.l(__rtentry2.o)
    0x08000184   0x08000184   0x00000008   Code   RO          980    .ARM.Collect$$rtentry$$0000000D  c_w.l(__rtentry2.o)
    0x0800018c   0x0800018c   0x00000002   Code   RO         1103    .ARM.Collect$$rtexit$$00000000  c_w.l(rtexit.o)
    0x0800018e   0x0800018e   0x00000000   Code   RO         1118    .ARM.Collect$$rtexit$$00000002  c_w.l(rtexit2.o)
    0x0800018e   0x0800018e   0x00000004   Code   RO         1119    .ARM.Collect$$rtexit$$00000003  c_w.l(rtexit2.o)
    0x08000192   0x08000192   0x00000006   Code   RO         1120    .ARM.Collect$$rtexit$$00000004  c_w.l(rtexit2.o)
    0x08000198   0x08000198   0x00000040   Code   RO          689    .text               startup_stm32f10x_md.o
    0x080001d8   0x080001d8   0x0000000a   Code   RO          716    .text               c_w.l(cxa_atexit.o)
    0x080001e2   0x080001e2   0x0000008a   Code   RO          719    .text               c_w.l(rt_memcpy_v6.o)
    0x0800026c   0x0800026c   0x00000010   Code   RO          721    .text               c_w.l(aeabi_memset4.o)
    0x0800027c   0x0800027c   0x00000044   Code   RO          723    .text               c_w.l(rt_memclr.o)
    0x080002c0   0x080002c0   0x0000004e   Code   RO          725    .text               c_w.l(rt_memclr_w.o)
    0x0800030e   0x0800030e   0x00000006   Code   RO          727    .text               c_w.l(heapauxi.o)
    0x08000314   0x08000314   0x00000024   Code   RO          734    .text               c_w.l(init_aeabi.o)
    0x08000338   0x08000338   0x0000005e   Code   RO          813    .text               c_w.l(h1_alloc.o)
    0x08000396   0x08000396   0x0000004e   Code   RO          815    .text               c_w.l(h1_free.o)
    0x080003e4   0x080003e4   0x00000016   Code   RO          875    .text               c_w.l(abort.o)
    0x080003fa   0x080003fa   0x0000002e   Code   RO          880    .text               c_w.l(aeabi_atexit.o)
    0x08000428   0x08000428   0x00000064   Code   RO          883    .text               c_w.l(rt_memcpy_w.o)
    0x0800048c   0x0800048c   0x0000000c   Code   RO          967    .text               c_w.l(sys_exit.o)
    0x08000498   0x08000498   0x00000008   Code   RO          991    .text               c_w.l(rt_heap_descriptor_intlibspace.o)
    0x080004a0   0x080004a0   0x00000008   Code   RO          996    .text               c_w.l(rt_ddtor_pointer_addr_intlibspace.o)
    0x080004a8   0x080004a8   0x00000004   Code   RO          998    .text               c_w.l(hguard.o)
    0x080004ac   0x080004ac   0x0000008a   Code   RO         1000    .text               c_w.l(init_alloc.o)
    0x08000536   0x08000536   0x0000000e   Code   RO         1004    .text               c_w.l(h1_init.o)
    0x08000544   0x08000544   0x00000042   Code   RO         1016    .text               c_w.l(cxa_finalize.o)
    0x08000586   0x08000586   0x0000000e   Code   RO         1019    .text               c_w.l(defsig_abrt_outer.o)
    0x08000594   0x08000594   0x00000008   Code   RO         1046    .text               c_w.l(libspace.o)
    0x0800059c   0x0800059c   0x00000002   Code   RO         1049    .text               c_w.l(use_no_semi.o)
    0x0800059e   0x0800059e   0x00000000   Code   RO         1051    .text               c_w.l(indicate_semi.o)
    0x0800059e   0x0800059e   0x0000004a   Code   RO         1052    .text               c_w.l(sys_stackheap_outer.o)
    0x080005e8   0x080005e8   0x00000000   Code   RO         1058    .text               c_w.l(maybetermalloc1.o)
    0x080005e8   0x080005e8   0x00000034   Code   RO         1060    .text               c_w.l(h1_extend.o)
    0x0800061c   0x0800061c   0x00000012   Code   RO         1064    .text               c_w.l(exit.o)
    0x0800062e   0x0800062e   0x0000000a   Code   RO         1066    .text               c_w.l(defsig_exit.o)
    0x08000638   0x08000638   0x00000030   Code   RO         1068    .text               c_w.l(defsig_abrt_inner.o)
    0x08000668   0x08000668   0x0000000e   Code   RO         1070    .text               c_w.l(defsig_rtmem_outer.o)
    0x08000676   0x08000676   0x00000032   Code   RO         1109    .text               c_w.l(defsig_general.o)
    0x080006a8   0x080006a8   0x00000050   Code   RO         1111    .text               c_w.l(defsig_rtmem_inner.o)
    0x080006f8   0x080006f8   0x0000000e   Code   RO         1113    .text               c_w.l(sys_wrch.o)
    0x08000706   0x08000706   0x0000000a   PAD
    0x08000710   0x08000710   0x00000044   Code   RO          243    .text.PendSV_Handler  port.o
    0x08000754   0x08000754   0x0000000c   PAD
    0x08000760   0x08000760   0x00000024   Code   RO          229    .text.SVC_Handler   port.o
    0x08000784   0x08000784   0x00000008   Code   RO          697    .text.SetSysClock   system_stm32f10x.o
    0x0800078c   0x0800078c   0x00000122   Code   RO          701    .text.SetSysClockTo72  system_stm32f10x.o
    0x080008ae   0x080008ae   0x00000002   PAD
    0x080008b0   0x080008b0   0x0000003c   Code   RO          245    .text.SysTick_Handler  port.o
    0x080008ec   0x080008ec   0x00000122   Code   RO          699    .text.SystemCoreClockUpdate  system_stm32f10x.o
    0x08000a0e   0x08000a0e   0x00000002   PAD
    0x08000a10   0x08000a10   0x00000066   Code   RO          695    .text.SystemInit    system_stm32f10x.o
    0x08000a76   0x08000a76   0x00000002   PAD
    0x08000a78   0x08000a78   0x0000004c   Code   RO           26    .text.TIM2_IRQHandler  main.o
    0x08000ac4   0x08000ac4   0x00000020   Code   RO           28    .text._GLOBAL__sub_I_main.cpp  main.o
    0x08000ae4   0x08000ae4   0x0000000e   Code   RO           96    .text._Z10commonInitv  common.o
    0x08000af2   0x08000af2   0x00000002   PAD
    0x08000af4   0x08000af4   0x0000003e   Code   RO           90    .text._Z11getPositionj  common.o
    0x08000b32   0x08000b32   0x00000002   PAD
    0x08000b34   0x08000b34   0x00000020   Code   RO           86    .text._Z11setRegisterPVjjj  common.o
    0x08000b54   0x08000b54   0x00000044   Code   RO           92    .text._Z17setBitsInRegisterPVjjj  common.o
    0x08000b98   0x08000b98   0x00000158   Code   RO          108    .text._Z7adcInitv   common.o
    0x08000cf0   0x08000cf0   0x000000c6   Code   RO          679    .text._Z7ledTaskPv  led_task.o
    0x08000db6   0x08000db6   0x00000002   PAD
    0x08000db8   0x08000db8   0x000000ce   Code   RO          100    .text._Z7rccInitv   common.o
    0x08000e86   0x08000e86   0x00000002   PAD
    0x08000e88   0x08000e88   0x00000058   Code   RO          102    .text._Z8tickInitv  common.o
    0x08000ee0   0x08000ee0   0x00000030   Code   RO          104    .text._ZL16__NVIC_EnableIRQ4IRQn  common.o
    0x08000f10   0x08000f10   0x00000042   Code   RO          106    .text._ZL18__NVIC_SetPriority4IRQnj  common.o
    0x08000f52   0x08000f52   0x00000002   PAD
    0x08000f54   0x08000f54   0x0000003c   Code   RO           98    .text._ZL26__NVIC_SetPriorityGroupingj  common.o
    0x08000f90   0x08000f90   0x000000e2   Code   RO          179    .text._ZN10GPIOcommonC2EP12GPIO_TypeDefh  gpio_common.o
    0x08001072   0x08001072   0x00000002   PAD
    0x08001074   0x08001074   0x00000016   Code   RO          159    .text._ZN11CommonDelay11notFinishedEv  custom_timer.o
    0x0800108a   0x0800108a   0x00000002   PAD
    0x0800108c   0x0800108c   0x0000004c   Code   RO          161    .text._ZN11CommonDelay15finishedImpulseEv  custom_timer.o
    0x080010d8   0x080010d8   0x00000018   Code   RO          151    .text._ZN11CommonDelay15prepareAndStartEv  custom_timer.o
    0x080010f0   0x080010f0   0x00000014   Code   RO          147    .text._ZN11CommonDelay4stopEv  custom_timer.o
    0x08001104   0x08001104   0x00000010   Code   RO          149    .text._ZN11CommonDelay5resetEv  custom_timer.o
    0x08001114   0x08001114   0x0000000e   Code   RO          141    .text._ZN11CommonDelay5startEv  custom_timer.o
    0x08001122   0x08001122   0x00000002   PAD
    0x08001124   0x08001124   0x00000048   Code   RO          131    .text._ZN11CommonDelay6updateEv  custom_timer.o
    0x0800116c   0x0800116c   0x00000010   Code   RO          157    .text._ZN11CommonDelay7startedEv  custom_timer.o
    0x0800117c   0x0800117c   0x00000016   Code   RO          145    .text._ZN11CommonDelay8finishedEv  custom_timer.o
    0x08001192   0x08001192   0x00000002   PAD
    0x08001194   0x08001194   0x0000002c   Code   RO          153    .text._ZN11CommonDelay8setStartEb  custom_timer.o
    0x080011c0   0x080011c0   0x00000014   Code   RO          135    .text._ZN11CommonDelay9setPeriodEt  custom_timer.o
    0x080011d4   0x080011d4   0x0000002a   Code   RO          129    .text._ZN11CommonDelayC2Et  custom_timer.o
    0x080011fe   0x080011fe   0x00000002   PAD
    0x08001200   0x08001200   0x00000020   Code   RO          155    .text._ZN11CommonDelayaSEb  custom_timer.o
    0x08001220   0x08001220   0x00000018   Code   RO          119    .text._ZN11SimpleInput8isActiveEv  simple_input.o
    0x08001238   0x08001238   0x00000092   Code   RO          117    .text._ZN11SimpleInputC2EP12GPIO_TypeDefh  simple_input.o
    0x080012ca   0x080012ca   0x00000002   PAD
    0x080012cc   0x080012cc   0x00000022   Code   RO           64    .text._ZN12ProgrammCoil6toggleEv  coil.o
    0x080012ee   0x080012ee   0x00000002   PAD
    0x080012f0   0x080012f0   0x00000010   Code   RO           56    .text._ZN12ProgrammCoil8isActiveEv  coil.o
    0x08001300   0x08001300   0x00000018   Code   RO           58    .text._ZN12ProgrammCoil8setValueEb  coil.o
    0x08001318   0x08001318   0x00000020   Code   RO           50    .text._ZN12ProgrammCoilC2Ev  main.o
    0x08001338   0x08001338   0x00000022   Code   RO           66    .text._ZN12ProgrammCoilaSEb  coil.o
    0x0800135a   0x0800135a   0x00000002   PAD
    0x0800135c   0x0800135c   0x00000012   Code   RO          205    .text._ZN13AnalogMonitor10isHighWarnEv  analog_monitor.o
    0x0800136e   0x0800136e   0x00000002   PAD
    0x08001370   0x08001370   0x00000012   Code   RO          209    .text._ZN13AnalogMonitor10isLowAlarmEv  analog_monitor.o
    0x08001382   0x08001382   0x00000002   PAD
    0x08001384   0x08001384   0x00000012   Code   RO          203    .text._ZN13AnalogMonitor11isHighAlarmEv  analog_monitor.o
    0x08001396   0x08001396   0x00000002   PAD
    0x08001398   0x08001398   0x00000026   Code   RO          201    .text._ZN13AnalogMonitor13setTresDelaysE9TRES_TYPEt  analog_monitor.o
    0x080013be   0x080013be   0x00000002   PAD
    0x080013c0   0x080013c0   0x00000166   Code   RO          193    .text._ZN13AnalogMonitor6updateEv  analog_monitor.o
    0x08001526   0x08001526   0x00000002   PAD
    0x08001528   0x08001528   0x00000016   Code   RO          220    .text._ZN13AnalogMonitor8getRangeIVtEET_PKS2_  analog_monitor.o
    0x0800153e   0x0800153e   0x00000002   PAD
    0x08001540   0x08001540   0x00000016   Code   RO          218    .text._ZN13AnalogMonitor8getRangeIfEET_PKS1_  analog_monitor.o
    0x08001556   0x08001556   0x00000002   PAD
    0x08001558   0x08001558   0x00000012   Code   RO          207    .text._ZN13AnalogMonitor9isLowWarnEv  analog_monitor.o
    0x0800156a   0x0800156a   0x00000002   PAD
    0x0800156c   0x0800156c   0x000000dc   Code   RO          187    .text._ZN13AnalogMonitorC2EhPVt  analog_monitor.o
    0x08001648   0x08001648   0x00000050   Code   RO          191    .text._ZN13AnalogMonitorD2Ev  analog_monitor.o
    0x08001698   0x08001698   0x00000016   Code   RO           70    .text._ZN4Coil8isActiveEv  coil.o
    0x080016ae   0x080016ae   0x00000002   PAD
    0x080016b0   0x080016b0   0x00000042   Code   RO           72    .text._ZN4Coil8setValueEb  coil.o
    0x080016f2   0x080016f2   0x00000002   PAD
    0x080016f4   0x080016f4   0x00000074   Code   RO           68    .text._ZN4CoilC2EP12GPIO_TypeDefh  coil.o
    0x08001768   0x08001768   0x00000022   Code   RO           74    .text._ZN4CoilaSEb  coil.o
    0x0800178a   0x0800178a   0x00000002   PAD
    0x0800178c   0x0800178c   0x00000030   Code   RO          165    .text._ZN7DIDelay7startedEv  custom_timer.o
    0x080017bc   0x080017bc   0x0000002e   Code   RO          163    .text._ZN7DIDelayC2EP7ISwitcht  custom_timer.o
    0x080017ea   0x080017ea   0x00000002   PAD
    0x080017ec   0x080017ec   0x00000016   Code   RO           52    .text._ZN7ISwitchC2Ev  main.o
    0x08001802   0x08001802   0x00000002   PAD
    0x08001804   0x08001804   0x00000016   Code   RO          175    .text._ZN8IUpdatedC2Ev  custom_timer.o
    0x0800181a   0x0800181a   0x0000000c   Code   RO          960    .text._ZSt15get_new_handlerv  libcppabi_w.l(cxa_handlers.cpp.o)
    0x08001826   0x08001826   0x00000004   Code   RO          768    .text._ZdlPv        libcpp_w.l(new.cpp.o)
    0x0800182a   0x0800182a   0x00000004   Code   RO          772    .text._ZdlPvj       libcpp_w.l(new.cpp.o)
    0x0800182e   0x0800182e   0x00000002   PAD
    0x08001830   0x08001830   0x00000026   Code   RO          760    .text._Znwj         libcpp_w.l(new.cpp.o)
    0x08001856   0x08001856   0x00000002   PAD
    0x08001858   0x08001858   0x00000028   Code   RO          803    .text.__cxa_pure_virtual  libcppabi_w.l(cxa_virtual.cpp.o)
    0x08001880   0x08001880   0x0000001a   Code   RO           10    .text.__cxx_global_var_init  main.o
    0x0800189a   0x0800189a   0x00000002   PAD
    0x0800189c   0x0800189c   0x0000001a   Code   RO           12    .text.__cxx_global_var_init.1  main.o
    0x080018b6   0x080018b6   0x00000002   PAD
    0x080018b8   0x080018b8   0x00000010   Code   RO           14    .text.__cxx_global_var_init.2  main.o
    0x080018c8   0x080018c8   0x0000001c   Code   RO           16    .text.__cxx_global_var_init.3  main.o
    0x080018e4   0x080018e4   0x0000001a   Code   RO           18    .text.__cxx_global_var_init.4  main.o
    0x080018fe   0x080018fe   0x00000002   PAD
    0x08001900   0x08001900   0x00000012   Code   RO           20    .text.__cxx_global_var_init.5  main.o
    0x08001912   0x08001912   0x00000002   PAD
    0x08001914   0x08001914   0x00000036   Code   RO           22    .text.__cxx_global_var_init.6  main.o
    0x0800194a   0x0800194a   0x00000004   Code   RO          964    .text.abort_message  libcppabi_w.l(abort_message.cpp.o)
    0x0800194e   0x0800194e   0x00000002   PAD
    0x08001950   0x08001950   0x00000062   Code   RO           24    .text.main          main.o
    0x080019b2   0x080019b2   0x00000002   PAD
    0x080019b4   0x080019b4   0x0000011a   Code   RO          478    .text.prvAddCurrentTaskToDelayedList  tasks.o
    0x08001ace   0x08001ace   0x00000002   PAD
    0x08001ad0   0x08001ad0   0x00000154   Code   RO          466    .text.prvAddNewTaskToReadyList  tasks.o
    0x08001c24   0x08001c24   0x0000006a   Code   RO          614    .text.prvCheckForValidListAndQueue  timers.o
    0x08001c8e   0x08001c8e   0x00000002   PAD
    0x08001c90   0x08001c90   0x0000005a   Code   RO          580    .text.prvCheckTasksWaitingTermination  tasks.o
    0x08001cea   0x08001cea   0x00000002   PAD
    0x08001cec   0x08001cec   0x00000042   Code   RO          368    .text.prvCopyDataFromQueue  queue.o
    0x08001d2e   0x08001d2e   0x00000002   PAD
    0x08001d30   0x08001d30   0x00000018   Code   RO          472    .text.prvDeleteTCB  tasks.o
    0x08001d48   0x08001d48   0x00000040   Code   RO          648    .text.prvGetNextExpireTime  timers.o
    0x08001d88   0x08001d88   0x000000ae   Code   RO          289    .text.prvHeapInit   heap_4.o
    0x08001e36   0x08001e36   0x00000002   PAD
    0x08001e38   0x08001e38   0x0000003c   Code   RO          504    .text.prvIdleTask   tasks.o
    0x08001e74   0x08001e74   0x00000048   Code   RO          340    .text.prvInitialiseNewQueue  queue.o
    0x08001ebc   0x08001ebc   0x000000e6   Code   RO          464    .text.prvInitialiseNewTask  tasks.o
    0x08001fa2   0x08001fa2   0x00000002   PAD
    0x08001fa4   0x08001fa4   0x0000008e   Code   RO          578    .text.prvInitialiseTaskLists  tasks.o
    0x08002032   0x08002032   0x00000002   PAD
    0x08002034   0x08002034   0x000000c6   Code   RO          291    .text.prvInsertBlockIntoFreeList  heap_4.o
    0x080020fa   0x080020fa   0x00000002   PAD
    0x080020fc   0x080020fc   0x00000086   Code   RO          662    .text.prvInsertTimerInActiveList  timers.o
    0x08002182   0x08002182   0x00000002   PAD
    0x08002184   0x08002184   0x00000028   Code   RO          370    .text.prvIsQueueEmpty  queue.o
    0x080021ac   0x080021ac   0x00000020   Code   RO          235    .text.prvPortStartFirstTask  port.o
    0x080021cc   0x080021cc   0x00000054   Code   RO          656    .text.prvProcessExpiredTimer  timers.o
    0x08002220   0x08002220   0x00000126   Code   RO          652    .text.prvProcessReceivedCommands  timers.o
    0x08002346   0x08002346   0x00000002   PAD
    0x08002348   0x08002348   0x0000009a   Code   RO          650    .text.prvProcessTimerOrBlockTask  timers.o
    0x080023e2   0x080023e2   0x00000002   PAD
    0x080023e4   0x080023e4   0x00000034   Code   RO          660    .text.prvReloadTimer  timers.o
    0x08002418   0x08002418   0x0000003c   Code   RO          470    .text.prvResetNextTaskUnblockTime  tasks.o
    0x08002454   0x08002454   0x00000044   Code   RO          654    .text.prvSampleTimeNow  timers.o
    0x08002498   0x08002498   0x00000052   Code   RO          658    .text.prvSwitchTimerLists  timers.o
    0x080024ea   0x080024ea   0x00000002   PAD
    0x080024ec   0x080024ec   0x00000026   Code   RO          227    .text.prvTaskExitError  port.o
    0x08002512   0x08002512   0x00000002   PAD
    0x08002514   0x08002514   0x0000001e   Code   RO          616    .text.prvTimerTask  timers.o
    0x08002532   0x08002532   0x00000002   PAD
    0x08002534   0x08002534   0x000000ae   Code   RO          360    .text.prvUnlockQueue  queue.o
    0x080025e2   0x080025e2   0x00000002   PAD
    0x080025e4   0x080025e4   0x00000186   Code   RO          287    .text.pvPortMalloc  heap_4.o
    0x0800276a   0x0800276a   0x00000002   PAD
    0x0800276c   0x0800276c   0x00000050   Code   RO          225    .text.pxPortInitialiseStack  port.o
    0x080027bc   0x080027bc   0x00000048   Code   RO          327    .text.uxListRemove  list.o
    0x08002804   0x08002804   0x00000002   Code   RO            2    .text.vApplicationIdleHook  main.o
    0x08002806   0x08002806   0x00000002   PAD
    0x08002808   0x08002808   0x0000000a   Code   RO            8    .text.vApplicationStackOverflowHook  main.o
    0x08002812   0x08002812   0x00000002   PAD
    0x08002814   0x08002814   0x00000002   Code   RO            4    .text.vApplicationTickHook  main.o
    0x08002816   0x08002816   0x00000002   PAD
    0x08002818   0x08002818   0x0000002e   Code   RO          319    .text.vListInitialise  list.o
    0x08002846   0x08002846   0x00000002   PAD
    0x08002848   0x08002848   0x0000000e   Code   RO          321    .text.vListInitialiseItem  list.o
    0x08002856   0x08002856   0x00000002   PAD
    0x08002858   0x08002858   0x0000006a   Code   RO          325    .text.vListInsert   list.o
    0x080028c2   0x080028c2   0x00000002   PAD
    0x080028c4   0x080028c4   0x00000030   Code   RO          239    .text.vPortEnterCritical  port.o
    0x080028f4   0x080028f4   0x00000026   Code   RO          241    .text.vPortExitCritical  port.o
    0x0800291a   0x0800291a   0x00000002   PAD
    0x0800291c   0x0800291c   0x00000076   Code   RO          293    .text.vPortFree     heap_4.o
    0x08002992   0x08002992   0x00000002   PAD
    0x08002994   0x08002994   0x0000002e   Code   RO          233    .text.vPortSetupTimerInterrupt  port.o
    0x080029c2   0x080029c2   0x00000002   PAD
    0x080029c4   0x080029c4   0x00000064   Code   RO          398    .text.vQueueWaitForMessageRestricted  queue.o
    0x08002a28   0x08002a28   0x0000004a   Code   RO          482    .text.vTaskDelay    tasks.o
    0x08002a72   0x08002a72   0x00000002   PAD
    0x08002a74   0x08002a74   0x00000024   Code   RO          536    .text.vTaskInternalSetTimeOutState  tasks.o
    0x08002a98   0x08002a98   0x0000000e   Code   RO          540    .text.vTaskMissedYield  tasks.o
    0x08002aa6   0x08002aa6   0x00000002   PAD
    0x08002aa8   0x08002aa8   0x00000026   Code   RO          524    .text.vTaskPlaceOnEventList  tasks.o
    0x08002ace   0x08002ace   0x00000002   PAD
    0x08002ad0   0x08002ad0   0x00000060   Code   RO          528    .text.vTaskPlaceOnEventListRestricted  tasks.o
    0x08002b30   0x08002b30   0x00000094   Code   RO          502    .text.vTaskStartScheduler  tasks.o
    0x08002bc4   0x08002bc4   0x00000010   Code   RO          476    .text.vTaskSuspendAll  tasks.o
    0x08002bd4   0x08002bd4   0x000000ec   Code   RO          494    .text.vTaskSwitchContext  tasks.o
    0x08002cc0   0x08002cc0   0x00000040   Code   RO          231    .text.xPortStartScheduler  port.o
    0x08002d00   0x08002d00   0x0000007e   Code   RO          338    .text.xQueueGenericCreate  queue.o
    0x08002d7e   0x08002d7e   0x00000002   PAD
    0x08002d80   0x08002d80   0x000000d0   Code   RO          336    .text.xQueueGenericReset  queue.o
    0x08002e50   0x08002e50   0x00000152   Code   RO          366    .text.xQueueReceive  queue.o
    0x08002fa2   0x08002fa2   0x00000002   PAD
    0x08002fa4   0x08002fa4   0x0000009a   Code   RO          538    .text.xTaskCheckForTimeOut  tasks.o
    0x0800303e   0x0800303e   0x00000002   PAD
    0x08003040   0x08003040   0x000000a0   Code   RO          462    .text.xTaskCreate   tasks.o
    0x080030e0   0x080030e0   0x00000014   Code   RO          510    .text.xTaskGetTickCount  tasks.o
    0x080030f4   0x080030f4   0x00000254   Code   RO          508    .text.xTaskIncrementTick  tasks.o
    0x08003348   0x08003348   0x00000170   Code   RO          530    .text.xTaskRemoveFromEventList  tasks.o
    0x080034b8   0x080034b8   0x000001fe   Code   RO          480    .text.xTaskResumeAll  tasks.o
    0x080036b6   0x080036b6   0x00000002   PAD
    0x080036b8   0x080036b8   0x00000050   Code   RO          612    .text.xTimerCreateTimerTask  timers.o
    0x08003708   0x08003708   0x000000c4   Code   RO          737    x$fpl$fadd          fz_ws.l(faddsub_clz.o)
    0x080037cc   0x080037cc   0x00000054   Code   RO          743    x$fpl$fcmp          fz_ws.l(fcmp.o)
    0x08003820   0x08003820   0x00000018   Code   RO         1027    x$fpl$fcmpinf       fz_ws.l(fcmpi.o)
    0x08003838   0x08003838   0x00000184   Code   RO          746    x$fpl$fdiv          fz_ws.l(fdiv.o)
    0x080039bc   0x080039bc   0x00000068   Code   RO          936    x$fpl$feqf          fz_ws.l(feqf.o)
    0x08003a24   0x08003a24   0x00000030   Code   RO          750    x$fpl$fflt          fz_ws.l(fflt_clz.o)
    0x08003a54   0x08003a54   0x00000068   Code   RO          938    x$fpl$fgeqf         fz_ws.l(fgeqf.o)
    0x08003abc   0x08003abc   0x00000068   Code   RO          940    x$fpl$fleqf         fz_ws.l(fleqf.o)
    0x08003b24   0x08003b24   0x00000102   Code   RO          755    x$fpl$fmul          fz_ws.l(fmul.o)
    0x08003c26   0x08003c26   0x0000008c   Code   RO          942    x$fpl$fnaninf       fz_ws.l(fnaninf.o)
    0x08003cb2   0x08003cb2   0x0000000a   Code   RO          944    x$fpl$fretinf       fz_ws.l(fretinf.o)
    0x08003cbc   0x08003cbc   0x000000ea   Code   RO          739    x$fpl$fsub          fz_ws.l(faddsub_clz.o)
    0x08003da6   0x08003da6   0x00000000   Code   RO          946    x$fpl$usenofp       fz_ws.l(usenofp.o)
    0x08003da6   0x08003da6   0x00000010   Data   RO          704    .rodata.AHBPrescTable  system_stm32f10x.o
    0x08003db6   0x08003db6   0x00000002   PAD
    0x08003db8   0x08003db8   0x00000010   Data   RO          167    .rodata._ZTV11CommonDelay  custom_timer.o
    0x08003dc8   0x08003dc8   0x0000000c   Data   RO          121    .rodata._ZTV11SimpleInput  simple_input.o
    0x08003dd4   0x08003dd4   0x00000010   Data   RO           77    .rodata._ZTV12ProgrammCoil  coil.o
    0x08003de4   0x08003de4   0x0000000c   Data   RO          211    .rodata._ZTV13AnalogMonitor  analog_monitor.o
    0x08003df0   0x08003df0   0x00000010   Data   RO           76    .rodata._ZTV4Coil   coil.o
    0x08003e00   0x08003e00   0x00000010   Data   RO          168    .rodata._ZTV7DIDelay  custom_timer.o
    0x08003e10   0x08003e10   0x0000000c   Data   RO           54    .rodata._ZTV7ISwitch  main.o
    0x08003e1c   0x08003e1c   0x0000000c   Data   RO          177    .rodata._ZTV8IUpdated  custom_timer.o
    0x08003e28   0x08003e28   0x00000008   Data   RO           40    .rodata.str1.1      main.o
    0x08003e30   0x08003e30   0x00000005   Data   RO          598    .rodata.str1.1      tasks.o
    0x08003e35   0x08003e35   0x00000008   Data   RO          665    .rodata.str1.1      timers.o
    0x08003e3d   0x08003e3d   0x00000003   PAD
    0x08003e40   0x08003e40   0x00000004   Data   RO          583    .rodata.uxTopUsedPriority  tasks.o
    0x08003e44   0x08003e44   0x00000020   Data   RO         1147    Region$$Table       anon$$obj.o
    0x08003e64   0x08003e64   0x00000004   Data   RO           41    .init_array         main.o
    0x08003e68   0x08003e64   0x00000000   Data   RO          732    .init_array         c_w.l(init_aeabi.o)


    Execution Region RW_IRAM1 (Exec base: 0x20000000, Load base: 0x08003e68, Size: 0x00003070, Max: 0x00005000, ABSOLUTE)

    Exec Addr    Load Addr    Size         Type   Attr      Idx    E Section Name        Object

    0x20000000   0x08003e68   0x00000004   Data   RW          703    .data.SystemCoreClock  system_stm32f10x.o
    0x20000004   0x08003e6c   0x00000001   Data   RW           39    .data.allTimersSize  main.o
    0x20000005   0x08003e6d   0x00000003   PAD
    0x20000008   0x08003e70   0x00000010   Data   RW           38    .data.updateObjects  main.o
    0x20000018   0x08003e80   0x00000004   Data   RW          247    .data.uxCriticalNesting  port.o
    0x2000001c   0x08003e84   0x00000004   PAD
    0x20000020        -       0x00000060   Zero   RW         1047    .bss                c_w.l(libspace.o)
    0x20000080        -       0x00000004   Zero   RW         1040    .bss.__cxa_new_handler  libcppabi_w.l(cxa_default_handlers.cpp.o)
    0x20000084        -       0x00000038   Zero   RW           37    .bss.adcMonitor     main.o
    0x200000bc        -       0x00000004   Zero   RW           36    .bss.adcValues      main.o
    0x200000c0        -       0x0000000c   Zero   RW           31    .bss.button         main.o
    0x200000cc        -       0x00000010   Zero   RW           34    .bss.buttonDelay    main.o
    0x200000dc        -       0x0000000c   Zero   RW           35    .bss.delay          main.o
    0x200000e8        -       0x00000010   Zero   RW           30    .bss.led            main.o
    0x200000f8        -       0x00000010   Zero   RW           33    .bss.ledDelay       main.o
    0x20000108        -       0x00000008   Zero   RW           32    .bss.ledSwitch      main.o
    0x20000110        -       0x00000004   Zero   RW          669    .bss.prvSampleTimeNow.xLastTime  timers.o
    0x20000114        -       0x00000004   Zero   RW          582    .bss.pxCurrentTCB   tasks.o
    0x20000118        -       0x00000004   Zero   RW          667    .bss.pxCurrentTimerList  timers.o
    0x2000011c        -       0x00000004   Zero   RW          592    .bss.pxDelayedTaskList  tasks.o
    0x20000120        -       0x00000004   Zero   RW          305    .bss.pxEnd          heap_4.o
    0x20000124        -       0x00000004   Zero   RW          593    .bss.pxOverflowDelayedTaskList  tasks.o
    0x20000128        -       0x00000004   Zero   RW          668    .bss.pxOverflowTimerList  timers.o
    0x2000012c        -       0x00000064   Zero   RW          584    .bss.pxReadyTasksLists  tasks.o
    0x20000190        -       0x00002800   Zero   RW          311    .bss.ucHeap         heap_4.o
    0x20002990        -       0x00000004   Zero   RW          589    .bss.uxCurrentNumberOfTasks  tasks.o
    0x20002994        -       0x00000004   Zero   RW          588    .bss.uxDeletedTasksWaitingCleanUp  tasks.o
    0x20002998        -       0x00000004   Zero   RW          595    .bss.uxSchedulerSuspended  tasks.o
    0x2000299c        -       0x00000004   Zero   RW          586    .bss.uxTaskNumber   tasks.o
    0x200029a0        -       0x00000004   Zero   RW          585    .bss.uxTopReadyPriority  tasks.o
    0x200029a4        -       0x00000014   Zero   RW          670    .bss.xActiveTimerList1  timers.o
    0x200029b8        -       0x00000014   Zero   RW          671    .bss.xActiveTimerList2  timers.o
    0x200029cc        -       0x00000014   Zero   RW          603    .bss.xDelayedTaskList1  tasks.o
    0x200029e0        -       0x00000014   Zero   RW          604    .bss.xDelayedTaskList2  tasks.o
    0x200029f4        -       0x00000004   Zero   RW          306    .bss.xFreeBytesRemaining  heap_4.o
    0x200029f8        -       0x00000004   Zero   RW          599    .bss.xIdleTaskHandle  tasks.o
    0x200029fc        -       0x00000004   Zero   RW          308    .bss.xMinimumEverFreeBytesRemaining  heap_4.o
    0x20002a00        -       0x00000004   Zero   RW          600    .bss.xNextTaskUnblockTime  tasks.o
    0x20002a04        -       0x00000004   Zero   RW          602    .bss.xNumOfOverflows  tasks.o
    0x20002a08        -       0x00000004   Zero   RW          309    .bss.xNumberOfSuccessfulAllocations  heap_4.o
    0x20002a0c        -       0x00000004   Zero   RW          310    .bss.xNumberOfSuccessfulFrees  heap_4.o
    0x20002a10        -       0x00000004   Zero   RW          601    .bss.xPendedTicks   tasks.o
    0x20002a14        -       0x00000014   Zero   RW          597    .bss.xPendingReadyList  tasks.o
    0x20002a28        -       0x00000004   Zero   RW          590    .bss.xSchedulerRunning  tasks.o
    0x20002a2c        -       0x00000008   Zero   RW          307    .bss.xStart         heap_4.o
    0x20002a34        -       0x00000014   Zero   RW          594    .bss.xSuspendedTaskList  tasks.o
    0x20002a48        -       0x00000014   Zero   RW          587    .bss.xTasksWaitingTermination  tasks.o
    0x20002a5c        -       0x00000004   Zero   RW          591    .bss.xTickCount     tasks.o
    0x20002a60        -       0x00000004   Zero   RW          664    .bss.xTimerQueue    timers.o
    0x20002a64        -       0x00000004   Zero   RW          666    .bss.xTimerTaskHandle  timers.o
    0x20002a68        -       0x00000004   Zero   RW          596    .bss.xYieldPending  tasks.o
    0x20002a6c   0x08003e84   0x00000004   PAD
    0x20002a70        -       0x00000200   Zero   RW          687    HEAP                startup_stm32f10x_md.o
    0x20002c70        -       0x00000400   Zero   RW          686    STACK               startup_stm32f10x_md.o


==============================================================================

Image component sizes


      Code (inc. data)   RO Data    RW Data    ZI Data      Debug   Object Name

       812          0         12          0          0       5870   analog_monitor.o
       346          0         32          0          0       4221   coil.o
       988          0          0          0          0       7837   common.o
       536          0         44          0          0       5415   custom_timer.o
       226          0          0          0          0       2288   gpio_common.o
       880          0          0          0      10268       4068   heap_4.o
       198          0          0          0          0       1892   led_task.o
       238          0          0          0          0       2050   list.o
       468          0         24         17        140       6115   main.o
       510         12          0          4          0       2489   port.o
      1124          0          0          0          0      12159   queue.o
       170          0         12          0          0       2799   simple_input.o
        64         26        236          0       1536        824   startup_stm32f10x_md.o
       690          0         16          4          0       2944   system_stm32f10x.o
      3694          0          9          0        260      21776   tasks.o
      1148         10          8          0         60       7648   timers.o

    ----------------------------------------------------------------------
     12236         60        430         28      12272      90395   Object Totals
         0          0         32          0          0          0   (incl. Generated)
       144         12          5          3          8          0   (incl. Padding)

    ----------------------------------------------------------------------

      Code (inc. data)   RO Data    RW Data    ZI Data      Debug   Library Member Name

         8          0          0          0          0         68   __main.o
         0          0          0          0          0          0   __rtentry.o
        12          0          0          0          0          0   __rtentry2.o
         6          0          0          0          0          0   __rtentry4.o
        52          8          0          0          0          0   __scatter.o
        26          0          0          0          0          0   __scatter_copy.o
        28          0          0          0          0          0   __scatter_zi.o
        22          0          0          0          0         80   abort.o
        46          0          0          0          0         84   aeabi_atexit.o
        16          0          0          0          0         68   aeabi_memset4.o
        10          0          0          0          0         68   cxa_atexit.o
        66          0          0          0          0         84   cxa_finalize.o
        48         34          0          0          0         76   defsig_abrt_inner.o
        14          0          0          0          0         80   defsig_abrt_outer.o
        10          0          0          0          0         68   defsig_exit.o
        50          0          0          0          0         88   defsig_general.o
        80         58          0          0          0         76   defsig_rtmem_inner.o
        14          0          0          0          0         80   defsig_rtmem_outer.o
        18          0          0          0          0         80   exit.o
        94          0          0          0          0         80   h1_alloc.o
        52          0          0          0          0         68   h1_extend.o
        78          0          0          0          0         80   h1_free.o
        14          0          0          0          0         84   h1_init.o
         6          0          0          0          0        152   heapauxi.o
         4          0          0          0          0        136   hguard.o
         0          0          0          0          0          0   indicate_semi.o
        36          8          0          0          0         80   init_aeabi.o
       138          0          0          0          0        168   init_alloc.o
         2          0          0          0          0          0   libinit.o
        14          0          0          0          0          0   libinit2.o
         2          0          0          0          0          0   libshutdown.o
         8          0          0          0          0          0   libshutdown2.o
         8          4          0          0         96         68   libspace.o
         0          0          0          0          0          0   maybetermalloc1.o
         8          4          0          0          0         68   rt_ddtor_pointer_addr_intlibspace.o
         8          4          0          0          0         68   rt_heap_descriptor_intlibspace.o
        68          0          0          0          0         68   rt_memclr.o
        78          0          0          0          0         80   rt_memclr_w.o
       138          0          0          0          0         68   rt_memcpy_v6.o
       100          0          0          0          0         80   rt_memcpy_w.o
         2          0          0          0          0          0   rtexit.o
        10          0          0          0          0          0   rtexit2.o
        12          4          0          0          0         68   sys_exit.o
        74          0          0          0          0         80   sys_stackheap_outer.o
        14          0          0          0          0         76   sys_wrch.o
         2          0          0          0          0         68   use_no_semi.o
       430          8          0          0          0        168   faddsub_clz.o
        84          0          0          0          0        196   fcmp.o
        24          0          0          0          0         68   fcmpi.o
       388         76          0          0          0         96   fdiv.o
       104          4          0          0          0         84   feqf.o
        48          0          0          0          0         68   fflt_clz.o
       104          4          0          0          0         84   fgeqf.o
       104          4          0          0          0         84   fleqf.o
       258          4          0          0          0         84   fmul.o
       140          4          0          0          0         84   fnaninf.o
        10          0          0          0          0         68   fretinf.o
         0          0          0          0          0          0   usenofp.o
        46          0          0          0          0        380   new.cpp.o
         4          0          0          0          0         36   abort_message.cpp.o
         0          0          0          0          4          0   cxa_default_handlers.cpp.o
        12          0          0          0          0        132   cxa_handlers.cpp.o
        40         32          0          0          0         52   cxa_virtual.cpp.o

    ----------------------------------------------------------------------
      3310        260          0          0        100       4324   Library Totals
        18          0          0          0          0          0   (incl. Padding)

    ----------------------------------------------------------------------

      Code (inc. data)   RO Data    RW Data    ZI Data      Debug   Library Name

      1496        124          0          0         96       2640   c_w.l
      1694        104          0          0          0       1084   fz_ws.l
        46          0          0          0          0        380   libcpp_w.l
        56         32          0          0          4        220   libcppabi_w.l

    ----------------------------------------------------------------------
      3310        260          0          0        100       4324   Library Totals

    ----------------------------------------------------------------------

==============================================================================


      Code (inc. data)   RO Data    RW Data    ZI Data      Debug   

     15546        320        430         28      12372      92275   Grand Totals
     15546        320        430         28      12372      92275   ELF Image Totals
     15546        320        430         28          0          0   ROM Totals

==============================================================================

    Total RO  Size (Code + RO Data)                15976 (  15.60kB)
    Total RW  Size (RW Data + ZI Data)             12400 (  12.11kB)
    Total ROM Size (Code + RO Data + RW Data)      16004 (  15.63kB)

==============================================================================

