Component: Arm Compiler for Embedded 6.18 Tool: armlink [5e4cc100]

==============================================================================

Section Cross References

    main.o(.text.__cxx_global_var_init) refers to main.o(.bss.B1) for B1
    main.o(.text.__cxx_global_var_init) refers to simple_input.o(.text._ZN18SimpleInputDelayedC2EP12GPIO_TypeDefht) for SimpleInputDelayed::SimpleInputDelayed(GPIO_TypeDef*, unsigned char, unsigned short)
    main.o(.ARM.exidx.text.__cxx_global_var_init) refers to main.o(.text.__cxx_global_var_init) for [Anonymous Symbol]
    main.o(.text.__cxx_global_var_init.1) refers to main.o(.bss.H1) for H1
    main.o(.text.__cxx_global_var_init.1) refers to simple_input.o(.text._ZN18SimpleInputDelayedC2EP12GPIO_TypeDefht) for SimpleInputDelayed::SimpleInputDelayed(GPIO_TypeDef*, unsigned char, unsigned short)
    main.o(.ARM.exidx.text.__cxx_global_var_init.1) refers to main.o(.text.__cxx_global_var_init.1) for [Anonymous Symbol]
    main.o(.text.__cxx_global_var_init.2) refers to main.o(.bss.B2) for B2
    main.o(.text.__cxx_global_var_init.2) refers to simple_input.o(.text._ZN18SimpleInputDelayedC2EP12GPIO_TypeDefht) for SimpleInputDelayed::SimpleInputDelayed(GPIO_TypeDef*, unsigned char, unsigned short)
    main.o(.ARM.exidx.text.__cxx_global_var_init.2) refers to main.o(.text.__cxx_global_var_init.2) for [Anonymous Symbol]
    main.o(.text.__cxx_global_var_init.3) refers to main.o(.bss.H2) for H2
    main.o(.text.__cxx_global_var_init.3) refers to simple_input.o(.text._ZN18SimpleInputDelayedC2EP12GPIO_TypeDefht) for SimpleInputDelayed::SimpleInputDelayed(GPIO_TypeDef*, unsigned char, unsigned short)
    main.o(.ARM.exidx.text.__cxx_global_var_init.3) refers to main.o(.text.__cxx_global_var_init.3) for [Anonymous Symbol]
    main.o(.text.__cxx_global_var_init.4) refers to main.o(.bss.B3) for B3
    main.o(.text.__cxx_global_var_init.4) refers to simple_input.o(.text._ZN18SimpleInputDelayedC2EP12GPIO_TypeDefht) for SimpleInputDelayed::SimpleInputDelayed(GPIO_TypeDef*, unsigned char, unsigned short)
    main.o(.ARM.exidx.text.__cxx_global_var_init.4) refers to main.o(.text.__cxx_global_var_init.4) for [Anonymous Symbol]
    main.o(.text.__cxx_global_var_init.5) refers to main.o(.bss.H3) for H3
    main.o(.text.__cxx_global_var_init.5) refers to simple_input.o(.text._ZN18SimpleInputDelayedC2EP12GPIO_TypeDefht) for SimpleInputDelayed::SimpleInputDelayed(GPIO_TypeDef*, unsigned char, unsigned short)
    main.o(.ARM.exidx.text.__cxx_global_var_init.5) refers to main.o(.text.__cxx_global_var_init.5) for [Anonymous Symbol]
    main.o(.text.__cxx_global_var_init.6) refers to main.o(.bss.S4) for S4
    main.o(.text.__cxx_global_var_init.6) refers to simple_input.o(.text._ZN18SimpleInputDelayedC2EP12GPIO_TypeDefht) for SimpleInputDelayed::SimpleInputDelayed(GPIO_TypeDef*, unsigned char, unsigned short)
    main.o(.ARM.exidx.text.__cxx_global_var_init.6) refers to main.o(.text.__cxx_global_var_init.6) for [Anonymous Symbol]
    main.o(.text.__cxx_global_var_init.7) refers to main.o(.bss.S5) for S5
    main.o(.text.__cxx_global_var_init.7) refers to simple_input.o(.text._ZN18SimpleInputDelayedC2EP12GPIO_TypeDefht) for SimpleInputDelayed::SimpleInputDelayed(GPIO_TypeDef*, unsigned char, unsigned short)
    main.o(.ARM.exidx.text.__cxx_global_var_init.7) refers to main.o(.text.__cxx_global_var_init.7) for [Anonymous Symbol]
    main.o(.text.__cxx_global_var_init.8) refers to main.o(.bss.S6) for S6
    main.o(.text.__cxx_global_var_init.8) refers to simple_input.o(.text._ZN18SimpleInputDelayedC2EP12GPIO_TypeDefht) for SimpleInputDelayed::SimpleInputDelayed(GPIO_TypeDef*, unsigned char, unsigned short)
    main.o(.ARM.exidx.text.__cxx_global_var_init.8) refers to main.o(.text.__cxx_global_var_init.8) for [Anonymous Symbol]
    main.o(.text.__cxx_global_var_init.9) refers to main.o(.bss.C1) for C1
    main.o(.text.__cxx_global_var_init.9) refers to coil.o(.text._ZN4CoilC2EP12GPIO_TypeDefh) for Coil::Coil(GPIO_TypeDef*, unsigned char)
    main.o(.ARM.exidx.text.__cxx_global_var_init.9) refers to main.o(.text.__cxx_global_var_init.9) for [Anonymous Symbol]
    main.o(.text.__cxx_global_var_init.10) refers to main.o(.bss.O1) for O1
    main.o(.text.__cxx_global_var_init.10) refers to coil.o(.text._ZN4CoilC2EP12GPIO_TypeDefh) for Coil::Coil(GPIO_TypeDef*, unsigned char)
    main.o(.ARM.exidx.text.__cxx_global_var_init.10) refers to main.o(.text.__cxx_global_var_init.10) for [Anonymous Symbol]
    main.o(.text.__cxx_global_var_init.11) refers to main.o(.bss.D1) for D1
    main.o(.text.__cxx_global_var_init.11) refers to coil.o(.text._ZN4CoilC2EP12GPIO_TypeDefh) for Coil::Coil(GPIO_TypeDef*, unsigned char)
    main.o(.ARM.exidx.text.__cxx_global_var_init.11) refers to main.o(.text.__cxx_global_var_init.11) for [Anonymous Symbol]
    main.o(.text.__cxx_global_var_init.12) refers to main.o(.bss.M1) for M1
[...]
    [Anonymous Symbol]                       0x20002cec   Section        0  tasks.o(.bss.xSuspendedTaskList)
    xTasksWaitingTermination                 0x20002d00   Data          20  tasks.o(.bss.xTasksWaitingTermination)
    [Anonymous Symbol]                       0x20002d00   Section        0  tasks.o(.bss.xTasksWaitingTermination)
    xTickCount                               0x20002d14   Data           4  tasks.o(.bss.xTickCount)
    [Anonymous Symbol]                       0x20002d14   Section        0  tasks.o(.bss.xTickCount)
    xTimerQueue                              0x20002d18   Data           4  timers.o(.bss.xTimerQueue)
    [Anonymous Symbol]                       0x20002d18   Section        0  timers.o(.bss.xTimerQueue)
    xTimerTaskHandle                         0x20002d1c   Data           4  timers.o(.bss.xTimerTaskHandle)
    [Anonymous Symbol]                       0x20002d1c   Section        0  timers.o(.bss.xTimerTaskHandle)
    xYieldPending                            0x20002d20   Data           4  tasks.o(.bss.xYieldPending)
    [Anonymous Symbol]                       0x20002d20   Section        0  tasks.o(.bss.xYieldPending)
    Heap_Mem                                 0x20002d28   Data        3072  startup_stm32f10x_md.o(HEAP)
    HEAP                                     0x20002d28   Section     3072  startup_stm32f10x_md.o(HEAP)
    Stack_Mem                                0x20003928   Data        1024  startup_stm32f10x_md.o(STACK)
    STACK                                    0x20003928   Section     1024  startup_stm32f10x_md.o(STACK)
    __initial_sp                             0x20003d28   Data           0  startup_stm32f10x_md.o(STACK)

    Global Symbols

    Symbol Name                              Value     Ov Type        Size  Object(Section)

    BuildAttributes$$THM_ISAv4$P$D$K$B$S$PE$A:L22UL41UL21$X:L11$S22US41US21$IEEE1$IW$~IW$USESV6$~STKCKD$USESV7$~SHL$OTIME$ROPI$EBA8$UX$STANDARDLIB$REQ8$PRES8$EABIv2 0x00000000   Number         0  anon$$obj.o ABSOLUTE
    __fp_init_empty                          0x00000000   Number         0  fpinit_empty.o ABSOLUTE
    __ARM_exceptions_init                     - Undefined Weak Reference
    __alloca_initialize                       - Undefined Weak Reference
    __arm_preinit_                            - Undefined Weak Reference
    __arm_relocate_pie_                       - Undefined Weak Reference
    __rt_locale                               - Undefined Weak Reference
    __sigvec_lookup                           - Undefined Weak Reference
    __user_heap_extent                        - Undefined Weak Reference
    _atexit_init                              - Undefined Weak Reference
    _call_atexit_fns                          - Undefined Weak Reference
    _clock_init                               - Undefined Weak Reference
    _fp_trap_init                             - Undefined Weak Reference
    _fp_trap_shutdown                         - Undefined Weak Reference
    _get_lc_collate                           - Undefined Weak Reference
    _get_lc_ctype                             - Undefined Weak Reference
    _get_lc_monetary                          - Undefined Weak Reference
    _get_lc_numeric                           - Undefined Weak Reference
    _get_lc_time                              - Undefined Weak Reference
    _getenv_init                              - Undefined Weak Reference
    _handle_redirection                       - Undefined Weak Reference
    _initio                                   - Undefined Weak Reference
    _mutex_acquire                            - Undefined Weak Reference
    _mutex_free                               - Undefined Weak Reference
    _mutex_release                            - Undefined Weak Reference
    _rand_init                                - Undefined Weak Reference
    _signal_finish                            - Undefined Weak Reference
    _signal_init                              - Undefined Weak Reference
    _terminateio                              - Undefined Weak Reference
    __Vectors_Size                           0x000000ec   Number         0  startup_stm32f10x_md.o ABSOLUTE
    __Vectors                                0x08000000   Data           4  startup_stm32f10x_md.o(RESET)
    __dso_handle                             0x08000000   Number         0  startup_stm32f10x_md.o(RESET)
    __Vectors_End                            0x080000ec   Data           0  startup_stm32f10x_md.o(RESET)
    __main                                   0x080000ed   Thumb Code     8  __main.o(!!!main)
    __scatterload                            0x080000f5   Thumb Code     0  __scatter.o(!!!scatter)
    __scatterload_rt2                        0x080000f5   Thumb Code    44  __scatter.o(!!!scatter)
    __scatterload_rt2_thumb_only             0x080000f5   Thumb Code     0  __scatter.o(!!!scatter)
    __scatterload_null                       0x08000103   Thumb Code     0  __scatter.o(!!!scatter)
    __scatterload_copy                       0x08000129   Thumb Code    26  __scatter_copy.o(!!handler_copy)
    __scatterload_zeroinit                   0x08000145   Thumb Code    28  __scatter_zi.o(!!handler_zi)
    __rt_lib_init                            0x08000161   Thumb Code     0  libinit.o(.ARM.Collect$$libinit$$00000000)
    __rt_lib_init_fp_1                       0x08000163   Thumb Code     0  libinit2.o(.ARM.Collect$$libinit$$00000002)
    __rt_lib_init_heap_2                     0x08000163   Thumb Code     0  libinit2.o(.ARM.Collect$$libinit$$00000007)
    __rt_lib_init_preinit_1                  0x08000163   Thumb Code     0  libinit2.o(.ARM.Collect$$libinit$$00000006)
    __rt_lib_init_relocate_pie_1             0x08000163   Thumb Code     0  libinit2.o(.ARM.Collect$$libinit$$00000004)
    __rt_lib_init_alloca_1                   0x0800016b   Thumb Code     0  libinit2.o(.ARM.Collect$$libinit$$00000030)
    __rt_lib_init_argv_1                     0x0800016b   Thumb Code     0  libinit2.o(.ARM.Collect$$libinit$$0000002E)
    __rt_lib_init_atexit_1                   0x0800016b   Thumb Code     0  libinit2.o(.ARM.Collect$$libinit$$0000001D)
    __rt_lib_init_clock_1                    0x0800016b   Thumb Code     0  libinit2.o(.ARM.Collect$$libinit$$00000023)
    __rt_lib_init_cpp_2                      0x0800016b   Thumb Code     0  libinit2.o(.ARM.Collect$$libinit$$00000033)
    __rt_lib_init_exceptions_1               0x0800016b   Thumb Code     0  libinit2.o(.ARM.Collect$$libinit$$00000032)
    __rt_lib_init_fp_trap_1                  0x0800016b   Thumb Code     0  libinit2.o(.ARM.Collect$$libinit$$00000021)
    __rt_lib_init_getenv_1                   0x0800016b   Thumb Code     0  libinit2.o(.ARM.Collect$$libinit$$00000025)
    __rt_lib_init_heap_1                     0x0800016b   Thumb Code     0  libinit2.o(.ARM.Collect$$libinit$$0000000C)
    __rt_lib_init_lc_collate_1               0x0800016b   Thumb Code     0  libinit2.o(.ARM.Collect$$libinit$$00000013)
    __rt_lib_init_lc_ctype_1                 0x0800016b   Thumb Code     0  libinit2.o(.ARM.Collect$$libinit$$00000015)
    __rt_lib_init_lc_monetary_1              0x0800016b   Thumb Code     0  libinit2.o(.ARM.Collect$$libinit$$00000017)
    __rt_lib_init_lc_numeric_1               0x0800016b   Thumb Code     0  libinit2.o(.ARM.Collect$$libinit$$00000019)
    __rt_lib_init_lc_time_1                  0x0800016b   Thumb Code     0  libinit2.o(.ARM.Collect$$libinit$$0000001B)
    __rt_lib_init_rand_1                     0x0800016b   Thumb Code     0  libinit2.o(.ARM.Collect$$libinit$$00000010)
    __rt_lib_init_signal_1                   0x0800016b   Thumb Code     0  libinit2.o(.ARM.Collect$$libinit$$0000001F)
    __rt_lib_init_stdio_1                    0x0800016b   Thumb Code     0  libinit2.o(.ARM.Collect$$libinit$$00000027)
    __rt_lib_init_user_alloc_1               0x0800016b   Thumb Code     0  libinit2.o(.ARM.Collect$$libinit$$0000000E)
    __rt_lib_init_cpp_1                      0x0800016f   Thumb Code     0  libinit2.o(.ARM.Collect$$libinit$$00000034)
    __rt_lib_init_return                     0x0800016f   Thumb Code     0  libinit2.o(.ARM.Collect$$libinit$$00000035)
    __rt_lib_shutdown                        0x08000171   Thumb Code     0  libshutdown.o(.ARM.Collect$$libshutdown$$00000000)
    __rt_lib_shutdown_cpp_2                  0x08000173   Thumb Code     0  libshutdown2.o(.ARM.Collect$$libshutdown$$00000001)
    __rt_lib_shutdown_cpp_1                  0x08000179   Thumb Code     0  libshutdown2.o(.ARM.Collect$$libshutdown$$00000002)
    __rt_lib_shutdown_fp_trap_1              0x08000179   Thumb Code     0  libshutdown2.o(.ARM.Collect$$libshutdown$$00000007)
    __rt_lib_shutdown_heap_1                 0x08000179   Thumb Code     0  libshutdown2.o(.ARM.Collect$$libshutdown$$0000000F)
    __rt_lib_shutdown_return                 0x08000179   Thumb Code     0  libshutdown2.o(.ARM.Collect$$libshutdown$$00000010)
    __rt_lib_shutdown_signal_1               0x08000179   Thumb Code     0  libshutdown2.o(.ARM.Collect$$libshutdown$$0000000A)
    __rt_lib_shutdown_stdio_1                0x08000179   Thumb Code     0  libshutdown2.o(.ARM.Collect$$libshutdown$$00000004)
    __rt_lib_shutdown_user_alloc_1           0x08000179   Thumb Code     0  libshutdown2.o(.ARM.Collect$$libshutdown$$0000000C)
    __rt_entry                               0x0800017b   Thumb Code     0  __rtentry.o(.ARM.Collect$$rtentry$$00000000)
    __rt_entry_presh_1                       0x0800017b   Thumb Code     0  __rtentry2.o(.ARM.Collect$$rtentry$$00000002)
    __rt_entry_sh                            0x0800017b   Thumb Code     0  __rtentry4.o(.ARM.Collect$$rtentry$$00000004)
    __rt_entry_li                            0x08000181   Thumb Code     0  __rtentry2.o(.ARM.Collect$$rtentry$$0000000A)
    __rt_entry_postsh_1                      0x08000181   Thumb Code     0  __rtentry2.o(.ARM.Collect$$rtentry$$00000009)
    __rt_entry_main                          0x08000185   Thumb Code     0  __rtentry2.o(.ARM.Collect$$rtentry$$0000000D)
    __rt_entry_postli_1                      0x08000185   Thumb Code     0  __rtentry2.o(.ARM.Collect$$rtentry$$0000000C)
    __rt_exit                                0x0800018d   Thumb Code     0  rtexit.o(.ARM.Collect$$rtexit$$00000000)
    __rt_exit_ls                             0x0800018f   Thumb Code     0  rtexit2.o(.ARM.Collect$$rtexit$$00000003)
    __rt_exit_prels_1                        0x0800018f   Thumb Code     0  rtexit2.o(.ARM.Collect$$rtexit$$00000002)
    __rt_exit_exit                           0x08000193   Thumb Code     0  rtexit2.o(.ARM.Collect$$rtexit$$00000004)
    Reset_Handler                            0x08000199   Thumb Code     8  startup_stm32f10x_md.o(.text)
    NMI_Handler                              0x080001a1   Thumb Code     2  startup_stm32f10x_md.o(.text)
    HardFault_Handler                        0x080001a3   Thumb Code     2  startup_stm32f10x_md.o(.text)
    MemManage_Handler                        0x080001a5   Thumb Code     2  startup_stm32f10x_md.o(.text)
    BusFault_Handler                         0x080001a7   Thumb Code     2  startup_stm32f10x_md.o(.text)
    UsageFault_Handler                       0x080001a9   Thumb Code     2  startup_stm32f10x_md.o(.text)
    DebugMon_Handler                         0x080001ad   Thumb Code     2  startup_stm32f10x_md.o(.text)
    ADC1_2_IRQHandler                        0x080001b3   Thumb Code     0  startup_stm32f10x_md.o(.text)
    CAN1_RX1_IRQHandler                      0x080001b3   Thumb Code     0  startup_stm32f10x_md.o(.text)
    CAN1_SCE_IRQHandler                      0x080001b3   Thumb Code     0  startup_stm32f10x_md.o(.text)
    DMA1_Channel1_IRQHandler                 0x080001b3   Thumb Code     0  startup_stm32f10x_md.o(.text)
    DMA1_Channel2_IRQHandler                 0x080001b3   Thumb Code     0  startup_stm32f10x_md.o(.text)
    DMA1_Channel3_IRQHandler                 0x080001b3   Thumb Code     0  startup_stm32f10x_md.o(.text)
    DMA1_Channel4_IRQHandler                 0x080001b3   Thumb Code     0  startup_stm32f10x_md.o(.text)
    DMA1_Channel5_IRQHandler                 0x080001b3   Thumb Code     0  startup_stm32f10x_md.o(.text)
    DMA1_Channel6_IRQHandler                 0x080001b3   Thumb Code     0  startup_stm32f10x_md.o(.text)
    DMA1_Channel7_IRQHandler                 0x080001b3   Thumb Code     0  startup_stm32f10x_md.o(.text)
    EXTI0_IRQHandler                         0x080001b3   Thumb Code     0  startup_stm32f10x_md.o(.text)
    EXTI15_10_IRQHandler                     0x080001b3   Thumb Code     0  startup_stm32f10x_md.o(.text)
    EXTI1_IRQHandler                         0x080001b3   Thumb Code     0  startup_stm32f10x_md.o(.text)
    EXTI2_IRQHandler                         0x080001b3   Thumb Code     0  startup_stm32f10x_md.o(.text)
    EXTI3_IRQHandler                         0x080001b3   Thumb Code     0  startup_stm32f10x_md.o(.text)
    EXTI4_IRQHandler                         0x080001b3   Thumb Code     0  startup_stm32f10x_md.o(.text)
    EXTI9_5_IRQHandler                       0x080001b3   Thumb Code     0  startup_stm32f10x_md.o(.text)
    FLASH_IRQHandler                         0x080001b3   Thumb Code     0  startup_stm32f10x_md.o(.text)
    I2C1_ER_IRQHandler                       0x080001b3   Thumb Code     0  startup_stm32f10x_md.o(.text)
    I2C1_EV_IRQHandler                       0x080001b3   Thumb Code     0  startup_stm32f10x_md.o(.text)
    I2C2_ER_IRQHandler                       0x080001b3   Thumb Code     0  startup_stm32f10x_md.o(.text)
    I2C2_EV_IRQHandler                       0x080001b3   Thumb Code     0  startup_stm32f10x_md.o(.text)
    PVD_IRQHandler                           0x080001b3   Thumb Code     0  startup_stm32f10x_md.o(.text)
    RCC_IRQHandler                           0x080001b3   Thumb Code     0  startup_stm32f10x_md.o(.text)
    RTCAlarm_IRQHandler                      0x080001b3   Thumb Code     0  startup_stm32f10x_md.o(.text)
    RTC_IRQHandler                           0x080001b3   Thumb Code     0  startup_stm32f10x_md.o(.text)
    SPI1_IRQHandler                          0x080001b3   Thumb Code     0  startup_stm32f10x_md.o(.text)
    SPI2_IRQHandler                          0x080001b3   Thumb Code     0  startup_stm32f10x_md.o(.text)
    TAMPER_IRQHandler                        0x080001b3   Thumb Code     0  startup_stm32f10x_md.o(.text)
    TIM1_BRK_IRQHandler                      0x080001b3   Thumb Code     0  startup_stm32f10x_md.o(.text)
    TIM1_CC_IRQHandler                       0x080001b3   Thumb Code     0  startup_stm32f10x_md.o(.text)
    TIM1_TRG_COM_IRQHandler                  0x080001b3   Thumb Code     0  startup_stm32f10x_md.o(.text)
    TIM1_UP_IRQHandler                       0x080001b3   Thumb Code     0  startup_stm32f10x_md.o(.text)
    TIM3_IRQHandler                          0x080001b3   Thumb Code     0  startup_stm32f10x_md.o(.text)
    TIM4_IRQHandler                          0x080001b3   Thumb Code     0  startup_stm32f10x_md.o(.text)
    USART1_IRQHandler                        0x080001b3   Thumb Code     0  startup_stm32f10x_md.o(.text)
    USART2_IRQHandler                        0x080001b3   Thumb Code     0  startup_stm32f10x_md.o(.text)
    USART3_IRQHandler                        0x080001b3   Thumb Code     0  startup_stm32f10x_md.o(.text)
    USBWakeUp_IRQHandler                     0x080001b3   Thumb Code     0  startup_stm32f10x_md.o(.text)
    USB_HP_CAN1_TX_IRQHandler                0x080001b3   Thumb Code     0  startup_stm32f10x_md.o(.text)
    USB_LP_CAN1_RX0_IRQHandler               0x080001b3   Thumb Code     0  startup_stm32f10x_md.o(.text)
    WWDG_IRQHandler                          0x080001b3   Thumb Code     0  startup_stm32f10x_md.o(.text)
    __user_initial_stackheap                 0x080001b5   Thumb Code     0  startup_stm32f10x_md.o(.text)
    __cxa_atexit                             0x080001d9   Thumb Code    10  cxa_atexit.o(.text)
    __aeabi_memcpy                           0x080001e3   Thumb Code     0  rt_memcpy_v6.o(.text)
    __rt_memcpy                              0x080001e3   Thumb Code   138  rt_memcpy_v6.o(.text)
    _memcpy_lastbytes                        0x08000249   Thumb Code     0  rt_memcpy_v6.o(.text)
    __aeabi_memset4                          0x0800026d   Thumb Code    16  aeabi_memset4.o(.text)
    __aeabi_memset8                          0x0800026d   Thumb Code     0  aeabi_memset4.o(.text)
    __aeabi_memclr                           0x0800027d   Thumb Code     0  rt_memclr.o(.text)
    __rt_memclr                              0x0800027d   Thumb Code     0  rt_memclr.o(.text)
    _memset                                  0x08000281   Thumb Code    64  rt_memclr.o(.text)
    __aeabi_memclr4                          0x080002c1   Thumb Code     0  rt_memclr_w.o(.text)
    __aeabi_memclr8                          0x080002c1   Thumb Code     0  rt_memclr_w.o(.text)
    __rt_memclr_w                            0x080002c1   Thumb Code     0  rt_memclr_w.o(.text)
    _memset_w                                0x080002c5   Thumb Code    74  rt_memclr_w.o(.text)
    __use_two_region_memory                  0x0800030f   Thumb Code     2  heapauxi.o(.text)
    __rt_heap_escrow                         0x08000311   Thumb Code     2  heapauxi.o(.text)
    __rt_heap_expand                         0x08000313   Thumb Code     2  heapauxi.o(.text)
    __cpp_initialize__aeabi_                 0x08000315   Thumb Code    28  init_aeabi.o(.text)
    malloc                                   0x08000339   Thumb Code    94  h1_alloc.o(.text)
    free                                     0x08000397   Thumb Code    78  h1_free.o(.text)
    abort                                    0x080003e5   Thumb Code    22  abort.o(.text)
    __aeabi_atexit                           0x080003fb   Thumb Code    46  aeabi_atexit.o(.text)
    __aeabi_memcpy4                          0x08000429   Thumb Code     0  rt_memcpy_w.o(.text)
    __aeabi_memcpy8                          0x08000429   Thumb Code     0  rt_memcpy_w.o(.text)
    __rt_memcpy_w                            0x08000429   Thumb Code   100  rt_memcpy_w.o(.text)
    _memcpy_lastbytes_aligned                0x08000471   Thumb Code     0  rt_memcpy_w.o(.text)
    _sys_exit                                0x0800048d   Thumb Code     8  sys_exit.o(.text)
    __rt_heap_descriptor                     0x08000499   Thumb Code     8  rt_heap_descriptor_intlibspace.o(.text)
    __rt_ddtor_pointer_addr                  0x080004a1   Thumb Code     8  rt_ddtor_pointer_addr_intlibspace.o(.text)
    __use_no_heap                            0x080004a9   Thumb Code     2  hguard.o(.text)
    __heap$guard                             0x080004ab   Thumb Code     2  hguard.o(.text)
    _terminate_user_alloc                    0x080004ad   Thumb Code     2  init_alloc.o(.text)
    _init_user_alloc                         0x080004af   Thumb Code     2  init_alloc.o(.text)
    __Heap_Full                              0x080004b1   Thumb Code    34  init_alloc.o(.text)
    __Heap_Broken                            0x080004d3   Thumb Code     6  init_alloc.o(.text)
    _init_alloc                              0x080004d9   Thumb Code    94  init_alloc.o(.text)
    __Heap_Initialize                        0x08000537   Thumb Code    10  h1_init.o(.text)
    __Heap_DescSize                          0x08000541   Thumb Code     4  h1_init.o(.text)
    __cxa_finalize                           0x08000545   Thumb Code    66  cxa_finalize.o(.text)
    __rt_SIGABRT                             0x08000587   Thumb Code    14  defsig_abrt_outer.o(.text)
    __user_libspace                          0x08000595   Thumb Code     8  libspace.o(.text)
    __user_perproc_libspace                  0x08000595   Thumb Code     0  libspace.o(.text)
    __user_perthread_libspace                0x08000595   Thumb Code     0  libspace.o(.text)
    __I$use$semihosting                      0x0800059d   Thumb Code     0  use_no_semi.o(.text)
    __use_no_semihosting_swi                 0x0800059d   Thumb Code     2  use_no_semi.o(.text)
    __semihosting_library_function           0x0800059f   Thumb Code     0  indicate_semi.o(.text)
    __user_setup_stackheap                   0x0800059f   Thumb Code    74  sys_stackheap_outer.o(.text)
    __Heap_ProvideMemory                     0x080005e9   Thumb Code    52  h1_extend.o(.text)
    _maybe_terminate_alloc                   0x080005e9   Thumb Code     0  maybetermalloc1.o(.text)
    exit                                     0x0800061d   Thumb Code    18  exit.o(.text)
    __sig_exit                               0x0800062f   Thumb Code    10  defsig_exit.o(.text)
    __rt_SIGABRT_inner                       0x08000639   Thumb Code    14  defsig_abrt_inner.o(.text)
    __rt_SIGRTMEM                            0x08000669   Thumb Code    14  defsig_rtmem_outer.o(.text)
    __default_signal_display                 0x08000677   Thumb Code    50  defsig_general.o(.text)
    __rt_SIGRTMEM_inner                      0x080006a9   Thumb Code    22  defsig_rtmem_inner.o(.text)
    _ttywrch                                 0x080006f9   Thumb Code    14  sys_wrch.o(.text)
    PendSV_Handler                           0x08000711   Thumb Code    68  port.o(.text.PendSV_Handler)
    SVC_Handler                              0x08000761   Thumb Code    36  port.o(.text.SVC_Handler)
    SysTick_Handler                          0x080008b1   Thumb Code    60  port.o(.text.SysTick_Handler)
    SystemCoreClockUpdate                    0x080008ed   Thumb Code   290  system_stm32f10x.o(.text.SystemCoreClockUpdate)
    SystemInit                               0x08000a11   Thumb Code   102  system_stm32f10x.o(.text.SystemInit)
    TIM2_IRQHandler                          0x08000a79   Thumb Code    76  main.o(.text.TIM2_IRQHandler)
    commonInit()                             0x08000b6d   Thumb Code    14  init.o(.text._Z10commonInitv)
    getPosition(unsigned int)                0x08000b7d   Thumb Code    64  common.o(.text._Z11getPositionj)
    void setRegister<unsigned int volatile>(unsigned int volatile*, unsigned int, unsigned int) 0x08000bbd   Thumb Code    32  init.o(.text._Z11setRegisterIVjEvPT_jj)
    resetAllSteps()                          0x08000bdd   Thumb Code    76  ob1.o(.text._Z13resetAllStepsv)
    void setBitsInRegister<unsigned int volatile>(unsigned int volatile*, unsigned int, unsigned int) 0x08000c29   Thumb Code    68  coil.o(.text._Z17setBitsInRegisterIVjEvPT_jj)
    OB1Task(void*)                           0x08000c6d   Thumb Code   598  ob1.o(.text._Z7OB1TaskPv)
    rccInit()                                0x08000ec5   Thumb Code   190  init.o(.text._Z7rccInitv)
    tickInit()                               0x08000f85   Thumb Code    88  init.o(.text._Z8tickInitv)
    GPIOcommon::GPIOcommon(GPIO_TypeDef*, unsigned char) 0x08001111   Thumb Code   226  gpio_common.o(.text._ZN10GPIOcommonC2EP12GPIO_TypeDefh)
    GPIOcommon::GPIOcommon__sub_object(GPIO_TypeDef*, unsigned char) 0x08001111   Thumb Code   226  gpio_common.o(.text._ZN10GPIOcommonC2EP12GPIO_TypeDefh)
    CommonTimer::notFinished()               0x080011f5   Thumb Code    22  common_timer.o(.text._ZN11CommonTimer11notFinishedEv)
    CommonTimer::stop()                      0x0800120d   Thumb Code    24  common_timer.o(.text._ZN11CommonTimer4stopEv)
    CommonTimer::pause()                     0x08001225   Thumb Code    14  common_timer.o(.text._ZN11CommonTimer5pauseEv)
    CommonTimer::reset()                     0x08001235   Thumb Code    16  common_timer.o(.text._ZN11CommonTimer5resetEv)
    CommonTimer::start()                     0x08001245   Thumb Code    14  common_timer.o(.text._ZN11CommonTimer5startEv)
    CommonTimer::inWork()                    0x08001255   Thumb Code    46  common_timer.o(.text._ZN11CommonTimer6inWorkEv)
    CommonTimer::started()                   0x08001285   Thumb Code    16  common_timer.o(.text._ZN11CommonTimer7startedEv)
    CommonTimer::finished()                  0x08001295   Thumb Code    22  common_timer.o(.text._ZN11CommonTimer8finishedEv)
    CommonTimer::setStart(bool)              0x080012ad   Thumb Code    44  common_timer.o(.text._ZN11CommonTimer8setStartEb)
    CommonTimer::update1ms()                 0x080012d9   Thumb Code    56  common_timer.o(.text._ZN11CommonTimer9update1msEv)
    CommonTimer::CommonTimer(unsigned int)   0x08001311   Thumb Code    38  common_timer.o(.text._ZN11CommonTimerC2Ej)
    CommonTimer::CommonTimer__sub_object(unsigned int) 0x08001311   Thumb Code    38  common_timer.o(.text._ZN11CommonTimerC2Ej)
    CommonTimer::operator=(bool)             0x08001339   Thumb Code    32  common_timer.o(.text._ZN11CommonTimeraSEb)
    IUpdated1ms::IUpdated1ms__sub_object()   0x08001359   Thumb Code    22  common_timer.o(.text._ZN11IUpdated1msC2Ev)
    SimpleInput::isNotActive()               0x08001371   Thumb Code    22  simple_input.o(.text._ZN11SimpleInput11isNotActiveEv)
    SimpleInput::isActive()                  0x08001389   Thumb Code    64  simple_input.o(.text._ZN11SimpleInput8isActiveEv)
    SimpleInput::SimpleInput(GPIO_TypeDef*, unsigned char) 0x080013c9   Thumb Code   152  simple_input.o(.text._ZN11SimpleInputC2EP12GPIO_TypeDefh)
    SimpleInput::SimpleInput__sub_object(GPIO_TypeDef*, unsigned char) 0x080013c9   Thumb Code   152  simple_input.o(.text._ZN11SimpleInputC2EP12GPIO_TypeDefh)
    ProgrammCoil::isActive()                 0x08001461   Thumb Code    16  coil.o(.text._ZN12ProgrammCoil8isActiveEv)
    ProgrammCoil::setValue(bool)             0x08001471   Thumb Code    24  coil.o(.text._ZN12ProgrammCoil8setValueEb)
    ProgrammCoil::ProgrammCoil__sub_object() 0x08001489   Thumb Code    32  coil.o(.text._ZN12ProgrammCoilC2Ev)
    SimpleInputDelayed::isActive()           0x080014a9   Thumb Code    18  simple_input.o(.text._ZN18SimpleInputDelayed8isActiveEv)
    SimpleInputDelayed::update1ms()          0x080014bd   Thumb Code    36  simple_input.o(.text._ZN18SimpleInputDelayed9update1msEv)
    SimpleInputDelayed::SimpleInputDelayed(GPIO_TypeDef*, unsigned char, unsigned short) 0x080014e1   Thumb Code    66  simple_input.o(.text._ZN18SimpleInputDelayedC2EP12GPIO_TypeDefht)
    SimpleInputDelayed::SimpleInputDelayed__sub_object(GPIO_TypeDef*, unsigned char, unsigned short) 0x080014e1   Thumb Code    66  simple_input.o(.text._ZN18SimpleInputDelayedC2EP12GPIO_TypeDefht)
    Coil::isActive()                         0x08001525   Thumb Code    22  coil.o(.text._ZN4Coil8isActiveEv)
    Coil::setValue(bool)                     0x0800153d   Thumb Code    66  coil.o(.text._ZN4Coil8setValueEb)
    Coil::Coil(GPIO_TypeDef*, unsigned char) 0x08001581   Thumb Code   118  coil.o(.text._ZN4CoilC2EP12GPIO_TypeDefh)
    Coil::Coil__sub_object(GPIO_TypeDef*, unsigned char) 0x08001581   Thumb Code   118  coil.o(.text._ZN4CoilC2EP12GPIO_TypeDefh)
    Coil::operator=(bool)                    0x080015f9   Thumb Code    34  coil.o(.text._ZN4CoilaSEb)
    ISwitch::ISwitch__sub_object()           0x0800161d   Thumb Code    22  coil.o(.text._ZN7ISwitchC2Ev)
    OnDelay::get()                           0x08001635   Thumb Code    18  on_delay.o(.text._ZN7OnDelay3getEv)
    OnDelay::set(bool)                       0x08001649   Thumb Code    30  on_delay.o(.text._ZN7OnDelay3setEb)
    OnDelay::update1ms()                     0x08001669   Thumb Code    20  on_delay.o(.text._ZN7OnDelay9update1msEv)
    OnDelay::OnDelay(unsigned int)           0x0800167d   Thumb Code    58  on_delay.o(.text._ZN7OnDelayC2Ej)
    OnDelay::OnDelay__sub_object(unsigned int) 0x0800167d   Thumb Code    58  on_delay.o(.text._ZN7OnDelayC2Ej)
    OnDelay::~OnDelay()                      0x080016b9   Thumb Code    46  on_delay.o(.text._ZN7OnDelayD2Ev)
    OnDelay::~OnDelay__sub_object()          0x080016b9   Thumb Code    46  on_delay.o(.text._ZN7OnDelayD2Ev)
    OnDelay::operator=(bool)                 0x080016e9   Thumb Code    32  on_delay.o(.text._ZN7OnDelayaSEb)
    Sequence::lock(bool)                     0x08001709   Thumb Code    24  sequence.o(.text._ZN8Sequence4lockEb)
    Sequence::reset()                        0x08001721   Thumb Code    24  sequence.o(.text._ZN8Sequence5resetEv)
    Sequence::start(bool)                    0x08001739   Thumb Code    44  sequence.o(.text._ZN8Sequence5startEb)
    Sequence::finish(bool)                   0x08001765   Thumb Code    68  sequence.o(.text._ZN8Sequence6finishEb)
    Sequence::slfSet(bool, bool, bool)       0x080017a9   Thumb Code    80  sequence.o(.text._ZN8Sequence6slfSetEbbb)
    Sequence::started()                      0x080017f9   Thumb Code    42  sequence.o(.text._ZN8Sequence7startedEv)
    Sequence::finished()                     0x08001825   Thumb Code    16  sequence.o(.text._ZN8Sequence8finishedEv)
    Sequence::isMyStep()                     0x08001835   Thumb Code    24  sequence.o(.text._ZN8Sequence8isMyStepEv)
    Sequence::Sequence(unsigned char*, unsigned char) 0x0800184d   Thumb Code    38  sequence.o(.text._ZN8SequenceC2EPhh)
    Sequence::Sequence__sub_object(unsigned char*, unsigned char) 0x0800184d   Thumb Code    38  sequence.o(.text._ZN8SequenceC2EPhh)
    CoilPulse::isActive()                    0x08001875   Thumb Code    16  coil.o(.text._ZN9CoilPulse8isActiveEv)
    CoilPulse::setValue(bool)                0x08001885   Thumb Code    30  coil.o(.text._ZN9CoilPulse8setValueEb)
    CoilPulse::update1ms()                   0x080018a5   Thumb Code    36  coil.o(.text._ZN9CoilPulse9update1msEv)
    CoilPulse::CoilPulse(GPIO_TypeDef*, unsigned char, unsigned short) 0x080018c9   Thumb Code    66  coil.o(.text._ZN9CoilPulseC2EP12GPIO_TypeDefht)
    CoilPulse::CoilPulse__sub_object(GPIO_TypeDef*, unsigned char, unsigned short) 0x080018c9   Thumb Code    66  coil.o(.text._ZN9CoilPulseC2EP12GPIO_TypeDefht)
    CoilPulse::operator=(bool)               0x0800190d   Thumb Code    34  coil.o(.text._ZN9CoilPulseaSEb)
    RFimpulse::set(bool)                     0x08001931   Thumb Code   138  rf_impulse.o(.text._ZN9RFimpulse3setEb)
    RFimpulse::RFimpulse(IMPULSE)            0x080019bd   Thumb Code    20  rf_impulse.o(.text._ZN9RFimpulseC2E7IMPULSE)
    RFimpulse::RFimpulse__sub_object(IMPULSE) 0x080019bd   Thumb Code    20  rf_impulse.o(.text._ZN9RFimpulseC2E7IMPULSE)
    std::get_new_handler()                   0x080019d1   Thumb Code    12  cxa_handlers.cpp.o(.text._ZSt15get_new_handlerv)
    non-virtual thunk to SimpleInputDelayed::update1ms() 0x080019dd   Thumb Code    14  simple_input.o(.text._ZThn16_N18SimpleInputDelayed9update1msEv)
    non-virtual thunk to CoilPulse::update1ms() 0x080019ed   Thumb Code    14  coil.o(.text._ZThn16_N9CoilPulse9update1msEv)
    operator delete(void*)                   0x080019fb   Thumb Code     4  new.cpp.o(.text._ZdlPv)
    operator delete(void*, unsigned int)     0x080019ff   Thumb Code     4  new.cpp.o(.text._ZdlPvj)
    operator new(unsigned int)               0x08001a05   Thumb Code    38  new.cpp.o(.text._Znwj)
    __cxa_pure_virtual                       0x08001a2d   Thumb Code     8  cxa_virtual.cpp.o(.text.__cxa_pure_virtual)
    abort_message                            0x08001f3b   Thumb Code     4  abort_message.cpp.o(.text.abort_message)
    main                                     0x08001f41   Thumb Code    62  main.o(.text.main)
    pvPortMalloc                             0x08002bb1   Thumb Code   390  heap_4.o(.text.pvPortMalloc)
    pxPortInitialiseStack                    0x08002d39   Thumb Code    80  port.o(.text.pxPortInitialiseStack)
    uxListRemove                             0x08002d89   Thumb Code    72  list.o(.text.uxListRemove)
    vApplicationIdleHook                     0x08002dd1   Thumb Code     2  main.o(.text.vApplicationIdleHook)
    vApplicationStackOverflowHook            0x08002dd5   Thumb Code    10  main.o(.text.vApplicationStackOverflowHook)
    vApplicationTickHook                     0x08002de1   Thumb Code     2  main.o(.text.vApplicationTickHook)
    vListInitialise                          0x08002de5   Thumb Code    46  list.o(.text.vListInitialise)
    vListInitialiseItem                      0x08002e15   Thumb Code    14  list.o(.text.vListInitialiseItem)
    vListInsert                              0x08002e25   Thumb Code   106  list.o(.text.vListInsert)
    vPortEnterCritical                       0x08002e91   Thumb Code    48  port.o(.text.vPortEnterCritical)
    vPortExitCritical                        0x08002ec1   Thumb Code    38  port.o(.text.vPortExitCritical)
    vPortFree                                0x08002ee9   Thumb Code   118  heap_4.o(.text.vPortFree)
    vPortSetupTimerInterrupt                 0x08002f61   Thumb Code    46  port.o(.text.vPortSetupTimerInterrupt)
    vQueueWaitForMessageRestricted           0x08002f91   Thumb Code   100  queue.o(.text.vQueueWaitForMessageRestricted)
    vTaskDelay                               0x08002ff5   Thumb Code    74  tasks.o(.text.vTaskDelay)
    vTaskInternalSetTimeOutState             0x08003041   Thumb Code    36  tasks.o(.text.vTaskInternalSetTimeOutState)
    vTaskMissedYield                         0x08003065   Thumb Code    14  tasks.o(.text.vTaskMissedYield)
    vTaskPlaceOnEventList                    0x08003075   Thumb Code    38  tasks.o(.text.vTaskPlaceOnEventList)
    vTaskPlaceOnEventListRestricted          0x0800309d   Thumb Code    96  tasks.o(.text.vTaskPlaceOnEventListRestricted)
    vTaskStartScheduler                      0x080030fd   Thumb Code   148  tasks.o(.text.vTaskStartScheduler)
    vTaskSuspendAll                          0x08003191   Thumb Code    16  tasks.o(.text.vTaskSuspendAll)
    vTaskSwitchContext                       0x080031a1   Thumb Code   236  tasks.o(.text.vTaskSwitchContext)
    xPortStartScheduler                      0x0800328d   Thumb Code    64  port.o(.text.xPortStartScheduler)
    xQueueGenericCreate                      0x080032cd   Thumb Code   126  queue.o(.text.xQueueGenericCreate)
    xQueueGenericReset                       0x0800334d   Thumb Code   208  queue.o(.text.xQueueGenericReset)
    xQueueReceive                            0x0800341d   Thumb Code   338  queue.o(.text.xQueueReceive)
    xTaskCheckForTimeOut                     0x08003571   Thumb Code   154  tasks.o(.text.xTaskCheckForTimeOut)
    xTaskCreate                              0x0800360d   Thumb Code   160  tasks.o(.text.xTaskCreate)
    xTaskGetTickCount                        0x080036ad   Thumb Code    20  tasks.o(.text.xTaskGetTickCount)
    xTaskIncrementTick                       0x080036c1   Thumb Code   596  tasks.o(.text.xTaskIncrementTick)
    xTaskRemoveFromEventList                 0x08003915   Thumb Code   368  tasks.o(.text.xTaskRemoveFromEventList)
    xTaskResumeAll                           0x08003a85   Thumb Code   510  tasks.o(.text.xTaskResumeAll)
    xTimerCreateTimerTask                    0x08003c85   Thumb Code    80  timers.o(.text.xTimerCreateTimerTask)
    AHBPrescTable                            0x08003cd4   Data          16  system_stm32f10x.o(.rodata.AHBPrescTable)
    vtable for CommonTimer                   0x08003ce4   Data          16  common_timer.o(.rodata._ZTV11CommonTimer)
    vtable for IUpdated1ms                   0x08003cf4   Data          12  common_timer.o(.rodata._ZTV11IUpdated1ms)
    vtable for SimpleInput                   0x08003d00   Data          12  simple_input.o(.rodata._ZTV11SimpleInput)
    vtable for ProgrammCoil                  0x08003d0c   Data          16  coil.o(.rodata._ZTV12ProgrammCoil)
    vtable for SimpleInputDelayed            0x08003d1c   Data          32  simple_input.o(.rodata._ZTV18SimpleInputDelayed)
    vtable for Coil                          0x08003d3c   Data          16  coil.o(.rodata._ZTV4Coil)
    vtable for ISwitch                       0x08003d4c   Data          12  coil.o(.rodata._ZTV7ISwitch)
    vtable for OnDelay                       0x08003d58   Data          12  on_delay.o(.rodata._ZTV7OnDelay)
    vtable for CoilPulse                     0x08003d64   Data          36  coil.o(.rodata._ZTV9CoilPulse)
    uxTopUsedPriority                        0x08003da0   Data           4  tasks.o(.rodata.uxTopUsedPriority)
    Region$$Table$$Base                      0x08003da4   Number         0  anon$$obj.o(Region$$Table)
    Region$$Table$$Limit                     0x08003dc4   Number         0  anon$$obj.o(Region$$Table)
    SHT$$INIT_ARRAY$$Base                    0x08003dc4   Number         0  main.o(.init_array)
    SHT$$INIT_ARRAY$$Limit                   0x08003dc8   Number         0  init_aeabi.o(.init_array)
    SystemCoreClock                          0x20000000   Data           4  system_stm32f10x.o(.data.SystemCoreClock)
    update1msObjects                         0x20000004   Data          64  main.o(.data.update1msObjects)
    updateObjectsSize                        0x20000044   Data           1  main.o(.data.updateObjectsSize)
    __libspace_start                         0x20000050   Data          96  libspace.o(.bss)
    B1                                       0x200000b0   Data          32  main.o(.bss.B1)
    __temporary_stack_top$libspace           0x200000b0   Data           0  libspace.o(.bss)
    B2                                       0x200000d0   Data          32  main.o(.bss.B2)
    B3                                       0x200000f0   Data          32  main.o(.bss.B3)
    C1                                       0x20000110   Data          16  main.o(.bss.C1)
    C2                                       0x20000120   Data          16  main.o(.bss.C2)
    C3                                       0x20000130   Data          16  main.o(.bss.C3)
    CHBs0                                    0x20000140   Data          12  main.o(.bss.CHBs0)
    CHBs1                                    0x2000014c   Data          12  main.o(.bss.CHBs1)
    CHBs1Delay                               0x20000158   Data           8  main.o(.bss.CHBs1Delay)
    CHBs2                                    0x20000160   Data          12  main.o(.bss.CHBs2)
    CHBstep                                  0x2000016c   Data           1  main.o(.bss.CHBstep)
    D1                                       0x20000170   Data          16  main.o(.bss.D1)
    D2                                       0x20000180   Data          16  main.o(.bss.D2)
    D3                                       0x20000190   Data          16  main.o(.bss.D3)
    D4                                       0x200001a0   Data          16  main.o(.bss.D4)
    H1                                       0x200001b0   Data          32  main.o(.bss.H1)
    H2                                       0x200001d0   Data          32  main.o(.bss.H2)
    H3                                       0x200001f0   Data          32  main.o(.bss.H3)
    M1                                       0x20000210   Data          32  main.o(.bss.M1)
    M2                                       0x20000230   Data          32  main.o(.bss.M2)
    M3                                       0x20000250   Data          32  main.o(.bss.M3)
    M6                                       0x20000270   Data          16  main.o(.bss.M6)
    M7                                       0x20000280   Data          16  main.o(.bss.M7)
    Me1                                      0x20000290   Data          16  main.o(.bss.Me1)
    Me2                                      0x200002a0   Data          16  main.o(.bss.Me2)
    Me3                                      0x200002b0   Data          16  main.o(.bss.Me3)
    O1                                       0x200002c0   Data          16  main.o(.bss.O1)
    O2                                       0x200002d0   Data          16  main.o(.bss.O2)
    O3                                       0x200002e0   Data          16  main.o(.bss.O3)
    OB1s0                                    0x200002f0   Data          12  main.o(.bss.OB1s0)
    OB1s1                                    0x200002fc   Data          12  main.o(.bss.OB1s1)
    OB1s1Delay                               0x20000308   Data           8  main.o(.bss.OB1s1Delay)
    OB1s2                                    0x20000310   Data          12  main.o(.bss.OB1s2)
    OB1s2Delay                               0x2000031c   Data           8  main.o(.bss.OB1s2Delay)
    OB1s3                                    0x20000324   Data          12  main.o(.bss.OB1s3)
    OB1s4                                    0x20000330   Data          12  main.o(.bss.OB1s4)
    OB1s4Delay                               0x2000033c   Data           8  main.o(.bss.OB1s4Delay)
    OB1s4MeTimer                             0x20000344   Data          16  main.o(.bss.OB1s4MeTimer)
    OB1s5                                    0x20000354   Data          12  main.o(.bss.OB1s5)
    OB1step                                  0x20000360   Data           1  main.o(.bss.OB1step)
    S4                                       0x20000364   Data          32  main.o(.bss.S4)
    S5                                       0x20000384   Data          32  main.o(.bss.S5)
    S6                                       0x200003a4   Data          32  main.o(.bss.S6)
    __cxa_new_handler                        0x200003c4   Data           4  cxa_default_handlers.cpp.o(.bss.__cxa_new_handler)
    pxCurrentTCB                             0x200003cc   Data           4  tasks.o(.bss.pxCurrentTCB)



==============================================================================

Memory Map of the image

  Image Entry point : 0x080000ed

  Load Region LR_IROM1 (Base: 0x08000000, Size: 0x00003e18, Max: 0x00010000, ABSOLUTE)

    Execution Region ER_IROM1 (Exec base: 0x08000000, Load base: 0x08000000, Size: 0x00003dc8, Max: 0x00010000, ABSOLUTE)

    Exec Addr    Load Addr    Size         Type   Attr      Idx    E Section Name        Object

    0x08000000   0x08000000   0x000000ec   Data   RO          948    RESET               startup_stm32f10x_md.o
    0x080000ec   0x080000ec   0x00000008   Code   RO          989  * !!!main             c_w.l(__main.o)
    0x080000f4   0x080000f4   0x00000034   Code   RO         1375    !!!scatter          c_w.l(__scatter.o)
    0x08000128   0x08000128   0x0000001a   Code   RO         1377    !!handler_copy      c_w.l(__scatter_copy.o)
    0x08000142   0x08000142   0x00000002   PAD
    0x08000144   0x08000144   0x0000001c   Code   RO         1379    !!handler_zi        c_w.l(__scatter_zi.o)
    0x08000160   0x08000160   0x00000002   Code   RO         1313    .ARM.Collect$$libinit$$00000000  c_w.l(libinit.o)
    0x08000162   0x08000162   0x00000000   Code   RO         1126    .ARM.Collect$$libinit$$00000002  c_w.l(libinit2.o)
    0x08000162   0x08000162   0x00000000   Code   RO         1128    .ARM.Collect$$libinit$$00000004  c_w.l(libinit2.o)
    0x08000162   0x08000162   0x00000000   Code   RO         1130    .ARM.Collect$$libinit$$00000006  c_w.l(libinit2.o)
    0x08000162   0x08000162   0x00000008   Code   RO         1131    .ARM.Collect$$libinit$$00000007  c_w.l(libinit2.o)
    0x0800016a   0x0800016a   0x00000000   Code   RO         1133    .ARM.Collect$$libinit$$0000000C  c_w.l(libinit2.o)
    0x0800016a   0x0800016a   0x00000000   Code   RO         1135    .ARM.Collect$$libinit$$0000000E  c_w.l(libinit2.o)
    0x0800016a   0x0800016a   0x00000000   Code   RO         1137    .ARM.Collect$$libinit$$00000010  c_w.l(libinit2.o)
    0x0800016a   0x0800016a   0x00000000   Code   RO         1140    .ARM.Collect$$libinit$$00000013  c_w.l(libinit2.o)
    0x0800016a   0x0800016a   0x00000000   Code   RO         1142    .ARM.Collect$$libinit$$00000015  c_w.l(libinit2.o)
    0x0800016a   0x0800016a   0x00000000   Code   RO         1144    .ARM.Collect$$libinit$$00000017  c_w.l(libinit2.o)
    0x0800016a   0x0800016a   0x00000000   Code   RO         1146    .ARM.Collect$$libinit$$00000019  c_w.l(libinit2.o)
    0x0800016a   0x0800016a   0x00000000   Code   RO         1148    .ARM.Collect$$libinit$$0000001B  c_w.l(libinit2.o)
    0x0800016a   0x0800016a   0x00000000   Code   RO         1150    .ARM.Collect$$libinit$$0000001D  c_w.l(libinit2.o)
    0x0800016a   0x0800016a   0x00000000   Code   RO         1152    .ARM.Collect$$libinit$$0000001F  c_w.l(libinit2.o)
    0x0800016a   0x0800016a   0x00000000   Code   RO         1154    .ARM.Collect$$libinit$$00000021  c_w.l(libinit2.o)
    0x0800016a   0x0800016a   0x00000000   Code   RO         1156    .ARM.Collect$$libinit$$00000023  c_w.l(libinit2.o)
    0x0800016a   0x0800016a   0x00000000   Code   RO         1158    .ARM.Collect$$libinit$$00000025  c_w.l(libinit2.o)
    0x0800016a   0x0800016a   0x00000000   Code   RO         1160    .ARM.Collect$$libinit$$00000027  c_w.l(libinit2.o)
    0x0800016a   0x0800016a   0x00000000   Code   RO         1164    .ARM.Collect$$libinit$$0000002E  c_w.l(libinit2.o)
    0x0800016a   0x0800016a   0x00000000   Code   RO         1166    .ARM.Collect$$libinit$$00000030  c_w.l(libinit2.o)
    0x0800016a   0x0800016a   0x00000000   Code   RO         1168    .ARM.Collect$$libinit$$00000032  c_w.l(libinit2.o)
    0x0800016a   0x0800016a   0x00000004   Code   RO         1169    .ARM.Collect$$libinit$$00000033  c_w.l(libinit2.o)
    0x0800016e   0x0800016e   0x00000000   Code   RO         1170    .ARM.Collect$$libinit$$00000034  c_w.l(libinit2.o)
    0x0800016e   0x0800016e   0x00000002   Code   RO         1171    .ARM.Collect$$libinit$$00000035  c_w.l(libinit2.o)
    0x08000170   0x08000170   0x00000002   Code   RO         1373    .ARM.Collect$$libshutdown$$00000000  c_w.l(libshutdown.o)
    0x08000172   0x08000172   0x00000006   Code   RO         1314    .ARM.Collect$$libshutdown$$00000001  c_w.l(libshutdown2.o)
    0x08000178   0x08000178   0x00000000   Code   RO         1315    .ARM.Collect$$libshutdown$$00000002  c_w.l(libshutdown2.o)
    0x08000178   0x08000178   0x00000000   Code   RO         1317    .ARM.Collect$$libshutdown$$00000004  c_w.l(libshutdown2.o)
    0x08000178   0x08000178   0x00000000   Code   RO         1320    .ARM.Collect$$libshutdown$$00000007  c_w.l(libshutdown2.o)
    0x08000178   0x08000178   0x00000000   Code   RO         1323    .ARM.Collect$$libshutdown$$0000000A  c_w.l(libshutdown2.o)
    0x08000178   0x08000178   0x00000000   Code   RO         1325    .ARM.Collect$$libshutdown$$0000000C  c_w.l(libshutdown2.o)
    0x08000178   0x08000178   0x00000000   Code   RO         1328    .ARM.Collect$$libshutdown$$0000000F  c_w.l(libshutdown2.o)
    0x08000178   0x08000178   0x00000002   Code   RO         1329    .ARM.Collect$$libshutdown$$00000010  c_w.l(libshutdown2.o)
    0x0800017a   0x0800017a   0x00000000   Code   RO         1048    .ARM.Collect$$rtentry$$00000000  c_w.l(__rtentry.o)
    0x0800017a   0x0800017a   0x00000000   Code   RO         1203    .ARM.Collect$$rtentry$$00000002  c_w.l(__rtentry2.o)
    0x0800017a   0x0800017a   0x00000006   Code   RO         1215    .ARM.Collect$$rtentry$$00000004  c_w.l(__rtentry4.o)
    0x08000180   0x08000180   0x00000000   Code   RO         1205    .ARM.Collect$$rtentry$$00000009  c_w.l(__rtentry2.o)
    0x08000180   0x08000180   0x00000004   Code   RO         1206    .ARM.Collect$$rtentry$$0000000A  c_w.l(__rtentry2.o)
    0x08000184   0x08000184   0x00000000   Code   RO         1208    .ARM.Collect$$rtentry$$0000000C  c_w.l(__rtentry2.o)
    0x08000184   0x08000184   0x00000008   Code   RO         1209    .ARM.Collect$$rtentry$$0000000D  c_w.l(__rtentry2.o)
    0x0800018c   0x0800018c   0x00000002   Code   RO         1330    .ARM.Collect$$rtexit$$00000000  c_w.l(rtexit.o)
    0x0800018e   0x0800018e   0x00000000   Code   RO         1345    .ARM.Collect$$rtexit$$00000002  c_w.l(rtexit2.o)
    0x0800018e   0x0800018e   0x00000004   Code   RO         1346    .ARM.Collect$$rtexit$$00000003  c_w.l(rtexit2.o)
    0x08000192   0x08000192   0x00000006   Code   RO         1347    .ARM.Collect$$rtexit$$00000004  c_w.l(rtexit2.o)
    0x08000198   0x08000198   0x00000040   Code   RO          949    .text               startup_stm32f10x_md.o
    0x080001d8   0x080001d8   0x0000000a   Code   RO          976    .text               c_w.l(cxa_atexit.o)
    0x080001e2   0x080001e2   0x0000008a   Code   RO          979    .text               c_w.l(rt_memcpy_v6.o)
    0x0800026c   0x0800026c   0x00000010   Code   RO          981    .text               c_w.l(aeabi_memset4.o)
    0x0800027c   0x0800027c   0x00000044   Code   RO          983    .text               c_w.l(rt_memclr.o)
    0x080002c0   0x080002c0   0x0000004e   Code   RO          985    .text               c_w.l(rt_memclr_w.o)
    0x0800030e   0x0800030e   0x00000006   Code   RO          987    .text               c_w.l(heapauxi.o)
    0x08000314   0x08000314   0x00000024   Code   RO          994    .text               c_w.l(init_aeabi.o)
    0x08000338   0x08000338   0x0000005e   Code   RO         1053    .text               c_w.l(h1_alloc.o)
    0x08000396   0x08000396   0x0000004e   Code   RO         1055    .text               c_w.l(h1_free.o)
    0x080003e4   0x080003e4   0x00000016   Code   RO         1115    .text               c_w.l(abort.o)
    0x080003fa   0x080003fa   0x0000002e   Code   RO         1120    .text               c_w.l(aeabi_atexit.o)
    0x08000428   0x08000428   0x00000064   Code   RO         1123    .text               c_w.l(rt_memcpy_w.o)
    0x0800048c   0x0800048c   0x0000000c   Code   RO         1196    .text               c_w.l(sys_exit.o)
    0x08000498   0x08000498   0x00000008   Code   RO         1220    .text               c_w.l(rt_heap_descriptor_intlibspace.o)
    0x080004a0   0x080004a0   0x00000008   Code   RO         1225    .text               c_w.l(rt_ddtor_pointer_addr_intlibspace.o)
    0x080004a8   0x080004a8   0x00000004   Code   RO         1227    .text               c_w.l(hguard.o)
    0x080004ac   0x080004ac   0x0000008a   Code   RO         1229    .text               c_w.l(init_alloc.o)
    0x08000536   0x08000536   0x0000000e   Code   RO         1233    .text               c_w.l(h1_init.o)
    0x08000544   0x08000544   0x00000042   Code   RO         1245    .text               c_w.l(cxa_finalize.o)
    0x08000586   0x08000586   0x0000000e   Code   RO         1248    .text               c_w.l(defsig_abrt_outer.o)
    0x08000594   0x08000594   0x00000008   Code   RO         1273    .text               c_w.l(libspace.o)
    0x0800059c   0x0800059c   0x00000002   Code   RO         1276    .text               c_w.l(use_no_semi.o)
    0x0800059e   0x0800059e   0x00000000   Code   RO         1278    .text               c_w.l(indicate_semi.o)
    0x0800059e   0x0800059e   0x0000004a   Code   RO         1279    .text               c_w.l(sys_stackheap_outer.o)
    0x080005e8   0x080005e8   0x00000000   Code   RO         1285    .text               c_w.l(maybetermalloc1.o)
    0x080005e8   0x080005e8   0x00000034   Code   RO         1287    .text               c_w.l(h1_extend.o)
    0x0800061c   0x0800061c   0x00000012   Code   RO         1291    .text               c_w.l(exit.o)
    0x0800062e   0x0800062e   0x0000000a   Code   RO         1293    .text               c_w.l(defsig_exit.o)
    0x08000638   0x08000638   0x00000030   Code   RO         1295    .text               c_w.l(defsig_abrt_inner.o)
    0x08000668   0x08000668   0x0000000e   Code   RO         1297    .text               c_w.l(defsig_rtmem_outer.o)
    0x08000676   0x08000676   0x00000032   Code   RO         1336    .text               c_w.l(defsig_general.o)
    0x080006a8   0x080006a8   0x00000050   Code   RO         1338    .text               c_w.l(defsig_rtmem_inner.o)
    0x080006f8   0x080006f8   0x0000000e   Code   RO         1340    .text               c_w.l(sys_wrch.o)
    0x08000706   0x08000706   0x0000000a   PAD
    0x08000710   0x08000710   0x00000044   Code   RO          172    .text.PendSV_Handler  port.o
    0x08000754   0x08000754   0x0000000c   PAD
    0x08000760   0x08000760   0x00000024   Code   RO          158    .text.SVC_Handler   port.o
    0x08000784   0x08000784   0x00000008   Code   RO          957    .text.SetSysClock   system_stm32f10x.o
    0x0800078c   0x0800078c   0x00000122   Code   RO          961    .text.SetSysClockTo72  system_stm32f10x.o
    0x080008ae   0x080008ae   0x00000002   PAD
    0x080008b0   0x080008b0   0x0000003c   Code   RO          174    .text.SysTick_Handler  port.o
    0x080008ec   0x080008ec   0x00000122   Code   RO          959    .text.SystemCoreClockUpdate  system_stm32f10x.o
    0x08000a0e   0x08000a0e   0x00000002   PAD
    0x08000a10   0x08000a10   0x00000066   Code   RO          955    .text.SystemInit    system_stm32f10x.o
    0x08000a76   0x08000a76   0x00000002   PAD
    0x08000a78   0x08000a78   0x0000004c   Code   RO           92    .text.TIM2_IRQHandler  main.o
    0x08000ac4   0x08000ac4   0x000000a8   Code   RO           96    .text._GLOBAL__sub_I_main.cpp  main.o
    0x08000b6c   0x08000b6c   0x0000000e   Code   RO          656    .text._Z10commonInitv  init.o
    0x08000b7a   0x08000b7a   0x00000002   PAD
    0x08000b7c   0x08000b7c   0x00000040   Code   RO          647    .text._Z11getPositionj  common.o
    0x08000bbc   0x08000bbc   0x00000020   Code   RO          675    .text._Z11setRegisterIVjEvPT_jj  init.o
    0x08000bdc   0x08000bdc   0x0000004c   Code   RO          608    .text._Z13resetAllStepsv  ob1.o
    0x08000c28   0x08000c28   0x00000044   Code   RO          734    .text._Z17setBitsInRegisterIVjEvPT_jj  coil.o
    0x08000c6c   0x08000c6c   0x00000256   Code   RO          610    .text._Z7OB1TaskPv  ob1.o
    0x08000ec2   0x08000ec2   0x00000002   PAD
    0x08000ec4   0x08000ec4   0x000000be   Code   RO          660    .text._Z7rccInitv   init.o
    0x08000f82   0x08000f82   0x00000002   PAD
    0x08000f84   0x08000f84   0x00000058   Code   RO          662    .text._Z8tickInitv  init.o
    0x08000fdc   0x08000fdc   0x00000030   Code   RO          664    .text._ZL16__NVIC_EnableIRQ4IRQn  init.o
    0x0800100c   0x0800100c   0x00000042   Code   RO          666    .text._ZL18__NVIC_SetPriority4IRQnj  init.o
    0x0800104e   0x0800104e   0x00000002   PAD
    0x08001050   0x08001050   0x0000003c   Code   RO          658    .text._ZL26__NVIC_SetPriorityGroupingj  init.o
    0x0800108c   0x0800108c   0x00000084   Code   RO          612    .text._ZL8setCoilsbbbbb  ob1.o
    0x08001110   0x08001110   0x000000e2   Code   RO          740    .text._ZN10GPIOcommonC2EP12GPIO_TypeDefh  gpio_common.o
    0x080011f2   0x080011f2   0x00000002   PAD
    0x080011f4   0x080011f4   0x00000016   Code   RO          833    .text._ZN11CommonTimer11notFinishedEv  common_timer.o
    0x0800120a   0x0800120a   0x00000002   PAD
    0x0800120c   0x0800120c   0x00000018   Code   RO          817    .text._ZN11CommonTimer4stopEv  common_timer.o
    0x08001224   0x08001224   0x0000000e   Code   RO          815    .text._ZN11CommonTimer5pauseEv  common_timer.o
    0x08001232   0x08001232   0x00000002   PAD
    0x08001234   0x08001234   0x00000010   Code   RO          819    .text._ZN11CommonTimer5resetEv  common_timer.o
    0x08001244   0x08001244   0x0000000e   Code   RO          813    .text._ZN11CommonTimer5startEv  common_timer.o
    0x08001252   0x08001252   0x00000002   PAD
    0x08001254   0x08001254   0x0000002e   Code   RO          837    .text._ZN11CommonTimer6inWorkEv  common_timer.o
    0x08001282   0x08001282   0x00000002   PAD
    0x08001284   0x08001284   0x00000010   Code   RO          829    .text._ZN11CommonTimer7startedEv  common_timer.o
    0x08001294   0x08001294   0x00000016   Code   RO          803    .text._ZN11CommonTimer8finishedEv  common_timer.o
    0x080012aa   0x080012aa   0x00000002   PAD
    0x080012ac   0x080012ac   0x0000002c   Code   RO          825    .text._ZN11CommonTimer8setStartEb  common_timer.o
    0x080012d8   0x080012d8   0x00000038   Code   RO          801    .text._ZN11CommonTimer9update1msEv  common_timer.o
    0x08001310   0x08001310   0x00000026   Code   RO          799    .text._ZN11CommonTimerC2Ej  common_timer.o
    0x08001336   0x08001336   0x00000002   PAD
    0x08001338   0x08001338   0x00000020   Code   RO          827    .text._ZN11CommonTimeraSEb  common_timer.o
    0x08001358   0x08001358   0x00000016   Code   RO          848    .text._ZN11IUpdated1msC2Ev  common_timer.o
    0x0800136e   0x0800136e   0x00000002   PAD
    0x08001370   0x08001370   0x00000016   Code   RO          767    .text._ZN11SimpleInput11isNotActiveEv  simple_input.o
    0x08001386   0x08001386   0x00000002   PAD
    0x08001388   0x08001388   0x00000040   Code   RO          765    .text._ZN11SimpleInput8isActiveEv  simple_input.o
    0x080013c8   0x080013c8   0x00000098   Code   RO          763    .text._ZN11SimpleInputC2EP12GPIO_TypeDefh  simple_input.o
    0x08001460   0x08001460   0x00000010   Code   RO          678    .text._ZN12ProgrammCoil8isActiveEv  coil.o
    0x08001470   0x08001470   0x00000018   Code   RO          680    .text._ZN12ProgrammCoil8setValueEb  coil.o
    0x08001488   0x08001488   0x00000020   Code   RO          732    .text._ZN12ProgrammCoilC2Ev  coil.o
    0x080014a8   0x080014a8   0x00000012   Code   RO          775    .text._ZN18SimpleInputDelayed8isActiveEv  simple_input.o
    0x080014ba   0x080014ba   0x00000002   PAD
    0x080014bc   0x080014bc   0x00000024   Code   RO          771    .text._ZN18SimpleInputDelayed9update1msEv  simple_input.o
    0x080014e0   0x080014e0   0x00000042   Code   RO          769    .text._ZN18SimpleInputDelayedC2EP12GPIO_TypeDefht  simple_input.o
    0x08001522   0x08001522   0x00000002   PAD
    0x08001524   0x08001524   0x00000016   Code   RO          692    .text._ZN4Coil8isActiveEv  coil.o
    0x0800153a   0x0800153a   0x00000002   PAD
    0x0800153c   0x0800153c   0x00000042   Code   RO          694    .text._ZN4Coil8setValueEb  coil.o
    0x0800157e   0x0800157e   0x00000002   PAD
    0x08001580   0x08001580   0x00000076   Code   RO          690    .text._ZN4CoilC2EP12GPIO_TypeDefh  coil.o
    0x080015f6   0x080015f6   0x00000002   PAD
    0x080015f8   0x080015f8   0x00000022   Code   RO          696    .text._ZN4CoilaSEb  coil.o
    0x0800161a   0x0800161a   0x00000002   PAD
    0x0800161c   0x0800161c   0x00000016   Code   RO          736    .text._ZN7ISwitchC2Ev  coil.o
    0x08001632   0x08001632   0x00000002   PAD
    0x08001634   0x08001634   0x00000012   Code   RO          882    .text._ZN7OnDelay3getEv  on_delay.o
    0x08001646   0x08001646   0x00000002   PAD
    0x08001648   0x08001648   0x0000001e   Code   RO          880    .text._ZN7OnDelay3setEb  on_delay.o
    0x08001666   0x08001666   0x00000002   PAD
    0x08001668   0x08001668   0x00000014   Code   RO          878    .text._ZN7OnDelay9update1msEv  on_delay.o
    0x0800167c   0x0800167c   0x0000003a   Code   RO          874    .text._ZN7OnDelayC2Ej  on_delay.o
    0x080016b6   0x080016b6   0x00000002   PAD
    0x080016b8   0x080016b8   0x0000002e   Code   RO          876    .text._ZN7OnDelayD2Ev  on_delay.o
    0x080016e6   0x080016e6   0x00000002   PAD
    0x080016e8   0x080016e8   0x00000020   Code   RO          886    .text._ZN7OnDelayaSEb  on_delay.o
    0x08001708   0x08001708   0x00000018   Code   RO          926    .text._ZN8Sequence4lockEb  sequence.o
    0x08001720   0x08001720   0x00000018   Code   RO          922    .text._ZN8Sequence5resetEv  sequence.o
    0x08001738   0x08001738   0x0000002c   Code   RO          924    .text._ZN8Sequence5startEb  sequence.o
    0x08001764   0x08001764   0x00000044   Code   RO          928    .text._ZN8Sequence6finishEb  sequence.o
    0x080017a8   0x080017a8   0x00000050   Code   RO          930    .text._ZN8Sequence6slfSetEbbb  sequence.o
    0x080017f8   0x080017f8   0x0000002a   Code   RO          932    .text._ZN8Sequence7startedEv  sequence.o
    0x08001822   0x08001822   0x00000002   PAD
    0x08001824   0x08001824   0x00000010   Code   RO          936    .text._ZN8Sequence8finishedEv  sequence.o
    0x08001834   0x08001834   0x00000018   Code   RO          920    .text._ZN8Sequence8isMyStepEv  sequence.o
    0x0800184c   0x0800184c   0x00000026   Code   RO          918    .text._ZN8SequenceC2EPhh  sequence.o
    0x08001872   0x08001872   0x00000002   PAD
    0x08001874   0x08001874   0x00000010   Code   RO          716    .text._ZN9CoilPulse8isActiveEv  coil.o
    0x08001884   0x08001884   0x0000001e   Code   RO          718    .text._ZN9CoilPulse8setValueEb  coil.o
    0x080018a2   0x080018a2   0x00000002   PAD
    0x080018a4   0x080018a4   0x00000024   Code   RO          712    .text._ZN9CoilPulse9update1msEv  coil.o
    0x080018c8   0x080018c8   0x00000042   Code   RO          710    .text._ZN9CoilPulseC2EP12GPIO_TypeDefht  coil.o
    0x0800190a   0x0800190a   0x00000002   PAD
    0x0800190c   0x0800190c   0x00000022   Code   RO          720    .text._ZN9CoilPulseaSEb  coil.o
    0x0800192e   0x0800192e   0x00000002   PAD
    0x08001930   0x08001930   0x0000008a   Code   RO          750    .text._ZN9RFimpulse3setEb  rf_impulse.o
    0x080019ba   0x080019ba   0x00000002   PAD
    0x080019bc   0x080019bc   0x00000014   Code   RO          748    .text._ZN9RFimpulseC2E7IMPULSE  rf_impulse.o
    0x080019d0   0x080019d0   0x0000000c   Code   RO         1189    .text._ZSt15get_new_handlerv  libcppabi_w.l(cxa_handlers.cpp.o)
    0x080019dc   0x080019dc   0x0000000e   Code   RO          773    .text._ZThn16_N18SimpleInputDelayed9update1msEv  simple_input.o
    0x080019ea   0x080019ea   0x00000002   PAD
    0x080019ec   0x080019ec   0x0000000e   Code   RO          714    .text._ZThn16_N9CoilPulse9update1msEv  coil.o
    0x080019fa   0x080019fa   0x00000004   Code   RO         1008    .text._ZdlPv        libcpp_w.l(new.cpp.o)
    0x080019fe   0x080019fe   0x00000004   Code   RO         1012    .text._ZdlPvj       libcpp_w.l(new.cpp.o)
    0x08001a02   0x08001a02   0x00000002   PAD
    0x08001a04   0x08001a04   0x00000026   Code   RO         1000    .text._Znwj         libcpp_w.l(new.cpp.o)
    0x08001a2a   0x08001a2a   0x00000002   PAD
    0x08001a2c   0x08001a2c   0x00000028   Code   RO         1043    .text.__cxa_pure_virtual  libcppabi_w.l(cxa_virtual.cpp.o)
    0x08001a54   0x08001a54   0x0000001c   Code   RO            2    .text.__cxx_global_var_init  main.o
    0x08001a70   0x08001a70   0x0000001c   Code   RO            4    .text.__cxx_global_var_init.1  main.o
    0x08001a8c   0x08001a8c   0x0000001a   Code   RO           22    .text.__cxx_global_var_init.10  main.o
    0x08001aa6   0x08001aa6   0x00000002   PAD
    0x08001aa8   0x08001aa8   0x0000001a   Code   RO           24    .text.__cxx_global_var_init.11  main.o
    0x08001ac2   0x08001ac2   0x00000002   PAD
    0x08001ac4   0x08001ac4   0x0000001e   Code   RO           26    .text.__cxx_global_var_init.12  main.o
    0x08001ae2   0x08001ae2   0x00000002   PAD
    0x08001ae4   0x08001ae4   0x0000001a   Code   RO           28    .text.__cxx_global_var_init.13  main.o
    0x08001afe   0x08001afe   0x00000002   PAD
    0x08001b00   0x08001b00   0x0000001a   Code   RO           30    .text.__cxx_global_var_init.14  main.o
    0x08001b1a   0x08001b1a   0x00000002   PAD
    0x08001b1c   0x08001b1c   0x0000001a   Code   RO           32    .text.__cxx_global_var_init.15  main.o
    0x08001b36   0x08001b36   0x00000002   PAD
    0x08001b38   0x08001b38   0x0000001e   Code   RO           34    .text.__cxx_global_var_init.16  main.o
    0x08001b56   0x08001b56   0x00000002   PAD
    0x08001b58   0x08001b58   0x0000001a   Code   RO           36    .text.__cxx_global_var_init.17  main.o
    0x08001b72   0x08001b72   0x00000002   PAD
    0x08001b74   0x08001b74   0x0000001a   Code   RO           38    .text.__cxx_global_var_init.18  main.o
    0x08001b8e   0x08001b8e   0x00000002   PAD
    0x08001b90   0x08001b90   0x0000001a   Code   RO           40    .text.__cxx_global_var_init.19  main.o
    0x08001baa   0x08001baa   0x00000002   PAD
    0x08001bac   0x08001bac   0x0000001c   Code   RO            6    .text.__cxx_global_var_init.2  main.o
    0x08001bc8   0x08001bc8   0x0000001e   Code   RO           42    .text.__cxx_global_var_init.20  main.o
    0x08001be6   0x08001be6   0x00000002   PAD
    0x08001be8   0x08001be8   0x0000001a   Code   RO           44    .text.__cxx_global_var_init.21  main.o
    0x08001c02   0x08001c02   0x00000002   PAD
    0x08001c04   0x08001c04   0x0000001a   Code   RO           46    .text.__cxx_global_var_init.22  main.o
    0x08001c1e   0x08001c1e   0x00000002   PAD
    0x08001c20   0x08001c20   0x0000001a   Code   RO           48    .text.__cxx_global_var_init.23  main.o
    0x08001c3a   0x08001c3a   0x00000002   PAD
    0x08001c3c   0x08001c3c   0x0000001a   Code   RO           50    .text.__cxx_global_var_init.24  main.o
    0x08001c56   0x08001c56   0x00000002   PAD
    0x08001c58   0x08001c58   0x0000001a   Code   RO           52    .text.__cxx_global_var_init.25  main.o
    0x08001c72   0x08001c72   0x00000002   PAD
    0x08001c74   0x08001c74   0x0000001a   Code   RO           54    .text.__cxx_global_var_init.26  main.o
    0x08001c8e   0x08001c8e   0x00000002   PAD
    0x08001c90   0x08001c90   0x0000001a   Code   RO           56    .text.__cxx_global_var_init.27  main.o
    0x08001caa   0x08001caa   0x00000002   PAD
    0x08001cac   0x08001cac   0x0000001a   Code   RO           58    .text.__cxx_global_var_init.28  main.o
    0x08001cc6   0x08001cc6   0x00000002   PAD
    0x08001cc8   0x08001cc8   0x0000001a   Code   RO           60    .text.__cxx_global_var_init.29  main.o
    0x08001ce2   0x08001ce2   0x00000002   PAD
    0x08001ce4   0x08001ce4   0x0000001c   Code   RO            8    .text.__cxx_global_var_init.3  main.o
    0x08001d00   0x08001d00   0x0000001a   Code   RO           62    .text.__cxx_global_var_init.30  main.o
    0x08001d1a   0x08001d1a   0x00000002   PAD
    0x08001d1c   0x08001d1c   0x0000001a   Code   RO           64    .text.__cxx_global_var_init.31  main.o
    0x08001d36   0x08001d36   0x00000002   PAD
    0x08001d38   0x08001d38   0x0000001a   Code   RO           66    .text.__cxx_global_var_init.32  main.o
    0x08001d52   0x08001d52   0x00000002   PAD
    0x08001d54   0x08001d54   0x00000034   Code   RO           68    .text.__cxx_global_var_init.33  main.o
    0x08001d88   0x08001d88   0x00000030   Code   RO           70    .text.__cxx_global_var_init.34  main.o
    0x08001db8   0x08001db8   0x00000034   Code   RO           72    .text.__cxx_global_var_init.35  main.o
    0x08001dec   0x08001dec   0x00000018   Code   RO           74    .text.__cxx_global_var_init.36  main.o
    0x08001e04   0x08001e04   0x0000001a   Code   RO           76    .text.__cxx_global_var_init.37  main.o
    0x08001e1e   0x08001e1e   0x00000002   PAD
    0x08001e20   0x08001e20   0x0000001a   Code   RO           78    .text.__cxx_global_var_init.38  main.o
    0x08001e3a   0x08001e3a   0x00000002   PAD
    0x08001e3c   0x08001e3c   0x0000001a   Code   RO           80    .text.__cxx_global_var_init.39  main.o
    0x08001e56   0x08001e56   0x00000002   PAD
    0x08001e58   0x08001e58   0x0000001c   Code   RO           10    .text.__cxx_global_var_init.4  main.o
    0x08001e74   0x08001e74   0x00000030   Code   RO           82    .text.__cxx_global_var_init.40  main.o
    0x08001ea4   0x08001ea4   0x0000001c   Code   RO           12    .text.__cxx_global_var_init.5  main.o
    0x08001ec0   0x08001ec0   0x0000001e   Code   RO           14    .text.__cxx_global_var_init.6  main.o
    0x08001ede   0x08001ede   0x00000002   PAD
    0x08001ee0   0x08001ee0   0x0000001e   Code   RO           16    .text.__cxx_global_var_init.7  main.o
    0x08001efe   0x08001efe   0x00000002   PAD
    0x08001f00   0x08001f00   0x0000001e   Code   RO           18    .text.__cxx_global_var_init.8  main.o
    0x08001f1e   0x08001f1e   0x00000002   PAD
    0x08001f20   0x08001f20   0x0000001a   Code   RO           20    .text.__cxx_global_var_init.9  main.o
    0x08001f3a   0x08001f3a   0x00000004   Code   RO         1193    .text.abort_message  libcppabi_w.l(abort_message.cpp.o)
    0x08001f3e   0x08001f3e   0x00000002   PAD
    0x08001f40   0x08001f40   0x0000003e   Code   RO           94    .text.main          main.o
    0x08001f7e   0x08001f7e   0x00000002   PAD
    0x08001f80   0x08001f80   0x0000011a   Code   RO          407    .text.prvAddCurrentTaskToDelayedList  tasks.o
    0x0800209a   0x0800209a   0x00000002   PAD
    0x0800209c   0x0800209c   0x00000154   Code   RO          395    .text.prvAddNewTaskToReadyList  tasks.o
    0x080021f0   0x080021f0   0x0000006a   Code   RO          543    .text.prvCheckForValidListAndQueue  timers.o
    0x0800225a   0x0800225a   0x00000002   PAD
    0x0800225c   0x0800225c   0x0000005a   Code   RO          509    .text.prvCheckTasksWaitingTermination  tasks.o
    0x080022b6   0x080022b6   0x00000002   PAD
    0x080022b8   0x080022b8   0x00000042   Code   RO          297    .text.prvCopyDataFromQueue  queue.o
    0x080022fa   0x080022fa   0x00000002   PAD
    0x080022fc   0x080022fc   0x00000018   Code   RO          401    .text.prvDeleteTCB  tasks.o
    0x08002314   0x08002314   0x00000040   Code   RO          577    .text.prvGetNextExpireTime  timers.o
    0x08002354   0x08002354   0x000000ae   Code   RO          218    .text.prvHeapInit   heap_4.o
    0x08002402   0x08002402   0x00000002   PAD
    0x08002404   0x08002404   0x0000003c   Code   RO          433    .text.prvIdleTask   tasks.o
    0x08002440   0x08002440   0x00000048   Code   RO          269    .text.prvInitialiseNewQueue  queue.o
    0x08002488   0x08002488   0x000000e6   Code   RO          393    .text.prvInitialiseNewTask  tasks.o
    0x0800256e   0x0800256e   0x00000002   PAD
    0x08002570   0x08002570   0x0000008e   Code   RO          507    .text.prvInitialiseTaskLists  tasks.o
    0x080025fe   0x080025fe   0x00000002   PAD
    0x08002600   0x08002600   0x000000c6   Code   RO          220    .text.prvInsertBlockIntoFreeList  heap_4.o
    0x080026c6   0x080026c6   0x00000002   PAD
    0x080026c8   0x080026c8   0x00000086   Code   RO          591    .text.prvInsertTimerInActiveList  timers.o
    0x0800274e   0x0800274e   0x00000002   PAD
    0x08002750   0x08002750   0x00000028   Code   RO          299    .text.prvIsQueueEmpty  queue.o
    0x08002778   0x08002778   0x00000020   Code   RO          164    .text.prvPortStartFirstTask  port.o
    0x08002798   0x08002798   0x00000054   Code   RO          585    .text.prvProcessExpiredTimer  timers.o
    0x080027ec   0x080027ec   0x00000126   Code   RO          581    .text.prvProcessReceivedCommands  timers.o
    0x08002912   0x08002912   0x00000002   PAD
    0x08002914   0x08002914   0x0000009a   Code   RO          579    .text.prvProcessTimerOrBlockTask  timers.o
    0x080029ae   0x080029ae   0x00000002   PAD
    0x080029b0   0x080029b0   0x00000034   Code   RO          589    .text.prvReloadTimer  timers.o
    0x080029e4   0x080029e4   0x0000003c   Code   RO          399    .text.prvResetNextTaskUnblockTime  tasks.o
    0x08002a20   0x08002a20   0x00000044   Code   RO          583    .text.prvSampleTimeNow  timers.o
    0x08002a64   0x08002a64   0x00000052   Code   RO          587    .text.prvSwitchTimerLists  timers.o
    0x08002ab6   0x08002ab6   0x00000002   PAD
    0x08002ab8   0x08002ab8   0x00000026   Code   RO          156    .text.prvTaskExitError  port.o
    0x08002ade   0x08002ade   0x00000002   PAD
    0x08002ae0   0x08002ae0   0x0000001e   Code   RO          545    .text.prvTimerTask  timers.o
    0x08002afe   0x08002afe   0x00000002   PAD
    0x08002b00   0x08002b00   0x000000ae   Code   RO          289    .text.prvUnlockQueue  queue.o
    0x08002bae   0x08002bae   0x00000002   PAD
    0x08002bb0   0x08002bb0   0x00000186   Code   RO          216    .text.pvPortMalloc  heap_4.o
    0x08002d36   0x08002d36   0x00000002   PAD
    0x08002d38   0x08002d38   0x00000050   Code   RO          154    .text.pxPortInitialiseStack  port.o
    0x08002d88   0x08002d88   0x00000048   Code   RO          256    .text.uxListRemove  list.o
    0x08002dd0   0x08002dd0   0x00000002   Code   RO           84    .text.vApplicationIdleHook  main.o
    0x08002dd2   0x08002dd2   0x00000002   PAD
    0x08002dd4   0x08002dd4   0x0000000a   Code   RO           90    .text.vApplicationStackOverflowHook  main.o
    0x08002dde   0x08002dde   0x00000002   PAD
    0x08002de0   0x08002de0   0x00000002   Code   RO           86    .text.vApplicationTickHook  main.o
    0x08002de2   0x08002de2   0x00000002   PAD
    0x08002de4   0x08002de4   0x0000002e   Code   RO          248    .text.vListInitialise  list.o
    0x08002e12   0x08002e12   0x00000002   PAD
    0x08002e14   0x08002e14   0x0000000e   Code   RO          250    .text.vListInitialiseItem  list.o
    0x08002e22   0x08002e22   0x00000002   PAD
    0x08002e24   0x08002e24   0x0000006a   Code   RO          254    .text.vListInsert   list.o
    0x08002e8e   0x08002e8e   0x00000002   PAD
    0x08002e90   0x08002e90   0x00000030   Code   RO          168    .text.vPortEnterCritical  port.o
    0x08002ec0   0x08002ec0   0x00000026   Code   RO          170    .text.vPortExitCritical  port.o
    0x08002ee6   0x08002ee6   0x00000002   PAD
    0x08002ee8   0x08002ee8   0x00000076   Code   RO          222    .text.vPortFree     heap_4.o
    0x08002f5e   0x08002f5e   0x00000002   PAD
    0x08002f60   0x08002f60   0x0000002e   Code   RO          162    .text.vPortSetupTimerInterrupt  port.o
    0x08002f8e   0x08002f8e   0x00000002   PAD
    0x08002f90   0x08002f90   0x00000064   Code   RO          327    .text.vQueueWaitForMessageRestricted  queue.o
    0x08002ff4   0x08002ff4   0x0000004a   Code   RO          411    .text.vTaskDelay    tasks.o
    0x0800303e   0x0800303e   0x00000002   PAD
    0x08003040   0x08003040   0x00000024   Code   RO          465    .text.vTaskInternalSetTimeOutState  tasks.o
    0x08003064   0x08003064   0x0000000e   Code   RO          469    .text.vTaskMissedYield  tasks.o
    0x08003072   0x08003072   0x00000002   PAD
    0x08003074   0x08003074   0x00000026   Code   RO          453    .text.vTaskPlaceOnEventList  tasks.o
    0x0800309a   0x0800309a   0x00000002   PAD
    0x0800309c   0x0800309c   0x00000060   Code   RO          457    .text.vTaskPlaceOnEventListRestricted  tasks.o
    0x080030fc   0x080030fc   0x00000094   Code   RO          431    .text.vTaskStartScheduler  tasks.o
    0x08003190   0x08003190   0x00000010   Code   RO          405    .text.vTaskSuspendAll  tasks.o
    0x080031a0   0x080031a0   0x000000ec   Code   RO          423    .text.vTaskSwitchContext  tasks.o
    0x0800328c   0x0800328c   0x00000040   Code   RO          160    .text.xPortStartScheduler  port.o
    0x080032cc   0x080032cc   0x0000007e   Code   RO          267    .text.xQueueGenericCreate  queue.o
    0x0800334a   0x0800334a   0x00000002   PAD
    0x0800334c   0x0800334c   0x000000d0   Code   RO          265    .text.xQueueGenericReset  queue.o
    0x0800341c   0x0800341c   0x00000152   Code   RO          295    .text.xQueueReceive  queue.o
    0x0800356e   0x0800356e   0x00000002   PAD
    0x08003570   0x08003570   0x0000009a   Code   RO          467    .text.xTaskCheckForTimeOut  tasks.o
    0x0800360a   0x0800360a   0x00000002   PAD
    0x0800360c   0x0800360c   0x000000a0   Code   RO          391    .text.xTaskCreate   tasks.o
    0x080036ac   0x080036ac   0x00000014   Code   RO          439    .text.xTaskGetTickCount  tasks.o
    0x080036c0   0x080036c0   0x00000254   Code   RO          437    .text.xTaskIncrementTick  tasks.o
    0x08003914   0x08003914   0x00000170   Code   RO          459    .text.xTaskRemoveFromEventList  tasks.o
    0x08003a84   0x08003a84   0x000001fe   Code   RO          409    .text.xTaskResumeAll  tasks.o
    0x08003c82   0x08003c82   0x00000002   PAD
    0x08003c84   0x08003c84   0x00000050   Code   RO          541    .text.xTimerCreateTimerTask  timers.o
    0x08003cd4   0x08003cd4   0x00000010   Data   RO          964    .rodata.AHBPrescTable  system_stm32f10x.o
    0x08003ce4   0x08003ce4   0x00000010   Data   RO          841    .rodata._ZTV11CommonTimer  common_timer.o
    0x08003cf4   0x08003cf4   0x0000000c   Data   RO          850    .rodata._ZTV11IUpdated1ms  common_timer.o
    0x08003d00   0x08003d00   0x0000000c   Data   RO          777    .rodata._ZTV11SimpleInput  simple_input.o
    0x08003d0c   0x08003d0c   0x00000010   Data   RO          725    .rodata._ZTV12ProgrammCoil  coil.o
    0x08003d1c   0x08003d1c   0x00000020   Data   RO          778    .rodata._ZTV18SimpleInputDelayed  simple_input.o
    0x08003d3c   0x08003d3c   0x00000010   Data   RO          722    .rodata._ZTV4Coil   coil.o
    0x08003d4c   0x08003d4c   0x0000000c   Data   RO          738    .rodata._ZTV7ISwitch  coil.o
    0x08003d58   0x08003d58   0x0000000c   Data   RO          888    .rodata._ZTV7OnDelay  on_delay.o
    0x08003d64   0x08003d64   0x00000024   Data   RO          724    .rodata._ZTV9CoilPulse  coil.o
    0x08003d88   0x08003d88   0x00000008   Data   RO          144    .rodata.str1.1      main.o
    0x08003d90   0x08003d90   0x00000005   Data   RO          527    .rodata.str1.1      tasks.o
    0x08003d95   0x08003d95   0x00000008   Data   RO          594    .rodata.str1.1      timers.o
    0x08003d9d   0x08003d9d   0x00000003   PAD
    0x08003da0   0x08003da0   0x00000004   Data   RO          512    .rodata.uxTopUsedPriority  tasks.o
    0x08003da4   0x08003da4   0x00000020   Data   RO         1374    Region$$Table       anon$$obj.o
    0x08003dc4   0x08003dc4   0x00000004   Data   RO          145    .init_array         main.o
    0x08003dc8   0x08003dc4   0x00000000   Data   RO          992    .init_array         c_w.l(init_aeabi.o)


    Execution Region RW_IRAM1 (Exec base: 0x20000000, Load base: 0x08003dc8, Size: 0x00003d28, Max: 0x00005000, ABSOLUTE)

    Exec Addr    Load Addr    Size         Type   Attr      Idx    E Section Name        Object

    0x20000000   0x08003dc8   0x00000004   Data   RW          963    .data.SystemCoreClock  system_stm32f10x.o
    0x20000004   0x08003dcc   0x00000040   Data   RW          142    .data.update1msObjects  main.o
    0x20000044   0x08003e0c   0x00000001   Data   RW          143    .data.updateObjectsSize  main.o
    0x20000045   0x08003e0d   0x00000003   PAD
    0x20000048   0x08003e10   0x00000004   Data   RW          176    .data.uxCriticalNesting  port.o
    0x2000004c   0x08003e14   0x00000004   PAD
    0x20000050        -       0x00000060   Zero   RW         1274    .bss                c_w.l(libspace.o)
    0x200000b0        -       0x00000020   Zero   RW           98    .bss.B1             main.o
    0x200000d0        -       0x00000020   Zero   RW          100    .bss.B2             main.o
    0x200000f0        -       0x00000020   Zero   RW          102    .bss.B3             main.o
    0x20000110        -       0x00000010   Zero   RW          107    .bss.C1             main.o
    0x20000120        -       0x00000010   Zero   RW          111    .bss.C2             main.o
    0x20000130        -       0x00000010   Zero   RW          115    .bss.C3             main.o
    0x20000140        -       0x0000000c   Zero   RW          137    .bss.CHBs0          main.o
    0x2000014c        -       0x0000000c   Zero   RW          138    .bss.CHBs1          main.o
    0x20000158        -       0x00000008   Zero   RW          140    .bss.CHBs1Delay     main.o
    0x20000160        -       0x0000000c   Zero   RW          139    .bss.CHBs2          main.o
    0x2000016c        -       0x00000001   Zero   RW          136    .bss.CHBstep        main.o
    0x2000016d   0x08003e14   0x00000003   PAD
    0x20000170        -       0x00000010   Zero   RW          109    .bss.D1             main.o
    0x20000180        -       0x00000010   Zero   RW          113    .bss.D2             main.o
    0x20000190        -       0x00000010   Zero   RW          117    .bss.D3             main.o
    0x200001a0        -       0x00000010   Zero   RW          119    .bss.D4             main.o
    0x200001b0        -       0x00000020   Zero   RW           99    .bss.H1             main.o
    0x200001d0        -       0x00000020   Zero   RW          101    .bss.H2             main.o
    0x200001f0        -       0x00000020   Zero   RW          103    .bss.H3             main.o
    0x20000210        -       0x00000020   Zero   RW          110    .bss.M1             main.o
    0x20000230        -       0x00000020   Zero   RW          114    .bss.M2             main.o
    0x20000250        -       0x00000020   Zero   RW          118    .bss.M3             main.o
    0x20000270        -       0x00000010   Zero   RW          120    .bss.M6             main.o
    0x20000280        -       0x00000010   Zero   RW          121    .bss.M7             main.o
    0x20000290        -       0x00000010   Zero   RW          122    .bss.Me1            main.o
    0x200002a0        -       0x00000010   Zero   RW          123    .bss.Me2            main.o
    0x200002b0        -       0x00000010   Zero   RW          124    .bss.Me3            main.o
    0x200002c0        -       0x00000010   Zero   RW          108    .bss.O1             main.o
    0x200002d0        -       0x00000010   Zero   RW          112    .bss.O2             main.o
    0x200002e0        -       0x00000010   Zero   RW          116    .bss.O3             main.o
    0x200002f0        -       0x0000000c   Zero   RW          126    .bss.OB1s0          main.o
    0x200002fc        -       0x0000000c   Zero   RW          127    .bss.OB1s1          main.o
    0x20000308        -       0x00000008   Zero   RW          132    .bss.OB1s1Delay     main.o
    0x20000310        -       0x0000000c   Zero   RW          128    .bss.OB1s2          main.o
    0x2000031c        -       0x00000008   Zero   RW          133    .bss.OB1s2Delay     main.o
    0x20000324        -       0x0000000c   Zero   RW          129    .bss.OB1s3          main.o
    0x20000330        -       0x0000000c   Zero   RW          130    .bss.OB1s4          main.o
    0x2000033c        -       0x00000008   Zero   RW          134    .bss.OB1s4Delay     main.o
    0x20000344        -       0x00000010   Zero   RW          135    .bss.OB1s4MeTimer   main.o
    0x20000354        -       0x0000000c   Zero   RW          131    .bss.OB1s5          main.o
    0x20000360        -       0x00000001   Zero   RW          125    .bss.OB1step        main.o
    0x20000361   0x08003e14   0x00000003   PAD
    0x20000364        -       0x00000020   Zero   RW          104    .bss.S4             main.o
    0x20000384        -       0x00000020   Zero   RW          105    .bss.S5             main.o
    0x200003a4        -       0x00000020   Zero   RW          106    .bss.S6             main.o
    0x200003c4        -       0x00000004   Zero   RW         1267    .bss.__cxa_new_handler  libcppabi_w.l(cxa_default_handlers.cpp.o)
    0x200003c8        -       0x00000004   Zero   RW          598    .bss.prvSampleTimeNow.xLastTime  timers.o
    0x200003cc        -       0x00000004   Zero   RW          511    .bss.pxCurrentTCB   tasks.o
    0x200003d0        -       0x00000004   Zero   RW          596    .bss.pxCurrentTimerList  timers.o
    0x200003d4        -       0x00000004   Zero   RW          521    .bss.pxDelayedTaskList  tasks.o
    0x200003d8        -       0x00000004   Zero   RW          234    .bss.pxEnd          heap_4.o
    0x200003dc        -       0x00000004   Zero   RW          522    .bss.pxOverflowDelayedTaskList  tasks.o
    0x200003e0        -       0x00000004   Zero   RW          597    .bss.pxOverflowTimerList  timers.o
    0x200003e4        -       0x00000064   Zero   RW          513    .bss.pxReadyTasksLists  tasks.o
    0x20000448        -       0x00002800   Zero   RW          240    .bss.ucHeap         heap_4.o
    0x20002c48        -       0x00000004   Zero   RW          518    .bss.uxCurrentNumberOfTasks  tasks.o
    0x20002c4c        -       0x00000004   Zero   RW          517    .bss.uxDeletedTasksWaitingCleanUp  tasks.o
    0x20002c50        -       0x00000004   Zero   RW          524    .bss.uxSchedulerSuspended  tasks.o
    0x20002c54        -       0x00000004   Zero   RW          515    .bss.uxTaskNumber   tasks.o
    0x20002c58        -       0x00000004   Zero   RW          514    .bss.uxTopReadyPriority  tasks.o
    0x20002c5c        -       0x00000014   Zero   RW          599    .bss.xActiveTimerList1  timers.o
    0x20002c70        -       0x00000014   Zero   RW          600    .bss.xActiveTimerList2  timers.o
    0x20002c84        -       0x00000014   Zero   RW          532    .bss.xDelayedTaskList1  tasks.o
    0x20002c98        -       0x00000014   Zero   RW          533    .bss.xDelayedTaskList2  tasks.o
    0x20002cac        -       0x00000004   Zero   RW          235    .bss.xFreeBytesRemaining  heap_4.o
    0x20002cb0        -       0x00000004   Zero   RW          528    .bss.xIdleTaskHandle  tasks.o
    0x20002cb4        -       0x00000004   Zero   RW          237    .bss.xMinimumEverFreeBytesRemaining  heap_4.o
    0x20002cb8        -       0x00000004   Zero   RW          529    .bss.xNextTaskUnblockTime  tasks.o
    0x20002cbc        -       0x00000004   Zero   RW          531    .bss.xNumOfOverflows  tasks.o
    0x20002cc0        -       0x00000004   Zero   RW          238    .bss.xNumberOfSuccessfulAllocations  heap_4.o
    0x20002cc4        -       0x00000004   Zero   RW          239    .bss.xNumberOfSuccessfulFrees  heap_4.o
    0x20002cc8        -       0x00000004   Zero   RW          530    .bss.xPendedTicks   tasks.o
    0x20002ccc        -       0x00000014   Zero   RW          526    .bss.xPendingReadyList  tasks.o
    0x20002ce0        -       0x00000004   Zero   RW          519    .bss.xSchedulerRunning  tasks.o
    0x20002ce4        -       0x00000008   Zero   RW          236    .bss.xStart         heap_4.o
    0x20002cec        -       0x00000014   Zero   RW          523    .bss.xSuspendedTaskList  tasks.o
    0x20002d00        -       0x00000014   Zero   RW          516    .bss.xTasksWaitingTermination  tasks.o
    0x20002d14        -       0x00000004   Zero   RW          520    .bss.xTickCount     tasks.o
    0x20002d18        -       0x00000004   Zero   RW          593    .bss.xTimerQueue    timers.o
    0x20002d1c        -       0x00000004   Zero   RW          595    .bss.xTimerTaskHandle  timers.o
    0x20002d20        -       0x00000004   Zero   RW          525    .bss.xYieldPending  tasks.o
    0x20002d24   0x08003e14   0x00000004   PAD
    0x20002d28        -       0x00000c00   Zero   RW          947    HEAP                startup_stm32f10x_md.o
    0x20003928        -       0x00000400   Zero   RW          946    STACK               startup_stm32f10x_md.o


==============================================================================

Image component sizes


      Code (inc. data)   RO Data    RW Data    ZI Data      Debug   Object Name

       598          0         80          0          0       6696   coil.o
        64          0          0          0          0       1816   common.o
       366          0         28          0          0       5599   common_timer.o
       226          0          0          0          0       2313   gpio_common.o
       880          0          0          0      10268       4068   heap_4.o
       498          0          0          0          0       6326   init.o
       238          0          0          0          0       2050   list.o
      1516          0         12         65        782       9205   main.o
       806          6          0          0          0       2357   ob1.o
       204          0         12          0          0       3204   on_delay.o
       510         12          0          4          0       2489   port.o
      1124          0          0          0          0      12159   queue.o
       158          0          0          0          0       2567   rf_impulse.o
       360          0          0          0          0       3754   sequence.o
       372          0         44          0          0       4204   simple_input.o
        64         26        236          0       4096        824   startup_stm32f10x_md.o
       690          0         16          4          0       2944   system_stm32f10x.o
      3694          0          9          0        260      21776   tasks.o
      1148         10          8          0         60       7648   timers.o

    ----------------------------------------------------------------------
     13720         66        480         76      15480     101999   Object Totals
         0          0         32          0          0          0   (incl. Generated)
       204         12          3          3         14          0   (incl. Padding)

    ----------------------------------------------------------------------

      Code (inc. data)   RO Data    RW Data    ZI Data      Debug   Library Member Name

         8          0          0          0          0         68   __main.o
         0          0          0          0          0          0   __rtentry.o
        12          0          0          0          0          0   __rtentry2.o
         6          0          0          0          0          0   __rtentry4.o
        52          8          0          0          0          0   __scatter.o
        26          0          0          0          0          0   __scatter_copy.o
        28          0          0          0          0          0   __scatter_zi.o
        22          0          0          0          0         80   abort.o
        46          0          0          0          0         84   aeabi_atexit.o
        16          0          0          0          0         68   aeabi_memset4.o
        10          0          0          0          0         68   cxa_atexit.o
        66          0          0          0          0         84   cxa_finalize.o
        48         34          0          0          0         76   defsig_abrt_inner.o
        14          0          0          0          0         80   defsig_abrt_outer.o
        10          0          0          0          0         68   defsig_exit.o
        50          0          0          0          0         88   defsig_general.o
        80         58          0          0          0         76   defsig_rtmem_inner.o
        14          0          0          0          0         80   defsig_rtmem_outer.o
        18          0          0          0          0         80   exit.o
        94          0          0          0          0         80   h1_alloc.o
        52          0          0          0          0         68   h1_extend.o
        78          0          0          0          0         80   h1_free.o
        14          0          0          0          0         84   h1_init.o
         6          0          0          0          0        152   heapauxi.o
         4          0          0          0          0        136   hguard.o
         0          0          0          0          0          0   indicate_semi.o
        36          8          0          0          0         80   init_aeabi.o
       138          0          0          0          0        168   init_alloc.o
         2          0          0          0          0          0   libinit.o
        14          0          0          0          0          0   libinit2.o
         2          0          0          0          0          0   libshutdown.o
         8          0          0          0          0          0   libshutdown2.o
         8          4          0          0         96         68   libspace.o
         0          0          0          0          0          0   maybetermalloc1.o
         8          4          0          0          0         68   rt_ddtor_pointer_addr_intlibspace.o
         8          4          0          0          0         68   rt_heap_descriptor_intlibspace.o
        68          0          0          0          0         68   rt_memclr.o
        78          0          0          0          0         80   rt_memclr_w.o
       138          0          0          0          0         68   rt_memcpy_v6.o
       100          0          0          0          0         80   rt_memcpy_w.o
         2          0          0          0          0          0   rtexit.o
        10          0          0          0          0          0   rtexit2.o
        12          4          0          0          0         68   sys_exit.o
        74          0          0          0          0         80   sys_stackheap_outer.o
        14          0          0          0          0         76   sys_wrch.o
         2          0          0          0          0         68   use_no_semi.o
        46          0          0          0          0        380   new.cpp.o
         4          0          0          0          0         36   abort_message.cpp.o
         0          0          0          0          4          0   cxa_default_handlers.cpp.o
        12          0          0          0          0        132   cxa_handlers.cpp.o
        40         32          0          0          0         52   cxa_virtual.cpp.o

    ----------------------------------------------------------------------
      1616        156          0          0        100       3240   Library Totals
        18          0          0          0          0          0   (incl. Padding)

    ----------------------------------------------------------------------

      Code (inc. data)   RO Data    RW Data    ZI Data      Debug   Library Name

      1496        124          0          0         96       2640   c_w.l
        46          0          0          0          0        380   libcpp_w.l
        56         32          0          0          4        220   libcppabi_w.l

    ----------------------------------------------------------------------
      1616        156          0          0        100       3240   Library Totals

    ----------------------------------------------------------------------

==============================================================================


      Code (inc. data)   RO Data    RW Data    ZI Data      Debug   

     15336        222        480         76      15580     103359   Grand Totals
     15336        222        480         76      15580     103359   ELF Image Totals
     15336        222        480         76          0          0   ROM Totals

==============================================================================

    Total RO  Size (Code + RO Data)                15816 (  15.45kB)
    Total RW  Size (RW Data + ZI Data)             15656 (  15.29kB)
    Total ROM Size (Code + RO Data + RW Data)      15892 (  15.52kB)

==============================================================================

