Component: Arm Compiler for Embedded 6.18 Tool: armlink [5e4cc100]

==============================================================================

Section Cross References

    main.o(.ARM.exidx.text.vApplicationIdleHook) refers to main.o(.text.vApplicationIdleHook) for [Anonymous Symbol]
    main.o(.ARM.exidx.text.vApplicationTickHook) refers to main.o(.text.vApplicationTickHook) for [Anonymous Symbol]
    main.o(.ARM.exidx.text.vApplicationMallocFailedHook) refers to main.o(.text.vApplicationMallocFailedHook) for [Anonymous Symbol]
    main.o(.ARM.exidx.text.vApplicationStackOverflowHook) refers to main.o(.text.vApplicationStackOverflowHook) for [Anonymous Symbol]
    main.o(.text.__cxx_global_var_init) refers to main.o(.bss.led) for led
    main.o(.text.__cxx_global_var_init) refers to coil.o(.text._ZN4CoilC2EP12GPIO_TypeDefh) for Coil::Coil(GPIO_TypeDef*, unsigned char)
    main.o(.ARM.exidx.text.__cxx_global_var_init) refers to main.o(.text.__cxx_global_var_init) for [Anonymous Symbol]
    main.o(.text.__cxx_global_var_init.1) refers to main.o(.bss.button) for button
    main.o(.text.__cxx_global_var_init.1) refers to simple_input.o(.text._ZN11SimpleInputC2EP12GPIO_TypeDefh) for SimpleInput::SimpleInput(GPIO_TypeDef*, unsigned char)
    main.o(.ARM.exidx.text.__cxx_global_var_init.1) refers to main.o(.text.__cxx_global_var_init.1) for [Anonymous Symbol]
    main.o(.text.__cxx_global_var_init.2) refers to main.o(.bss.ledSwitch) for ledSwitch
    main.o(.text.__cxx_global_var_init.2) refers to main.o(.text._ZN12ProgrammCoilC2Ev) for ProgrammCoil::ProgrammCoil__sub_object()
    main.o(.ARM.exidx.text.__cxx_global_var_init.2) refers to main.o(.text.__cxx_global_var_init.2) for [Anonymous Symbol]
    main.o(.text.__cxx_global_var_init.3) refers to main.o(.bss.ledDelay) for ledDelay
    main.o(.text.__cxx_global_var_init.3) refers to main.o(.bss.ledSwitch) for ledSwitch
    main.o(.text.__cxx_global_var_init.3) refers to custom_timer.o(.text._ZN7DIDelayC2EP7ISwitcht) for DIDelay::DIDelay(ISwitch*, unsigned short)
    main.o(.ARM.exidx.text.__cxx_global_var_init.3) refers to main.o(.text.__cxx_global_var_init.3) for [Anonymous Symbol]
    main.o(.text.__cxx_global_var_init.4) refers to main.o(.bss.buttonDelay) for buttonDelay
    main.o(.text.__cxx_global_var_init.4) refers to main.o(.bss.button) for button
    main.o(.text.__cxx_global_var_init.4) refers to custom_timer.o(.text._ZN7DIDelayC2EP7ISwitcht) for DIDelay::DIDelay(ISwitch*, unsigned short)
    main.o(.ARM.exidx.text.__cxx_global_var_init.4) refers to main.o(.text.__cxx_global_var_init.4) for [Anonymous Symbol]
    main.o(.text.__cxx_global_var_init.5) refers to main.o(.bss.delay) for delay
    main.o(.text.__cxx_global_var_init.5) refers to custom_timer.o(.text._ZN11CommonDelayC2Et) for CommonDelay::CommonDelay(unsigned short)
    main.o(.ARM.exidx.text.__cxx_global_var_init.5) refers to main.o(.text.__cxx_global_var_init.5) for [Anonymous Symbol]
    main.o(.text.__cxx_global_var_init.6) refers to main.o(.bss.adcMonitor) for adcMonitor
    main.o(.text.__cxx_global_var_init.6) refers to analog_monitor.o(.text._ZN13AnalogMonitorC2Ehff) for AnalogMonitor::AnalogMonitor(unsigned char, float, float)
    main.o(.text.__cxx_global_var_init.6) refers to analog_monitor.o(.text._ZN13AnalogMonitorD2Ev) for AnalogMonitor::~AnalogMonitor()
    main.o(.text.__cxx_global_var_init.6) refers to cxa_atexit.o(.text) for __cxa_atexit
    main.o(.ARM.exidx.text.__cxx_global_var_init.6) refers to main.o(.text.__cxx_global_var_init.6) for [Anonymous Symbol]
    main.o(.text.__cxx_global_var_init.7) refers to main.o(.bss.analogOut) for analogOut
    main.o(.text.__cxx_global_var_init.7) refers to analog_out.o(.text._ZN9AnalogOutC2Etjffff) for AnalogOut::AnalogOut(unsigned short, unsigned int, float, float, float, float)
    main.o(.text.__cxx_global_var_init.7) refers to analog_out.o(.text._ZN9AnalogOutD2Ev) for AnalogOut::~AnalogOut()
    main.o(.text.__cxx_global_var_init.7) refers to cxa_atexit.o(.text) for __cxa_atexit
    main.o(.ARM.exidx.text.__cxx_global_var_init.7) refers to main.o(.text.__cxx_global_var_init.7) for [Anonymous Symbol]
    main.o(.text.__cxx_global_var_init.8) refers to main.o(.bss.pid) for pid
    main.o(.text.__cxx_global_var_init.8) refers to main.o(.bss.pidPv) for pidPv
    main.o(.text.__cxx_global_var_init.8) refers to pid.o(.text._ZN6PIDregC2EPftffffffb) for PIDreg::PIDreg(float*, unsigned short, float, float, float, float, float, float, bool)
    main.o(.ARM.exidx.text.__cxx_global_var_init.8) refers to main.o(.text.__cxx_global_var_init.8) for [Anonymous Symbol]
    main.o(.text.__cxx_global_var_init.9) refers to main.o(.bss.scale) for scale
    main.o(.text.__cxx_global_var_init.9) refers to main.o(.text._ZN5ScaleIfsEC2Effss) for Scale<float, short>::Scale__sub_object(float, float, short, short)
    main.o(.ARM.exidx.text.__cxx_global_var_init.9) refers to main.o(.text.__cxx_global_var_init.9) for [Anonymous Symbol]
[...]
    NMI_Handler                              0x080001a1   Thumb Code     2  startup_stm32f10x_md.o(.text)
    HardFault_Handler                        0x080001a3   Thumb Code     2  startup_stm32f10x_md.o(.text)
    MemManage_Handler                        0x080001a5   Thumb Code     2  startup_stm32f10x_md.o(.text)
    BusFault_Handler                         0x080001a7   Thumb Code     2  startup_stm32f10x_md.o(.text)
    UsageFault_Handler                       0x080001a9   Thumb Code     2  startup_stm32f10x_md.o(.text)
    DebugMon_Handler                         0x080001ad   Thumb Code     2  startup_stm32f10x_md.o(.text)
    ADC1_2_IRQHandler                        0x080001b3   Thumb Code     0  startup_stm32f10x_md.o(.text)
    CAN1_RX1_IRQHandler                      0x080001b3   Thumb Code     0  startup_stm32f10x_md.o(.text)
    CAN1_SCE_IRQHandler                      0x080001b3   Thumb Code     0  startup_stm32f10x_md.o(.text)
    DMA1_Channel1_IRQHandler                 0x080001b3   Thumb Code     0  startup_stm32f10x_md.o(.text)
    DMA1_Channel2_IRQHandler                 0x080001b3   Thumb Code     0  startup_stm32f10x_md.o(.text)
    DMA1_Channel3_IRQHandler                 0x080001b3   Thumb Code     0  startup_stm32f10x_md.o(.text)
    DMA1_Channel4_IRQHandler                 0x080001b3   Thumb Code     0  startup_stm32f10x_md.o(.text)
    DMA1_Channel5_IRQHandler                 0x080001b3   Thumb Code     0  startup_stm32f10x_md.o(.text)
    DMA1_Channel6_IRQHandler                 0x080001b3   Thumb Code     0  startup_stm32f10x_md.o(.text)
    DMA1_Channel7_IRQHandler                 0x080001b3   Thumb Code     0  startup_stm32f10x_md.o(.text)
    EXTI0_IRQHandler                         0x080001b3   Thumb Code     0  startup_stm32f10x_md.o(.text)
    EXTI15_10_IRQHandler                     0x080001b3   Thumb Code     0  startup_stm32f10x_md.o(.text)
    EXTI1_IRQHandler                         0x080001b3   Thumb Code     0  startup_stm32f10x_md.o(.text)
    EXTI2_IRQHandler                         0x080001b3   Thumb Code     0  startup_stm32f10x_md.o(.text)
    EXTI3_IRQHandler                         0x080001b3   Thumb Code     0  startup_stm32f10x_md.o(.text)
    EXTI4_IRQHandler                         0x080001b3   Thumb Code     0  startup_stm32f10x_md.o(.text)
    EXTI9_5_IRQHandler                       0x080001b3   Thumb Code     0  startup_stm32f10x_md.o(.text)
    FLASH_IRQHandler                         0x080001b3   Thumb Code     0  startup_stm32f10x_md.o(.text)
    I2C1_ER_IRQHandler                       0x080001b3   Thumb Code     0  startup_stm32f10x_md.o(.text)
    I2C1_EV_IRQHandler                       0x080001b3   Thumb Code     0  startup_stm32f10x_md.o(.text)
    I2C2_ER_IRQHandler                       0x080001b3   Thumb Code     0  startup_stm32f10x_md.o(.text)
    I2C2_EV_IRQHandler                       0x080001b3   Thumb Code     0  startup_stm32f10x_md.o(.text)
    PVD_IRQHandler                           0x080001b3   Thumb Code     0  startup_stm32f10x_md.o(.text)
    RCC_IRQHandler                           0x080001b3   Thumb Code     0  startup_stm32f10x_md.o(.text)
    RTCAlarm_IRQHandler                      0x080001b3   Thumb Code     0  startup_stm32f10x_md.o(.text)
    RTC_IRQHandler                           0x080001b3   Thumb Code     0  startup_stm32f10x_md.o(.text)
    SPI1_IRQHandler                          0x080001b3   Thumb Code     0  startup_stm32f10x_md.o(.text)
    SPI2_IRQHandler                          0x080001b3   Thumb Code     0  startup_stm32f10x_md.o(.text)
    TAMPER_IRQHandler                        0x080001b3   Thumb Code     0  startup_stm32f10x_md.o(.text)
    TIM1_BRK_IRQHandler                      0x080001b3   Thumb Code     0  startup_stm32f10x_md.o(.text)
    TIM1_CC_IRQHandler                       0x080001b3   Thumb Code     0  startup_stm32f10x_md.o(.text)
    TIM1_TRG_COM_IRQHandler                  0x080001b3   Thumb Code     0  startup_stm32f10x_md.o(.text)
    TIM1_UP_IRQHandler                       0x080001b3   Thumb Code     0  startup_stm32f10x_md.o(.text)
    TIM3_IRQHandler                          0x080001b3   Thumb Code     0  startup_stm32f10x_md.o(.text)
    TIM4_IRQHandler                          0x080001b3   Thumb Code     0  startup_stm32f10x_md.o(.text)
    USART1_IRQHandler                        0x080001b3   Thumb Code     0  startup_stm32f10x_md.o(.text)
    USART2_IRQHandler                        0x080001b3   Thumb Code     0  startup_stm32f10x_md.o(.text)
    USART3_IRQHandler                        0x080001b3   Thumb Code     0  startup_stm32f10x_md.o(.text)
    USBWakeUp_IRQHandler                     0x080001b3   Thumb Code     0  startup_stm32f10x_md.o(.text)
    USB_HP_CAN1_TX_IRQHandler                0x080001b3   Thumb Code     0  startup_stm32f10x_md.o(.text)
    USB_LP_CAN1_RX0_IRQHandler               0x080001b3   Thumb Code     0  startup_stm32f10x_md.o(.text)
    WWDG_IRQHandler                          0x080001b3   Thumb Code     0  startup_stm32f10x_md.o(.text)
    __user_initial_stackheap                 0x080001b5   Thumb Code     0  startup_stm32f10x_md.o(.text)
    __cxa_atexit                             0x080001d9   Thumb Code    10  cxa_atexit.o(.text)
    __aeabi_memcpy                           0x080001e3   Thumb Code     0  rt_memcpy_v6.o(.text)
    __rt_memcpy                              0x080001e3   Thumb Code   138  rt_memcpy_v6.o(.text)
    _memcpy_lastbytes                        0x08000249   Thumb Code     0  rt_memcpy_v6.o(.text)
    __aeabi_memset4                          0x0800026d   Thumb Code    16  aeabi_memset4.o(.text)
    __aeabi_memset8                          0x0800026d   Thumb Code     0  aeabi_memset4.o(.text)
    __aeabi_memclr                           0x0800027d   Thumb Code     0  rt_memclr.o(.text)
    __rt_memclr                              0x0800027d   Thumb Code     0  rt_memclr.o(.text)
    _memset                                  0x08000281   Thumb Code    64  rt_memclr.o(.text)
    __aeabi_memclr4                          0x080002c1   Thumb Code     0  rt_memclr_w.o(.text)
    __aeabi_memclr8                          0x080002c1   Thumb Code     0  rt_memclr_w.o(.text)
    __rt_memclr_w                            0x080002c1   Thumb Code     0  rt_memclr_w.o(.text)
    _memset_w                                0x080002c5   Thumb Code    74  rt_memclr_w.o(.text)
    __use_two_region_memory                  0x0800030f   Thumb Code     2  heapauxi.o(.text)
    __rt_heap_escrow                         0x08000311   Thumb Code     2  heapauxi.o(.text)
    __rt_heap_expand                         0x08000313   Thumb Code     2  heapauxi.o(.text)
    __cpp_initialize__aeabi_                 0x08000315   Thumb Code    28  init_aeabi.o(.text)
    malloc                                   0x08000339   Thumb Code    94  h1_alloc.o(.text)
    free                                     0x08000397   Thumb Code    78  h1_free.o(.text)
    abort                                    0x080003e5   Thumb Code    22  abort.o(.text)
    __aeabi_atexit                           0x080003fb   Thumb Code    46  aeabi_atexit.o(.text)
    __aeabi_memcpy4                          0x08000429   Thumb Code     0  rt_memcpy_w.o(.text)
    __aeabi_memcpy8                          0x08000429   Thumb Code     0  rt_memcpy_w.o(.text)
    __rt_memcpy_w                            0x08000429   Thumb Code   100  rt_memcpy_w.o(.text)
    _memcpy_lastbytes_aligned                0x08000471   Thumb Code     0  rt_memcpy_w.o(.text)
    _sys_exit                                0x0800048d   Thumb Code     8  sys_exit.o(.text)
    __rt_heap_descriptor                     0x08000499   Thumb Code     8  rt_heap_descriptor_intlibspace.o(.text)
    __rt_ddtor_pointer_addr                  0x080004a1   Thumb Code     8  rt_ddtor_pointer_addr_intlibspace.o(.text)
    __use_no_heap                            0x080004a9   Thumb Code     2  hguard.o(.text)
    __heap$guard                             0x080004ab   Thumb Code     2  hguard.o(.text)
    _terminate_user_alloc                    0x080004ad   Thumb Code     2  init_alloc.o(.text)
    _init_user_alloc                         0x080004af   Thumb Code     2  init_alloc.o(.text)
    __Heap_Full                              0x080004b1   Thumb Code    34  init_alloc.o(.text)
    __Heap_Broken                            0x080004d3   Thumb Code     6  init_alloc.o(.text)
    _init_alloc                              0x080004d9   Thumb Code    94  init_alloc.o(.text)
    __Heap_Initialize                        0x08000537   Thumb Code    10  h1_init.o(.text)
    __Heap_DescSize                          0x08000541   Thumb Code     4  h1_init.o(.text)
    __cxa_finalize                           0x08000545   Thumb Code    66  cxa_finalize.o(.text)
    __rt_SIGABRT                             0x08000587   Thumb Code    14  defsig_abrt_outer.o(.text)
    __user_libspace                          0x08000595   Thumb Code     8  libspace.o(.text)
    __user_perproc_libspace                  0x08000595   Thumb Code     0  libspace.o(.text)
    __user_perthread_libspace                0x08000595   Thumb Code     0  libspace.o(.text)
    __I$use$semihosting                      0x0800059d   Thumb Code     0  use_no_semi.o(.text)
    __use_no_semihosting_swi                 0x0800059d   Thumb Code     2  use_no_semi.o(.text)
    __semihosting_library_function           0x0800059f   Thumb Code     0  indicate_semi.o(.text)
    __user_setup_stackheap                   0x0800059f   Thumb Code    74  sys_stackheap_outer.o(.text)
    __Heap_ProvideMemory                     0x080005e9   Thumb Code    52  h1_extend.o(.text)
    _maybe_terminate_alloc                   0x080005e9   Thumb Code     0  maybetermalloc1.o(.text)
    exit                                     0x0800061d   Thumb Code    18  exit.o(.text)
    __sig_exit                               0x0800062f   Thumb Code    10  defsig_exit.o(.text)
    __rt_SIGABRT_inner                       0x08000639   Thumb Code    14  defsig_abrt_inner.o(.text)
    __rt_SIGRTMEM                            0x08000669   Thumb Code    14  defsig_rtmem_outer.o(.text)
    __default_signal_display                 0x08000677   Thumb Code    50  defsig_general.o(.text)
    __rt_SIGRTMEM_inner                      0x080006a9   Thumb Code    22  defsig_rtmem_inner.o(.text)
    _ttywrch                                 0x080006f9   Thumb Code    14  sys_wrch.o(.text)
    PendSV_Handler                           0x08000711   Thumb Code    68  port.o(.text.PendSV_Handler)
    SVC_Handler                              0x08000761   Thumb Code    36  port.o(.text.SVC_Handler)
    SysTick_Handler                          0x080008b1   Thumb Code    60  port.o(.text.SysTick_Handler)
    SystemCoreClockUpdate                    0x080008ed   Thumb Code   290  system_stm32f10x.o(.text.SystemCoreClockUpdate)
    SystemInit                               0x08000a11   Thumb Code   102  system_stm32f10x.o(.text.SystemInit)
    TIM2_IRQHandler                          0x08000a79   Thumb Code    76  main.o(.text.TIM2_IRQHandler)
    commonInit()                             0x08000af9   Thumb Code    14  init.o(.text._Z10commonInitv)
    getPosition(unsigned int)                0x08000b09   Thumb Code    64  common.o(.text._Z11getPositionj)
    void setRegister<unsigned int volatile>(unsigned int volatile*, unsigned int, unsigned int) 0x08000b49   Thumb Code    32  init.o(.text._Z11setRegisterIVjEvPT_jj)
    void setBitsInRegister<unsigned int volatile>(unsigned int volatile*, unsigned int, unsigned int) 0x08000b69   Thumb Code    68  init.o(.text._Z17setBitsInRegisterIVjEvPT_jj)
    void setBitsInRegister<unsigned short volatile>(unsigned short volatile*, unsigned int, unsigned int) 0x08000bad   Thumb Code    68  init.o(.text._Z17setBitsInRegisterIVtEvPT_jj)
    float abs<float>(float)                  0x08000bf1   Thumb Code    34  pid.o(.text._Z3absIfET_S0_)
    float max<float>(float, float)           0x08000c15   Thumb Code    38  pid.o(.text._Z3maxIfET_S0_S0_)
    unsigned char max<unsigned char>(unsigned char, unsigned char) 0x08000c3d   Thumb Code    52  moving_avg.o(.text._Z3maxIhET_S0_S0_)
    float limit<float>(float, float, float)  0x08000c71   Thumb Code    76  led_task.o(.text._Z5limitIfET_S0_S0_S0_)
    unsigned short limit<unsigned short>(unsigned short, unsigned short, unsigned short) 0x08000cbd   Thumb Code   100  analog_monitor.o(.text._Z5limitItET_S0_S0_S0_)
    void toggle<float>(float*, float*)       0x08000d21   Thumb Code    30  led_task.o(.text._Z6toggleIfEvPT_S1_)
    void toggle<unsigned short>(unsigned short*, unsigned short*) 0x08000d41   Thumb Code    34  analog_monitor.o(.text._Z6toggleItEvPT_S1_)
    adcInit()                                0x08000d65   Thumb Code   344  init.o(.text._Z7adcInitv)
    ledTask(void*)                           0x08000ebd   Thumb Code   260  led_task.o(.text._Z7ledTaskPv)
    pidTask(void*)                           0x08000fc1   Thumb Code   124  pidtask.o(.text._Z7pidTaskPv)
    pwmInit()                                0x0800103d   Thumb Code   170  init.o(.text._Z7pwmInitv)
    rccInit()                                0x080010e9   Thumb Code   206  init.o(.text._Z7rccInitv)
    float getRange<float>(float const*)      0x080011b9   Thumb Code    20  ramp.o(.text._Z8getRangeIfET_PKS0_)
    testTask(void*)                          0x080011cd   Thumb Code   126  test_task.o(.text._Z8testTaskPv)
    tickInit()                               0x0800124d   Thumb Code    88  init.o(.text._Z8tickInitv)
    GPIOcommon::GPIOcommon(GPIO_TypeDef*, unsigned char) 0x08001355   Thumb Code   226  gpio_common.o(.text._ZN10GPIOcommonC2EP12GPIO_TypeDefh)
    GPIOcommon::GPIOcommon__sub_object(GPIO_TypeDef*, unsigned char) 0x08001355   Thumb Code   226  gpio_common.o(.text._ZN10GPIOcommonC2EP12GPIO_TypeDefh)
    CommonDelay::notFinished()               0x08001439   Thumb Code    22  custom_timer.o(.text._ZN11CommonDelay11notFinishedEv)
    CommonDelay::updateInCycle()             0x08001451   Thumb Code    72  custom_timer.o(.text._ZN11CommonDelay13updateInCycleEv)
    CommonDelay::finishedImpulse()           0x08001499   Thumb Code    76  custom_timer.o(.text._ZN11CommonDelay15finishedImpulseEv)
    CommonDelay::prepareAndStart()           0x080014e5   Thumb Code    24  custom_timer.o(.text._ZN11CommonDelay15prepareAndStartEv)
    CommonDelay::stop()                      0x080014fd   Thumb Code    20  custom_timer.o(.text._ZN11CommonDelay4stopEv)
    CommonDelay::reset()                     0x08001511   Thumb Code    16  custom_timer.o(.text._ZN11CommonDelay5resetEv)
    CommonDelay::start()                     0x08001521   Thumb Code    14  custom_timer.o(.text._ZN11CommonDelay5startEv)
    CommonDelay::started()                   0x08001531   Thumb Code    16  custom_timer.o(.text._ZN11CommonDelay7startedEv)
    CommonDelay::finished()                  0x08001541   Thumb Code    22  custom_timer.o(.text._ZN11CommonDelay8finishedEv)
    CommonDelay::setStart(bool)              0x08001559   Thumb Code    44  custom_timer.o(.text._ZN11CommonDelay8setStartEb)
    CommonDelay::setPeriod(unsigned short)   0x08001585   Thumb Code    20  custom_timer.o(.text._ZN11CommonDelay9setPeriodEt)
    CommonDelay::CommonDelay(unsigned short) 0x08001599   Thumb Code    42  custom_timer.o(.text._ZN11CommonDelayC2Et)
    CommonDelay::CommonDelay__sub_object(unsigned short) 0x08001599   Thumb Code    42  custom_timer.o(.text._ZN11CommonDelayC2Et)
    CommonDelay::operator=(bool)             0x080015c5   Thumb Code    32  custom_timer.o(.text._ZN11CommonDelayaSEb)
    SimpleInput::isActive()                  0x080015e5   Thumb Code    24  simple_input.o(.text._ZN11SimpleInput8isActiveEv)
    SimpleInput::SimpleInput(GPIO_TypeDef*, unsigned char) 0x080015fd   Thumb Code   146  simple_input.o(.text._ZN11SimpleInputC2EP12GPIO_TypeDefh)
    SimpleInput::SimpleInput__sub_object(GPIO_TypeDef*, unsigned char) 0x080015fd   Thumb Code   146  simple_input.o(.text._ZN11SimpleInputC2EP12GPIO_TypeDefh)
    ProgrammCoil::toggle()                   0x08001691   Thumb Code    34  coil.o(.text._ZN12ProgrammCoil6toggleEv)
    ProgrammCoil::isActive()                 0x080016b5   Thumb Code    16  coil.o(.text._ZN12ProgrammCoil8isActiveEv)
    ProgrammCoil::setValue(bool)             0x080016c5   Thumb Code    24  coil.o(.text._ZN12ProgrammCoil8setValueEb)
    ProgrammCoil::ProgrammCoil__sub_object() 0x080016dd   Thumb Code    32  main.o(.text._ZN12ProgrammCoilC2Ev)
    ProgrammCoil::operator=(bool)            0x080016fd   Thumb Code    34  coil.o(.text._ZN12ProgrammCoilaSEb)
    AnalogMonitor::set(unsigned short)       0x08001721   Thumb Code    44  analog_monitor.o(.text._ZN13AnalogMonitor3setEt)
    AnalogMonitor::AnalogMonitor(unsigned char, float, float) 0x0800174d   Thumb Code   134  analog_monitor.o(.text._ZN13AnalogMonitorC2Ehff)
    AnalogMonitor::AnalogMonitor__sub_object(unsigned char, float, float) 0x0800174d   Thumb Code   134  analog_monitor.o(.text._ZN13AnalogMonitorC2Ehff)
    AnalogMonitor::~AnalogMonitor()          0x080017d5   Thumb Code    54  analog_monitor.o(.text._ZN13AnalogMonitorD2Ev)
    AnalogMonitor::~AnalogMonitor__sub_object() 0x080017d5   Thumb Code    54  analog_monitor.o(.text._ZN13AnalogMonitorD2Ev)
    IUpdatedInCycle::IUpdatedInCycle__sub_object() 0x0800180d   Thumb Code    22  custom_timer.o(.text._ZN15IUpdatedInCycleC2Ev)
    IUpdatedSomewhere::IUpdatedSomewhere__sub_object() 0x08001825   Thumb Code    22  moving_avg.o(.text._ZN17IUpdatedSomewhereC2Ev)
    Coil::isActive()                         0x0800183d   Thumb Code    22  coil.o(.text._ZN4Coil8isActiveEv)
    Coil::setValue(bool)                     0x08001855   Thumb Code    66  coil.o(.text._ZN4Coil8setValueEb)
    Coil::Coil(GPIO_TypeDef*, unsigned char) 0x08001899   Thumb Code   116  coil.o(.text._ZN4CoilC2EP12GPIO_TypeDefh)
    Coil::Coil__sub_object(GPIO_TypeDef*, unsigned char) 0x08001899   Thumb Code   116  coil.o(.text._ZN4CoilC2EP12GPIO_TypeDefh)
    Coil::operator=(bool)                    0x0800190d   Thumb Code    34  coil.o(.text._ZN4CoilaSEb)
    Ramp::getOutRange()                      0x08001931   Thumb Code    18  ramp.o(.text._ZN4Ramp11getOutRangeEv)
    Ramp::updateInCycle()                    0x08001945   Thumb Code   154  ramp.o(.text._ZN4Ramp13updateInCycleEv)
    Ramp::setFullRangeTime(unsigned int)     0x080019e1   Thumb Code    64  ramp.o(.text._ZN4Ramp16setFullRangeTimeEj)
    Ramp::get()                              0x08001a21   Thumb Code    12  ramp.o(.text._ZN4Ramp3getEv)
    Ramp::set(float)                         0x08001a2d   Thumb Code    30  ramp.o(.text._ZN4Ramp3setEf)
    Ramp::setLimMax(float)                   0x08001a4d   Thumb Code    28  ramp.o(.text._ZN4Ramp9setLimMaxEf)
    Ramp::Ramp(unsigned int)                 0x08001a69   Thumb Code    42  ramp.o(.text._ZN4RampC2Ej)
    Ramp::Ramp__sub_object(unsigned int)     0x08001a69   Thumb Code    42  ramp.o(.text._ZN4RampC2Ej)
    Ramp::Ramp(unsigned int, float, float, float, float) 0x08001a95   Thumb Code   122  ramp.o(.text._ZN4RampC2Ejffff)
    Ramp::Ramp__sub_object(unsigned int, float, float, float, float) 0x08001a95   Thumb Code   122  ramp.o(.text._ZN4RampC2Ejffff)
    Scale<float, short>::get()               0x08001b11   Thumb Code    14  test_task.o(.text._ZN5ScaleIfsE3getEv)
    Scale<float, short>::set(float)          0x08001b21   Thumb Code    36  test_task.o(.text._ZN5ScaleIfsE3setEf)
    Scale<float, short>::update()            0x08001b45   Thumb Code   102  test_task.o(.text._ZN5ScaleIfsE6updateEv)
    Scale<float, short>::Scale__sub_object(float, float, short, short) 0x08001bad   Thumb Code    50  main.o(.text._ZN5ScaleIfsEC2Effss)
    Scale<float, unsigned short>::set(float) 0x08001be1   Thumb Code    36  led_task.o(.text._ZN5ScaleIftE3setEf)
    Scale<float, unsigned short>::update()   0x08001c05   Thumb Code    98  led_task.o(.text._ZN5ScaleIftE6updateEv)
    Scale<float, unsigned short>::Scale__sub_object(float, float, unsigned short, unsigned short) 0x08001c69   Thumb Code    50  analog_out.o(.text._ZN5ScaleIftEC2Efftt)
    Scale<unsigned short, float>::get()      0x08001c9d   Thumb Code    12  analog_monitor.o(.text._ZN5ScaleItfE3getEv)
    Scale<unsigned short, float>::set(unsigned short) 0x08001ca9   Thumb Code    40  analog_monitor.o(.text._ZN5ScaleItfE3setEt)
    Scale<unsigned short, float>::update()   0x08001cd1   Thumb Code    82  analog_monitor.o(.text._ZN5ScaleItfE6updateEv)
    Scale<unsigned short, float>::Scale__sub_object(unsigned short, unsigned short, float, float) 0x08001d25   Thumb Code    44  analog_monitor.o(.text._ZN5ScaleItfEC2Ettff)
    Scale<unsigned short, float>::operator=(unsigned short) 0x08001d51   Thumb Code    28  analog_monitor.o(.text._ZN5ScaleItfEaSEt)
    MovAvg::updateSomewhere()                0x08001d6d   Thumb Code   138  moving_avg.o(.text._ZN6MovAvg15updateSomewhereEv)
    MovAvg::set(float)                       0x08001df9   Thumb Code    24  moving_avg.o(.text._ZN6MovAvg3setEf)
    MovAvg::MovAvg(unsigned char)            0x08001e11   Thumb Code   104  moving_avg.o(.text._ZN6MovAvgC2Eh)
    MovAvg::MovAvg__sub_object(unsigned char) 0x08001e11   Thumb Code   104  moving_avg.o(.text._ZN6MovAvgC2Eh)
    MovAvg::~MovAvg()                        0x08001e79   Thumb Code    46  moving_avg.o(.text._ZN6MovAvgD2Ev)
    MovAvg::~MovAvg__sub_object()            0x08001e79   Thumb Code    46  moving_avg.o(.text._ZN6MovAvgD2Ev)
    PIDreg::updateKoef()                     0x08001ea9   Thumb Code   212  pid.o(.text._ZN6PIDreg10updateKoefEv)
    PIDreg::updateInCycle()                  0x08001f7d   Thumb Code   200  pid.o(.text._ZN6PIDreg13updateInCycleEv)
    PIDreg::getT()                           0x08002045   Thumb Code    18  pid.o(.text._ZN6PIDreg4getTEv)
    PIDreg::reset()                          0x08002059   Thumb Code    20  pid.o(.text._ZN6PIDreg5resetEv)
    PIDreg::setKp(float)                     0x0800206d   Thumb Code    22  pid.o(.text._ZN6PIDreg5setKpEf)
    PIDreg::setSp(float)                     0x08002085   Thumb Code    16  pid.o(.text._ZN6PIDreg5setSpEf)
    PIDreg::setTd(float)                     0x08002095   Thumb Code    22  pid.o(.text._ZN6PIDreg5setTdEf)
    PIDreg::setTi(float)                     0x080020ad   Thumb Code    22  pid.o(.text._ZN6PIDreg5setTiEf)
    PIDreg::setAuto(bool)                    0x080020c5   Thumb Code    26  pid.o(.text._ZN6PIDreg7setAutoEb)
    PIDreg::PIDreg(float*, unsigned short, float, float, float, float, float, float, bool) 0x080020e1   Thumb Code   180  pid.o(.text._ZN6PIDregC2EPftffffffb)
    PIDreg::PIDreg__sub_object(float*, unsigned short, float, float, float, float, float, float, bool) 0x080020e1   Thumb Code   180  pid.o(.text._ZN6PIDregC2EPftffffffb)
    DIDelay::started()                       0x08002195   Thumb Code    48  custom_timer.o(.text._ZN7DIDelay7startedEv)
    DIDelay::DIDelay(ISwitch*, unsigned short) 0x080021c5   Thumb Code    46  custom_timer.o(.text._ZN7DIDelayC2EP7ISwitcht)
    DIDelay::DIDelay__sub_object(ISwitch*, unsigned short) 0x080021c5   Thumb Code    46  custom_timer.o(.text._ZN7DIDelayC2EP7ISwitcht)
    ISwitch::ISwitch__sub_object()           0x080021f5   Thumb Code    22  main.o(.text._ZN7ISwitchC2Ev)
    Monitor::isHighWarn()                    0x0800220d   Thumb Code    18  monitor.o(.text._ZN7Monitor10isHighWarnEv)
    Monitor::isLowAlarm()                    0x08002221   Thumb Code    18  monitor.o(.text._ZN7Monitor10isLowAlarmEv)
    Monitor::isHighAlarm()                   0x08002235   Thumb Code    18  monitor.o(.text._ZN7Monitor11isHighAlarmEv)
    Monitor::setValueMax(float)              0x08002249   Thumb Code    28  monitor.o(.text._ZN7Monitor11setValueMaxEf)
    Monitor::setTresDelay(TRES_TYPE, unsigned short) 0x08002265   Thumb Code    38  monitor.o(.text._ZN7Monitor12setTresDelayE9TRES_TYPEt)
    Monitor::updateInCycle()                 0x0800228d   Thumb Code   244  monitor.o(.text._ZN7Monitor13updateInCycleEv)
    Monitor::get()                           0x08002381   Thumb Code    12  monitor.o(.text._ZN7Monitor3getEv)
    Monitor::set(float)                      0x0800238d   Thumb Code    30  monitor.o(.text._ZN7Monitor3setEf)
    Monitor::isLowWarn()                     0x080023ad   Thumb Code    18  monitor.o(.text._ZN7Monitor9isLowWarnEv)
    Monitor::Monitor(float, float)           0x080023c1   Thumb Code   174  monitor.o(.text._ZN7MonitorC2Eff)
    Monitor::Monitor__sub_object(float, float) 0x080023c1   Thumb Code   174  monitor.o(.text._ZN7MonitorC2Eff)
    Monitor::~Monitor()                      0x08002471   Thumb Code    80  monitor.o(.text._ZN7MonitorD2Ev)
    Monitor::~Monitor__sub_object()          0x08002471   Thumb Code    80  monitor.o(.text._ZN7MonitorD2Ev)
    AnalogOut::updateInCycle()               0x080024c1   Thumb Code    36  analog_out.o(.text._ZN9AnalogOut13updateInCycleEv)
    AnalogOut::get()                         0x080024e5   Thumb Code    20  analog_out.o(.text._ZN9AnalogOut3getEv)
    AnalogOut::set(float)                    0x080024f9   Thumb Code    20  analog_out.o(.text._ZN9AnalogOut3setEf)
    AnalogOut::AnalogOut(unsigned short, unsigned int, float, float, float, float) 0x0800250d   Thumb Code   108  analog_out.o(.text._ZN9AnalogOutC2Etjffff)
    AnalogOut::AnalogOut__sub_object(unsigned short, unsigned int, float, float, float, float) 0x0800250d   Thumb Code   108  analog_out.o(.text._ZN9AnalogOutC2Etjffff)
    AnalogOut::~AnalogOut()                  0x08002579   Thumb Code    46  analog_out.o(.text._ZN9AnalogOutD2Ev)
    AnalogOut::~AnalogOut__sub_object()      0x08002579   Thumb Code    46  analog_out.o(.text._ZN9AnalogOutD2Ev)
    AnalogOut::operator=(float)              0x080025a9   Thumb Code    24  analog_out.o(.text._ZN9AnalogOutaSEf)
    std::__terminate(void (*)())             0x080025c1   Thumb Code     8  cxa_handlers.cpp.o(.text._ZSt11__terminatePFvvE)
    std::get_new_handler()                   0x080025f1   Thumb Code    12  cxa_handlers.cpp.o(.text._ZSt15get_new_handlerv)
    std::terminate()                         0x080025fd   Thumb Code    14  cxa_handlers.cpp.o(.text._ZSt9terminatev)
    operator delete(void*)                   0x0800260b   Thumb Code     4  new.cpp.o(.text._ZdlPv)
    operator delete(void*, unsigned int)     0x0800260f   Thumb Code     4  new.cpp.o(.text._ZdlPvj)
    operator new[](unsigned int)             0x08002613   Thumb Code     4  new.cpp.o(.text._Znaj)
    operator new(unsigned int)               0x08002619   Thumb Code    38  new.cpp.o(.text._Znwj)
    __cxa_pure_virtual                       0x08002641   Thumb Code     8  cxa_virtual.cpp.o(.text.__cxa_pure_virtual)
    __cxa_throw_bad_array_new_length         0x08002669   Thumb Code     4  cxa_aux_runtime.cpp.o(.text.__cxa_throw_bad_array_new_length)
    abort_message                            0x08002825   Thumb Code     4  abort_message.cpp.o(.text.abort_message)
    main                                     0x08002829   Thumb Code   168  main.o(.text.main)
    pvPortMalloc                             0x08003501   Thumb Code   390  heap_4.o(.text.pvPortMalloc)
    pxPortInitialiseStack                    0x08003689   Thumb Code    80  port.o(.text.pxPortInitialiseStack)
    uxListRemove                             0x080036d9   Thumb Code    72  list.o(.text.uxListRemove)
    vApplicationIdleHook                     0x08003721   Thumb Code     2  main.o(.text.vApplicationIdleHook)
    vApplicationStackOverflowHook            0x08003725   Thumb Code    10  main.o(.text.vApplicationStackOverflowHook)
    vApplicationTickHook                     0x08003731   Thumb Code     2  main.o(.text.vApplicationTickHook)
    vListInitialise                          0x08003735   Thumb Code    46  list.o(.text.vListInitialise)
    vListInitialiseItem                      0x08003765   Thumb Code    14  list.o(.text.vListInitialiseItem)
    vListInsert                              0x08003775   Thumb Code   106  list.o(.text.vListInsert)
    vPortEnterCritical                       0x080037e1   Thumb Code    48  port.o(.text.vPortEnterCritical)
    vPortExitCritical                        0x08003811   Thumb Code    38  port.o(.text.vPortExitCritical)
    vPortFree                                0x08003839   Thumb Code   118  heap_4.o(.text.vPortFree)
    vPortSetupTimerInterrupt                 0x080038b1   Thumb Code    46  port.o(.text.vPortSetupTimerInterrupt)
    vQueueWaitForMessageRestricted           0x080038e1   Thumb Code   100  queue.o(.text.vQueueWaitForMessageRestricted)
    vTaskDelay                               0x08003945   Thumb Code    74  tasks.o(.text.vTaskDelay)
    vTaskInternalSetTimeOutState             0x08003991   Thumb Code    36  tasks.o(.text.vTaskInternalSetTimeOutState)
    vTaskMissedYield                         0x080039b5   Thumb Code    14  tasks.o(.text.vTaskMissedYield)
    vTaskPlaceOnEventList                    0x080039c5   Thumb Code    38  tasks.o(.text.vTaskPlaceOnEventList)
    vTaskPlaceOnEventListRestricted          0x080039ed   Thumb Code    96  tasks.o(.text.vTaskPlaceOnEventListRestricted)
    vTaskStartScheduler                      0x08003a4d   Thumb Code   148  tasks.o(.text.vTaskStartScheduler)
    vTaskSuspendAll                          0x08003ae1   Thumb Code    16  tasks.o(.text.vTaskSuspendAll)
    vTaskSwitchContext                       0x08003af1   Thumb Code   236  tasks.o(.text.vTaskSwitchContext)
    xPortStartScheduler                      0x08003bdd   Thumb Code    64  port.o(.text.xPortStartScheduler)
    xQueueGenericCreate                      0x08003c1d   Thumb Code   126  queue.o(.text.xQueueGenericCreate)
    xQueueGenericReset                       0x08003c9d   Thumb Code   208  queue.o(.text.xQueueGenericReset)
    xQueueReceive                            0x08003d6d   Thumb Code   338  queue.o(.text.xQueueReceive)
    xTaskCheckForTimeOut                     0x08003ec1   Thumb Code   154  tasks.o(.text.xTaskCheckForTimeOut)
    xTaskCreate                              0x08003f5d   Thumb Code   160  tasks.o(.text.xTaskCreate)
    xTaskGetTickCount                        0x08003ffd   Thumb Code    20  tasks.o(.text.xTaskGetTickCount)
    xTaskIncrementTick                       0x08004011   Thumb Code   596  tasks.o(.text.xTaskIncrementTick)
    xTaskRemoveFromEventList                 0x08004265   Thumb Code   368  tasks.o(.text.xTaskRemoveFromEventList)
    xTaskResumeAll                           0x080043d5   Thumb Code   510  tasks.o(.text.xTaskResumeAll)
    xTimerCreateTimerTask                    0x080045d5   Thumb Code    80  timers.o(.text.xTimerCreateTimerTask)
    __aeabi_fadd                             0x08004625   Thumb Code     0  faddsub_clz.o(x$fpl$fadd)
    _fadd                                    0x08004625   Thumb Code   196  faddsub_clz.o(x$fpl$fadd)
    __aeabi_fcmpeq                           0x080046e9   Thumb Code     0  fcmp.o(x$fpl$fcmp)
    _feq                                     0x080046e9   Thumb Code    14  fcmp.o(x$fpl$fcmp)
    _fneq                                    0x080046f7   Thumb Code    14  fcmp.o(x$fpl$fcmp)
    __aeabi_fcmpgt                           0x08004705   Thumb Code     0  fcmp.o(x$fpl$fcmp)
    _fgr                                     0x08004705   Thumb Code    14  fcmp.o(x$fpl$fcmp)
    __aeabi_fcmpge                           0x08004713   Thumb Code     0  fcmp.o(x$fpl$fcmp)
    _fgeq                                    0x08004713   Thumb Code    14  fcmp.o(x$fpl$fcmp)
    __aeabi_fcmple                           0x08004721   Thumb Code     0  fcmp.o(x$fpl$fcmp)
    _fleq                                    0x08004721   Thumb Code    14  fcmp.o(x$fpl$fcmp)
    __aeabi_fcmplt                           0x0800472f   Thumb Code     0  fcmp.o(x$fpl$fcmp)
    _fls                                     0x0800472f   Thumb Code    14  fcmp.o(x$fpl$fcmp)
    __fpl_fcmp_Inf                           0x0800473d   Thumb Code    24  fcmpi.o(x$fpl$fcmpinf)
    __aeabi_fdiv                             0x08004755   Thumb Code     0  fdiv.o(x$fpl$fdiv)
    _fdiv                                    0x08004755   Thumb Code   384  fdiv.o(x$fpl$fdiv)
    __aeabi_cfcmpeq                          0x080048d9   Thumb Code     0  feqf.o(x$fpl$feqf)
    _fcmpeq                                  0x080048d9   Thumb Code   104  feqf.o(x$fpl$feqf)
    __aeabi_f2iz                             0x08004941   Thumb Code     0  ffix.o(x$fpl$ffix)
    _ffix                                    0x08004941   Thumb Code    54  ffix.o(x$fpl$ffix)
    __aeabi_i2f                              0x08004979   Thumb Code     0  fflt_clz.o(x$fpl$fflt)
    _fflt                                    0x08004979   Thumb Code    48  fflt_clz.o(x$fpl$fflt)
    __aeabi_ui2f                             0x080049a9   Thumb Code     0  fflt_clz.o(x$fpl$ffltu)
    _ffltu                                   0x080049a9   Thumb Code    38  fflt_clz.o(x$fpl$ffltu)
    _fcmpge                                  0x080049d1   Thumb Code   104  fgeqf.o(x$fpl$fgeqf)
    __aeabi_cfcmple                          0x08004a39   Thumb Code     0  fleqf.o(x$fpl$fleqf)
    _fcmple                                  0x08004a39   Thumb Code   104  fleqf.o(x$fpl$fleqf)
    __fpl_fcmple_InfNaN                      0x08004a8b   Thumb Code     0  fleqf.o(x$fpl$fleqf)
    __aeabi_fmul                             0x08004aa1   Thumb Code     0  fmul.o(x$fpl$fmul)
    _fmul                                    0x08004aa1   Thumb Code   258  fmul.o(x$fpl$fmul)
    __fpl_fnaninf                            0x08004ba3   Thumb Code   140  fnaninf.o(x$fpl$fnaninf)
    __fpl_fretinf                            0x08004c2f   Thumb Code    10  fretinf.o(x$fpl$fretinf)
    __aeabi_fsub                             0x08004c39   Thumb Code     0  faddsub_clz.o(x$fpl$fsub)
    _fsub                                    0x08004c39   Thumb Code   234  faddsub_clz.o(x$fpl$fsub)
    AHBPrescTable                            0x08004d22   Data          16  system_stm32f10x.o(.rodata.AHBPrescTable)
    __I$use$fp                               0x08004d22   Number         0  usenofp.o(x$fpl$usenofp)
    vtable for CommonDelay                   0x08004d34   Data          16  custom_timer.o(.rodata._ZTV11CommonDelay)
    vtable for SimpleInput                   0x08004d44   Data          12  simple_input.o(.rodata._ZTV11SimpleInput)
    vtable for ProgrammCoil                  0x08004d50   Data          16  coil.o(.rodata._ZTV12ProgrammCoil)
    vtable for AnalogMonitor                 0x08004d60   Data          12  analog_monitor.o(.rodata._ZTV13AnalogMonitor)
    vtable for IUpdatedInCycle               0x08004d6c   Data          12  custom_timer.o(.rodata._ZTV15IUpdatedInCycle)
    vtable for IUpdatedSomewhere             0x08004d78   Data          12  moving_avg.o(.rodata._ZTV17IUpdatedSomewhere)
    vtable for Coil                          0x08004d84   Data          16  coil.o(.rodata._ZTV4Coil)
    vtable for Ramp                          0x08004d94   Data          12  ramp.o(.rodata._ZTV4Ramp)
    vtable for MovAvg                        0x08004da0   Data          12  moving_avg.o(.rodata._ZTV6MovAvg)
    vtable for PIDreg                        0x08004dac   Data          12  pid.o(.rodata._ZTV6PIDreg)
    vtable for DIDelay                       0x08004db8   Data          16  custom_timer.o(.rodata._ZTV7DIDelay)
    vtable for ISwitch                       0x08004dc8   Data          12  main.o(.rodata._ZTV7ISwitch)
    vtable for Monitor                       0x08004dd4   Data          12  monitor.o(.rodata._ZTV7Monitor)
    vtable for AnalogOut                     0x08004de0   Data          12  analog_out.o(.rodata._ZTV9AnalogOut)
    uxTopUsedPriority                        0x08004e14   Data           4  tasks.o(.rodata.uxTopUsedPriority)
    Region$$Table$$Base                      0x08004e18   Number         0  anon$$obj.o(Region$$Table)
    Region$$Table$$Limit                     0x08004e38   Number         0  anon$$obj.o(Region$$Table)
    SHT$$INIT_ARRAY$$Base                    0x08004e38   Number         0  main.o(.init_array)
    SHT$$INIT_ARRAY$$Limit                   0x08004e3c   Number         0  init_aeabi.o(.init_array)
    SystemCoreClock                          0x20000000   Data           4  system_stm32f10x.o(.data.SystemCoreClock)
    __cxa_terminate_handler                  0x20000004   Data           4  cxa_default_handlers.cpp.o(.data.__cxa_terminate_handler)
    allTimersSize                            0x20000008   Data           1  main.o(.data.allTimersSize)
    updateObjects                            0x2000000c   Data          24  main.o(.data.updateObjects)
    __libspace_start                         0x20000028   Data          96  libspace.o(.bss)
    __cxa_new_handler                        0x20000088   Data           4  cxa_default_handlers.cpp.o(.bss.__cxa_new_handler)
    __temporary_stack_top$libspace           0x20000088   Data           0  libspace.o(.bss)
    adcMonitor                               0x2000008c   Data          52  main.o(.bss.adcMonitor)
    adcValues                                0x200000c0   Data           4  main.o(.bss.adcValues)
    analogOut                                0x200000c4   Data          40  main.o(.bss.analogOut)
    avg                                      0x200000ec   Data          20  main.o(.bss.avg)
    button                                   0x20000100   Data          12  main.o(.bss.button)
    buttonDelay                              0x2000010c   Data          16  main.o(.bss.buttonDelay)
    delay                                    0x2000011c   Data          12  main.o(.bss.delay)
    led                                      0x20000128   Data          16  main.o(.bss.led)
    ledDelay                                 0x20000138   Data          16  main.o(.bss.ledDelay)
    ledSwitch                                0x20000148   Data           8  main.o(.bss.ledSwitch)
    pid                                      0x20000150   Data          72  main.o(.bss.pid)
    pidPv                                    0x20000198   Data           4  main.o(.bss.pidPv)
    pxCurrentTCB                             0x200001a0   Data           4  tasks.o(.bss.pxCurrentTCB)
    ramp                                     0x2000021c   Data          36  main.o(.bss.ramp)
    scale                                    0x20000240   Data          20  main.o(.bss.scale)



==============================================================================

Memory Map of the image

  Image Entry point : 0x080000ed

  Load Region LR_IROM1 (Base: 0x08000000, Size: 0x00004e68, Max: 0x00010000, ABSOLUTE)

    Execution Region ER_IROM1 (Exec base: 0x08000000, Load base: 0x08000000, Size: 0x00004e3c, Max: 0x00010000, ABSOLUTE)

    Exec Addr    Load Addr    Size         Type   Attr      Idx    E Section Name        Object

    0x08000000   0x08000000   0x000000ec   Data   RO          946    RESET               startup_stm32f10x_md.o
    0x080000ec   0x080000ec   0x00000008   Code   RO          987  * !!!main             c_w.l(__main.o)
    0x080000f4   0x080000f4   0x00000034   Code   RO         1418    !!!scatter          c_w.l(__scatter.o)
    0x08000128   0x08000128   0x0000001a   Code   RO         1420    !!handler_copy      c_w.l(__scatter_copy.o)
    0x08000142   0x08000142   0x00000002   PAD
    0x08000144   0x08000144   0x0000001c   Code   RO         1422    !!handler_zi        c_w.l(__scatter_zi.o)
    0x08000160   0x08000160   0x00000002   Code   RO         1356    .ARM.Collect$$libinit$$00000000  c_w.l(libinit.o)
    0x08000162   0x08000162   0x00000000   Code   RO         1156    .ARM.Collect$$libinit$$00000002  c_w.l(libinit2.o)
    0x08000162   0x08000162   0x00000000   Code   RO         1158    .ARM.Collect$$libinit$$00000004  c_w.l(libinit2.o)
    0x08000162   0x08000162   0x00000000   Code   RO         1160    .ARM.Collect$$libinit$$00000006  c_w.l(libinit2.o)
    0x08000162   0x08000162   0x00000008   Code   RO         1161    .ARM.Collect$$libinit$$00000007  c_w.l(libinit2.o)
    0x0800016a   0x0800016a   0x00000000   Code   RO         1163    .ARM.Collect$$libinit$$0000000C  c_w.l(libinit2.o)
    0x0800016a   0x0800016a   0x00000000   Code   RO         1165    .ARM.Collect$$libinit$$0000000E  c_w.l(libinit2.o)
    0x0800016a   0x0800016a   0x00000000   Code   RO         1167    .ARM.Collect$$libinit$$00000010  c_w.l(libinit2.o)
    0x0800016a   0x0800016a   0x00000000   Code   RO         1170    .ARM.Collect$$libinit$$00000013  c_w.l(libinit2.o)
    0x0800016a   0x0800016a   0x00000000   Code   RO         1172    .ARM.Collect$$libinit$$00000015  c_w.l(libinit2.o)
    0x0800016a   0x0800016a   0x00000000   Code   RO         1174    .ARM.Collect$$libinit$$00000017  c_w.l(libinit2.o)
    0x0800016a   0x0800016a   0x00000000   Code   RO         1176    .ARM.Collect$$libinit$$00000019  c_w.l(libinit2.o)
    0x0800016a   0x0800016a   0x00000000   Code   RO         1178    .ARM.Collect$$libinit$$0000001B  c_w.l(libinit2.o)
    0x0800016a   0x0800016a   0x00000000   Code   RO         1180    .ARM.Collect$$libinit$$0000001D  c_w.l(libinit2.o)
    0x0800016a   0x0800016a   0x00000000   Code   RO         1182    .ARM.Collect$$libinit$$0000001F  c_w.l(libinit2.o)
    0x0800016a   0x0800016a   0x00000000   Code   RO         1184    .ARM.Collect$$libinit$$00000021  c_w.l(libinit2.o)
    0x0800016a   0x0800016a   0x00000000   Code   RO         1186    .ARM.Collect$$libinit$$00000023  c_w.l(libinit2.o)
    0x0800016a   0x0800016a   0x00000000   Code   RO         1188    .ARM.Collect$$libinit$$00000025  c_w.l(libinit2.o)
    0x0800016a   0x0800016a   0x00000000   Code   RO         1190    .ARM.Collect$$libinit$$00000027  c_w.l(libinit2.o)
    0x0800016a   0x0800016a   0x00000000   Code   RO         1194    .ARM.Collect$$libinit$$0000002E  c_w.l(libinit2.o)
    0x0800016a   0x0800016a   0x00000000   Code   RO         1196    .ARM.Collect$$libinit$$00000030  c_w.l(libinit2.o)
    0x0800016a   0x0800016a   0x00000000   Code   RO         1198    .ARM.Collect$$libinit$$00000032  c_w.l(libinit2.o)
    0x0800016a   0x0800016a   0x00000004   Code   RO         1199    .ARM.Collect$$libinit$$00000033  c_w.l(libinit2.o)
    0x0800016e   0x0800016e   0x00000000   Code   RO         1200    .ARM.Collect$$libinit$$00000034  c_w.l(libinit2.o)
    0x0800016e   0x0800016e   0x00000002   Code   RO         1201    .ARM.Collect$$libinit$$00000035  c_w.l(libinit2.o)
    0x08000170   0x08000170   0x00000002   Code   RO         1416    .ARM.Collect$$libshutdown$$00000000  c_w.l(libshutdown.o)
    0x08000172   0x08000172   0x00000006   Code   RO         1357    .ARM.Collect$$libshutdown$$00000001  c_w.l(libshutdown2.o)
    0x08000178   0x08000178   0x00000000   Code   RO         1358    .ARM.Collect$$libshutdown$$00000002  c_w.l(libshutdown2.o)
    0x08000178   0x08000178   0x00000000   Code   RO         1360    .ARM.Collect$$libshutdown$$00000004  c_w.l(libshutdown2.o)
    0x08000178   0x08000178   0x00000000   Code   RO         1363    .ARM.Collect$$libshutdown$$00000007  c_w.l(libshutdown2.o)
    0x08000178   0x08000178   0x00000000   Code   RO         1366    .ARM.Collect$$libshutdown$$0000000A  c_w.l(libshutdown2.o)
    0x08000178   0x08000178   0x00000000   Code   RO         1368    .ARM.Collect$$libshutdown$$0000000C  c_w.l(libshutdown2.o)
    0x08000178   0x08000178   0x00000000   Code   RO         1371    .ARM.Collect$$libshutdown$$0000000F  c_w.l(libshutdown2.o)
    0x08000178   0x08000178   0x00000002   Code   RO         1372    .ARM.Collect$$libshutdown$$00000010  c_w.l(libshutdown2.o)
    0x0800017a   0x0800017a   0x00000000   Code   RO         1078    .ARM.Collect$$rtentry$$00000000  c_w.l(__rtentry.o)
    0x0800017a   0x0800017a   0x00000000   Code   RO         1244    .ARM.Collect$$rtentry$$00000002  c_w.l(__rtentry2.o)
    0x0800017a   0x0800017a   0x00000006   Code   RO         1256    .ARM.Collect$$rtentry$$00000004  c_w.l(__rtentry4.o)
    0x08000180   0x08000180   0x00000000   Code   RO         1246    .ARM.Collect$$rtentry$$00000009  c_w.l(__rtentry2.o)
    0x08000180   0x08000180   0x00000004   Code   RO         1247    .ARM.Collect$$rtentry$$0000000A  c_w.l(__rtentry2.o)
    0x08000184   0x08000184   0x00000000   Code   RO         1249    .ARM.Collect$$rtentry$$0000000C  c_w.l(__rtentry2.o)
    0x08000184   0x08000184   0x00000008   Code   RO         1250    .ARM.Collect$$rtentry$$0000000D  c_w.l(__rtentry2.o)
    0x0800018c   0x0800018c   0x00000002   Code   RO         1373    .ARM.Collect$$rtexit$$00000000  c_w.l(rtexit.o)
    0x0800018e   0x0800018e   0x00000000   Code   RO         1388    .ARM.Collect$$rtexit$$00000002  c_w.l(rtexit2.o)
    0x0800018e   0x0800018e   0x00000004   Code   RO         1389    .ARM.Collect$$rtexit$$00000003  c_w.l(rtexit2.o)
    0x08000192   0x08000192   0x00000006   Code   RO         1390    .ARM.Collect$$rtexit$$00000004  c_w.l(rtexit2.o)
    0x08000198   0x08000198   0x00000040   Code   RO          947    .text               startup_stm32f10x_md.o
    0x080001d8   0x080001d8   0x0000000a   Code   RO          974    .text               c_w.l(cxa_atexit.o)
    0x080001e2   0x080001e2   0x0000008a   Code   RO          977    .text               c_w.l(rt_memcpy_v6.o)
    0x0800026c   0x0800026c   0x00000010   Code   RO          979    .text               c_w.l(aeabi_memset4.o)
    0x0800027c   0x0800027c   0x00000044   Code   RO          981    .text               c_w.l(rt_memclr.o)
    0x080002c0   0x080002c0   0x0000004e   Code   RO          983    .text               c_w.l(rt_memclr_w.o)
    0x0800030e   0x0800030e   0x00000006   Code   RO          985    .text               c_w.l(heapauxi.o)
    0x08000314   0x08000314   0x00000024   Code   RO          992    .text               c_w.l(init_aeabi.o)
    0x08000338   0x08000338   0x0000005e   Code   RO         1083    .text               c_w.l(h1_alloc.o)
    0x08000396   0x08000396   0x0000004e   Code   RO         1085    .text               c_w.l(h1_free.o)
    0x080003e4   0x080003e4   0x00000016   Code   RO         1145    .text               c_w.l(abort.o)
    0x080003fa   0x080003fa   0x0000002e   Code   RO         1150    .text               c_w.l(aeabi_atexit.o)
    0x08000428   0x08000428   0x00000064   Code   RO         1153    .text               c_w.l(rt_memcpy_w.o)
    0x0800048c   0x0800048c   0x0000000c   Code   RO         1237    .text               c_w.l(sys_exit.o)
    0x08000498   0x08000498   0x00000008   Code   RO         1261    .text               c_w.l(rt_heap_descriptor_intlibspace.o)
    0x080004a0   0x080004a0   0x00000008   Code   RO         1266    .text               c_w.l(rt_ddtor_pointer_addr_intlibspace.o)
    0x080004a8   0x080004a8   0x00000004   Code   RO         1268    .text               c_w.l(hguard.o)
    0x080004ac   0x080004ac   0x0000008a   Code   RO         1270    .text               c_w.l(init_alloc.o)
    0x08000536   0x08000536   0x0000000e   Code   RO         1274    .text               c_w.l(h1_init.o)
    0x08000544   0x08000544   0x00000042   Code   RO         1286    .text               c_w.l(cxa_finalize.o)
    0x08000586   0x08000586   0x0000000e   Code   RO         1289    .text               c_w.l(defsig_abrt_outer.o)
    0x08000594   0x08000594   0x00000008   Code   RO         1316    .text               c_w.l(libspace.o)
    0x0800059c   0x0800059c   0x00000002   Code   RO         1319    .text               c_w.l(use_no_semi.o)
    0x0800059e   0x0800059e   0x00000000   Code   RO         1321    .text               c_w.l(indicate_semi.o)
    0x0800059e   0x0800059e   0x0000004a   Code   RO         1322    .text               c_w.l(sys_stackheap_outer.o)
    0x080005e8   0x080005e8   0x00000000   Code   RO         1328    .text               c_w.l(maybetermalloc1.o)
    0x080005e8   0x080005e8   0x00000034   Code   RO         1330    .text               c_w.l(h1_extend.o)
    0x0800061c   0x0800061c   0x00000012   Code   RO         1334    .text               c_w.l(exit.o)
    0x0800062e   0x0800062e   0x0000000a   Code   RO         1336    .text               c_w.l(defsig_exit.o)
    0x08000638   0x08000638   0x00000030   Code   RO         1338    .text               c_w.l(defsig_abrt_inner.o)
    0x08000668   0x08000668   0x0000000e   Code   RO         1340    .text               c_w.l(defsig_rtmem_outer.o)
    0x08000676   0x08000676   0x00000032   Code   RO         1379    .text               c_w.l(defsig_general.o)
    0x080006a8   0x080006a8   0x00000050   Code   RO         1381    .text               c_w.l(defsig_rtmem_inner.o)
    0x080006f8   0x080006f8   0x0000000e   Code   RO         1383    .text               c_w.l(sys_wrch.o)
    0x08000706   0x08000706   0x0000000a   PAD
    0x08000710   0x08000710   0x00000044   Code   RO           92    .text.PendSV_Handler  port.o
    0x08000754   0x08000754   0x0000000c   PAD
    0x08000760   0x08000760   0x00000024   Code   RO           78    .text.SVC_Handler   port.o
    0x08000784   0x08000784   0x00000008   Code   RO          955    .text.SetSysClock   system_stm32f10x.o
    0x0800078c   0x0800078c   0x00000122   Code   RO          959    .text.SetSysClockTo72  system_stm32f10x.o
    0x080008ae   0x080008ae   0x00000002   PAD
    0x080008b0   0x080008b0   0x0000003c   Code   RO           94    .text.SysTick_Handler  port.o
    0x080008ec   0x080008ec   0x00000122   Code   RO          957    .text.SystemCoreClockUpdate  system_stm32f10x.o
    0x08000a0e   0x08000a0e   0x00000002   PAD
    0x08000a10   0x08000a10   0x00000066   Code   RO          953    .text.SystemInit    system_stm32f10x.o
    0x08000a76   0x08000a76   0x00000002   PAD
    0x08000a78   0x08000a78   0x0000004c   Code   RO           36    .text.TIM2_IRQHandler  main.o
    0x08000ac4   0x08000ac4   0x00000034   Code   RO           38    .text._GLOBAL__sub_I_main.cpp  main.o
    0x08000af8   0x08000af8   0x0000000e   Code   RO          580    .text._Z10commonInitv  init.o
    0x08000b06   0x08000b06   0x00000002   PAD
    0x08000b08   0x08000b08   0x00000040   Code   RO          571    .text._Z11getPositionj  common.o
    0x08000b48   0x08000b48   0x00000020   Code   RO          602    .text._Z11setRegisterIVjEvPT_jj  init.o
    0x08000b68   0x08000b68   0x00000044   Code   RO          604    .text._Z17setBitsInRegisterIVjEvPT_jj  init.o
    0x08000bac   0x08000bac   0x00000044   Code   RO          606    .text._Z17setBitsInRegisterIVtEvPT_jj  init.o
    0x08000bf0   0x08000bf0   0x00000022   Code   RO          833    .text._Z3absIfET_S0_  pid.o
    0x08000c12   0x08000c12   0x00000002   PAD
    0x08000c14   0x08000c14   0x00000026   Code   RO          835    .text._Z3maxIfET_S0_S0_  pid.o
    0x08000c3a   0x08000c3a   0x00000002   PAD
    0x08000c3c   0x08000c3c   0x00000034   Code   RO          941    .text._Z3maxIhET_S0_S0_  moving_avg.o
    0x08000c70   0x08000c70   0x0000004c   Code   RO          538    .text._Z5limitIfET_S0_S0_S0_  led_task.o
    0x08000cbc   0x08000cbc   0x00000064   Code   RO          665    .text._Z5limitItET_S0_S0_S0_  analog_monitor.o
    0x08000d20   0x08000d20   0x0000001e   Code   RO          542    .text._Z6toggleIfEvPT_S1_  led_task.o
    0x08000d3e   0x08000d3e   0x00000002   PAD
    0x08000d40   0x08000d40   0x00000022   Code   RO          669    .text._Z6toggleItEvPT_S1_  analog_monitor.o
    0x08000d62   0x08000d62   0x00000002   PAD
    0x08000d64   0x08000d64   0x00000158   Code   RO          592    .text._Z7adcInitv   init.o
    0x08000ebc   0x08000ebc   0x00000104   Code   RO          528    .text._Z7ledTaskPv  led_task.o
    0x08000fc0   0x08000fc0   0x0000007c   Code   RO          545    .text._Z7pidTaskPv  pidtask.o
    0x0800103c   0x0800103c   0x000000aa   Code   RO          594    .text._Z7pwmInitv   init.o
    0x080010e6   0x080010e6   0x00000002   PAD
    0x080010e8   0x080010e8   0x000000ce   Code   RO          584    .text._Z7rccInitv   init.o
    0x080011b6   0x080011b6   0x00000002   PAD
    0x080011b8   0x080011b8   0x00000014   Code   RO          877    .text._Z8getRangeIfET_PKS0_  ramp.o
    0x080011cc   0x080011cc   0x0000007e   Code   RO          553    .text._Z8testTaskPv  test_task.o
    0x0800124a   0x0800124a   0x00000002   PAD
    0x0800124c   0x0800124c   0x00000058   Code   RO          586    .text._Z8tickInitv  init.o
    0x080012a4   0x080012a4   0x00000030   Code   RO          588    .text._ZL16__NVIC_EnableIRQ4IRQn  init.o
    0x080012d4   0x080012d4   0x00000042   Code   RO          590    .text._ZL18__NVIC_SetPriority4IRQnj  init.o
    0x08001316   0x08001316   0x00000002   PAD
    0x08001318   0x08001318   0x0000003c   Code   RO          582    .text._ZL26__NVIC_SetPriorityGroupingj  init.o
    0x08001354   0x08001354   0x000000e2   Code   RO          673    .text._ZN10GPIOcommonC2EP12GPIO_TypeDefh  gpio_common.o
    0x08001436   0x08001436   0x00000002   PAD
    0x08001438   0x08001438   0x00000016   Code   RO          752    .text._ZN11CommonDelay11notFinishedEv  custom_timer.o
    0x0800144e   0x0800144e   0x00000002   PAD
    0x08001450   0x08001450   0x00000048   Code   RO          724    .text._ZN11CommonDelay13updateInCycleEv  custom_timer.o
    0x08001498   0x08001498   0x0000004c   Code   RO          754    .text._ZN11CommonDelay15finishedImpulseEv  custom_timer.o
    0x080014e4   0x080014e4   0x00000018   Code   RO          744    .text._ZN11CommonDelay15prepareAndStartEv  custom_timer.o
    0x080014fc   0x080014fc   0x00000014   Code   RO          740    .text._ZN11CommonDelay4stopEv  custom_timer.o
    0x08001510   0x08001510   0x00000010   Code   RO          742    .text._ZN11CommonDelay5resetEv  custom_timer.o
    0x08001520   0x08001520   0x0000000e   Code   RO          734    .text._ZN11CommonDelay5startEv  custom_timer.o
    0x0800152e   0x0800152e   0x00000002   PAD
    0x08001530   0x08001530   0x00000010   Code   RO          750    .text._ZN11CommonDelay7startedEv  custom_timer.o
    0x08001540   0x08001540   0x00000016   Code   RO          738    .text._ZN11CommonDelay8finishedEv  custom_timer.o
    0x08001556   0x08001556   0x00000002   PAD
    0x08001558   0x08001558   0x0000002c   Code   RO          746    .text._ZN11CommonDelay8setStartEb  custom_timer.o
    0x08001584   0x08001584   0x00000014   Code   RO          728    .text._ZN11CommonDelay9setPeriodEt  custom_timer.o
    0x08001598   0x08001598   0x0000002a   Code   RO          722    .text._ZN11CommonDelayC2Et  custom_timer.o
    0x080015c2   0x080015c2   0x00000002   PAD
    0x080015c4   0x080015c4   0x00000020   Code   RO          748    .text._ZN11CommonDelayaSEb  custom_timer.o
    0x080015e4   0x080015e4   0x00000018   Code   RO          683    .text._ZN11SimpleInput8isActiveEv  simple_input.o
    0x080015fc   0x080015fc   0x00000092   Code   RO          681    .text._ZN11SimpleInputC2EP12GPIO_TypeDefh  simple_input.o
    0x0800168e   0x0800168e   0x00000002   PAD
    0x08001690   0x08001690   0x00000022   Code   RO          701    .text._ZN12ProgrammCoil6toggleEv  coil.o
    0x080016b2   0x080016b2   0x00000002   PAD
    0x080016b4   0x080016b4   0x00000010   Code   RO          693    .text._ZN12ProgrammCoil8isActiveEv  coil.o
    0x080016c4   0x080016c4   0x00000018   Code   RO          695    .text._ZN12ProgrammCoil8setValueEb  coil.o
    0x080016dc   0x080016dc   0x00000020   Code   RO           66    .text._ZN12ProgrammCoilC2Ev  main.o
    0x080016fc   0x080016fc   0x00000022   Code   RO          703    .text._ZN12ProgrammCoilaSEb  coil.o
    0x0800171e   0x0800171e   0x00000002   PAD
    0x08001720   0x08001720   0x0000002c   Code   RO          641    .text._ZN13AnalogMonitor3setEt  analog_monitor.o
    0x0800174c   0x0800174c   0x00000086   Code   RO          637    .text._ZN13AnalogMonitorC2Ehff  analog_monitor.o
    0x080017d2   0x080017d2   0x00000002   PAD
    0x080017d4   0x080017d4   0x00000036   Code   RO          639    .text._ZN13AnalogMonitorD2Ev  analog_monitor.o
    0x0800180a   0x0800180a   0x00000002   PAD
    0x0800180c   0x0800180c   0x00000016   Code   RO          768    .text._ZN15IUpdatedInCycleC2Ev  custom_timer.o
    0x08001822   0x08001822   0x00000002   PAD
    0x08001824   0x08001824   0x00000016   Code   RO          939    .text._ZN17IUpdatedSomewhereC2Ev  moving_avg.o
    0x0800183a   0x0800183a   0x00000002   PAD
    0x0800183c   0x0800183c   0x00000016   Code   RO          707    .text._ZN4Coil8isActiveEv  coil.o
    0x08001852   0x08001852   0x00000002   PAD
    0x08001854   0x08001854   0x00000042   Code   RO          709    .text._ZN4Coil8setValueEb  coil.o
    0x08001896   0x08001896   0x00000002   PAD
    0x08001898   0x08001898   0x00000074   Code   RO          705    .text._ZN4CoilC2EP12GPIO_TypeDefh  coil.o
    0x0800190c   0x0800190c   0x00000022   Code   RO          711    .text._ZN4CoilaSEb  coil.o
    0x0800192e   0x0800192e   0x00000002   PAD
    0x08001930   0x08001930   0x00000012   Code   RO          852    .text._ZN4Ramp11getOutRangeEv  ramp.o
    0x08001942   0x08001942   0x00000002   PAD
    0x08001944   0x08001944   0x0000009a   Code   RO          854    .text._ZN4Ramp13updateInCycleEv  ramp.o
    0x080019de   0x080019de   0x00000002   PAD
    0x080019e0   0x080019e0   0x00000040   Code   RO          844    .text._ZN4Ramp16setFullRangeTimeEj  ramp.o
    0x08001a20   0x08001a20   0x0000000c   Code   RO          856    .text._ZN4Ramp3getEv  ramp.o
    0x08001a2c   0x08001a2c   0x0000001e   Code   RO          858    .text._ZN4Ramp3setEf  ramp.o
    0x08001a4a   0x08001a4a   0x00000002   PAD
    0x08001a4c   0x08001a4c   0x0000001c   Code   RO          842    .text._ZN4Ramp9setLimMaxEf  ramp.o
    0x08001a68   0x08001a68   0x0000002a   Code   RO          848    .text._ZN4RampC2Ej  ramp.o
    0x08001a92   0x08001a92   0x00000002   PAD
    0x08001a94   0x08001a94   0x0000007a   Code   RO          840    .text._ZN4RampC2Ejffff  ramp.o
    0x08001b0e   0x08001b0e   0x00000002   PAD
    0x08001b10   0x08001b10   0x0000000e   Code   RO          563    .text._ZN5ScaleIfsE3getEv  test_task.o
    0x08001b1e   0x08001b1e   0x00000002   PAD
    0x08001b20   0x08001b20   0x00000024   Code   RO          561    .text._ZN5ScaleIfsE3setEf  test_task.o
    0x08001b44   0x08001b44   0x00000066   Code   RO          565    .text._ZN5ScaleIfsE6updateEv  test_task.o
    0x08001baa   0x08001baa   0x00000002   PAD
    0x08001bac   0x08001bac   0x00000032   Code   RO           68    .text._ZN5ScaleIfsEC2Effss  main.o
    0x08001bde   0x08001bde   0x00000002   PAD
    0x08001be0   0x08001be0   0x00000024   Code   RO          536    .text._ZN5ScaleIftE3setEf  led_task.o
    0x08001c04   0x08001c04   0x00000062   Code   RO          540    .text._ZN5ScaleIftE6updateEv  led_task.o
    0x08001c66   0x08001c66   0x00000002   PAD
    0x08001c68   0x08001c68   0x00000032   Code   RO          632    .text._ZN5ScaleIftEC2Efftt  analog_out.o
    0x08001c9a   0x08001c9a   0x00000002   PAD
    0x08001c9c   0x08001c9c   0x0000000c   Code   RO          657    .text._ZN5ScaleItfE3getEv  analog_monitor.o
    0x08001ca8   0x08001ca8   0x00000028   Code   RO          663    .text._ZN5ScaleItfE3setEt  analog_monitor.o
    0x08001cd0   0x08001cd0   0x00000052   Code   RO          667    .text._ZN5ScaleItfE6updateEv  analog_monitor.o
    0x08001d22   0x08001d22   0x00000002   PAD
    0x08001d24   0x08001d24   0x0000002c   Code   RO          653    .text._ZN5ScaleItfEC2Ettff  analog_monitor.o
    0x08001d50   0x08001d50   0x0000001c   Code   RO          655    .text._ZN5ScaleItfEaSEt  analog_monitor.o
    0x08001d6c   0x08001d6c   0x0000008a   Code   RO          926    .text._ZN6MovAvg15updateSomewhereEv  moving_avg.o
    0x08001df6   0x08001df6   0x00000002   PAD
    0x08001df8   0x08001df8   0x00000018   Code   RO          922    .text._ZN6MovAvg3setEf  moving_avg.o
    0x08001e10   0x08001e10   0x00000068   Code   RO          918    .text._ZN6MovAvgC2Eh  moving_avg.o
    0x08001e78   0x08001e78   0x0000002e   Code   RO          920    .text._ZN6MovAvgD2Ev  moving_avg.o
    0x08001ea6   0x08001ea6   0x00000002   PAD
    0x08001ea8   0x08001ea8   0x000000d4   Code   RO          774    .text._ZN6PIDreg10updateKoefEv  pid.o
    0x08001f7c   0x08001f7c   0x000000c8   Code   RO          820    .text._ZN6PIDreg13updateInCycleEv  pid.o
    0x08002044   0x08002044   0x00000012   Code   RO          778    .text._ZN6PIDreg4getTEv  pid.o
    0x08002056   0x08002056   0x00000002   PAD
    0x08002058   0x08002058   0x00000014   Code   RO          776    .text._ZN6PIDreg5resetEv  pid.o
    0x0800206c   0x0800206c   0x00000016   Code   RO          784    .text._ZN6PIDreg5setKpEf  pid.o
    0x08002082   0x08002082   0x00000002   PAD
    0x08002084   0x08002084   0x00000010   Code   RO          780    .text._ZN6PIDreg5setSpEf  pid.o
    0x08002094   0x08002094   0x00000016   Code   RO          792    .text._ZN6PIDreg5setTdEf  pid.o
    0x080020aa   0x080020aa   0x00000002   PAD
    0x080020ac   0x080020ac   0x00000016   Code   RO          788    .text._ZN6PIDreg5setTiEf  pid.o
    0x080020c2   0x080020c2   0x00000002   PAD
    0x080020c4   0x080020c4   0x0000001a   Code   RO          812    .text._ZN6PIDreg7setAutoEb  pid.o
    0x080020de   0x080020de   0x00000002   PAD
    0x080020e0   0x080020e0   0x000000b4   Code   RO          772    .text._ZN6PIDregC2EPftffffffb  pid.o
    0x08002194   0x08002194   0x00000030   Code   RO          758    .text._ZN7DIDelay7startedEv  custom_timer.o
    0x080021c4   0x080021c4   0x0000002e   Code   RO          756    .text._ZN7DIDelayC2EP7ISwitcht  custom_timer.o
    0x080021f2   0x080021f2   0x00000002   PAD
    0x080021f4   0x080021f4   0x00000016   Code   RO           70    .text._ZN7ISwitchC2Ev  main.o
    0x0800220a   0x0800220a   0x00000002   PAD
    0x0800220c   0x0800220c   0x00000012   Code   RO          900    .text._ZN7Monitor10isHighWarnEv  monitor.o
    0x0800221e   0x0800221e   0x00000002   PAD
    0x08002220   0x08002220   0x00000012   Code   RO          904    .text._ZN7Monitor10isLowAlarmEv  monitor.o
    0x08002232   0x08002232   0x00000002   PAD
    0x08002234   0x08002234   0x00000012   Code   RO          898    .text._ZN7Monitor11isHighAlarmEv  monitor.o
    0x08002246   0x08002246   0x00000002   PAD
    0x08002248   0x08002248   0x0000001c   Code   RO          882    .text._ZN7Monitor11setValueMaxEf  monitor.o
    0x08002264   0x08002264   0x00000026   Code   RO          896    .text._ZN7Monitor12setTresDelayE9TRES_TYPEt  monitor.o
    0x0800228a   0x0800228a   0x00000002   PAD
    0x0800228c   0x0800228c   0x000000f4   Code   RO          888    .text._ZN7Monitor13updateInCycleEv  monitor.o
    0x08002380   0x08002380   0x0000000c   Code   RO          890    .text._ZN7Monitor3getEv  monitor.o
    0x0800238c   0x0800238c   0x0000001e   Code   RO          892    .text._ZN7Monitor3setEf  monitor.o
    0x080023aa   0x080023aa   0x00000002   PAD
    0x080023ac   0x080023ac   0x00000012   Code   RO          902    .text._ZN7Monitor9isLowWarnEv  monitor.o
    0x080023be   0x080023be   0x00000002   PAD
    0x080023c0   0x080023c0   0x000000ae   Code   RO          880    .text._ZN7MonitorC2Eff  monitor.o
    0x0800246e   0x0800246e   0x00000002   PAD
    0x08002470   0x08002470   0x00000050   Code   RO          884    .text._ZN7MonitorD2Ev  monitor.o
    0x080024c0   0x080024c0   0x00000024   Code   RO          611    .text._ZN9AnalogOut13updateInCycleEv  analog_out.o
    0x080024e4   0x080024e4   0x00000014   Code   RO          617    .text._ZN9AnalogOut3getEv  analog_out.o
    0x080024f8   0x080024f8   0x00000014   Code   RO          615    .text._ZN9AnalogOut3setEf  analog_out.o
    0x0800250c   0x0800250c   0x0000006c   Code   RO          609    .text._ZN9AnalogOutC2Etjffff  analog_out.o
    0x08002578   0x08002578   0x0000002e   Code   RO          613    .text._ZN9AnalogOutD2Ev  analog_out.o
    0x080025a6   0x080025a6   0x00000002   PAD
    0x080025a8   0x080025a8   0x00000018   Code   RO          619    .text._ZN9AnalogOutaSEf  analog_out.o
    0x080025c0   0x080025c0   0x00000030   Code   RO         1226    .text._ZSt11__terminatePFvvE  libcppabi_w.l(cxa_handlers.cpp.o)
    0x080025f0   0x080025f0   0x0000000c   Code   RO         1230    .text._ZSt15get_new_handlerv  libcppabi_w.l(cxa_handlers.cpp.o)
    0x080025fc   0x080025fc   0x0000000e   Code   RO         1228    .text._ZSt9terminatev  libcppabi_w.l(cxa_handlers.cpp.o)
    0x0800260a   0x0800260a   0x00000004   Code   RO         1030    .text._ZdlPv        libcpp_w.l(new.cpp.o)
    0x0800260e   0x0800260e   0x00000004   Code   RO         1034    .text._ZdlPvj       libcpp_w.l(new.cpp.o)
    0x08002612   0x08002612   0x00000004   Code   RO         1026    .text._Znaj         libcpp_w.l(new.cpp.o)
    0x08002616   0x08002616   0x00000002   PAD
    0x08002618   0x08002618   0x00000026   Code   RO         1022    .text._Znwj         libcpp_w.l(new.cpp.o)
    0x0800263e   0x0800263e   0x00000002   PAD
    0x08002640   0x08002640   0x00000028   Code   RO         1073    .text.__cxa_pure_virtual  libcppabi_w.l(cxa_virtual.cpp.o)
    0x08002668   0x08002668   0x00000004   Code   RO         1069    .text.__cxa_throw_bad_array_new_length  libcppabi_w.l(cxa_aux_runtime.cpp.o)
    0x0800266c   0x0800266c   0x0000001a   Code   RO           10    .text.__cxx_global_var_init  main.o
    0x08002686   0x08002686   0x00000002   PAD
    0x08002688   0x08002688   0x0000001a   Code   RO           12    .text.__cxx_global_var_init.1  main.o
    0x080026a2   0x080026a2   0x00000002   PAD
    0x080026a4   0x080026a4   0x00000014   Code   RO           30    .text.__cxx_global_var_init.10  main.o
    0x080026b8   0x080026b8   0x0000002e   Code   RO           32    .text.__cxx_global_var_init.11  main.o
    0x080026e6   0x080026e6   0x00000002   PAD
    0x080026e8   0x080026e8   0x00000010   Code   RO           14    .text.__cxx_global_var_init.2  main.o
    0x080026f8   0x080026f8   0x0000001c   Code   RO           16    .text.__cxx_global_var_init.3  main.o
    0x08002714   0x08002714   0x0000001a   Code   RO           18    .text.__cxx_global_var_init.4  main.o
    0x0800272e   0x0800272e   0x00000002   PAD
    0x08002730   0x08002730   0x00000012   Code   RO           20    .text.__cxx_global_var_init.5  main.o
    0x08002742   0x08002742   0x00000002   PAD
    0x08002744   0x08002744   0x00000036   Code   RO           22    .text.__cxx_global_var_init.6  main.o
    0x0800277a   0x0800277a   0x00000002   PAD
    0x0800277c   0x0800277c   0x00000044   Code   RO           24    .text.__cxx_global_var_init.7  main.o
    0x080027c0   0x080027c0   0x0000003e   Code   RO           26    .text.__cxx_global_var_init.8  main.o
    0x080027fe   0x080027fe   0x00000002   PAD
    0x08002800   0x08002800   0x00000024   Code   RO           28    .text.__cxx_global_var_init.9  main.o
    0x08002824   0x08002824   0x00000004   Code   RO         1234    .text.abort_message  libcppabi_w.l(abort_message.cpp.o)
    0x08002828   0x08002828   0x000000a8   Code   RO           34    .text.main          main.o
    0x080028d0   0x080028d0   0x0000011a   Code   RO          327    .text.prvAddCurrentTaskToDelayedList  tasks.o
    0x080029ea   0x080029ea   0x00000002   PAD
    0x080029ec   0x080029ec   0x00000154   Code   RO          315    .text.prvAddNewTaskToReadyList  tasks.o
    0x08002b40   0x08002b40   0x0000006a   Code   RO          463    .text.prvCheckForValidListAndQueue  timers.o
    0x08002baa   0x08002baa   0x00000002   PAD
    0x08002bac   0x08002bac   0x0000005a   Code   RO          429    .text.prvCheckTasksWaitingTermination  tasks.o
    0x08002c06   0x08002c06   0x00000002   PAD
    0x08002c08   0x08002c08   0x00000042   Code   RO          217    .text.prvCopyDataFromQueue  queue.o
    0x08002c4a   0x08002c4a   0x00000002   PAD
    0x08002c4c   0x08002c4c   0x00000018   Code   RO          321    .text.prvDeleteTCB  tasks.o
    0x08002c64   0x08002c64   0x00000040   Code   RO          497    .text.prvGetNextExpireTime  timers.o
    0x08002ca4   0x08002ca4   0x000000ae   Code   RO          138    .text.prvHeapInit   heap_4.o
    0x08002d52   0x08002d52   0x00000002   PAD
    0x08002d54   0x08002d54   0x0000003c   Code   RO          353    .text.prvIdleTask   tasks.o
    0x08002d90   0x08002d90   0x00000048   Code   RO          189    .text.prvInitialiseNewQueue  queue.o
    0x08002dd8   0x08002dd8   0x000000e6   Code   RO          313    .text.prvInitialiseNewTask  tasks.o
    0x08002ebe   0x08002ebe   0x00000002   PAD
    0x08002ec0   0x08002ec0   0x0000008e   Code   RO          427    .text.prvInitialiseTaskLists  tasks.o
    0x08002f4e   0x08002f4e   0x00000002   PAD
    0x08002f50   0x08002f50   0x000000c6   Code   RO          140    .text.prvInsertBlockIntoFreeList  heap_4.o
    0x08003016   0x08003016   0x00000002   PAD
    0x08003018   0x08003018   0x00000086   Code   RO          511    .text.prvInsertTimerInActiveList  timers.o
    0x0800309e   0x0800309e   0x00000002   PAD
    0x080030a0   0x080030a0   0x00000028   Code   RO          219    .text.prvIsQueueEmpty  queue.o
    0x080030c8   0x080030c8   0x00000020   Code   RO           84    .text.prvPortStartFirstTask  port.o
    0x080030e8   0x080030e8   0x00000054   Code   RO          505    .text.prvProcessExpiredTimer  timers.o
    0x0800313c   0x0800313c   0x00000126   Code   RO          501    .text.prvProcessReceivedCommands  timers.o
    0x08003262   0x08003262   0x00000002   PAD
    0x08003264   0x08003264   0x0000009a   Code   RO          499    .text.prvProcessTimerOrBlockTask  timers.o
    0x080032fe   0x080032fe   0x00000002   PAD
    0x08003300   0x08003300   0x00000034   Code   RO          509    .text.prvReloadTimer  timers.o
    0x08003334   0x08003334   0x0000003c   Code   RO          319    .text.prvResetNextTaskUnblockTime  tasks.o
    0x08003370   0x08003370   0x00000044   Code   RO          503    .text.prvSampleTimeNow  timers.o
    0x080033b4   0x080033b4   0x00000052   Code   RO          507    .text.prvSwitchTimerLists  timers.o
    0x08003406   0x08003406   0x00000002   PAD
    0x08003408   0x08003408   0x00000026   Code   RO           76    .text.prvTaskExitError  port.o
    0x0800342e   0x0800342e   0x00000002   PAD
    0x08003430   0x08003430   0x0000001e   Code   RO          465    .text.prvTimerTask  timers.o
    0x0800344e   0x0800344e   0x00000002   PAD
    0x08003450   0x08003450   0x000000ae   Code   RO          209    .text.prvUnlockQueue  queue.o
    0x080034fe   0x080034fe   0x00000002   PAD
    0x08003500   0x08003500   0x00000186   Code   RO          136    .text.pvPortMalloc  heap_4.o
    0x08003686   0x08003686   0x00000002   PAD
    0x08003688   0x08003688   0x00000050   Code   RO           74    .text.pxPortInitialiseStack  port.o
    0x080036d8   0x080036d8   0x00000048   Code   RO          176    .text.uxListRemove  list.o
    0x08003720   0x08003720   0x00000002   Code   RO            2    .text.vApplicationIdleHook  main.o
    0x08003722   0x08003722   0x00000002   PAD
    0x08003724   0x08003724   0x0000000a   Code   RO            8    .text.vApplicationStackOverflowHook  main.o
    0x0800372e   0x0800372e   0x00000002   PAD
    0x08003730   0x08003730   0x00000002   Code   RO            4    .text.vApplicationTickHook  main.o
    0x08003732   0x08003732   0x00000002   PAD
    0x08003734   0x08003734   0x0000002e   Code   RO          168    .text.vListInitialise  list.o
    0x08003762   0x08003762   0x00000002   PAD
    0x08003764   0x08003764   0x0000000e   Code   RO          170    .text.vListInitialiseItem  list.o
    0x08003772   0x08003772   0x00000002   PAD
    0x08003774   0x08003774   0x0000006a   Code   RO          174    .text.vListInsert   list.o
    0x080037de   0x080037de   0x00000002   PAD
    0x080037e0   0x080037e0   0x00000030   Code   RO           88    .text.vPortEnterCritical  port.o
    0x08003810   0x08003810   0x00000026   Code   RO           90    .text.vPortExitCritical  port.o
    0x08003836   0x08003836   0x00000002   PAD
    0x08003838   0x08003838   0x00000076   Code   RO          142    .text.vPortFree     heap_4.o
    0x080038ae   0x080038ae   0x00000002   PAD
    0x080038b0   0x080038b0   0x0000002e   Code   RO           82    .text.vPortSetupTimerInterrupt  port.o
    0x080038de   0x080038de   0x00000002   PAD
    0x080038e0   0x080038e0   0x00000064   Code   RO          247    .text.vQueueWaitForMessageRestricted  queue.o
    0x08003944   0x08003944   0x0000004a   Code   RO          331    .text.vTaskDelay    tasks.o
    0x0800398e   0x0800398e   0x00000002   PAD
    0x08003990   0x08003990   0x00000024   Code   RO          385    .text.vTaskInternalSetTimeOutState  tasks.o
    0x080039b4   0x080039b4   0x0000000e   Code   RO          389    .text.vTaskMissedYield  tasks.o
    0x080039c2   0x080039c2   0x00000002   PAD
    0x080039c4   0x080039c4   0x00000026   Code   RO          373    .text.vTaskPlaceOnEventList  tasks.o
    0x080039ea   0x080039ea   0x00000002   PAD
    0x080039ec   0x080039ec   0x00000060   Code   RO          377    .text.vTaskPlaceOnEventListRestricted  tasks.o
    0x08003a4c   0x08003a4c   0x00000094   Code   RO          351    .text.vTaskStartScheduler  tasks.o
    0x08003ae0   0x08003ae0   0x00000010   Code   RO          325    .text.vTaskSuspendAll  tasks.o
    0x08003af0   0x08003af0   0x000000ec   Code   RO          343    .text.vTaskSwitchContext  tasks.o
    0x08003bdc   0x08003bdc   0x00000040   Code   RO           80    .text.xPortStartScheduler  port.o
    0x08003c1c   0x08003c1c   0x0000007e   Code   RO          187    .text.xQueueGenericCreate  queue.o
    0x08003c9a   0x08003c9a   0x00000002   PAD
    0x08003c9c   0x08003c9c   0x000000d0   Code   RO          185    .text.xQueueGenericReset  queue.o
    0x08003d6c   0x08003d6c   0x00000152   Code   RO          215    .text.xQueueReceive  queue.o
    0x08003ebe   0x08003ebe   0x00000002   PAD
    0x08003ec0   0x08003ec0   0x0000009a   Code   RO          387    .text.xTaskCheckForTimeOut  tasks.o
    0x08003f5a   0x08003f5a   0x00000002   PAD
    0x08003f5c   0x08003f5c   0x000000a0   Code   RO          311    .text.xTaskCreate   tasks.o
    0x08003ffc   0x08003ffc   0x00000014   Code   RO          359    .text.xTaskGetTickCount  tasks.o
    0x08004010   0x08004010   0x00000254   Code   RO          357    .text.xTaskIncrementTick  tasks.o
    0x08004264   0x08004264   0x00000170   Code   RO          379    .text.xTaskRemoveFromEventList  tasks.o
    0x080043d4   0x080043d4   0x000001fe   Code   RO          329    .text.xTaskResumeAll  tasks.o
    0x080045d2   0x080045d2   0x00000002   PAD
    0x080045d4   0x080045d4   0x00000050   Code   RO          461    .text.xTimerCreateTimerTask  timers.o
    0x08004624   0x08004624   0x000000c4   Code   RO          995    x$fpl$fadd          fz_ws.l(faddsub_clz.o)
    0x080046e8   0x080046e8   0x00000054   Code   RO         1001    x$fpl$fcmp          fz_ws.l(fcmp.o)
    0x0800473c   0x0800473c   0x00000018   Code   RO         1297    x$fpl$fcmpinf       fz_ws.l(fcmpi.o)
    0x08004754   0x08004754   0x00000184   Code   RO         1004    x$fpl$fdiv          fz_ws.l(fdiv.o)
    0x080048d8   0x080048d8   0x00000068   Code   RO         1206    x$fpl$feqf          fz_ws.l(feqf.o)
    0x08004940   0x08004940   0x00000036   Code   RO         1007    x$fpl$ffix          fz_ws.l(ffix.o)
    0x08004976   0x08004976   0x00000002   PAD
    0x08004978   0x08004978   0x00000030   Code   RO         1012    x$fpl$fflt          fz_ws.l(fflt_clz.o)
    0x080049a8   0x080049a8   0x00000026   Code   RO         1011    x$fpl$ffltu         fz_ws.l(fflt_clz.o)
    0x080049ce   0x080049ce   0x00000002   PAD
    0x080049d0   0x080049d0   0x00000068   Code   RO         1208    x$fpl$fgeqf         fz_ws.l(fgeqf.o)
    0x08004a38   0x08004a38   0x00000068   Code   RO         1210    x$fpl$fleqf         fz_ws.l(fleqf.o)
    0x08004aa0   0x08004aa0   0x00000102   Code   RO         1017    x$fpl$fmul          fz_ws.l(fmul.o)
    0x08004ba2   0x08004ba2   0x0000008c   Code   RO         1212    x$fpl$fnaninf       fz_ws.l(fnaninf.o)
    0x08004c2e   0x08004c2e   0x0000000a   Code   RO         1214    x$fpl$fretinf       fz_ws.l(fretinf.o)
    0x08004c38   0x08004c38   0x000000ea   Code   RO          997    x$fpl$fsub          fz_ws.l(faddsub_clz.o)
    0x08004d22   0x08004d22   0x00000000   Code   RO         1216    x$fpl$usenofp       fz_ws.l(usenofp.o)
    0x08004d22   0x08004d22   0x00000010   Data   RO          962    .rodata.AHBPrescTable  system_stm32f10x.o
    0x08004d32   0x08004d32   0x00000002   PAD
    0x08004d34   0x08004d34   0x00000010   Data   RO          760    .rodata._ZTV11CommonDelay  custom_timer.o
    0x08004d44   0x08004d44   0x0000000c   Data   RO          685    .rodata._ZTV11SimpleInput  simple_input.o
    0x08004d50   0x08004d50   0x00000010   Data   RO          714    .rodata._ZTV12ProgrammCoil  coil.o
    0x08004d60   0x08004d60   0x0000000c   Data   RO          671    .rodata._ZTV13AnalogMonitor  analog_monitor.o
    0x08004d6c   0x08004d6c   0x0000000c   Data   RO          770    .rodata._ZTV15IUpdatedInCycle  custom_timer.o
    0x08004d78   0x08004d78   0x0000000c   Data   RO          943    .rodata._ZTV17IUpdatedSomewhere  moving_avg.o
    0x08004d84   0x08004d84   0x00000010   Data   RO          713    .rodata._ZTV4Coil   coil.o
    0x08004d94   0x08004d94   0x0000000c   Data   RO          870    .rodata._ZTV4Ramp   ramp.o
    0x08004da0   0x08004da0   0x0000000c   Data   RO          932    .rodata._ZTV6MovAvg  moving_avg.o
    0x08004dac   0x08004dac   0x0000000c   Data   RO          826    .rodata._ZTV6PIDreg  pid.o
    0x08004db8   0x08004db8   0x00000010   Data   RO          761    .rodata._ZTV7DIDelay  custom_timer.o
    0x08004dc8   0x08004dc8   0x0000000c   Data   RO           72    .rodata._ZTV7ISwitch  main.o
    0x08004dd4   0x08004dd4   0x0000000c   Data   RO          910    .rodata._ZTV7Monitor  monitor.o
    0x08004de0   0x08004de0   0x0000000c   Data   RO          625    .rodata._ZTV9AnalogOut  analog_out.o
    0x08004dec   0x08004dec   0x00000019   Data   RO           56    .rodata.str1.1      main.o
    0x08004e05   0x08004e05   0x00000005   Data   RO          447    .rodata.str1.1      tasks.o
    0x08004e0a   0x08004e0a   0x00000008   Data   RO          514    .rodata.str1.1      timers.o
    0x08004e12   0x08004e12   0x00000002   PAD
    0x08004e14   0x08004e14   0x00000004   Data   RO          432    .rodata.uxTopUsedPriority  tasks.o
    0x08004e18   0x08004e18   0x00000020   Data   RO         1417    Region$$Table       anon$$obj.o
    0x08004e38   0x08004e38   0x00000004   Data   RO           57    .init_array         main.o
    0x08004e3c   0x08004e38   0x00000000   Data   RO          990    .init_array         c_w.l(init_aeabi.o)


    Execution Region RW_IRAM1 (Exec base: 0x20000000, Load base: 0x08004e40, Size: 0x00003130, Max: 0x00005000, ABSOLUTE)

    Exec Addr    Load Addr    Size         Type   Attr      Idx    E Section Name        Object

    0x20000000   0x08004e40   0x00000004   Data   RW          961    .data.SystemCoreClock  system_stm32f10x.o
    0x20000004   0x08004e44   0x00000004   Data   RW         1308    .data.__cxa_terminate_handler  libcppabi_w.l(cxa_default_handlers.cpp.o)
    0x20000008   0x08004e48   0x00000001   Data   RW           55    .data.allTimersSize  main.o
    0x20000009   0x08004e49   0x00000003   PAD
    0x2000000c   0x08004e4c   0x00000018   Data   RW           54    .data.updateObjects  main.o
    0x20000024   0x08004e64   0x00000004   Data   RW           96    .data.uxCriticalNesting  port.o
    0x20000028        -       0x00000060   Zero   RW         1317    .bss                c_w.l(libspace.o)
    0x20000088        -       0x00000004   Zero   RW         1310    .bss.__cxa_new_handler  libcppabi_w.l(cxa_default_handlers.cpp.o)
    0x2000008c        -       0x00000034   Zero   RW           47    .bss.adcMonitor     main.o
    0x200000c0        -       0x00000004   Zero   RW           46    .bss.adcValues      main.o
    0x200000c4        -       0x00000028   Zero   RW           48    .bss.analogOut      main.o
    0x200000ec        -       0x00000014   Zero   RW           53    .bss.avg            main.o
    0x20000100        -       0x0000000c   Zero   RW           41    .bss.button         main.o
    0x2000010c        -       0x00000010   Zero   RW           44    .bss.buttonDelay    main.o
    0x2000011c        -       0x0000000c   Zero   RW           45    .bss.delay          main.o
    0x20000128        -       0x00000010   Zero   RW           40    .bss.led            main.o
    0x20000138        -       0x00000010   Zero   RW           43    .bss.ledDelay       main.o
    0x20000148        -       0x00000008   Zero   RW           42    .bss.ledSwitch      main.o
    0x20000150        -       0x00000048   Zero   RW           50    .bss.pid            main.o
    0x20000198        -       0x00000004   Zero   RW           49    .bss.pidPv          main.o
    0x2000019c        -       0x00000004   Zero   RW          518    .bss.prvSampleTimeNow.xLastTime  timers.o
    0x200001a0        -       0x00000004   Zero   RW          431    .bss.pxCurrentTCB   tasks.o
    0x200001a4        -       0x00000004   Zero   RW          516    .bss.pxCurrentTimerList  timers.o
    0x200001a8        -       0x00000004   Zero   RW          441    .bss.pxDelayedTaskList  tasks.o
    0x200001ac        -       0x00000004   Zero   RW          154    .bss.pxEnd          heap_4.o
    0x200001b0        -       0x00000004   Zero   RW          442    .bss.pxOverflowDelayedTaskList  tasks.o
    0x200001b4        -       0x00000004   Zero   RW          517    .bss.pxOverflowTimerList  timers.o
    0x200001b8        -       0x00000064   Zero   RW          433    .bss.pxReadyTasksLists  tasks.o
    0x2000021c        -       0x00000024   Zero   RW           52    .bss.ramp           main.o
    0x20000240        -       0x00000014   Zero   RW           51    .bss.scale          main.o
    0x20000254        -       0x00002800   Zero   RW          160    .bss.ucHeap         heap_4.o
    0x20002a54        -       0x00000004   Zero   RW          438    .bss.uxCurrentNumberOfTasks  tasks.o
    0x20002a58        -       0x00000004   Zero   RW          437    .bss.uxDeletedTasksWaitingCleanUp  tasks.o
    0x20002a5c        -       0x00000004   Zero   RW          444    .bss.uxSchedulerSuspended  tasks.o
    0x20002a60        -       0x00000004   Zero   RW          435    .bss.uxTaskNumber   tasks.o
    0x20002a64        -       0x00000004   Zero   RW          434    .bss.uxTopReadyPriority  tasks.o
    0x20002a68        -       0x00000014   Zero   RW          519    .bss.xActiveTimerList1  timers.o
    0x20002a7c        -       0x00000014   Zero   RW          520    .bss.xActiveTimerList2  timers.o
    0x20002a90        -       0x00000014   Zero   RW          452    .bss.xDelayedTaskList1  tasks.o
    0x20002aa4        -       0x00000014   Zero   RW          453    .bss.xDelayedTaskList2  tasks.o
    0x20002ab8        -       0x00000004   Zero   RW          155    .bss.xFreeBytesRemaining  heap_4.o
    0x20002abc        -       0x00000004   Zero   RW          448    .bss.xIdleTaskHandle  tasks.o
    0x20002ac0        -       0x00000004   Zero   RW          157    .bss.xMinimumEverFreeBytesRemaining  heap_4.o
    0x20002ac4        -       0x00000004   Zero   RW          449    .bss.xNextTaskUnblockTime  tasks.o
    0x20002ac8        -       0x00000004   Zero   RW          451    .bss.xNumOfOverflows  tasks.o
    0x20002acc        -       0x00000004   Zero   RW          158    .bss.xNumberOfSuccessfulAllocations  heap_4.o
    0x20002ad0        -       0x00000004   Zero   RW          159    .bss.xNumberOfSuccessfulFrees  heap_4.o
    0x20002ad4        -       0x00000004   Zero   RW          450    .bss.xPendedTicks   tasks.o
    0x20002ad8        -       0x00000014   Zero   RW          446    .bss.xPendingReadyList  tasks.o
    0x20002aec        -       0x00000004   Zero   RW          439    .bss.xSchedulerRunning  tasks.o
    0x20002af0        -       0x00000008   Zero   RW          156    .bss.xStart         heap_4.o
    0x20002af8        -       0x00000014   Zero   RW          443    .bss.xSuspendedTaskList  tasks.o
    0x20002b0c        -       0x00000014   Zero   RW          436    .bss.xTasksWaitingTermination  tasks.o
    0x20002b20        -       0x00000004   Zero   RW          440    .bss.xTickCount     tasks.o
    0x20002b24        -       0x00000004   Zero   RW          513    .bss.xTimerQueue    timers.o
    0x20002b28        -       0x00000004   Zero   RW          515    .bss.xTimerTaskHandle  timers.o
    0x20002b2c        -       0x00000004   Zero   RW          445    .bss.xYieldPending  tasks.o
    0x20002b30        -       0x00000200   Zero   RW          945    HEAP                startup_stm32f10x_md.o
    0x20002d30        -       0x00000400   Zero   RW          944    STACK               startup_stm32f10x_md.o


==============================================================================

Image component sizes


      Code (inc. data)   RO Data    RW Data    ZI Data      Debug   Object Name

       572          0         12          0          0       4748   analog_monitor.o
       304          0         12          0          0       4870   analog_out.o
       346          0         32          0          0       4221   coil.o
        64          0          0          0          0       1806   common.o
       536          0         44          0          0       5468   custom_timer.o
       226          0          0          0          0       2286   gpio_common.o
       880          0          0          0      10268       4068   heap_4.o
      1164          0          0          0          0       7824   init.o
       500          0          0          0          0       5594   led_task.o
       238          0          0          0          0       2050   list.o
       840          0         41         25        328      10234   main.o
       678          0         12          0          0       6298   monitor.o
       386          0         24          0          0       6284   moving_avg.o
       810          0         12          0          0       7992   pid.o
       124          0          0          0          0       4433   pidtask.o
       510         12          0          4          0       2489   port.o
      1124          0          0          0          0      12159   queue.o
       490          0         12          0          0       6015   ramp.o
       170          0         12          0          0       3085   simple_input.o
        64         26        236          0       1536        824   startup_stm32f10x_md.o
       690          0         16          4          0       2944   system_stm32f10x.o
      3694          0          9          0        260      21776   tasks.o
       278          0          0          0          0       5679   test_task.o
      1148         10          8          0         60       7648   timers.o

    ----------------------------------------------------------------------
     16036         60        518         36      12452     140795   Object Totals
         0          0         32          0          0          0   (incl. Generated)
       200         12          4          3          0          0   (incl. Padding)

    ----------------------------------------------------------------------

      Code (inc. data)   RO Data    RW Data    ZI Data      Debug   Library Member Name

         8          0          0          0          0         68   __main.o
         0          0          0          0          0          0   __rtentry.o
        12          0          0          0          0          0   __rtentry2.o
         6          0          0          0          0          0   __rtentry4.o
        52          8          0          0          0          0   __scatter.o
        26          0          0          0          0          0   __scatter_copy.o
        28          0          0          0          0          0   __scatter_zi.o
        22          0          0          0          0         80   abort.o
        46          0          0          0          0         84   aeabi_atexit.o
        16          0          0          0          0         68   aeabi_memset4.o
        10          0          0          0          0         68   cxa_atexit.o
        66          0          0          0          0         84   cxa_finalize.o
        48         34          0          0          0         76   defsig_abrt_inner.o
        14          0          0          0          0         80   defsig_abrt_outer.o
        10          0          0          0          0         68   defsig_exit.o
        50          0          0          0          0         88   defsig_general.o
        80         58          0          0          0         76   defsig_rtmem_inner.o
        14          0          0          0          0         80   defsig_rtmem_outer.o
        18          0          0          0          0         80   exit.o
        94          0          0          0          0         80   h1_alloc.o
        52          0          0          0          0         68   h1_extend.o
        78          0          0          0          0         80   h1_free.o
        14          0          0          0          0         84   h1_init.o
         6          0          0          0          0        152   heapauxi.o
         4          0          0          0          0        136   hguard.o
         0          0          0          0          0          0   indicate_semi.o
        36          8          0          0          0         80   init_aeabi.o
       138          0          0          0          0        168   init_alloc.o
         2          0          0          0          0          0   libinit.o
        14          0          0          0          0          0   libinit2.o
         2          0          0          0          0          0   libshutdown.o
         8          0          0          0          0          0   libshutdown2.o
         8          4          0          0         96         68   libspace.o
         0          0          0          0          0          0   maybetermalloc1.o
         8          4          0          0          0         68   rt_ddtor_pointer_addr_intlibspace.o
         8          4          0          0          0         68   rt_heap_descriptor_intlibspace.o
        68          0          0          0          0         68   rt_memclr.o
        78          0          0          0          0         80   rt_memclr_w.o
       138          0          0          0          0         68   rt_memcpy_v6.o
       100          0          0          0          0         80   rt_memcpy_w.o
         2          0          0          0          0          0   rtexit.o
        10          0          0          0          0          0   rtexit2.o
        12          4          0          0          0         68   sys_exit.o
        74          0          0          0          0         80   sys_stackheap_outer.o
        14          0          0          0          0         76   sys_wrch.o
         2          0          0          0          0         68   use_no_semi.o
       430          8          0          0          0        168   faddsub_clz.o
        84          0          0          0          0        196   fcmp.o
        24          0          0          0          0         68   fcmpi.o
       388         76          0          0          0         96   fdiv.o
       104          4          0          0          0         84   feqf.o
        54          4          0          0          0         84   ffix.o
        86          0          0          0          0        136   fflt_clz.o
       104          4          0          0          0         84   fgeqf.o
       104          4          0          0          0         84   fleqf.o
       258          4          0          0          0         84   fmul.o
       140          4          0          0          0         84   fnaninf.o
        10          0          0          0          0         68   fretinf.o
         0          0          0          0          0          0   usenofp.o
        50          0          0          0          0        380   new.cpp.o
         4          0          0          0          0         36   abort_message.cpp.o
         4          0          0          0          0         68   cxa_aux_runtime.cpp.o
         0          0          0          4          4          0   cxa_default_handlers.cpp.o
        74         40          0          0          0        132   cxa_handlers.cpp.o
        40         32          0          0          0         52   cxa_virtual.cpp.o

    ----------------------------------------------------------------------
      3474        304          0          4        100       4544   Library Totals
        20          0          0          0          0          0   (incl. Padding)

    ----------------------------------------------------------------------

      Code (inc. data)   RO Data    RW Data    ZI Data      Debug   Library Name

      1496        124          0          0         96       2640   c_w.l
      1786        108          0          0          0       1236   fz_ws.l
        50          0          0          0          0        380   libcpp_w.l
       122         72          0          4          4        288   libcppabi_w.l

    ----------------------------------------------------------------------
      3474        304          0          4        100       4544   Library Totals

    ----------------------------------------------------------------------

==============================================================================


      Code (inc. data)   RO Data    RW Data    ZI Data      Debug   

     19510        364        518         40      12552     142611   Grand Totals
     19510        364        518         40      12552     142611   ELF Image Totals
     19510        364        518         40          0          0   ROM Totals

==============================================================================

    Total RO  Size (Code + RO Data)                20028 (  19.56kB)
    Total RW  Size (RW Data + ZI Data)             12592 (  12.30kB)
    Total ROM Size (Code + RO Data + RW Data)      20068 (  19.60kB)

==============================================================================

