Component: Arm Compiler for Embedded 6.18 Tool: armlink [5e4cc100]

==============================================================================

Section Cross References

    main.o(.ARM.exidx.text.vApplicationIdleHook) refers to main.o(.text.vApplicationIdleHook) for [Anonymous Symbol]
    main.o(.ARM.exidx.text.vApplicationTickHook) refers to main.o(.text.vApplicationTickHook) for [Anonymous Symbol]
    main.o(.ARM.exidx.text.vApplicationMallocFailedHook) refers to main.o(.text.vApplicationMallocFailedHook) for [Anonymous Symbol]
    main.o(.ARM.exidx.text.vApplicationStackOverflowHook) refers to main.o(.text.vApplicationStackOverflowHook) for [Anonymous Symbol]
    main.o(.text.__cxx_global_var_init) refers to main.o(.bss.led) for led
    main.o(.text.__cxx_global_var_init) refers to coil.o(.text._ZN4CoilC2EP12GPIO_TypeDefh) for Coil::Coil(GPIO_TypeDef*, unsigned char)
    main.o(.ARM.exidx.text.__cxx_global_var_init) refers to main.o(.text.__cxx_global_var_init) for [Anonymous Symbol]
    main.o(.text.__cxx_global_var_init.1) refers to main.o(.bss.button) for button
    main.o(.text.__cxx_global_var_init.1) refers to simple_input.o(.text._ZN11SimpleInputC2EP12GPIO_TypeDefh) for SimpleInput::SimpleInput(GPIO_TypeDef*, unsigned char)
    main.o(.ARM.exidx.text.__cxx_global_var_init.1) refers to main.o(.text.__cxx_global_var_init.1) for [Anonymous Symbol]
    main.o(.text.__cxx_global_var_init.2) refers to main.o(.bss.ledSwitch) for ledSwitch
    main.o(.text.__cxx_global_var_init.2) refers to main.o(.text._ZN14ProgrammSwitchC2Ev) for ProgrammSwitch::ProgrammSwitch__sub_object()
    main.o(.ARM.exidx.text.__cxx_global_var_init.2) refers to main.o(.text.__cxx_global_var_init.2) for [Anonymous Symbol]
    main.o(.text.__cxx_global_var_init.3) refers to main.o(.bss.ledDelay) for ledDelay
    main.o(.text.__cxx_global_var_init.3) refers to main.o(.bss.ledSwitch) for ledSwitch
    main.o(.text.__cxx_global_var_init.3) refers to custom_timer.o(.text._ZN7DIDelayC2EP7ISwitcht) for DIDelay::DIDelay(ISwitch*, unsigned short)
    main.o(.ARM.exidx.text.__cxx_global_var_init.3) refers to main.o(.text.__cxx_global_var_init.3) for [Anonymous Symbol]
    main.o(.text.__cxx_global_var_init.4) refers to main.o(.bss.buttonDelay) for buttonDelay
    main.o(.text.__cxx_global_var_init.4) refers to main.o(.bss.button) for button
    main.o(.text.__cxx_global_var_init.4) refers to custom_timer.o(.text._ZN7DIDelayC2EP7ISwitcht) for DIDelay::DIDelay(ISwitch*, unsigned short)
    main.o(.ARM.exidx.text.__cxx_global_var_init.4) refers to main.o(.text.__cxx_global_var_init.4) for [Anonymous Symbol]
    main.o(.text.__cxx_global_var_init.5) refers to main.o(.bss.delay) for delay
    main.o(.text.__cxx_global_var_init.5) refers to custom_timer.o(.text._ZN11CommonDelayC2Et) for CommonDelay::CommonDelay(unsigned short)
    main.o(.ARM.exidx.text.__cxx_global_var_init.5) refers to main.o(.text.__cxx_global_var_init.5) for [Anonymous Symbol]
    main.o(.text.main) refers to common.o(.text._Z7rccInitv) for rccInit()
    main.o(.text.main) refers to common.o(.text._Z8tickInitv) for tickInit()
    main.o(.text.main) refers to common.o(.text._Z10commonInitv) for commonInit()
    main.o(.text.main) refers to common.o(.text._Z7adcInitv) for adcInit()
    main.o(.text.main) refers to main.o(.bss.ledSwitch) for ledSwitch
    main.o(.text.main) refers to programm_switch.o(.text._ZN14ProgrammSwitchaSEb) for ProgrammSwitch::operator=(bool)
    main.o(.text.main) refers to led_task.o(.text._Z7ledTaskPv) for ledTask(void*)
    main.o(.text.main) refers to main.o(.rodata.str1.1) for .L.str
    main.o(.text.main) refers to tasks.o(.text.xTaskCreate) for xTaskCreate
    main.o(.text.main) refers to tasks.o(.text.vTaskStartScheduler) for vTaskStartScheduler
    main.o(.ARM.exidx.text.main) refers to main.o(.text.main) for [Anonymous Symbol]
    main.o(.text.TIM2_IRQHandler) refers to main.o(.data.allTimersSize) for allTimersSize
    main.o(.text.TIM2_IRQHandler) refers to main.o(.data.allTimers) for allTimers
    main.o(.text.TIM2_IRQHandler) refers to custom_timer.o(.text._ZN11CommonDelay6updateEv) for CommonDelay::update()
    main.o(.ARM.exidx.text.TIM2_IRQHandler) refers to main.o(.text.TIM2_IRQHandler) for [Anonymous Symbol]
    main.o(.text._GLOBAL__sub_I_main.cpp) refers to main.o(.text.__cxx_global_var_init) for __cxx_global_var_init
    main.o(.text._GLOBAL__sub_I_main.cpp) refers to main.o(.text.__cxx_global_var_init.1) for __cxx_global_var_init.1
    main.o(.text._GLOBAL__sub_I_main.cpp) refers to main.o(.text.__cxx_global_var_init.2) for __cxx_global_var_init.2
    main.o(.text._GLOBAL__sub_I_main.cpp) refers to main.o(.text.__cxx_global_var_init.3) for __cxx_global_var_init.3
    main.o(.text._GLOBAL__sub_I_main.cpp) refers to main.o(.text.__cxx_global_var_init.4) for __cxx_global_var_init.4
    main.o(.text._GLOBAL__sub_I_main.cpp) refers to main.o(.text.__cxx_global_var_init.5) for __cxx_global_var_init.5
[...]
    .ARM.Collect$$rtexit$$00000000           0x0800017e   Section        2  rtexit.o(.ARM.Collect$$rtexit$$00000000)
    .ARM.Collect$$rtexit$$00000002           0x08000180   Section        0  rtexit2.o(.ARM.Collect$$rtexit$$00000002)
    .ARM.Collect$$rtexit$$00000003           0x08000180   Section        4  rtexit2.o(.ARM.Collect$$rtexit$$00000003)
    .ARM.Collect$$rtexit$$00000004           0x08000184   Section        6  rtexit2.o(.ARM.Collect$$rtexit$$00000004)
    .text                                    0x0800018c   Section       64  startup_stm32f10x_md.o(.text)
    .text                                    0x080001cc   Section      138  rt_memcpy_v6.o(.text)
    .text                                    0x08000256   Section       16  aeabi_memset4.o(.text)
    .text                                    0x08000266   Section       68  rt_memclr.o(.text)
    .text                                    0x080002aa   Section       78  rt_memclr_w.o(.text)
    .text                                    0x080002f8   Section        0  heapauxi.o(.text)
    .text                                    0x08000300   Section        0  init_aeabi.o(.text)
    .text                                    0x08000324   Section      100  rt_memcpy_w.o(.text)
    .text                                    0x08000388   Section        0  abort.o(.text)
    .text                                    0x080003a0   Section        0  sys_exit.o(.text)
    .text                                    0x080003ac   Section       74  sys_stackheap_outer.o(.text)
    .text                                    0x080003f6   Section        0  exit.o(.text)
    .text                                    0x08000408   Section        0  defsig_abrt_outer.o(.text)
    .text                                    0x08000418   Section        8  libspace.o(.text)
    .text                                    0x08000420   Section        2  use_no_semi.o(.text)
    .text                                    0x08000422   Section        0  indicate_semi.o(.text)
    .text                                    0x08000422   Section        0  defsig_exit.o(.text)
    .text                                    0x0800042c   Section        0  defsig_abrt_inner.o(.text)
    .text                                    0x0800045c   Section        0  defsig_general.o(.text)
    .text                                    0x0800048e   Section        0  sys_wrch.o(.text)
    [Anonymous Symbol]                       0x080004a0   Section        0  port.o(.text.PendSV_Handler)
    pxCurrentTCBConst                        0x080004e0   Number         0  port.o(.text.PendSV_Handler)
    [Anonymous Symbol]                       0x080004f0   Section        0  port.o(.text.SVC_Handler)
    pxCurrentTCBConst2                       0x08000510   Number         0  port.o(.text.SVC_Handler)
    SetSysClock                              0x08000515   Thumb Code     8  system_stm32f10x.o(.text.SetSysClock)
    [Anonymous Symbol]                       0x08000514   Section        0  system_stm32f10x.o(.text.SetSysClock)
    SetSysClockTo72                          0x0800051d   Thumb Code   290  system_stm32f10x.o(.text.SetSysClockTo72)
    [Anonymous Symbol]                       0x0800051c   Section        0  system_stm32f10x.o(.text.SetSysClockTo72)
    [Anonymous Symbol]                       0x08000640   Section        0  port.o(.text.SysTick_Handler)
    [Anonymous Symbol]                       0x0800067c   Section        0  system_stm32f10x.o(.text.SystemCoreClockUpdate)
    [Anonymous Symbol]                       0x080007a0   Section        0  system_stm32f10x.o(.text.SystemInit)
    [Anonymous Symbol]                       0x08000808   Section        0  main.o(.text.TIM2_IRQHandler)
    _GLOBAL__sub_I_main.cpp                  0x08000855   Thumb Code    28  main.o(.text._GLOBAL__sub_I_main.cpp)
    [Anonymous Symbol]                       0x08000854   Section        0  main.o(.text._GLOBAL__sub_I_main.cpp)
    [Anonymous Symbol]                       0x08000870   Section        0  common.o(.text._Z10commonInitv)
    [Anonymous Symbol]                       0x08000880   Section        0  common.o(.text._Z11getPositionj)
    [Anonymous Symbol]                       0x080008c0   Section        0  common.o(.text._Z11setRegisterPVjjj)
    [Anonymous Symbol]                       0x080008e0   Section        0  common.o(.text._Z17setBitsInRegisterPVjjj)
    [Anonymous Symbol]                       0x08000924   Section        0  common.o(.text._Z7adcInitv)
    [Anonymous Symbol]                       0x08000a7c   Section        0  led_task.o(.text._Z7ledTaskPv)
    [Anonymous Symbol]                       0x08000ac0   Section        0  common.o(.text._Z7rccInitv)
    [Anonymous Symbol]                       0x08000b90   Section        0  common.o(.text._Z8tickInitv)
    __NVIC_EnableIRQ(IRQn)                   0x08000be9   Thumb Code    48  common.o(.text._ZL16__NVIC_EnableIRQ4IRQn)
    [Anonymous Symbol]                       0x08000be8   Section        0  common.o(.text._ZL16__NVIC_EnableIRQ4IRQn)
    __NVIC_SetPriority(IRQn, unsigned int)   0x08000c19   Thumb Code    66  common.o(.text._ZL18__NVIC_SetPriority4IRQnj)
    [Anonymous Symbol]                       0x08000c18   Section        0  common.o(.text._ZL18__NVIC_SetPriority4IRQnj)
    __NVIC_SetPriorityGrouping(unsigned int) 0x08000c5d   Thumb Code    60  common.o(.text._ZL26__NVIC_SetPriorityGroupingj)
    [Anonymous Symbol]                       0x08000c5c   Section        0  common.o(.text._ZL26__NVIC_SetPriorityGroupingj)
    [Anonymous Symbol]                       0x08000c98   Section        0  gpio_common.o(.text._ZN10GPIOcommonC2EP12GPIO_TypeDefh)
    [Anonymous Symbol]                       0x08000d7c   Section        0  custom_timer.o(.text._ZN11CommonDelay11notFinishedEv)
    [Anonymous Symbol]                       0x08000d94   Section        0  custom_timer.o(.text._ZN11CommonDelay15finishedImpulseEv)
    [Anonymous Symbol]                       0x08000ddc   Section        0  custom_timer.o(.text._ZN11CommonDelay15prepareAndStartEv)
    [Anonymous Symbol]                       0x08000df4   Section        0  custom_timer.o(.text._ZN11CommonDelay4stopEv)
    [Anonymous Symbol]                       0x08000e08   Section        0  custom_timer.o(.text._ZN11CommonDelay5resetEv)
    [Anonymous Symbol]                       0x08000e18   Section        0  custom_timer.o(.text._ZN11CommonDelay5startEv)
    [Anonymous Symbol]                       0x08000e28   Section        0  custom_timer.o(.text._ZN11CommonDelay6updateEv)
    [Anonymous Symbol]                       0x08000e70   Section        0  custom_timer.o(.text._ZN11CommonDelay7startedEv)
    [Anonymous Symbol]                       0x08000e80   Section        0  custom_timer.o(.text._ZN11CommonDelayC2Et)
    [Anonymous Symbol]                       0x08000ea0   Section        0  simple_input.o(.text._ZN11SimpleInput8isActiveEv)
    [Anonymous Symbol]                       0x08000eb8   Section        0  simple_input.o(.text._ZN11SimpleInputC2EP12GPIO_TypeDefh)
    [Anonymous Symbol]                       0x08000f4c   Section        0  programm_switch.o(.text._ZN14ProgrammSwitch8isActiveEv)
    [Anonymous Symbol]                       0x08000f5c   Section        0  programm_switch.o(.text._ZN14ProgrammSwitch8setValueEb)
    [Anonymous Symbol]                       0x08000f74   Section        0  main.o(.text._ZN14ProgrammSwitchC2Ev)
    [Anonymous Symbol]                       0x08000f94   Section        0  programm_switch.o(.text._ZN14ProgrammSwitchaSEb)
    [Anonymous Symbol]                       0x08000fb4   Section        0  coil.o(.text._ZN4Coil6setPinEv)
    [Anonymous Symbol]                       0x08000fd0   Section        0  coil.o(.text._ZN4Coil8isActiveEv)
    [Anonymous Symbol]                       0x08000fe8   Section        0  coil.o(.text._ZN4Coil8resetPinEv)
    [Anonymous Symbol]                       0x08001004   Section        0  coil.o(.text._ZN4Coil8setValueEb)
    [Anonymous Symbol]                       0x08001030   Section        0  coil.o(.text._ZN4Coil9togglePinEv)
    [Anonymous Symbol]                       0x08001050   Section        0  coil.o(.text._ZN4CoilC2EP12GPIO_TypeDefh)
    [Anonymous Symbol]                       0x080010c4   Section        0  custom_timer.o(.text._ZN7DIDelay7startedEv)
    [Anonymous Symbol]                       0x080010f4   Section        0  custom_timer.o(.text._ZN7DIDelayC2EP7ISwitcht)
    [Anonymous Symbol]                       0x08001124   Section        0  main.o(.text._ZN7ISwitchC2Ev)
    [Anonymous Symbol]                       0x0800113c   Section        0  cxa_virtual.cpp.o(.text.__cxa_pure_virtual)
    __cxx_global_var_init                    0x08001165   Thumb Code    26  main.o(.text.__cxx_global_var_init)
    [Anonymous Symbol]                       0x08001164   Section        0  main.o(.text.__cxx_global_var_init)
    __cxx_global_var_init.1                  0x08001181   Thumb Code    26  main.o(.text.__cxx_global_var_init.1)
    [Anonymous Symbol]                       0x08001180   Section        0  main.o(.text.__cxx_global_var_init.1)
    __cxx_global_var_init.2                  0x0800119d   Thumb Code    16  main.o(.text.__cxx_global_var_init.2)
    [Anonymous Symbol]                       0x0800119c   Section        0  main.o(.text.__cxx_global_var_init.2)
    __cxx_global_var_init.3                  0x080011ad   Thumb Code    28  main.o(.text.__cxx_global_var_init.3)
    [Anonymous Symbol]                       0x080011ac   Section        0  main.o(.text.__cxx_global_var_init.3)
    __cxx_global_var_init.4                  0x080011c9   Thumb Code    26  main.o(.text.__cxx_global_var_init.4)
    [Anonymous Symbol]                       0x080011c8   Section        0  main.o(.text.__cxx_global_var_init.4)
    __cxx_global_var_init.5                  0x080011e5   Thumb Code    18  main.o(.text.__cxx_global_var_init.5)
    [Anonymous Symbol]                       0x080011e4   Section        0  main.o(.text.__cxx_global_var_init.5)
    [Anonymous Symbol]                       0x080011f6   Section        0  abort_message.cpp.o(.text.abort_message)
    [Anonymous Symbol]                       0x080011fc   Section        0  main.o(.text.main)
    prvAddCurrentTaskToDelayedList           0x08001251   Thumb Code   282  tasks.o(.text.prvAddCurrentTaskToDelayedList)
    [Anonymous Symbol]                       0x08001250   Section        0  tasks.o(.text.prvAddCurrentTaskToDelayedList)
    prvAddNewTaskToReadyList                 0x0800136d   Thumb Code   340  tasks.o(.text.prvAddNewTaskToReadyList)
    [Anonymous Symbol]                       0x0800136c   Section        0  tasks.o(.text.prvAddNewTaskToReadyList)
    prvCheckForValidListAndQueue             0x080014c1   Thumb Code   106  timers.o(.text.prvCheckForValidListAndQueue)
    [Anonymous Symbol]                       0x080014c0   Section        0  timers.o(.text.prvCheckForValidListAndQueue)
    prvCheckTasksWaitingTermination          0x0800152d   Thumb Code    90  tasks.o(.text.prvCheckTasksWaitingTermination)
    [Anonymous Symbol]                       0x0800152c   Section        0  tasks.o(.text.prvCheckTasksWaitingTermination)
    prvCopyDataFromQueue                     0x08001589   Thumb Code    66  queue.o(.text.prvCopyDataFromQueue)
    [Anonymous Symbol]                       0x08001588   Section        0  queue.o(.text.prvCopyDataFromQueue)
    prvDeleteTCB                             0x080015cd   Thumb Code    24  tasks.o(.text.prvDeleteTCB)
    [Anonymous Symbol]                       0x080015cc   Section        0  tasks.o(.text.prvDeleteTCB)
    prvGetNextExpireTime                     0x080015e5   Thumb Code    64  timers.o(.text.prvGetNextExpireTime)
    [Anonymous Symbol]                       0x080015e4   Section        0  timers.o(.text.prvGetNextExpireTime)
    prvHeapInit                              0x08001625   Thumb Code   174  heap_4.o(.text.prvHeapInit)
    [Anonymous Symbol]                       0x08001624   Section        0  heap_4.o(.text.prvHeapInit)
    prvIdleTask                              0x080016d5   Thumb Code    60  tasks.o(.text.prvIdleTask)
    [Anonymous Symbol]                       0x080016d4   Section        0  tasks.o(.text.prvIdleTask)
    prvInitialiseNewQueue                    0x08001711   Thumb Code    72  queue.o(.text.prvInitialiseNewQueue)
    [Anonymous Symbol]                       0x08001710   Section        0  queue.o(.text.prvInitialiseNewQueue)
    prvInitialiseNewTask                     0x08001759   Thumb Code   230  tasks.o(.text.prvInitialiseNewTask)
    [Anonymous Symbol]                       0x08001758   Section        0  tasks.o(.text.prvInitialiseNewTask)
    prvInitialiseTaskLists                   0x08001841   Thumb Code   142  tasks.o(.text.prvInitialiseTaskLists)
    [Anonymous Symbol]                       0x08001840   Section        0  tasks.o(.text.prvInitialiseTaskLists)
    prvInsertBlockIntoFreeList               0x080018d1   Thumb Code   198  heap_4.o(.text.prvInsertBlockIntoFreeList)
    [Anonymous Symbol]                       0x080018d0   Section        0  heap_4.o(.text.prvInsertBlockIntoFreeList)
    prvInsertTimerInActiveList               0x08001999   Thumb Code   134  timers.o(.text.prvInsertTimerInActiveList)
    [Anonymous Symbol]                       0x08001998   Section        0  timers.o(.text.prvInsertTimerInActiveList)
    prvIsQueueEmpty                          0x08001a21   Thumb Code    40  queue.o(.text.prvIsQueueEmpty)
    [Anonymous Symbol]                       0x08001a20   Section        0  queue.o(.text.prvIsQueueEmpty)
    prvPortStartFirstTask                    0x08001a49   Thumb Code    32  port.o(.text.prvPortStartFirstTask)
    [Anonymous Symbol]                       0x08001a48   Section        0  port.o(.text.prvPortStartFirstTask)
    prvProcessExpiredTimer                   0x08001a69   Thumb Code    84  timers.o(.text.prvProcessExpiredTimer)
    [Anonymous Symbol]                       0x08001a68   Section        0  timers.o(.text.prvProcessExpiredTimer)
    prvProcessReceivedCommands               0x08001abd   Thumb Code   294  timers.o(.text.prvProcessReceivedCommands)
    [Anonymous Symbol]                       0x08001abc   Section        0  timers.o(.text.prvProcessReceivedCommands)
    prvProcessTimerOrBlockTask               0x08001be5   Thumb Code   154  timers.o(.text.prvProcessTimerOrBlockTask)
    [Anonymous Symbol]                       0x08001be4   Section        0  timers.o(.text.prvProcessTimerOrBlockTask)
    prvReloadTimer                           0x08001c81   Thumb Code    52  timers.o(.text.prvReloadTimer)
    [Anonymous Symbol]                       0x08001c80   Section        0  timers.o(.text.prvReloadTimer)
    prvResetNextTaskUnblockTime              0x08001cb5   Thumb Code    60  tasks.o(.text.prvResetNextTaskUnblockTime)
    [Anonymous Symbol]                       0x08001cb4   Section        0  tasks.o(.text.prvResetNextTaskUnblockTime)
    prvSampleTimeNow                         0x08001cf1   Thumb Code    68  timers.o(.text.prvSampleTimeNow)
    [Anonymous Symbol]                       0x08001cf0   Section        0  timers.o(.text.prvSampleTimeNow)
    prvSwitchTimerLists                      0x08001d35   Thumb Code    82  timers.o(.text.prvSwitchTimerLists)
    [Anonymous Symbol]                       0x08001d34   Section        0  timers.o(.text.prvSwitchTimerLists)
    prvTaskExitError                         0x08001d89   Thumb Code    38  port.o(.text.prvTaskExitError)
    [Anonymous Symbol]                       0x08001d88   Section        0  port.o(.text.prvTaskExitError)
    prvTimerTask                             0x08001db1   Thumb Code    30  timers.o(.text.prvTimerTask)
    [Anonymous Symbol]                       0x08001db0   Section        0  timers.o(.text.prvTimerTask)
    prvUnlockQueue                           0x08001dd1   Thumb Code   174  queue.o(.text.prvUnlockQueue)
    [Anonymous Symbol]                       0x08001dd0   Section        0  queue.o(.text.prvUnlockQueue)
    [Anonymous Symbol]                       0x08001e80   Section        0  heap_4.o(.text.pvPortMalloc)
    [Anonymous Symbol]                       0x08002008   Section        0  port.o(.text.pxPortInitialiseStack)
    [Anonymous Symbol]                       0x08002058   Section        0  list.o(.text.uxListRemove)
    [Anonymous Symbol]                       0x080020a0   Section        0  main.o(.text.vApplicationIdleHook)
    [Anonymous Symbol]                       0x080020a4   Section        0  main.o(.text.vApplicationStackOverflowHook)
    [Anonymous Symbol]                       0x080020b0   Section        0  main.o(.text.vApplicationTickHook)
    [Anonymous Symbol]                       0x080020b4   Section        0  list.o(.text.vListInitialise)
    [Anonymous Symbol]                       0x080020e4   Section        0  list.o(.text.vListInitialiseItem)
    [Anonymous Symbol]                       0x080020f4   Section        0  list.o(.text.vListInsert)
    [Anonymous Symbol]                       0x08002160   Section        0  port.o(.text.vPortEnterCritical)
    [Anonymous Symbol]                       0x08002190   Section        0  port.o(.text.vPortExitCritical)
    [Anonymous Symbol]                       0x080021b8   Section        0  heap_4.o(.text.vPortFree)
    [Anonymous Symbol]                       0x08002230   Section        0  port.o(.text.vPortSetupTimerInterrupt)
    [Anonymous Symbol]                       0x08002260   Section        0  queue.o(.text.vQueueWaitForMessageRestricted)
    [Anonymous Symbol]                       0x080022c4   Section        0  tasks.o(.text.vTaskDelay)
    [Anonymous Symbol]                       0x08002310   Section        0  tasks.o(.text.vTaskInternalSetTimeOutState)
    [Anonymous Symbol]                       0x08002334   Section        0  tasks.o(.text.vTaskMissedYield)
    [Anonymous Symbol]                       0x08002344   Section        0  tasks.o(.text.vTaskPlaceOnEventList)
    [Anonymous Symbol]                       0x0800236c   Section        0  tasks.o(.text.vTaskPlaceOnEventListRestricted)
    [Anonymous Symbol]                       0x080023cc   Section        0  tasks.o(.text.vTaskStartScheduler)
    [Anonymous Symbol]                       0x08002460   Section        0  tasks.o(.text.vTaskSuspendAll)
    __tagsym$$used.0                         0x08002470   Number         0  tasks.o(.text.vTaskSwitchContext)
    [Anonymous Symbol]                       0x08002470   Section        0  tasks.o(.text.vTaskSwitchContext)
    [Anonymous Symbol]                       0x0800255c   Section        0  port.o(.text.xPortStartScheduler)
    [Anonymous Symbol]                       0x0800259c   Section        0  queue.o(.text.xQueueGenericCreate)
    [Anonymous Symbol]                       0x0800261c   Section        0  queue.o(.text.xQueueGenericReset)
    [Anonymous Symbol]                       0x080026ec   Section        0  queue.o(.text.xQueueReceive)
    [Anonymous Symbol]                       0x08002840   Section        0  tasks.o(.text.xTaskCheckForTimeOut)
    [Anonymous Symbol]                       0x080028dc   Section        0  tasks.o(.text.xTaskCreate)
    [Anonymous Symbol]                       0x0800297c   Section        0  tasks.o(.text.xTaskGetTickCount)
    [Anonymous Symbol]                       0x08002990   Section        0  tasks.o(.text.xTaskIncrementTick)
    [Anonymous Symbol]                       0x08002be4   Section        0  tasks.o(.text.xTaskRemoveFromEventList)
    [Anonymous Symbol]                       0x08002d54   Section        0  tasks.o(.text.xTaskResumeAll)
    [Anonymous Symbol]                       0x08002f54   Section        0  timers.o(.text.xTimerCreateTimerTask)
    .L.str                                   0x08002ffc   Data           8  main.o(.rodata.str1.1)
    [Anonymous Symbol]                       0x08002ffc   Section        0  main.o(.rodata.str1.1)
    .L.str                                   0x08003004   Data           5  tasks.o(.rodata.str1.1)
    [Anonymous Symbol]                       0x08003004   Section        0  tasks.o(.rodata.str1.1)
    .L.str                                   0x08003009   Data           8  timers.o(.rodata.str1.1)
    [Anonymous Symbol]                       0x08003009   Section        0  timers.o(.rodata.str1.1)
    .init_array                              0x0800303c   Section        0  init_aeabi.o(.init_array)
    uxCriticalNesting                        0x20000014   Data           4  port.o(.data.uxCriticalNesting)
    [Anonymous Symbol]                       0x20000014   Section        0  port.o(.data.uxCriticalNesting)
    .bss                                     0x20000018   Section       96  libspace.o(.bss)
    prvSampleTimeNow.xLastTime               0x200000c8   Data           4  timers.o(.bss.prvSampleTimeNow.xLastTime)
    [Anonymous Symbol]                       0x200000c8   Section        0  timers.o(.bss.prvSampleTimeNow.xLastTime)
    __tagsym$$used.1                         0x200000cc   Number         0  tasks.o(.bss.pxCurrentTCB)
    pxCurrentTimerList                       0x200000d0   Data           4  timers.o(.bss.pxCurrentTimerList)
    [Anonymous Symbol]                       0x200000d0   Section        0  timers.o(.bss.pxCurrentTimerList)
    pxDelayedTaskList                        0x200000d4   Data           4  tasks.o(.bss.pxDelayedTaskList)
    [Anonymous Symbol]                       0x200000d4   Section        0  tasks.o(.bss.pxDelayedTaskList)
    pxEnd                                    0x200000d8   Data           4  heap_4.o(.bss.pxEnd)
    [Anonymous Symbol]                       0x200000d8   Section        0  heap_4.o(.bss.pxEnd)
    pxOverflowDelayedTaskList                0x200000dc   Data           4  tasks.o(.bss.pxOverflowDelayedTaskList)
    [Anonymous Symbol]                       0x200000dc   Section        0  tasks.o(.bss.pxOverflowDelayedTaskList)
    pxOverflowTimerList                      0x200000e0   Data           4  timers.o(.bss.pxOverflowTimerList)
    [Anonymous Symbol]                       0x200000e0   Section        0  timers.o(.bss.pxOverflowTimerList)
    pxReadyTasksLists                        0x200000e4   Data         100  tasks.o(.bss.pxReadyTasksLists)
    [Anonymous Symbol]                       0x200000e4   Section        0  tasks.o(.bss.pxReadyTasksLists)
    ucHeap                                   0x20000148   Data       10240  heap_4.o(.bss.ucHeap)
    [Anonymous Symbol]                       0x20000148   Section        0  heap_4.o(.bss.ucHeap)
    uxCurrentNumberOfTasks                   0x20002948   Data           4  tasks.o(.bss.uxCurrentNumberOfTasks)
    [Anonymous Symbol]                       0x20002948   Section        0  tasks.o(.bss.uxCurrentNumberOfTasks)
    uxDeletedTasksWaitingCleanUp             0x2000294c   Data           4  tasks.o(.bss.uxDeletedTasksWaitingCleanUp)
    [Anonymous Symbol]                       0x2000294c   Section        0  tasks.o(.bss.uxDeletedTasksWaitingCleanUp)
    uxSchedulerSuspended                     0x20002950   Data           4  tasks.o(.bss.uxSchedulerSuspended)
    [Anonymous Symbol]                       0x20002950   Section        0  tasks.o(.bss.uxSchedulerSuspended)
    uxTaskNumber                             0x20002954   Data           4  tasks.o(.bss.uxTaskNumber)
    [Anonymous Symbol]                       0x20002954   Section        0  tasks.o(.bss.uxTaskNumber)
    uxTopReadyPriority                       0x20002958   Data           4  tasks.o(.bss.uxTopReadyPriority)
    [Anonymous Symbol]                       0x20002958   Section        0  tasks.o(.bss.uxTopReadyPriority)
    xActiveTimerList1                        0x2000295c   Data          20  timers.o(.bss.xActiveTimerList1)
    [Anonymous Symbol]                       0x2000295c   Section        0  timers.o(.bss.xActiveTimerList1)
    xActiveTimerList2                        0x20002970   Data          20  timers.o(.bss.xActiveTimerList2)
    [Anonymous Symbol]                       0x20002970   Section        0  timers.o(.bss.xActiveTimerList2)
    xDelayedTaskList1                        0x20002984   Data          20  tasks.o(.bss.xDelayedTaskList1)
    [Anonymous Symbol]                       0x20002984   Section        0  tasks.o(.bss.xDelayedTaskList1)
    xDelayedTaskList2                        0x20002998   Data          20  tasks.o(.bss.xDelayedTaskList2)
    [Anonymous Symbol]                       0x20002998   Section        0  tasks.o(.bss.xDelayedTaskList2)
    xFreeBytesRemaining                      0x200029ac   Data           4  heap_4.o(.bss.xFreeBytesRemaining)
    [Anonymous Symbol]                       0x200029ac   Section        0  heap_4.o(.bss.xFreeBytesRemaining)
    xIdleTaskHandle                          0x200029b0   Data           4  tasks.o(.bss.xIdleTaskHandle)
    [Anonymous Symbol]                       0x200029b0   Section        0  tasks.o(.bss.xIdleTaskHandle)
    xMinimumEverFreeBytesRemaining           0x200029b4   Data           4  heap_4.o(.bss.xMinimumEverFreeBytesRemaining)
    [Anonymous Symbol]                       0x200029b4   Section        0  heap_4.o(.bss.xMinimumEverFreeBytesRemaining)
    xNextTaskUnblockTime                     0x200029b8   Data           4  tasks.o(.bss.xNextTaskUnblockTime)
    [Anonymous Symbol]                       0x200029b8   Section        0  tasks.o(.bss.xNextTaskUnblockTime)
    xNumOfOverflows                          0x200029bc   Data           4  tasks.o(.bss.xNumOfOverflows)
    [Anonymous Symbol]                       0x200029bc   Section        0  tasks.o(.bss.xNumOfOverflows)
    xNumberOfSuccessfulAllocations           0x200029c0   Data           4  heap_4.o(.bss.xNumberOfSuccessfulAllocations)
    [Anonymous Symbol]                       0x200029c0   Section        0  heap_4.o(.bss.xNumberOfSuccessfulAllocations)
    xNumberOfSuccessfulFrees                 0x200029c4   Data           4  heap_4.o(.bss.xNumberOfSuccessfulFrees)
    [Anonymous Symbol]                       0x200029c4   Section        0  heap_4.o(.bss.xNumberOfSuccessfulFrees)
    xPendedTicks                             0x200029c8   Data           4  tasks.o(.bss.xPendedTicks)
    [Anonymous Symbol]                       0x200029c8   Section        0  tasks.o(.bss.xPendedTicks)
    xPendingReadyList                        0x200029cc   Data          20  tasks.o(.bss.xPendingReadyList)
    [Anonymous Symbol]                       0x200029cc   Section        0  tasks.o(.bss.xPendingReadyList)
    xSchedulerRunning                        0x200029e0   Data           4  tasks.o(.bss.xSchedulerRunning)
    [Anonymous Symbol]                       0x200029e0   Section        0  tasks.o(.bss.xSchedulerRunning)
    xStart                                   0x200029e4   Data           8  heap_4.o(.bss.xStart)
    [Anonymous Symbol]                       0x200029e4   Section        0  heap_4.o(.bss.xStart)
    xSuspendedTaskList                       0x200029ec   Data          20  tasks.o(.bss.xSuspendedTaskList)
    [Anonymous Symbol]                       0x200029ec   Section        0  tasks.o(.bss.xSuspendedTaskList)
    xTasksWaitingTermination                 0x20002a00   Data          20  tasks.o(.bss.xTasksWaitingTermination)
    [Anonymous Symbol]                       0x20002a00   Section        0  tasks.o(.bss.xTasksWaitingTermination)
    xTickCount                               0x20002a14   Data           4  tasks.o(.bss.xTickCount)
    [Anonymous Symbol]                       0x20002a14   Section        0  tasks.o(.bss.xTickCount)
    xTimerQueue                              0x20002a18   Data           4  timers.o(.bss.xTimerQueue)
    [Anonymous Symbol]                       0x20002a18   Section        0  timers.o(.bss.xTimerQueue)
    xTimerTaskHandle                         0x20002a1c   Data           4  timers.o(.bss.xTimerTaskHandle)
    [Anonymous Symbol]                       0x20002a1c   Section        0  timers.o(.bss.xTimerTaskHandle)
    xYieldPending                            0x20002a20   Data           4  tasks.o(.bss.xYieldPending)
    [Anonymous Symbol]                       0x20002a20   Section        0  tasks.o(.bss.xYieldPending)
    Heap_Mem                                 0x20002a28   Data         512  startup_stm32f10x_md.o(HEAP)
    HEAP                                     0x20002a28   Section      512  startup_stm32f10x_md.o(HEAP)
    Stack_Mem                                0x20002c28   Data        1024  startup_stm32f10x_md.o(STACK)
    STACK                                    0x20002c28   Section     1024  startup_stm32f10x_md.o(STACK)
    __initial_sp                             0x20003028   Data           0  startup_stm32f10x_md.o(STACK)

    Global Symbols

    Symbol Name                              Value     Ov Type        Size  Object(Section)

    BuildAttributes$$THM_ISAv4$P$D$K$B$S$PE$A:L22UL41UL21$X:L11$S22US41US21$IEEE1$IW$~IW$USESV6$~STKCKD$USESV7$~SHL$OSPACE$ROPI$EBA8$UX$STANDARDLIB$REQ8$PRES8$EABIv2 0x00000000   Number         0  anon$$obj.o ABSOLUTE
    __fp_init_empty                          0x00000000   Number         0  fpinit_empty.o ABSOLUTE
    __ARM_exceptions_init                     - Undefined Weak Reference
    __alloca_initialize                       - Undefined Weak Reference
    __arm_preinit_                            - Undefined Weak Reference
    __arm_relocate_pie_                       - Undefined Weak Reference
    __cxa_finalize                            - Undefined Weak Reference
    __rt_locale                               - Undefined Weak Reference
    __sigvec_lookup                           - Undefined Weak Reference
    _atexit_init                              - Undefined Weak Reference
    _call_atexit_fns                          - Undefined Weak Reference
    _clock_init                               - Undefined Weak Reference
    _fp_trap_init                             - Undefined Weak Reference
    _fp_trap_shutdown                         - Undefined Weak Reference
    _get_lc_collate                           - Undefined Weak Reference
    _get_lc_ctype                             - Undefined Weak Reference
    _get_lc_monetary                          - Undefined Weak Reference
    _get_lc_numeric                           - Undefined Weak Reference
    _get_lc_time                              - Undefined Weak Reference
    _getenv_init                              - Undefined Weak Reference
    _handle_redirection                       - Undefined Weak Reference
    _init_alloc                               - Undefined Weak Reference
    _init_user_alloc                          - Undefined Weak Reference
    _initio                                   - Undefined Weak Reference
    _rand_init                                - Undefined Weak Reference
    _signal_finish                            - Undefined Weak Reference
    _signal_init                              - Undefined Weak Reference
    _terminate_alloc                          - Undefined Weak Reference
    _terminate_user_alloc                     - Undefined Weak Reference
    _terminateio                              - Undefined Weak Reference
    __Vectors_Size                           0x000000ec   Number         0  startup_stm32f10x_md.o ABSOLUTE
    __Vectors                                0x08000000   Data           4  startup_stm32f10x_md.o(RESET)
    __Vectors_End                            0x080000ec   Data           0  startup_stm32f10x_md.o(RESET)
    __main                                   0x080000ed   Thumb Code     8  __main.o(!!!main)
    __scatterload                            0x080000f5   Thumb Code     0  __scatter.o(!!!scatter)
    __scatterload_rt2                        0x080000f5   Thumb Code    44  __scatter.o(!!!scatter)
    __scatterload_rt2_thumb_only             0x080000f5   Thumb Code     0  __scatter.o(!!!scatter)
    __scatterload_null                       0x08000103   Thumb Code     0  __scatter.o(!!!scatter)
    __scatterload_copy                       0x08000129   Thumb Code    26  __scatter_copy.o(!!handler_copy)
    __scatterload_zeroinit                   0x08000145   Thumb Code    28  __scatter_zi.o(!!handler_zi)
    __rt_lib_init                            0x08000161   Thumb Code     0  libinit.o(.ARM.Collect$$libinit$$00000000)
    __rt_lib_init_alloca_1                   0x08000163   Thumb Code     0  libinit2.o(.ARM.Collect$$libinit$$00000030)
    __rt_lib_init_argv_1                     0x08000163   Thumb Code     0  libinit2.o(.ARM.Collect$$libinit$$0000002E)
    __rt_lib_init_atexit_1                   0x08000163   Thumb Code     0  libinit2.o(.ARM.Collect$$libinit$$0000001D)
    __rt_lib_init_clock_1                    0x08000163   Thumb Code     0  libinit2.o(.ARM.Collect$$libinit$$00000023)
    __rt_lib_init_cpp_2                      0x08000163   Thumb Code     0  libinit2.o(.ARM.Collect$$libinit$$00000033)
    __rt_lib_init_exceptions_1               0x08000163   Thumb Code     0  libinit2.o(.ARM.Collect$$libinit$$00000032)
    __rt_lib_init_fp_1                       0x08000163   Thumb Code     0  libinit2.o(.ARM.Collect$$libinit$$00000002)
    __rt_lib_init_fp_trap_1                  0x08000163   Thumb Code     0  libinit2.o(.ARM.Collect$$libinit$$00000021)
    __rt_lib_init_getenv_1                   0x08000163   Thumb Code     0  libinit2.o(.ARM.Collect$$libinit$$00000025)
    __rt_lib_init_heap_1                     0x08000163   Thumb Code     0  libinit2.o(.ARM.Collect$$libinit$$0000000C)
    __rt_lib_init_lc_collate_1               0x08000163   Thumb Code     0  libinit2.o(.ARM.Collect$$libinit$$00000013)
    __rt_lib_init_lc_ctype_1                 0x08000163   Thumb Code     0  libinit2.o(.ARM.Collect$$libinit$$00000015)
    __rt_lib_init_lc_monetary_1              0x08000163   Thumb Code     0  libinit2.o(.ARM.Collect$$libinit$$00000017)
    __rt_lib_init_lc_numeric_1               0x08000163   Thumb Code     0  libinit2.o(.ARM.Collect$$libinit$$00000019)
    __rt_lib_init_lc_time_1                  0x08000163   Thumb Code     0  libinit2.o(.ARM.Collect$$libinit$$0000001B)
    __rt_lib_init_preinit_1                  0x08000163   Thumb Code     0  libinit2.o(.ARM.Collect$$libinit$$00000006)
    __rt_lib_init_rand_1                     0x08000163   Thumb Code     0  libinit2.o(.ARM.Collect$$libinit$$00000010)
    __rt_lib_init_relocate_pie_1             0x08000163   Thumb Code     0  libinit2.o(.ARM.Collect$$libinit$$00000004)
    __rt_lib_init_signal_1                   0x08000163   Thumb Code     0  libinit2.o(.ARM.Collect$$libinit$$0000001F)
    __rt_lib_init_stdio_1                    0x08000163   Thumb Code     0  libinit2.o(.ARM.Collect$$libinit$$00000027)
    __rt_lib_init_user_alloc_1               0x08000163   Thumb Code     0  libinit2.o(.ARM.Collect$$libinit$$0000000E)
    __rt_lib_init_cpp_1                      0x08000167   Thumb Code     0  libinit2.o(.ARM.Collect$$libinit$$00000034)
    __rt_lib_init_return                     0x08000167   Thumb Code     0  libinit2.o(.ARM.Collect$$libinit$$00000035)
    __rt_lib_shutdown                        0x08000169   Thumb Code     0  libshutdown.o(.ARM.Collect$$libshutdown$$00000000)
    __rt_lib_shutdown_cpp_1                  0x0800016b   Thumb Code     0  libshutdown2.o(.ARM.Collect$$libshutdown$$00000002)
    __rt_lib_shutdown_fp_trap_1              0x0800016b   Thumb Code     0  libshutdown2.o(.ARM.Collect$$libshutdown$$00000007)
    __rt_lib_shutdown_heap_1                 0x0800016b   Thumb Code     0  libshutdown2.o(.ARM.Collect$$libshutdown$$0000000F)
    __rt_lib_shutdown_return                 0x0800016b   Thumb Code     0  libshutdown2.o(.ARM.Collect$$libshutdown$$00000010)
    __rt_lib_shutdown_signal_1               0x0800016b   Thumb Code     0  libshutdown2.o(.ARM.Collect$$libshutdown$$0000000A)
    __rt_lib_shutdown_stdio_1                0x0800016b   Thumb Code     0  libshutdown2.o(.ARM.Collect$$libshutdown$$00000004)
    __rt_lib_shutdown_user_alloc_1           0x0800016b   Thumb Code     0  libshutdown2.o(.ARM.Collect$$libshutdown$$0000000C)
    __rt_entry                               0x0800016d   Thumb Code     0  __rtentry.o(.ARM.Collect$$rtentry$$00000000)
    __rt_entry_presh_1                       0x0800016d   Thumb Code     0  __rtentry2.o(.ARM.Collect$$rtentry$$00000002)
    __rt_entry_sh                            0x0800016d   Thumb Code     0  __rtentry4.o(.ARM.Collect$$rtentry$$00000004)
    __rt_entry_li                            0x08000173   Thumb Code     0  __rtentry2.o(.ARM.Collect$$rtentry$$0000000A)
    __rt_entry_postsh_1                      0x08000173   Thumb Code     0  __rtentry2.o(.ARM.Collect$$rtentry$$00000009)
    __rt_entry_main                          0x08000177   Thumb Code     0  __rtentry2.o(.ARM.Collect$$rtentry$$0000000D)
    __rt_entry_postli_1                      0x08000177   Thumb Code     0  __rtentry2.o(.ARM.Collect$$rtentry$$0000000C)
    __rt_exit                                0x0800017f   Thumb Code     0  rtexit.o(.ARM.Collect$$rtexit$$00000000)
    __rt_exit_ls                             0x08000181   Thumb Code     0  rtexit2.o(.ARM.Collect$$rtexit$$00000003)
    __rt_exit_prels_1                        0x08000181   Thumb Code     0  rtexit2.o(.ARM.Collect$$rtexit$$00000002)
    __rt_exit_exit                           0x08000185   Thumb Code     0  rtexit2.o(.ARM.Collect$$rtexit$$00000004)
    Reset_Handler                            0x0800018d   Thumb Code     8  startup_stm32f10x_md.o(.text)
    NMI_Handler                              0x08000195   Thumb Code     2  startup_stm32f10x_md.o(.text)
    HardFault_Handler                        0x08000197   Thumb Code     2  startup_stm32f10x_md.o(.text)
    MemManage_Handler                        0x08000199   Thumb Code     2  startup_stm32f10x_md.o(.text)
    BusFault_Handler                         0x0800019b   Thumb Code     2  startup_stm32f10x_md.o(.text)
    UsageFault_Handler                       0x0800019d   Thumb Code     2  startup_stm32f10x_md.o(.text)
    DebugMon_Handler                         0x080001a1   Thumb Code     2  startup_stm32f10x_md.o(.text)
    ADC1_2_IRQHandler                        0x080001a7   Thumb Code     0  startup_stm32f10x_md.o(.text)
    CAN1_RX1_IRQHandler                      0x080001a7   Thumb Code     0  startup_stm32f10x_md.o(.text)
    CAN1_SCE_IRQHandler                      0x080001a7   Thumb Code     0  startup_stm32f10x_md.o(.text)
    DMA1_Channel1_IRQHandler                 0x080001a7   Thumb Code     0  startup_stm32f10x_md.o(.text)
    DMA1_Channel2_IRQHandler                 0x080001a7   Thumb Code     0  startup_stm32f10x_md.o(.text)
    DMA1_Channel3_IRQHandler                 0x080001a7   Thumb Code     0  startup_stm32f10x_md.o(.text)
    DMA1_Channel4_IRQHandler                 0x080001a7   Thumb Code     0  startup_stm32f10x_md.o(.text)
    DMA1_Channel5_IRQHandler                 0x080001a7   Thumb Code     0  startup_stm32f10x_md.o(.text)
    DMA1_Channel6_IRQHandler                 0x080001a7   Thumb Code     0  startup_stm32f10x_md.o(.text)
    DMA1_Channel7_IRQHandler                 0x080001a7   Thumb Code     0  startup_stm32f10x_md.o(.text)
    EXTI0_IRQHandler                         0x080001a7   Thumb Code     0  startup_stm32f10x_md.o(.text)
    EXTI15_10_IRQHandler                     0x080001a7   Thumb Code     0  startup_stm32f10x_md.o(.text)
    EXTI1_IRQHandler                         0x080001a7   Thumb Code     0  startup_stm32f10x_md.o(.text)
    EXTI2_IRQHandler                         0x080001a7   Thumb Code     0  startup_stm32f10x_md.o(.text)
    EXTI3_IRQHandler                         0x080001a7   Thumb Code     0  startup_stm32f10x_md.o(.text)
    EXTI4_IRQHandler                         0x080001a7   Thumb Code     0  startup_stm32f10x_md.o(.text)
    EXTI9_5_IRQHandler                       0x080001a7   Thumb Code     0  startup_stm32f10x_md.o(.text)
    FLASH_IRQHandler                         0x080001a7   Thumb Code     0  startup_stm32f10x_md.o(.text)
    I2C1_ER_IRQHandler                       0x080001a7   Thumb Code     0  startup_stm32f10x_md.o(.text)
    I2C1_EV_IRQHandler                       0x080001a7   Thumb Code     0  startup_stm32f10x_md.o(.text)
    I2C2_ER_IRQHandler                       0x080001a7   Thumb Code     0  startup_stm32f10x_md.o(.text)
    I2C2_EV_IRQHandler                       0x080001a7   Thumb Code     0  startup_stm32f10x_md.o(.text)
    PVD_IRQHandler                           0x080001a7   Thumb Code     0  startup_stm32f10x_md.o(.text)
    RCC_IRQHandler                           0x080001a7   Thumb Code     0  startup_stm32f10x_md.o(.text)
    RTCAlarm_IRQHandler                      0x080001a7   Thumb Code     0  startup_stm32f10x_md.o(.text)
    RTC_IRQHandler                           0x080001a7   Thumb Code     0  startup_stm32f10x_md.o(.text)
    SPI1_IRQHandler                          0x080001a7   Thumb Code     0  startup_stm32f10x_md.o(.text)
    SPI2_IRQHandler                          0x080001a7   Thumb Code     0  startup_stm32f10x_md.o(.text)
    TAMPER_IRQHandler                        0x080001a7   Thumb Code     0  startup_stm32f10x_md.o(.text)
    TIM1_BRK_IRQHandler                      0x080001a7   Thumb Code     0  startup_stm32f10x_md.o(.text)
    TIM1_CC_IRQHandler                       0x080001a7   Thumb Code     0  startup_stm32f10x_md.o(.text)
    TIM1_TRG_COM_IRQHandler                  0x080001a7   Thumb Code     0  startup_stm32f10x_md.o(.text)
    TIM1_UP_IRQHandler                       0x080001a7   Thumb Code     0  startup_stm32f10x_md.o(.text)
    TIM3_IRQHandler                          0x080001a7   Thumb Code     0  startup_stm32f10x_md.o(.text)
    TIM4_IRQHandler                          0x080001a7   Thumb Code     0  startup_stm32f10x_md.o(.text)
    USART1_IRQHandler                        0x080001a7   Thumb Code     0  startup_stm32f10x_md.o(.text)
    USART2_IRQHandler                        0x080001a7   Thumb Code     0  startup_stm32f10x_md.o(.text)
    USART3_IRQHandler                        0x080001a7   Thumb Code     0  startup_stm32f10x_md.o(.text)
    USBWakeUp_IRQHandler                     0x080001a7   Thumb Code     0  startup_stm32f10x_md.o(.text)
    USB_HP_CAN1_TX_IRQHandler                0x080001a7   Thumb Code     0  startup_stm32f10x_md.o(.text)
    USB_LP_CAN1_RX0_IRQHandler               0x080001a7   Thumb Code     0  startup_stm32f10x_md.o(.text)
    WWDG_IRQHandler                          0x080001a7   Thumb Code     0  startup_stm32f10x_md.o(.text)
    __user_initial_stackheap                 0x080001a9   Thumb Code     0  startup_stm32f10x_md.o(.text)
    __aeabi_memcpy                           0x080001cd   Thumb Code     0  rt_memcpy_v6.o(.text)
    __rt_memcpy                              0x080001cd   Thumb Code   138  rt_memcpy_v6.o(.text)
    _memcpy_lastbytes                        0x08000233   Thumb Code     0  rt_memcpy_v6.o(.text)
    __aeabi_memset4                          0x08000257   Thumb Code    16  aeabi_memset4.o(.text)
    __aeabi_memset8                          0x08000257   Thumb Code     0  aeabi_memset4.o(.text)
    __aeabi_memclr                           0x08000267   Thumb Code     0  rt_memclr.o(.text)
    __rt_memclr                              0x08000267   Thumb Code     0  rt_memclr.o(.text)
    _memset                                  0x0800026b   Thumb Code    64  rt_memclr.o(.text)
    __aeabi_memclr4                          0x080002ab   Thumb Code     0  rt_memclr_w.o(.text)
    __aeabi_memclr8                          0x080002ab   Thumb Code     0  rt_memclr_w.o(.text)
    __rt_memclr_w                            0x080002ab   Thumb Code     0  rt_memclr_w.o(.text)
    _memset_w                                0x080002af   Thumb Code    74  rt_memclr_w.o(.text)
    __use_two_region_memory                  0x080002f9   Thumb Code     2  heapauxi.o(.text)
    __rt_heap_escrow$2region                 0x080002fb   Thumb Code     2  heapauxi.o(.text)
    __rt_heap_expand$2region                 0x080002fd   Thumb Code     2  heapauxi.o(.text)
    __cpp_initialize__aeabi_                 0x08000301   Thumb Code    28  init_aeabi.o(.text)
    __aeabi_memcpy4                          0x08000325   Thumb Code     0  rt_memcpy_w.o(.text)
    __aeabi_memcpy8                          0x08000325   Thumb Code     0  rt_memcpy_w.o(.text)
    __rt_memcpy_w                            0x08000325   Thumb Code   100  rt_memcpy_w.o(.text)
    _memcpy_lastbytes_aligned                0x0800036d   Thumb Code     0  rt_memcpy_w.o(.text)
    abort                                    0x08000389   Thumb Code    22  abort.o(.text)
    _sys_exit                                0x080003a1   Thumb Code     8  sys_exit.o(.text)
    __user_setup_stackheap                   0x080003ad   Thumb Code    74  sys_stackheap_outer.o(.text)
    exit                                     0x080003f7   Thumb Code    18  exit.o(.text)
    __rt_SIGABRT                             0x08000409   Thumb Code    14  defsig_abrt_outer.o(.text)
    __user_libspace                          0x08000419   Thumb Code     8  libspace.o(.text)
    __user_perproc_libspace                  0x08000419   Thumb Code     0  libspace.o(.text)
    __user_perthread_libspace                0x08000419   Thumb Code     0  libspace.o(.text)
    __I$use$semihosting                      0x08000421   Thumb Code     0  use_no_semi.o(.text)
    __use_no_semihosting_swi                 0x08000421   Thumb Code     2  use_no_semi.o(.text)
    __semihosting_library_function           0x08000423   Thumb Code     0  indicate_semi.o(.text)
    __sig_exit                               0x08000423   Thumb Code    10  defsig_exit.o(.text)
    __rt_SIGABRT_inner                       0x0800042d   Thumb Code    14  defsig_abrt_inner.o(.text)
    __default_signal_display                 0x0800045d   Thumb Code    50  defsig_general.o(.text)
    _ttywrch                                 0x0800048f   Thumb Code    14  sys_wrch.o(.text)
    PendSV_Handler                           0x080004a1   Thumb Code    68  port.o(.text.PendSV_Handler)
    SVC_Handler                              0x080004f1   Thumb Code    36  port.o(.text.SVC_Handler)
    SysTick_Handler                          0x08000641   Thumb Code    60  port.o(.text.SysTick_Handler)
    SystemCoreClockUpdate                    0x0800067d   Thumb Code   290  system_stm32f10x.o(.text.SystemCoreClockUpdate)
    SystemInit                               0x080007a1   Thumb Code   102  system_stm32f10x.o(.text.SystemInit)
    TIM2_IRQHandler                          0x08000809   Thumb Code    74  main.o(.text.TIM2_IRQHandler)
    commonInit()                             0x08000871   Thumb Code    14  common.o(.text._Z10commonInitv)
    getPosition(unsigned int)                0x08000881   Thumb Code    62  common.o(.text._Z11getPositionj)
    setRegister(unsigned int volatile*, unsigned int, unsigned int) 0x080008c1   Thumb Code    32  common.o(.text._Z11setRegisterPVjjj)
    setBitsInRegister(unsigned int volatile*, unsigned int, unsigned int) 0x080008e1   Thumb Code    68  common.o(.text._Z17setBitsInRegisterPVjjj)
    adcInit()                                0x08000925   Thumb Code   344  common.o(.text._Z7adcInitv)
    ledTask(void*)                           0x08000a7d   Thumb Code    66  led_task.o(.text._Z7ledTaskPv)
    rccInit()                                0x08000ac1   Thumb Code   206  common.o(.text._Z7rccInitv)
    tickInit()                               0x08000b91   Thumb Code    88  common.o(.text._Z8tickInitv)
    GPIOcommon::GPIOcommon(GPIO_TypeDef*, unsigned char) 0x08000c99   Thumb Code   226  gpio_common.o(.text._ZN10GPIOcommonC2EP12GPIO_TypeDefh)
    GPIOcommon::GPIOcommon__sub_object(GPIO_TypeDef*, unsigned char) 0x08000c99   Thumb Code   226  gpio_common.o(.text._ZN10GPIOcommonC2EP12GPIO_TypeDefh)
    CommonDelay::notFinished()               0x08000d7d   Thumb Code    22  custom_timer.o(.text._ZN11CommonDelay11notFinishedEv)
    CommonDelay::finishedImpulse()           0x08000d95   Thumb Code    72  custom_timer.o(.text._ZN11CommonDelay15finishedImpulseEv)
    CommonDelay::prepareAndStart()           0x08000ddd   Thumb Code    24  custom_timer.o(.text._ZN11CommonDelay15prepareAndStartEv)
    CommonDelay::stop()                      0x08000df5   Thumb Code    20  custom_timer.o(.text._ZN11CommonDelay4stopEv)
    CommonDelay::reset()                     0x08000e09   Thumb Code    16  custom_timer.o(.text._ZN11CommonDelay5resetEv)
    CommonDelay::start()                     0x08000e19   Thumb Code    14  custom_timer.o(.text._ZN11CommonDelay5startEv)
    CommonDelay::update()                    0x08000e29   Thumb Code    72  custom_timer.o(.text._ZN11CommonDelay6updateEv)
    CommonDelay::started()                   0x08000e71   Thumb Code    16  custom_timer.o(.text._ZN11CommonDelay7startedEv)
    CommonDelay::CommonDelay(unsigned short) 0x08000e81   Thumb Code    32  custom_timer.o(.text._ZN11CommonDelayC2Et)
    CommonDelay::CommonDelay__sub_object(unsigned short) 0x08000e81   Thumb Code    32  custom_timer.o(.text._ZN11CommonDelayC2Et)
    SimpleInput::isActive()                  0x08000ea1   Thumb Code    24  simple_input.o(.text._ZN11SimpleInput8isActiveEv)
    SimpleInput::SimpleInput(GPIO_TypeDef*, unsigned char) 0x08000eb9   Thumb Code   146  simple_input.o(.text._ZN11SimpleInputC2EP12GPIO_TypeDefh)
    SimpleInput::SimpleInput__sub_object(GPIO_TypeDef*, unsigned char) 0x08000eb9   Thumb Code   146  simple_input.o(.text._ZN11SimpleInputC2EP12GPIO_TypeDefh)
    ProgrammSwitch::isActive()               0x08000f4d   Thumb Code    16  programm_switch.o(.text._ZN14ProgrammSwitch8isActiveEv)
    ProgrammSwitch::setValue(bool)           0x08000f5d   Thumb Code    24  programm_switch.o(.text._ZN14ProgrammSwitch8setValueEb)
    ProgrammSwitch::ProgrammSwitch__sub_object() 0x08000f75   Thumb Code    32  main.o(.text._ZN14ProgrammSwitchC2Ev)
    ProgrammSwitch::operator=(bool)          0x08000f95   Thumb Code    32  programm_switch.o(.text._ZN14ProgrammSwitchaSEb)
    Coil::setPin()                           0x08000fb5   Thumb Code    26  coil.o(.text._ZN4Coil6setPinEv)
    Coil::isActive()                         0x08000fd1   Thumb Code    22  coil.o(.text._ZN4Coil8isActiveEv)
    Coil::resetPin()                         0x08000fe9   Thumb Code    26  coil.o(.text._ZN4Coil8resetPinEv)
    Coil::setValue(bool)                     0x08001005   Thumb Code    44  coil.o(.text._ZN4Coil8setValueEb)
    Coil::togglePin()                        0x08001031   Thumb Code    32  coil.o(.text._ZN4Coil9togglePinEv)
    Coil::Coil(GPIO_TypeDef*, unsigned char) 0x08001051   Thumb Code   116  coil.o(.text._ZN4CoilC2EP12GPIO_TypeDefh)
    Coil::Coil__sub_object(GPIO_TypeDef*, unsigned char) 0x08001051   Thumb Code   116  coil.o(.text._ZN4CoilC2EP12GPIO_TypeDefh)
    DIDelay::started()                       0x080010c5   Thumb Code    48  custom_timer.o(.text._ZN7DIDelay7startedEv)
    DIDelay::DIDelay(ISwitch*, unsigned short) 0x080010f5   Thumb Code    46  custom_timer.o(.text._ZN7DIDelayC2EP7ISwitcht)
    DIDelay::DIDelay__sub_object(ISwitch*, unsigned short) 0x080010f5   Thumb Code    46  custom_timer.o(.text._ZN7DIDelayC2EP7ISwitcht)
    ISwitch::ISwitch__sub_object()           0x08001125   Thumb Code    22  main.o(.text._ZN7ISwitchC2Ev)
    __cxa_pure_virtual                       0x0800113d   Thumb Code     8  cxa_virtual.cpp.o(.text.__cxa_pure_virtual)
    abort_message                            0x080011f7   Thumb Code     4  abort_message.cpp.o(.text.abort_message)
    main                                     0x080011fd   Thumb Code    82  main.o(.text.main)
    pvPortMalloc                             0x08001e81   Thumb Code   390  heap_4.o(.text.pvPortMalloc)
    pxPortInitialiseStack                    0x08002009   Thumb Code    80  port.o(.text.pxPortInitialiseStack)
    uxListRemove                             0x08002059   Thumb Code    72  list.o(.text.uxListRemove)
    vApplicationIdleHook                     0x080020a1   Thumb Code     2  main.o(.text.vApplicationIdleHook)
    vApplicationStackOverflowHook            0x080020a5   Thumb Code    10  main.o(.text.vApplicationStackOverflowHook)
    vApplicationTickHook                     0x080020b1   Thumb Code     2  main.o(.text.vApplicationTickHook)
    vListInitialise                          0x080020b5   Thumb Code    46  list.o(.text.vListInitialise)
    vListInitialiseItem                      0x080020e5   Thumb Code    14  list.o(.text.vListInitialiseItem)
    vListInsert                              0x080020f5   Thumb Code   106  list.o(.text.vListInsert)
    vPortEnterCritical                       0x08002161   Thumb Code    48  port.o(.text.vPortEnterCritical)
    vPortExitCritical                        0x08002191   Thumb Code    38  port.o(.text.vPortExitCritical)
    vPortFree                                0x080021b9   Thumb Code   118  heap_4.o(.text.vPortFree)
    vPortSetupTimerInterrupt                 0x08002231   Thumb Code    46  port.o(.text.vPortSetupTimerInterrupt)
    vQueueWaitForMessageRestricted           0x08002261   Thumb Code   100  queue.o(.text.vQueueWaitForMessageRestricted)
    vTaskDelay                               0x080022c5   Thumb Code    74  tasks.o(.text.vTaskDelay)
    vTaskInternalSetTimeOutState             0x08002311   Thumb Code    36  tasks.o(.text.vTaskInternalSetTimeOutState)
    vTaskMissedYield                         0x08002335   Thumb Code    14  tasks.o(.text.vTaskMissedYield)
    vTaskPlaceOnEventList                    0x08002345   Thumb Code    38  tasks.o(.text.vTaskPlaceOnEventList)
    vTaskPlaceOnEventListRestricted          0x0800236d   Thumb Code    96  tasks.o(.text.vTaskPlaceOnEventListRestricted)
    vTaskStartScheduler                      0x080023cd   Thumb Code   148  tasks.o(.text.vTaskStartScheduler)
    vTaskSuspendAll                          0x08002461   Thumb Code    16  tasks.o(.text.vTaskSuspendAll)
    vTaskSwitchContext                       0x08002471   Thumb Code   236  tasks.o(.text.vTaskSwitchContext)
    xPortStartScheduler                      0x0800255d   Thumb Code    64  port.o(.text.xPortStartScheduler)
    xQueueGenericCreate                      0x0800259d   Thumb Code   126  queue.o(.text.xQueueGenericCreate)
    xQueueGenericReset                       0x0800261d   Thumb Code   208  queue.o(.text.xQueueGenericReset)
    xQueueReceive                            0x080026ed   Thumb Code   338  queue.o(.text.xQueueReceive)
    xTaskCheckForTimeOut                     0x08002841   Thumb Code   154  tasks.o(.text.xTaskCheckForTimeOut)
    xTaskCreate                              0x080028dd   Thumb Code   160  tasks.o(.text.xTaskCreate)
    xTaskGetTickCount                        0x0800297d   Thumb Code    20  tasks.o(.text.xTaskGetTickCount)
    xTaskIncrementTick                       0x08002991   Thumb Code   596  tasks.o(.text.xTaskIncrementTick)
    xTaskRemoveFromEventList                 0x08002be5   Thumb Code   368  tasks.o(.text.xTaskRemoveFromEventList)
    xTaskResumeAll                           0x08002d55   Thumb Code   510  tasks.o(.text.xTaskResumeAll)
    xTimerCreateTimerTask                    0x08002f55   Thumb Code    80  timers.o(.text.xTimerCreateTimerTask)
    AHBPrescTable                            0x08002fa4   Data          16  system_stm32f10x.o(.rodata.AHBPrescTable)
    vtable for CommonDelay                   0x08002fb4   Data          12  custom_timer.o(.rodata._ZTV11CommonDelay)
    vtable for SimpleInput                   0x08002fc0   Data          12  simple_input.o(.rodata._ZTV11SimpleInput)
    vtable for ProgrammSwitch                0x08002fcc   Data          12  programm_switch.o(.rodata._ZTV14ProgrammSwitch)
    vtable for Coil                          0x08002fd8   Data          12  coil.o(.rodata._ZTV4Coil)
    vtable for DIDelay                       0x08002fe4   Data          12  custom_timer.o(.rodata._ZTV7DIDelay)
    vtable for ISwitch                       0x08002ff0   Data          12  main.o(.rodata._ZTV7ISwitch)
    uxTopUsedPriority                        0x08003014   Data           4  tasks.o(.rodata.uxTopUsedPriority)
    Region$$Table$$Base                      0x08003018   Number         0  anon$$obj.o(Region$$Table)
    Region$$Table$$Limit                     0x08003038   Number         0  anon$$obj.o(Region$$Table)
    SHT$$INIT_ARRAY$$Base                    0x08003038   Number         0  main.o(.init_array)
    SHT$$INIT_ARRAY$$Limit                   0x0800303c   Number         0  init_aeabi.o(.init_array)
    SystemCoreClock                          0x20000000   Data           4  system_stm32f10x.o(.data.SystemCoreClock)
    allTimers                                0x20000004   Data          12  main.o(.data.allTimers)
    allTimersSize                            0x20000010   Data           1  main.o(.data.allTimersSize)
    __libspace_start                         0x20000018   Data          96  libspace.o(.bss)
    __temporary_stack_top$libspace           0x20000078   Data           0  libspace.o(.bss)
    adcValues                                0x20000078   Data           4  main.o(.bss.adcValues)
    button                                   0x2000007c   Data          12  main.o(.bss.button)
    buttonDelay                              0x20000088   Data          16  main.o(.bss.buttonDelay)
    delay                                    0x20000098   Data          12  main.o(.bss.delay)
    led                                      0x200000a4   Data          12  main.o(.bss.led)
    ledDelay                                 0x200000b0   Data          16  main.o(.bss.ledDelay)
    ledSwitch                                0x200000c0   Data           8  main.o(.bss.ledSwitch)
    pxCurrentTCB                             0x200000cc   Data           4  tasks.o(.bss.pxCurrentTCB)



==============================================================================

Memory Map of the image

  Image Entry point : 0x080000ed

  Load Region LR_IROM1 (Base: 0x08000000, Size: 0x00003058, Max: 0x00010000, ABSOLUTE)

    Execution Region ER_IROM1 (Exec base: 0x08000000, Load base: 0x08000000, Size: 0x0000303c, Max: 0x00010000, ABSOLUTE)

    Exec Addr    Load Addr    Size         Type   Attr      Idx    E Section Name        Object

    0x08000000   0x08000000   0x000000ec   Data   RO          653    RESET               startup_stm32f10x_md.o
    0x080000ec   0x080000ec   0x00000008   Code   RO          688  * !!!main             c_w.l(__main.o)
    0x080000f4   0x080000f4   0x00000034   Code   RO          880    !!!scatter          c_w.l(__scatter.o)
    0x08000128   0x08000128   0x0000001a   Code   RO          882    !!handler_copy      c_w.l(__scatter_copy.o)
    0x08000142   0x08000142   0x00000002   PAD
    0x08000144   0x08000144   0x0000001c   Code   RO          884    !!handler_zi        c_w.l(__scatter_zi.o)
    0x08000160   0x08000160   0x00000002   Code   RO          802    .ARM.Collect$$libinit$$00000000  c_w.l(libinit.o)
    0x08000162   0x08000162   0x00000000   Code   RO          706    .ARM.Collect$$libinit$$00000002  c_w.l(libinit2.o)
    0x08000162   0x08000162   0x00000000   Code   RO          708    .ARM.Collect$$libinit$$00000004  c_w.l(libinit2.o)
    0x08000162   0x08000162   0x00000000   Code   RO          710    .ARM.Collect$$libinit$$00000006  c_w.l(libinit2.o)
    0x08000162   0x08000162   0x00000000   Code   RO          713    .ARM.Collect$$libinit$$0000000C  c_w.l(libinit2.o)
    0x08000162   0x08000162   0x00000000   Code   RO          715    .ARM.Collect$$libinit$$0000000E  c_w.l(libinit2.o)
    0x08000162   0x08000162   0x00000000   Code   RO          717    .ARM.Collect$$libinit$$00000010  c_w.l(libinit2.o)
    0x08000162   0x08000162   0x00000000   Code   RO          720    .ARM.Collect$$libinit$$00000013  c_w.l(libinit2.o)
    0x08000162   0x08000162   0x00000000   Code   RO          722    .ARM.Collect$$libinit$$00000015  c_w.l(libinit2.o)
    0x08000162   0x08000162   0x00000000   Code   RO          724    .ARM.Collect$$libinit$$00000017  c_w.l(libinit2.o)
    0x08000162   0x08000162   0x00000000   Code   RO          726    .ARM.Collect$$libinit$$00000019  c_w.l(libinit2.o)
    0x08000162   0x08000162   0x00000000   Code   RO          728    .ARM.Collect$$libinit$$0000001B  c_w.l(libinit2.o)
    0x08000162   0x08000162   0x00000000   Code   RO          730    .ARM.Collect$$libinit$$0000001D  c_w.l(libinit2.o)
    0x08000162   0x08000162   0x00000000   Code   RO          732    .ARM.Collect$$libinit$$0000001F  c_w.l(libinit2.o)
    0x08000162   0x08000162   0x00000000   Code   RO          734    .ARM.Collect$$libinit$$00000021  c_w.l(libinit2.o)
    0x08000162   0x08000162   0x00000000   Code   RO          736    .ARM.Collect$$libinit$$00000023  c_w.l(libinit2.o)
    0x08000162   0x08000162   0x00000000   Code   RO          738    .ARM.Collect$$libinit$$00000025  c_w.l(libinit2.o)
    0x08000162   0x08000162   0x00000000   Code   RO          740    .ARM.Collect$$libinit$$00000027  c_w.l(libinit2.o)
    0x08000162   0x08000162   0x00000000   Code   RO          744    .ARM.Collect$$libinit$$0000002E  c_w.l(libinit2.o)
    0x08000162   0x08000162   0x00000000   Code   RO          746    .ARM.Collect$$libinit$$00000030  c_w.l(libinit2.o)
    0x08000162   0x08000162   0x00000000   Code   RO          748    .ARM.Collect$$libinit$$00000032  c_w.l(libinit2.o)
    0x08000162   0x08000162   0x00000004   Code   RO          749    .ARM.Collect$$libinit$$00000033  c_w.l(libinit2.o)
    0x08000166   0x08000166   0x00000000   Code   RO          750    .ARM.Collect$$libinit$$00000034  c_w.l(libinit2.o)
    0x08000166   0x08000166   0x00000002   Code   RO          751    .ARM.Collect$$libinit$$00000035  c_w.l(libinit2.o)
    0x08000168   0x08000168   0x00000002   Code   RO          848    .ARM.Collect$$libshutdown$$00000000  c_w.l(libshutdown.o)
    0x0800016a   0x0800016a   0x00000000   Code   RO          864    .ARM.Collect$$libshutdown$$00000002  c_w.l(libshutdown2.o)
    0x0800016a   0x0800016a   0x00000000   Code   RO          866    .ARM.Collect$$libshutdown$$00000004  c_w.l(libshutdown2.o)
    0x0800016a   0x0800016a   0x00000000   Code   RO          869    .ARM.Collect$$libshutdown$$00000007  c_w.l(libshutdown2.o)
    0x0800016a   0x0800016a   0x00000000   Code   RO          872    .ARM.Collect$$libshutdown$$0000000A  c_w.l(libshutdown2.o)
    0x0800016a   0x0800016a   0x00000000   Code   RO          874    .ARM.Collect$$libshutdown$$0000000C  c_w.l(libshutdown2.o)
    0x0800016a   0x0800016a   0x00000000   Code   RO          877    .ARM.Collect$$libshutdown$$0000000F  c_w.l(libshutdown2.o)
    0x0800016a   0x0800016a   0x00000002   Code   RO          878    .ARM.Collect$$libshutdown$$00000010  c_w.l(libshutdown2.o)
    0x0800016c   0x0800016c   0x00000000   Code   RO          702    .ARM.Collect$$rtentry$$00000000  c_w.l(__rtentry.o)
    0x0800016c   0x0800016c   0x00000000   Code   RO          761    .ARM.Collect$$rtentry$$00000002  c_w.l(__rtentry2.o)
    0x0800016c   0x0800016c   0x00000006   Code   RO          773    .ARM.Collect$$rtentry$$00000004  c_w.l(__rtentry4.o)
    0x08000172   0x08000172   0x00000000   Code   RO          763    .ARM.Collect$$rtentry$$00000009  c_w.l(__rtentry2.o)
    0x08000172   0x08000172   0x00000004   Code   RO          764    .ARM.Collect$$rtentry$$0000000A  c_w.l(__rtentry2.o)
    0x08000176   0x08000176   0x00000000   Code   RO          766    .ARM.Collect$$rtentry$$0000000C  c_w.l(__rtentry2.o)
    0x08000176   0x08000176   0x00000008   Code   RO          767    .ARM.Collect$$rtentry$$0000000D  c_w.l(__rtentry2.o)
    0x0800017e   0x0800017e   0x00000002   Code   RO          813    .ARM.Collect$$rtexit$$00000000  c_w.l(rtexit.o)
    0x08000180   0x08000180   0x00000000   Code   RO          828    .ARM.Collect$$rtexit$$00000002  c_w.l(rtexit2.o)
    0x08000180   0x08000180   0x00000004   Code   RO          829    .ARM.Collect$$rtexit$$00000003  c_w.l(rtexit2.o)
    0x08000184   0x08000184   0x00000006   Code   RO          830    .ARM.Collect$$rtexit$$00000004  c_w.l(rtexit2.o)
    0x0800018a   0x0800018a   0x00000002   PAD
    0x0800018c   0x0800018c   0x00000040   Code   RO          654    .text               startup_stm32f10x_md.o
    0x080001cc   0x080001cc   0x0000008a   Code   RO          678    .text               c_w.l(rt_memcpy_v6.o)
    0x08000256   0x08000256   0x00000010   Code   RO          680    .text               c_w.l(aeabi_memset4.o)
    0x08000266   0x08000266   0x00000044   Code   RO          682    .text               c_w.l(rt_memclr.o)
    0x080002aa   0x080002aa   0x0000004e   Code   RO          684    .text               c_w.l(rt_memclr_w.o)
    0x080002f8   0x080002f8   0x00000006   Code   RO          686    .text               c_w.l(heapauxi.o)
    0x080002fe   0x080002fe   0x00000002   PAD
    0x08000300   0x08000300   0x00000024   Code   RO          693    .text               c_w.l(init_aeabi.o)
    0x08000324   0x08000324   0x00000064   Code   RO          703    .text               c_w.l(rt_memcpy_w.o)
    0x08000388   0x08000388   0x00000016   Code   RO          775    .text               c_w.l(abort.o)
    0x0800039e   0x0800039e   0x00000002   PAD
    0x080003a0   0x080003a0   0x0000000c   Code   RO          781    .text               c_w.l(sys_exit.o)
    0x080003ac   0x080003ac   0x0000004a   Code   RO          785    .text               c_w.l(sys_stackheap_outer.o)
    0x080003f6   0x080003f6   0x00000012   Code   RO          787    .text               c_w.l(exit.o)
    0x08000408   0x08000408   0x0000000e   Code   RO          789    .text               c_w.l(defsig_abrt_outer.o)
    0x08000416   0x08000416   0x00000002   PAD
    0x08000418   0x08000418   0x00000008   Code   RO          807    .text               c_w.l(libspace.o)
    0x08000420   0x08000420   0x00000002   Code   RO          810    .text               c_w.l(use_no_semi.o)
    0x08000422   0x08000422   0x00000000   Code   RO          812    .text               c_w.l(indicate_semi.o)
    0x08000422   0x08000422   0x0000000a   Code   RO          819    .text               c_w.l(defsig_exit.o)
    0x0800042c   0x0800042c   0x00000030   Code   RO          821    .text               c_w.l(defsig_abrt_inner.o)
    0x0800045c   0x0800045c   0x00000032   Code   RO          836    .text               c_w.l(defsig_general.o)
    0x0800048e   0x0800048e   0x0000000e   Code   RO          840    .text               c_w.l(sys_wrch.o)
    0x0800049c   0x0800049c   0x00000004   PAD
    0x080004a0   0x080004a0   0x00000044   Code   RO          208    .text.PendSV_Handler  port.o
    0x080004e4   0x080004e4   0x0000000c   PAD
    0x080004f0   0x080004f0   0x00000024   Code   RO          194    .text.SVC_Handler   port.o
    0x08000514   0x08000514   0x00000008   Code   RO          662    .text.SetSysClock   system_stm32f10x.o
    0x0800051c   0x0800051c   0x00000122   Code   RO          666    .text.SetSysClockTo72  system_stm32f10x.o
    0x0800063e   0x0800063e   0x00000002   PAD
    0x08000640   0x08000640   0x0000003c   Code   RO          210    .text.SysTick_Handler  port.o
    0x0800067c   0x0800067c   0x00000122   Code   RO          664    .text.SystemCoreClockUpdate  system_stm32f10x.o
    0x0800079e   0x0800079e   0x00000002   PAD
    0x080007a0   0x080007a0   0x00000066   Code   RO          660    .text.SystemInit    system_stm32f10x.o
    0x08000806   0x08000806   0x00000002   PAD
    0x08000808   0x08000808   0x0000004a   Code   RO           24    .text.TIM2_IRQHandler  main.o
    0x08000852   0x08000852   0x00000002   PAD
    0x08000854   0x08000854   0x0000001c   Code   RO           26    .text._GLOBAL__sub_I_main.cpp  main.o
    0x08000870   0x08000870   0x0000000e   Code   RO           86    .text._Z10commonInitv  common.o
    0x0800087e   0x0800087e   0x00000002   PAD
    0x08000880   0x08000880   0x0000003e   Code   RO           80    .text._Z11getPositionj  common.o
    0x080008be   0x080008be   0x00000002   PAD
    0x080008c0   0x080008c0   0x00000020   Code   RO           76    .text._Z11setRegisterPVjjj  common.o
    0x080008e0   0x080008e0   0x00000044   Code   RO           82    .text._Z17setBitsInRegisterPVjjj  common.o
    0x08000924   0x08000924   0x00000158   Code   RO           98    .text._Z7adcInitv   common.o
    0x08000a7c   0x08000a7c   0x00000042   Code   RO          644    .text._Z7ledTaskPv  led_task.o
    0x08000abe   0x08000abe   0x00000002   PAD
    0x08000ac0   0x08000ac0   0x000000ce   Code   RO           90    .text._Z7rccInitv   common.o
    0x08000b8e   0x08000b8e   0x00000002   PAD
    0x08000b90   0x08000b90   0x00000058   Code   RO           92    .text._Z8tickInitv  common.o
    0x08000be8   0x08000be8   0x00000030   Code   RO           94    .text._ZL16__NVIC_EnableIRQ4IRQn  common.o
    0x08000c18   0x08000c18   0x00000042   Code   RO           96    .text._ZL18__NVIC_SetPriority4IRQnj  common.o
    0x08000c5a   0x08000c5a   0x00000002   PAD
    0x08000c5c   0x08000c5c   0x0000003c   Code   RO           88    .text._ZL26__NVIC_SetPriorityGroupingj  common.o
    0x08000c98   0x08000c98   0x000000e2   Code   RO          182    .text._ZN10GPIOcommonC2EP12GPIO_TypeDefh  gpio_common.o
    0x08000d7a   0x08000d7a   0x00000002   PAD
    0x08000d7c   0x08000d7c   0x00000016   Code   RO          143    .text._ZN11CommonDelay11notFinishedEv  custom_timer.o
    0x08000d92   0x08000d92   0x00000002   PAD
    0x08000d94   0x08000d94   0x00000048   Code   RO          145    .text._ZN11CommonDelay15finishedImpulseEv  custom_timer.o
    0x08000ddc   0x08000ddc   0x00000018   Code   RO          139    .text._ZN11CommonDelay15prepareAndStartEv  custom_timer.o
    0x08000df4   0x08000df4   0x00000014   Code   RO          135    .text._ZN11CommonDelay4stopEv  custom_timer.o
    0x08000e08   0x08000e08   0x00000010   Code   RO          137    .text._ZN11CommonDelay5resetEv  custom_timer.o
    0x08000e18   0x08000e18   0x0000000e   Code   RO          129    .text._ZN11CommonDelay5startEv  custom_timer.o
    0x08000e26   0x08000e26   0x00000002   PAD
    0x08000e28   0x08000e28   0x00000048   Code   RO          147    .text._ZN11CommonDelay6updateEv  custom_timer.o
    0x08000e70   0x08000e70   0x00000010   Code   RO          141    .text._ZN11CommonDelay7startedEv  custom_timer.o
    0x08000e80   0x08000e80   0x00000020   Code   RO          119    .text._ZN11CommonDelayC2Et  custom_timer.o
    0x08000ea0   0x08000ea0   0x00000018   Code   RO          109    .text._ZN11SimpleInput8isActiveEv  simple_input.o
    0x08000eb8   0x08000eb8   0x00000092   Code   RO          107    .text._ZN11SimpleInputC2EP12GPIO_TypeDefh  simple_input.o
    0x08000f4a   0x08000f4a   0x00000002   PAD
    0x08000f4c   0x08000f4c   0x00000010   Code   RO          170    .text._ZN14ProgrammSwitch8isActiveEv  programm_switch.o
    0x08000f5c   0x08000f5c   0x00000018   Code   RO          166    .text._ZN14ProgrammSwitch8setValueEb  programm_switch.o
    0x08000f74   0x08000f74   0x00000020   Code   RO           47    .text._ZN14ProgrammSwitchC2Ev  main.o
    0x08000f94   0x08000f94   0x00000020   Code   RO          172    .text._ZN14ProgrammSwitchaSEb  programm_switch.o
    0x08000fb4   0x08000fb4   0x0000001a   Code   RO           57    .text._ZN4Coil6setPinEv  coil.o
    0x08000fce   0x08000fce   0x00000002   PAD
    0x08000fd0   0x08000fd0   0x00000016   Code   RO           55    .text._ZN4Coil8isActiveEv  coil.o
    0x08000fe6   0x08000fe6   0x00000002   PAD
    0x08000fe8   0x08000fe8   0x0000001a   Code   RO           59    .text._ZN4Coil8resetPinEv  coil.o
    0x08001002   0x08001002   0x00000002   PAD
    0x08001004   0x08001004   0x0000002c   Code   RO           61    .text._ZN4Coil8setValueEb  coil.o
    0x08001030   0x08001030   0x00000020   Code   RO           63    .text._ZN4Coil9togglePinEv  coil.o
    0x08001050   0x08001050   0x00000074   Code   RO           53    .text._ZN4CoilC2EP12GPIO_TypeDefh  coil.o
    0x080010c4   0x080010c4   0x00000030   Code   RO          151    .text._ZN7DIDelay7startedEv  custom_timer.o
    0x080010f4   0x080010f4   0x0000002e   Code   RO          149    .text._ZN7DIDelayC2EP7ISwitcht  custom_timer.o
    0x08001122   0x08001122   0x00000002   PAD
    0x08001124   0x08001124   0x00000016   Code   RO           49    .text._ZN7ISwitchC2Ev  main.o
    0x0800113a   0x0800113a   0x00000002   PAD
    0x0800113c   0x0800113c   0x00000028   Code   RO          697    .text.__cxa_pure_virtual  libcppabi_w.l(cxa_virtual.cpp.o)
    0x08001164   0x08001164   0x0000001a   Code   RO           10    .text.__cxx_global_var_init  main.o
    0x0800117e   0x0800117e   0x00000002   PAD
    0x08001180   0x08001180   0x0000001a   Code   RO           12    .text.__cxx_global_var_init.1  main.o
    0x0800119a   0x0800119a   0x00000002   PAD
    0x0800119c   0x0800119c   0x00000010   Code   RO           14    .text.__cxx_global_var_init.2  main.o
    0x080011ac   0x080011ac   0x0000001c   Code   RO           16    .text.__cxx_global_var_init.3  main.o
    0x080011c8   0x080011c8   0x0000001a   Code   RO           18    .text.__cxx_global_var_init.4  main.o
    0x080011e2   0x080011e2   0x00000002   PAD
    0x080011e4   0x080011e4   0x00000012   Code   RO           20    .text.__cxx_global_var_init.5  main.o
    0x080011f6   0x080011f6   0x00000004   Code   RO          757    .text.abort_message  libcppabi_w.l(abort_message.cpp.o)
    0x080011fa   0x080011fa   0x00000002   PAD
    0x080011fc   0x080011fc   0x00000052   Code   RO           22    .text.main          main.o
    0x0800124e   0x0800124e   0x00000002   PAD
    0x08001250   0x08001250   0x0000011a   Code   RO          443    .text.prvAddCurrentTaskToDelayedList  tasks.o
    0x0800136a   0x0800136a   0x00000002   PAD
    0x0800136c   0x0800136c   0x00000154   Code   RO          431    .text.prvAddNewTaskToReadyList  tasks.o
    0x080014c0   0x080014c0   0x0000006a   Code   RO          579    .text.prvCheckForValidListAndQueue  timers.o
    0x0800152a   0x0800152a   0x00000002   PAD
    0x0800152c   0x0800152c   0x0000005a   Code   RO          545    .text.prvCheckTasksWaitingTermination  tasks.o
    0x08001586   0x08001586   0x00000002   PAD
    0x08001588   0x08001588   0x00000042   Code   RO          333    .text.prvCopyDataFromQueue  queue.o
    0x080015ca   0x080015ca   0x00000002   PAD
    0x080015cc   0x080015cc   0x00000018   Code   RO          437    .text.prvDeleteTCB  tasks.o
    0x080015e4   0x080015e4   0x00000040   Code   RO          613    .text.prvGetNextExpireTime  timers.o
    0x08001624   0x08001624   0x000000ae   Code   RO          254    .text.prvHeapInit   heap_4.o
    0x080016d2   0x080016d2   0x00000002   PAD
    0x080016d4   0x080016d4   0x0000003c   Code   RO          469    .text.prvIdleTask   tasks.o
    0x08001710   0x08001710   0x00000048   Code   RO          305    .text.prvInitialiseNewQueue  queue.o
    0x08001758   0x08001758   0x000000e6   Code   RO          429    .text.prvInitialiseNewTask  tasks.o
    0x0800183e   0x0800183e   0x00000002   PAD
    0x08001840   0x08001840   0x0000008e   Code   RO          543    .text.prvInitialiseTaskLists  tasks.o
    0x080018ce   0x080018ce   0x00000002   PAD
    0x080018d0   0x080018d0   0x000000c6   Code   RO          256    .text.prvInsertBlockIntoFreeList  heap_4.o
    0x08001996   0x08001996   0x00000002   PAD
    0x08001998   0x08001998   0x00000086   Code   RO          627    .text.prvInsertTimerInActiveList  timers.o
    0x08001a1e   0x08001a1e   0x00000002   PAD
    0x08001a20   0x08001a20   0x00000028   Code   RO          335    .text.prvIsQueueEmpty  queue.o
    0x08001a48   0x08001a48   0x00000020   Code   RO          200    .text.prvPortStartFirstTask  port.o
    0x08001a68   0x08001a68   0x00000054   Code   RO          621    .text.prvProcessExpiredTimer  timers.o
    0x08001abc   0x08001abc   0x00000126   Code   RO          617    .text.prvProcessReceivedCommands  timers.o
    0x08001be2   0x08001be2   0x00000002   PAD
    0x08001be4   0x08001be4   0x0000009a   Code   RO          615    .text.prvProcessTimerOrBlockTask  timers.o
    0x08001c7e   0x08001c7e   0x00000002   PAD
    0x08001c80   0x08001c80   0x00000034   Code   RO          625    .text.prvReloadTimer  timers.o
    0x08001cb4   0x08001cb4   0x0000003c   Code   RO          435    .text.prvResetNextTaskUnblockTime  tasks.o
    0x08001cf0   0x08001cf0   0x00000044   Code   RO          619    .text.prvSampleTimeNow  timers.o
    0x08001d34   0x08001d34   0x00000052   Code   RO          623    .text.prvSwitchTimerLists  timers.o
    0x08001d86   0x08001d86   0x00000002   PAD
    0x08001d88   0x08001d88   0x00000026   Code   RO          192    .text.prvTaskExitError  port.o
    0x08001dae   0x08001dae   0x00000002   PAD
    0x08001db0   0x08001db0   0x0000001e   Code   RO          581    .text.prvTimerTask  timers.o
    0x08001dce   0x08001dce   0x00000002   PAD
    0x08001dd0   0x08001dd0   0x000000ae   Code   RO          325    .text.prvUnlockQueue  queue.o
    0x08001e7e   0x08001e7e   0x00000002   PAD
    0x08001e80   0x08001e80   0x00000186   Code   RO          252    .text.pvPortMalloc  heap_4.o
    0x08002006   0x08002006   0x00000002   PAD
    0x08002008   0x08002008   0x00000050   Code   RO          190    .text.pxPortInitialiseStack  port.o
    0x08002058   0x08002058   0x00000048   Code   RO          292    .text.uxListRemove  list.o
    0x080020a0   0x080020a0   0x00000002   Code   RO            2    .text.vApplicationIdleHook  main.o
    0x080020a2   0x080020a2   0x00000002   PAD
    0x080020a4   0x080020a4   0x0000000a   Code   RO            8    .text.vApplicationStackOverflowHook  main.o
    0x080020ae   0x080020ae   0x00000002   PAD
    0x080020b0   0x080020b0   0x00000002   Code   RO            4    .text.vApplicationTickHook  main.o
    0x080020b2   0x080020b2   0x00000002   PAD
    0x080020b4   0x080020b4   0x0000002e   Code   RO          284    .text.vListInitialise  list.o
    0x080020e2   0x080020e2   0x00000002   PAD
    0x080020e4   0x080020e4   0x0000000e   Code   RO          286    .text.vListInitialiseItem  list.o
    0x080020f2   0x080020f2   0x00000002   PAD
    0x080020f4   0x080020f4   0x0000006a   Code   RO          290    .text.vListInsert   list.o
    0x0800215e   0x0800215e   0x00000002   PAD
    0x08002160   0x08002160   0x00000030   Code   RO          204    .text.vPortEnterCritical  port.o
    0x08002190   0x08002190   0x00000026   Code   RO          206    .text.vPortExitCritical  port.o
    0x080021b6   0x080021b6   0x00000002   PAD
    0x080021b8   0x080021b8   0x00000076   Code   RO          258    .text.vPortFree     heap_4.o
    0x0800222e   0x0800222e   0x00000002   PAD
    0x08002230   0x08002230   0x0000002e   Code   RO          198    .text.vPortSetupTimerInterrupt  port.o
    0x0800225e   0x0800225e   0x00000002   PAD
    0x08002260   0x08002260   0x00000064   Code   RO          363    .text.vQueueWaitForMessageRestricted  queue.o
    0x080022c4   0x080022c4   0x0000004a   Code   RO          447    .text.vTaskDelay    tasks.o
    0x0800230e   0x0800230e   0x00000002   PAD
    0x08002310   0x08002310   0x00000024   Code   RO          501    .text.vTaskInternalSetTimeOutState  tasks.o
    0x08002334   0x08002334   0x0000000e   Code   RO          505    .text.vTaskMissedYield  tasks.o
    0x08002342   0x08002342   0x00000002   PAD
    0x08002344   0x08002344   0x00000026   Code   RO          489    .text.vTaskPlaceOnEventList  tasks.o
    0x0800236a   0x0800236a   0x00000002   PAD
    0x0800236c   0x0800236c   0x00000060   Code   RO          493    .text.vTaskPlaceOnEventListRestricted  tasks.o
    0x080023cc   0x080023cc   0x00000094   Code   RO          467    .text.vTaskStartScheduler  tasks.o
    0x08002460   0x08002460   0x00000010   Code   RO          441    .text.vTaskSuspendAll  tasks.o
    0x08002470   0x08002470   0x000000ec   Code   RO          459    .text.vTaskSwitchContext  tasks.o
    0x0800255c   0x0800255c   0x00000040   Code   RO          196    .text.xPortStartScheduler  port.o
    0x0800259c   0x0800259c   0x0000007e   Code   RO          303    .text.xQueueGenericCreate  queue.o
    0x0800261a   0x0800261a   0x00000002   PAD
    0x0800261c   0x0800261c   0x000000d0   Code   RO          301    .text.xQueueGenericReset  queue.o
    0x080026ec   0x080026ec   0x00000152   Code   RO          331    .text.xQueueReceive  queue.o
    0x0800283e   0x0800283e   0x00000002   PAD
    0x08002840   0x08002840   0x0000009a   Code   RO          503    .text.xTaskCheckForTimeOut  tasks.o
    0x080028da   0x080028da   0x00000002   PAD
    0x080028dc   0x080028dc   0x000000a0   Code   RO          427    .text.xTaskCreate   tasks.o
    0x0800297c   0x0800297c   0x00000014   Code   RO          475    .text.xTaskGetTickCount  tasks.o
    0x08002990   0x08002990   0x00000254   Code   RO          473    .text.xTaskIncrementTick  tasks.o
    0x08002be4   0x08002be4   0x00000170   Code   RO          495    .text.xTaskRemoveFromEventList  tasks.o
    0x08002d54   0x08002d54   0x000001fe   Code   RO          445    .text.xTaskResumeAll  tasks.o
    0x08002f52   0x08002f52   0x00000002   PAD
    0x08002f54   0x08002f54   0x00000050   Code   RO          577    .text.xTimerCreateTimerTask  timers.o
    0x08002fa4   0x08002fa4   0x00000010   Data   RO          669    .rodata.AHBPrescTable  system_stm32f10x.o
    0x08002fb4   0x08002fb4   0x0000000c   Data   RO          153    .rodata._ZTV11CommonDelay  custom_timer.o
    0x08002fc0   0x08002fc0   0x0000000c   Data   RO          111    .rodata._ZTV11SimpleInput  simple_input.o
    0x08002fcc   0x08002fcc   0x0000000c   Data   RO          174    .rodata._ZTV14ProgrammSwitch  programm_switch.o
    0x08002fd8   0x08002fd8   0x0000000c   Data   RO           67    .rodata._ZTV4Coil   coil.o
    0x08002fe4   0x08002fe4   0x0000000c   Data   RO          154    .rodata._ZTV7DIDelay  custom_timer.o
    0x08002ff0   0x08002ff0   0x0000000c   Data   RO           51    .rodata._ZTV7ISwitch  main.o
    0x08002ffc   0x08002ffc   0x00000008   Data   RO           37    .rodata.str1.1      main.o
    0x08003004   0x08003004   0x00000005   Data   RO          563    .rodata.str1.1      tasks.o
    0x08003009   0x08003009   0x00000008   Data   RO          630    .rodata.str1.1      timers.o
    0x08003011   0x08003011   0x00000003   PAD
    0x08003014   0x08003014   0x00000004   Data   RO          548    .rodata.uxTopUsedPriority  tasks.o
    0x08003018   0x08003018   0x00000020   Data   RO          879    Region$$Table       anon$$obj.o
    0x08003038   0x08003038   0x00000004   Data   RO           38    .init_array         main.o
    0x0800303c   0x08003038   0x00000000   Data   RO          691    .init_array         c_w.l(init_aeabi.o)


    Execution Region RW_IRAM1 (Exec base: 0x20000000, Load base: 0x08003040, Size: 0x00003028, Max: 0x00005000, ABSOLUTE)

    Exec Addr    Load Addr    Size         Type   Attr      Idx    E Section Name        Object

    0x20000000   0x08003040   0x00000004   Data   RW          668    .data.SystemCoreClock  system_stm32f10x.o
    0x20000004   0x08003044   0x0000000c   Data   RW           34    .data.allTimers     main.o
    0x20000010   0x08003050   0x00000001   Data   RW           35    .data.allTimersSize  main.o
    0x20000011   0x08003051   0x00000003   PAD
    0x20000014   0x08003054   0x00000004   Data   RW          212    .data.uxCriticalNesting  port.o
    0x20000018        -       0x00000060   Zero   RW          808    .bss                c_w.l(libspace.o)
    0x20000078        -       0x00000004   Zero   RW           36    .bss.adcValues      main.o
    0x2000007c        -       0x0000000c   Zero   RW           29    .bss.button         main.o
    0x20000088        -       0x00000010   Zero   RW           32    .bss.buttonDelay    main.o
    0x20000098        -       0x0000000c   Zero   RW           33    .bss.delay          main.o
    0x200000a4        -       0x0000000c   Zero   RW           28    .bss.led            main.o
    0x200000b0        -       0x00000010   Zero   RW           31    .bss.ledDelay       main.o
    0x200000c0        -       0x00000008   Zero   RW           30    .bss.ledSwitch      main.o
    0x200000c8        -       0x00000004   Zero   RW          634    .bss.prvSampleTimeNow.xLastTime  timers.o
    0x200000cc        -       0x00000004   Zero   RW          547    .bss.pxCurrentTCB   tasks.o
    0x200000d0        -       0x00000004   Zero   RW          632    .bss.pxCurrentTimerList  timers.o
    0x200000d4        -       0x00000004   Zero   RW          557    .bss.pxDelayedTaskList  tasks.o
    0x200000d8        -       0x00000004   Zero   RW          270    .bss.pxEnd          heap_4.o
    0x200000dc        -       0x00000004   Zero   RW          558    .bss.pxOverflowDelayedTaskList  tasks.o
    0x200000e0        -       0x00000004   Zero   RW          633    .bss.pxOverflowTimerList  timers.o
    0x200000e4        -       0x00000064   Zero   RW          549    .bss.pxReadyTasksLists  tasks.o
    0x20000148        -       0x00002800   Zero   RW          276    .bss.ucHeap         heap_4.o
    0x20002948        -       0x00000004   Zero   RW          554    .bss.uxCurrentNumberOfTasks  tasks.o
    0x2000294c        -       0x00000004   Zero   RW          553    .bss.uxDeletedTasksWaitingCleanUp  tasks.o
    0x20002950        -       0x00000004   Zero   RW          560    .bss.uxSchedulerSuspended  tasks.o
    0x20002954        -       0x00000004   Zero   RW          551    .bss.uxTaskNumber   tasks.o
    0x20002958        -       0x00000004   Zero   RW          550    .bss.uxTopReadyPriority  tasks.o
    0x2000295c        -       0x00000014   Zero   RW          635    .bss.xActiveTimerList1  timers.o
    0x20002970        -       0x00000014   Zero   RW          636    .bss.xActiveTimerList2  timers.o
    0x20002984        -       0x00000014   Zero   RW          568    .bss.xDelayedTaskList1  tasks.o
    0x20002998        -       0x00000014   Zero   RW          569    .bss.xDelayedTaskList2  tasks.o
    0x200029ac        -       0x00000004   Zero   RW          271    .bss.xFreeBytesRemaining  heap_4.o
    0x200029b0        -       0x00000004   Zero   RW          564    .bss.xIdleTaskHandle  tasks.o
    0x200029b4        -       0x00000004   Zero   RW          273    .bss.xMinimumEverFreeBytesRemaining  heap_4.o
    0x200029b8        -       0x00000004   Zero   RW          565    .bss.xNextTaskUnblockTime  tasks.o
    0x200029bc        -       0x00000004   Zero   RW          567    .bss.xNumOfOverflows  tasks.o
    0x200029c0        -       0x00000004   Zero   RW          274    .bss.xNumberOfSuccessfulAllocations  heap_4.o
    0x200029c4        -       0x00000004   Zero   RW          275    .bss.xNumberOfSuccessfulFrees  heap_4.o
    0x200029c8        -       0x00000004   Zero   RW          566    .bss.xPendedTicks   tasks.o
    0x200029cc        -       0x00000014   Zero   RW          562    .bss.xPendingReadyList  tasks.o
    0x200029e0        -       0x00000004   Zero   RW          555    .bss.xSchedulerRunning  tasks.o
    0x200029e4        -       0x00000008   Zero   RW          272    .bss.xStart         heap_4.o
    0x200029ec        -       0x00000014   Zero   RW          559    .bss.xSuspendedTaskList  tasks.o
    0x20002a00        -       0x00000014   Zero   RW          552    .bss.xTasksWaitingTermination  tasks.o
    0x20002a14        -       0x00000004   Zero   RW          556    .bss.xTickCount     tasks.o
    0x20002a18        -       0x00000004   Zero   RW          629    .bss.xTimerQueue    timers.o
    0x20002a1c        -       0x00000004   Zero   RW          631    .bss.xTimerTaskHandle  timers.o
    0x20002a20        -       0x00000004   Zero   RW          561    .bss.xYieldPending  tasks.o
    0x20002a24   0x08003058   0x00000004   PAD
    0x20002a28        -       0x00000200   Zero   RW          652    HEAP                startup_stm32f10x_md.o
    0x20002c28        -       0x00000400   Zero   RW          651    STACK               startup_stm32f10x_md.o


==============================================================================

Image component sizes


      Code (inc. data)   RO Data    RW Data    ZI Data      Debug   Object Name

       266          0         12          0          0       3502   coil.o
       988          0          0          0          0       7837   common.o
       382          0         24          0          0       4760   custom_timer.o
       226          0          0          0          0       2288   gpio_common.o
       880          0          0          0      10268       4068   heap_4.o
        66          0          0          0          0       1815   led_task.o
       238          0          0          0          0       2050   list.o
       392          0         24         13         80       5826   main.o
       510         12          0          4          0       2489   port.o
        72          0         12          0          0       1533   programm_switch.o
      1124          0          0          0          0      12159   queue.o
       170          0         12          0          0       2799   simple_input.o
        64         26        236          0       1536        824   startup_stm32f10x_md.o
       690          0         16          4          0       2944   system_stm32f10x.o
      3694          0          9          0        260      21776   tasks.o
      1148         10          8          0         60       7648   timers.o

    ----------------------------------------------------------------------
     11030         60        388         24      12208      84318   Object Totals
         0          0         32          0          0          0   (incl. Generated)
       120         12          3          3          4          0   (incl. Padding)

    ----------------------------------------------------------------------

      Code (inc. data)   RO Data    RW Data    ZI Data      Debug   Library Member Name

         8          0          0          0          0         68   __main.o
         0          0          0          0          0          0   __rtentry.o
        12          0          0          0          0          0   __rtentry2.o
         6          0          0          0          0          0   __rtentry4.o
        52          8          0          0          0          0   __scatter.o
        26          0          0          0          0          0   __scatter_copy.o
        28          0          0          0          0          0   __scatter_zi.o
        22          0          0          0          0         80   abort.o
        16          0          0          0          0         68   aeabi_memset4.o
        48         34          0          0          0         76   defsig_abrt_inner.o
        14          0          0          0          0         80   defsig_abrt_outer.o
        10          0          0          0          0         68   defsig_exit.o
        50          0          0          0          0         88   defsig_general.o
        18          0          0          0          0         80   exit.o
         6          0          0          0          0        152   heapauxi.o
         0          0          0          0          0          0   indicate_semi.o
        36          8          0          0          0         80   init_aeabi.o
         2          0          0          0          0          0   libinit.o
         6          0          0          0          0          0   libinit2.o
         2          0          0          0          0          0   libshutdown.o
         2          0          0          0          0          0   libshutdown2.o
         8          4          0          0         96         68   libspace.o
        68          0          0          0          0         68   rt_memclr.o
        78          0          0          0          0         80   rt_memclr_w.o
       138          0          0          0          0         68   rt_memcpy_v6.o
       100          0          0          0          0         80   rt_memcpy_w.o
         2          0          0          0          0          0   rtexit.o
        10          0          0          0          0          0   rtexit2.o
        12          4          0          0          0         68   sys_exit.o
        74          0          0          0          0         80   sys_stackheap_outer.o
        14          0          0          0          0         76   sys_wrch.o
         2          0          0          0          0         68   use_no_semi.o
         4          0          0          0          0         36   abort_message.cpp.o
        40         32          0          0          0         52   cxa_virtual.cpp.o

    ----------------------------------------------------------------------
       930         90          0          0         96       1584   Library Totals
        16          0          0          0          0          0   (incl. Padding)

    ----------------------------------------------------------------------

      Code (inc. data)   RO Data    RW Data    ZI Data      Debug   Library Name

       870         58          0          0         96       1496   c_w.l
        44         32          0          0          0         88   libcppabi_w.l

    ----------------------------------------------------------------------
       930         90          0          0         96       1584   Library Totals

    ----------------------------------------------------------------------

==============================================================================


      Code (inc. data)   RO Data    RW Data    ZI Data      Debug   

     11960        150        388         24      12304      84850   Grand Totals
     11960        150        388         24      12304      84850   ELF Image Totals
     11960        150        388         24          0          0   ROM Totals

==============================================================================

    Total RO  Size (Code + RO Data)                12348 (  12.06kB)
    Total RW  Size (RW Data + ZI Data)             12328 (  12.04kB)
    Total ROM Size (Code + RO Data + RW Data)      12372 (  12.08kB)

==============================================================================

